   Compiling xsh v0.0.1 (/Users/josh/d/laputa-systems/xsh-typing-baseline-v2)
    Finished `test` profile [unoptimized] target(s) in 19.35s
     Running unittests src/lib.rs (target/debug/build/xsh/3b1ba41aea3ea9fa/out/xsh-3b1ba41aea3ea9fa)

running 74 tests
test runtime::eval::indexed::full::tests::absence_lookups_execute_nullable_and_integer_slots_after_frontend_drop ... ok
test runtime::eval::indexed::full::tests::accept_policy_operands_are_verified_on_capture_spawn_and_command_rows ... ok
test runtime::eval::indexed::full::tests::builtin_templates_execute_checked_calls_after_frontend_drop_on_both_routes ... ok
test runtime::eval::indexed::full::tests::cli_command_descriptor_plans_execute_both_indexed_routes ... ok
test runtime::eval::indexed::full::tests::cli_descriptor_plans_share_preparation_and_execute_both_indexed_routes ... ok
test runtime::eval::indexed::full::tests::compact_driver_executes_effects_after_arena_drop ... ok
test runtime::eval::indexed::full::tests::compact_driver_executes_loaded_module_programs_directly ... ok
test runtime::eval::indexed::full::tests::compact_entry_executes_after_all_frontend_and_adapter_scratch_is_dropped ... ok
test runtime::eval::indexed::full::tests::comparison_chain_assertion_reports_only_evaluated_failed_pair_on_both_routes ... ok
test runtime::eval::indexed::full::tests::comparison_chain_verifier_rejects_short_chains_and_non_ordering_pairs ... ok
test runtime::eval::indexed::full::tests::constant_key_projection_preserves_index_and_get_both_routes ... ok
test runtime::eval::indexed::full::tests::context_scope_command_capture_tails_execute_after_frontend_drop_on_both_routes ... ok
test runtime::eval::indexed::full::tests::context_scope_dynamic_outer_assignment_is_rejected_on_both_routes ... ok
test runtime::eval::indexed::full::tests::context_scope_escape_walks_long_shared_error_causes_without_a_depth_limit ... ok
test runtime::eval::indexed::full::tests::context_scope_fatal_body_restores_state_on_both_routes ... ok
test runtime::eval::indexed::full::tests::context_scope_force_abort_restores_evaluator_state_on_both_routes ... ok
test runtime::eval::indexed::full::tests::context_scope_verifies_payload_and_preserves_native_environment_bytes ... ok
test runtime::eval::indexed::full::tests::core_assert_executes_lazy_context_and_preserves_diagnostics_on_both_routes ... ok
test runtime::eval::indexed::full::tests::core_assert_verifier_rejects_invalid_message_presence_and_expression ... ok
test runtime::eval::indexed::full::tests::default_parameter_calls_preserve_both_indexed_execution_routes_after_frontend_drop ... ok
test runtime::eval::indexed::full::tests::default_parameter_verifier_rejects_missing_or_inconsistent_entry_metadata ... ok
test runtime::eval::indexed::full::tests::direct_full_program_preserves_values_output_errors_and_traces ... ok
test runtime::eval::indexed::full::tests::direct_scalar_iteration_runs_after_frontend_drop ... ok
test runtime::eval::indexed::full::tests::driver_propagated_process_failure_records_process_propagation_and_trace_effects ... ok
test runtime::eval::indexed::full::tests::driver_rejects_non_skippable_unlowered_top_level_statement ... ok
test runtime::eval::indexed::full::tests::driver_verifier_rejects_effect_sync_and_owner_corruption ... ok
test runtime::eval::indexed::full::tests::duration_arithmetic_retains_checked_operands_after_frontend_drop_on_both_routes ... ok
test runtime::eval::indexed::full::tests::empty_map_fold_inference_publishes_concrete_accumulator_types ... ok
test runtime::eval::indexed::full::tests::enum_payload_alias_and_alternation_execute_after_frontend_drop_on_both_routes ... ok
test runtime::eval::indexed::full::tests::fs_root_methods_keep_opaque_identity_and_defaults_on_both_indexed_routes ... ok
test runtime::eval::indexed::full::tests::full_indexed_layouts_keep_hot_rows_compact ... ok
test runtime::eval::indexed::full::tests::full_indexed_program_represents_every_indexed_fixture_function ... ok
test runtime::eval::indexed::full::tests::function_headers_are_decoded_once_per_program ... ok
test runtime::eval::indexed::full::tests::inferred_require_targets_survive_frontend_drop_on_both_routes ... ok
test runtime::eval::indexed::full::tests::lexical_ctx_indexed_execution_preserves_context_order_and_region_spans ... ok
test runtime::eval::indexed::full::tests::list_assignment_verifies_paths_and_executes_both_routes ... ok
test runtime::eval::indexed::full::tests::list_patterns_validate_before_publishing_capture_slots ... ok
test runtime::eval::indexed::full::tests::list_splicing_verifies_payload_and_executes_both_indexed_routes ... ok
test runtime::eval::indexed::full::tests::local_collection_inference_publishes_concrete_indexed_call_and_slot_types ... ok
test runtime::eval::indexed::full::tests::locations_preserve_imported_source_identity ... ok
test runtime::eval::indexed::full::tests::loop_iterations_reuse_their_statement_list ... ok
test runtime::eval::indexed::full::tests::map_literals_verify_entry_flags_and_execute_both_indexed_routes ... ok
test runtime::eval::indexed::full::tests::native_path_interpolation_executes_both_indexed_routes ... ok
test runtime::eval::indexed::full::tests::pattern_aliases_and_alternatives_publish_only_complete_capture_sets ... ok
test runtime::eval::indexed::full::tests::pattern_aliases_compact_facts_preserve_captured_subject_and_element_types ... ok
test runtime::eval::indexed::full::tests::prepared_cli_plan_pool_rewinds_with_builder_checkpoint ... ok
test runtime::eval::indexed::full::tests::prepared_constant_pool_reuses_data_and_rejects_invalid_values ... ok
test runtime::eval::indexed::full::tests::prepared_regex_pool_rewinds_with_builder_checkpoint ... ok
test runtime::eval::indexed::full::tests::prepared_regex_pool_survives_frontend_and_evaluator_reuse ... ok
test runtime::eval::indexed::full::tests::record_proof_precise_types_and_unreachable_fallback_survive_frontend_drop ... ok
test runtime::eval::indexed::full::tests::stage_callable_ordinary_calls_execute_after_frontend_drop_on_both_routes ... ok
test runtime::eval::indexed::full::tests::stage_named_configuration_verifies_children_and_executes_both_indexed_routes ... ok
test runtime::eval::indexed::full::tests::tokei_showcase_contains_direct_pure_calls ... ok
test runtime::eval::indexed::full::tests::tokei_showcase_contains_scan_bytes_fast_paths ... ok
test runtime::eval::indexed::full::tests::tokei_showcase_contains_scan_lines_fast_paths ... ok
test runtime::eval::indexed::full::tests::trimmed_else_if_scanner_lowers_to_scan_lines ... ok
test runtime::eval::indexed::full::tests::try_capture_verifies_body_ownership_and_preserves_result_data_on_both_routes ... ok
test runtime::eval::indexed::full::tests::typed_cause_indexed_codec_preserves_metadata_and_verifies_optional_child ... ok
test runtime::eval::indexed::full::tests::typed_map_keys_execute_both_indexed_routes ... ok
test runtime::eval::indexed::full::tests::uint_mutation_checks_execute_both_indexed_routes_after_frontend_drop ... ok
test runtime::eval::indexed::full::tests::verifier_checks_assertion_children_locations_and_propagation_effects ... ok
test runtime::eval::indexed::full::tests::verifier_checks_pattern_condition_capture_slots_and_branch_returns ... ok
test runtime::eval::indexed::full::tests::verifier_checks_with_binding_slots_and_both_branch_returns ... ok
test runtime::eval::indexed::full::tests::verifier_rejects_binding_and_missing_retry_selection_patterns ... ok
test runtime::eval::indexed::full::tests::verifier_rejects_block_ownership_and_missing_function_terminators ... ok
test runtime::eval::indexed::full::tests::verifier_rejects_cross_function_instruction_ownership ... ok
test runtime::eval::indexed::full::tests::verifier_rejects_empty_or_unknown_comprehension_qualifiers ... ok
test runtime::eval::indexed::full::tests::verifier_rejects_empty_record_update_path_and_bad_replacement_reference ... ok
test runtime::eval::indexed::full::tests::verifier_rejects_incompatible_alternative_and_alias_capture_slots ... ok
test runtime::eval::indexed::full::tests::verifier_rejects_invalid_list_rest_patterns ... ok
test runtime::eval::indexed::full::tests::verifier_rejects_nested_pattern_cycles_and_missing_children ... ok
test runtime::eval::indexed::full::tests::verifier_rejects_slot_pattern_function_stage_and_location_bounds ... ok
test runtime::eval::indexed::full::tests::wire_enum_preparation_survives_frontend_drop_and_executes_both_routes ... ok
test runtime::eval::indexed::full::tests::yield_delegation_verifies_operands_and_preserves_nominal_error_payload ... ok

test result: ok. 74 passed; 0 failed; 0 ignored; 0 measured; 221 filtered out; finished in 1.29s

