   Compiling libc v0.2.186
   Compiling cfg-if v1.0.4
   Compiling pin-project-lite v0.2.17
   Compiling crossbeam-utils v0.8.21
   Compiling futures-core v0.3.34
   Compiling parking v2.2.1
   Compiling fastrand v2.4.1
   Compiling futures-io v0.3.34
   Compiling zeroize v1.9.0
   Compiling bitflags v2.13.0
   Compiling itoa v1.0.18
   Compiling rustls-pki-types v1.15.0
   Compiling futures-lite v2.6.1
   Compiling rustix v1.1.4
   Compiling bytes v1.11.1
   Compiling slab v0.4.12
   Compiling errno v0.3.14
   Compiling concurrent-queue v2.5.0
   Compiling log v0.4.33
   Compiling http v1.5.0
   Compiling foldhash v0.2.0
   Compiling typenum v1.20.1
   Compiling atomic-waker v1.1.2
   Compiling hashbrown v0.17.1
   Compiling untrusted v0.9.0
   Compiling rustls v0.23.43
   Compiling autocfg v1.5.1
   Compiling once_cell v1.21.4
   Compiling async-io v2.6.0
   Compiling hybrid-array v0.4.12
   Compiling rustls-webpki v0.103.13
   Compiling event-listener v5.4.2
   Compiling httparse v1.10.1
   Compiling subtle v2.6.1
   Compiling getrandom v0.3.4
   Compiling equivalent v1.0.2
   Compiling proc-macro2 v1.0.106
   Compiling indexmap v2.14.0
   Compiling polling v3.11.0
   Compiling crypto-common v0.2.2
   Compiling block-buffer v0.12.0
   Compiling event-listener-strategy v0.5.4
   Compiling http-body v1.1.0
   Compiling futures-sink v0.3.33
   Compiling async-task v4.7.1
   Compiling fnv v1.0.7
   Compiling quote v1.0.46
   Compiling unicode-ident v1.0.24
   Compiling core-foundation-sys v0.8.7
   Compiling const-oid v0.10.2
   Compiling memchr v2.8.1
   Compiling try-lock v0.2.5
   Compiling digest v0.11.3
   Compiling want v0.3.1
   Compiling laputa-h2-futures v0.4.16-beta.0
   Compiling aho-corasick v1.1.4
   Compiling async-channel v2.5.0
   Compiling piper v0.2.5
   Compiling futures-channel v0.3.34
   Compiling smallvec v1.15.2
   Compiling regex-syntax v0.8.11
   Compiling blocking v1.6.2
   Compiling laputa-hyper-futures-lite v1.11.0-beta.0
   Compiling graviola v0.4.1
   Compiling security-framework-sys v2.17.0
   Compiling core-foundation v0.10.1
   Compiling regex-automata v0.4.14
   Compiling cpufeatures v0.3.0
   Compiling zmij v1.0.21
   Compiling shlex v2.0.1
   Compiling find-msvc-tools v0.1.9
   Compiling futures-task v0.3.34
   Compiling getrandom v0.4.2
   Compiling rustls-graviola v0.4.0
   Compiling futures-util v0.3.34
   Compiling cc v1.2.66
   Compiling security-framework v3.7.0
   Compiling bstr v1.12.1
   Compiling h12tiny-core v0.1.0
   Compiling syn v2.0.118
   Compiling async-net v2.0.0
   Compiling futures-rustls v0.26.0
   Compiling h12tiny-client-normalize v0.1.0
   Compiling webpki-roots v1.0.9
   Compiling crossbeam-epoch v0.9.18
   Compiling same-file v1.0.6
   Compiling xsh-registry v0.0.1 (/Users/josh/d/laputa-systems/xsh-typing-campaign-v2/crates/xsh-registry)
   Compiling miniserde v0.1.45
   Compiling option-ext v0.2.0
   Compiling dirs-sys v0.5.0
   Compiling walkdir v2.5.0
   Compiling crossbeam-deque v0.8.6
   Compiling h12tiny-client v0.1.1
   Compiling globset v0.4.18
   Compiling mini-internal v0.1.45
   Compiling rustls-platform-verifier v0.7.0
   Compiling libmimalloc-sys v0.1.49
   Compiling xsh v0.0.1 (/Users/josh/d/laputa-systems/xsh-typing-campaign-v2)
   Compiling sha2 v0.11.0
   Compiling async-executor v1.14.0
   Compiling http-body-util v0.1.4
   Compiling rustls-pemfile v2.2.0
   Compiling filetime v0.2.29
   Compiling crossbeam-channel v0.5.15
   Compiling zlib-rs v0.6.3
   Compiling libbz2-rs-sys v0.2.5
   Compiling rustc-hash v2.1.3
   Compiling lzma-rust2 v0.16.5
   Compiling xsh-net v0.0.1 (/Users/josh/d/laputa-systems/xsh-typing-campaign-v2/crates/xsh-net)
   Compiling bzip2 v0.6.1
   Compiling tar v0.4.46
   Compiling tempfile v3.27.0
   Compiling ignore v0.4.25
   Compiling directories v6.0.0
   Compiling sha1 v0.11.0
   Compiling md-5 v0.11.0
   Compiling diffy v0.5.0
   Compiling xsh-root v0.0.1 (/Users/josh/d/laputa-systems/xsh-typing-campaign-v2/crates/xsh-root)
   Compiling rawzip v0.5.1
   Compiling flate2 v1.1.9
   Compiling regex-lite v0.1.9
   Compiling data-encoding v2.11.0
   Compiling mimalloc v0.1.52
   Compiling xsht v0.0.1 (/Users/josh/d/laputa-systems/xsh-typing-campaign-v2/crates/xsht)
    Finished `dev` profile [unoptimized] target(s) in 35.03s
