    Blocking waiting for file lock on package cache
    Blocking waiting for file lock on package cache
    Blocking waiting for file lock on package cache
    Blocking waiting for file lock on build directory
   Compiling xsh v0.0.1 (/Users/josh/d/laputa-systems/xsh-typing-campaign-v2)
warning: unused imports: `ProducerFlowField` and `ProducerFlowNode`
  --> src/sema/check.rs:70:20
   |
70 | ...::{ProducerFlowField, ProducerFlowGraph, ProducerFlowId, ProducerFlowKind, ProducerFlowOperationAlternative, ProducerFlowNode, Pr...
   |       ^^^^^^^^^^^^^^^^^                                                                                         ^^^^^^^^^^^^^^^^
   |
   = note: `#[warn(unused_imports)]` (part of `#[warn(unused)]`) on by default

warning: struct `ProducerEvaluationValue` is never constructed
 --> src/sema/check/producer_eval.rs:6:19
  |
6 | pub(crate) struct ProducerEvaluationValue {
  |                   ^^^^^^^^^^^^^^^^^^^^^^^
  |
  = note: `#[warn(dead_code)]` (part of `#[warn(unused)]`) on by default

warning: struct `ProducerEvaluationDeclaration` is never constructed
  --> src/sema/check/producer_eval.rs:14:19
   |
14 | pub(crate) struct ProducerEvaluationDeclaration {
   |                   ^^^^^^^^^^^^^^^^^^^^^^^^^^^^^

warning: struct `ProducerEvaluationInputs` is never constructed
  --> src/sema/check/producer_eval.rs:22:19
   |
22 | pub(crate) struct ProducerEvaluationInputs {
   |                   ^^^^^^^^^^^^^^^^^^^^^^^^

warning: enum `LanguageDisposition` is never used
 --> src/sema/operation_graph.rs:9:17
  |
9 | pub(crate) enum LanguageDisposition { SealedRequirement, ParametricTemplate, FixedBoundary, DynamicBoundary, StaticIdentity }
  |                 ^^^^^^^^^^^^^^^^^^^

warning: struct `LanguageAuthority` is never constructed
  --> src/sema/operation_graph.rs:12:19
   |
12 | pub(crate) struct LanguageAuthority { pub id: &'static str, pub family: &'static str, pub disposition: LanguageDisposition }
   |                   ^^^^^^^^^^^^^^^^^

warning: constant `LANGUAGE_AUTHORITIES` is never used
  --> src/sema/operation_graph.rs:14:18
   |
14 | pub(crate) const LANGUAGE_AUTHORITIES: &[LanguageAuthority] = &[
   |                  ^^^^^^^^^^^^^^^^^^^^

warning: enum `ArithmeticDomain` is never used
   --> src/sema/operation_graph.rs:143:17
    |
143 | pub(crate) enum ArithmeticDomain { Integer { left: Atom, right: Atom }, Float, Text, List, DurationPair, DurationScale { duration_l...
    |                 ^^^^^^^^^^^^^^^^

warning: enum `MembershipDomain` is never used
   --> src/sema/operation_graph.rs:145:17
    |
145 | pub(crate) enum MembershipDomain { List, Map, Str, Bytes, Record, Path { needle: Atom }, EnvPathList }
    |                 ^^^^^^^^^^^^^^^^

warning: enum `IterableDomain` is never used
   --> src/sema/operation_graph.rs:147:17
    |
147 | pub(crate) enum IterableDomain { List, Stream, Map, Str, Bytes }
    |                 ^^^^^^^^^^^^^^

warning: enum `SliceDomain` is never used
   --> src/sema/operation_graph.rs:149:17
    |
149 | pub(crate) enum SliceDomain { List, Str, Bytes }
    |                 ^^^^^^^^^^^

warning: enum `ValueConstructor` is never used
   --> src/sema/operation_graph.rs:151:17
    |
151 | pub(crate) enum ValueConstructor { Ok, Err, Path, Range }
    |                 ^^^^^^^^^^^^^^^^

warning: enum `PreparedLanguageOperation` is never used
   --> src/sema/operation_graph.rs:153:17
    |
153 | pub(crate) enum PreparedLanguageOperation {
    |                 ^^^^^^^^^^^^^^^^^^^^^^^^^

warning: enum `OperationArgumentOrder` is never used
   --> src/sema/operation_graph.rs:171:17
    |
171 | pub(crate) enum OperationArgumentOrder { SourceOrder, ReceiverThenNeedle }
    |                 ^^^^^^^^^^^^^^^^^^^^^^

warning: struct `OperationCandidate` is never constructed
   --> src/sema/operation_graph.rs:174:19
    |
174 | pub(crate) struct OperationCandidate {
    |                   ^^^^^^^^^^^^^^^^^^

warning: struct `OperationGraph` is never constructed
   --> src/sema/operation_graph.rs:184:19
    |
184 | pub(crate) struct OperationGraph {
    |                   ^^^^^^^^^^^^^^

warning: multiple methods are never used
   --> src/sema/operation_graph.rs:191:8
    |
190 | impl OperationGraph {
    | ------------------- methods in this implementation
191 |     fn bind_owner(&mut self, graph: &InferenceContext) -> Result<(), InferenceError> {
    |        ^^^^^^^^^^
...
195 |     fn family(&mut self, graph: &mut InferenceContext, key: String, build: impl FnOnce(&mut Self, &mut InferenceContext) -> Result<...
    |        ^^^^^^
...
204 |     pub(crate) fn metadata(&self, graph: &InferenceContext, id: CandidateId) -> Result<&OperationCandidate, InferenceError> {
    |                   ^^^^^^^^
...
211 |     fn candidate(&mut self, graph: &mut InferenceContext, contract: LanguageContract) -> Result<CandidateId, InferenceError> {
    |        ^^^^^^^^^
...
221 |     pub(crate) fn binary_family(&mut self, graph: &mut InferenceContext, op: BinaryOp, origin: Span) -> Result<OperationFamilyId, I...
    |                   ^^^^^^^^^^^^^
...
273 |     pub(crate) fn compound_family(&mut self, graph: &mut InferenceContext, op: AssignOp, origin: Span) -> Result<OperationFamilyId,...
    |                   ^^^^^^^^^^^^^^^
...
291 |     pub(crate) fn unary_family(&mut self, graph: &mut InferenceContext, op: UnaryOp, _origin: Span) -> Result<OperationFamilyId, In...
    |                   ^^^^^^^^^^^^
...
299 |     pub(crate) fn iteration_family(&mut self, graph: &mut InferenceContext, origin: Span) -> Result<OperationFamilyId, InferenceErr...
    |                   ^^^^^^^^^^^^^^^^
...
317 |     pub(crate) fn index_family(&mut self, graph: &mut InferenceContext, origin: Span) -> Result<OperationFamilyId, InferenceError> {
    |                   ^^^^^^^^^^^^
...
330 |     pub(crate) fn slice_family(&mut self, graph: &mut InferenceContext, domain: SliceDomain, origin: Span) -> Result<OperationFamil...
    |                   ^^^^^^^^^^^^
...
341 |     pub(crate) fn constructor_family(&mut self, graph: &mut InferenceContext, kind: ValueConstructor, origin: Span) -> Result<Opera...
    |                   ^^^^^^^^^^^^^^^^^^
...
354 |     pub(crate) fn declaration_family(&mut self, graph: &mut InferenceContext, authority_id: &'static str, identity: Name, scheme: S...
    |                   ^^^^^^^^^^^^^^^^^^

warning: struct `LanguageContract` is never constructed
   --> src/sema/operation_graph.rs:367:8
    |
367 | struct LanguageContract {
    |        ^^^^^^^^^^^^^^^^

warning: associated function `new` is never used
   --> src/sema/operation_graph.rs:372:8
    |
371 | impl LanguageContract {
    | --------------------- associated function in this implementation
372 |     fn new(authority:String,operation:PreparedLanguageOperation,parameters:Vec<TypeId>,result:TypeId)->Self {
    |        ^^^

warning: function `authority` is never used
   --> src/sema/operation_graph.rs:378:4
    |
378 | fn authority(id:&str)->Result<&'static LanguageAuthority,InferenceError> { LANGUAGE_AUTHORITIES.iter().find(|authority|authority.id...
    |    ^^^^^^^^^

warning: function `arithmetic_domains` is never used
   --> src/sema/operation_graph.rs:380:4
    |
380 | fn arithmetic_domains(op:BinaryOp,compound:bool)->Vec<ArithmeticDomain> {
    |    ^^^^^^^^^^^^^^^^^^

warning: function `arithmetic_authority` is never used
   --> src/sema/operation_graph.rs:392:4
    |
392 | fn arithmetic_authority(op:BinaryOp,domain:ArithmeticDomain)->String {
    |    ^^^^^^^^^^^^^^^^^^^^

warning: function `arithmetic_types` is never used
   --> src/sema/operation_graph.rs:396:4
    |
396 | fn arithmetic_types(graph:&mut InferenceContext,domain:ArithmeticDomain,origin:Span)->Result<(TypeId,TypeId,TypeId),InferenceError> {
    |    ^^^^^^^^^^^^^^^^

warning: function `membership_name` is never used
   --> src/sema/operation_graph.rs:403:4
    |
403 | fn membership_name(domain:MembershipDomain)->&'static str { match domain { MembershipDomain::List => "List",MembershipDomain::Map =...
    |    ^^^^^^^^^^^^^^^

warning: function `membership_types` is never used
   --> src/sema/operation_graph.rs:404:4
    |
404 | fn membership_types(graph:&mut InferenceContext,domain:MembershipDomain,origin:Span)->Result<(TypeId,TypeId,Vec<RequirementId>),Inf...
    |    ^^^^^^^^^^^^^^^^

warning: function `iterable_types` is never used
   --> src/sema/operation_graph.rs:413:4
    |
413 | fn iterable_types(graph:&mut InferenceContext,domain:IterableDomain,origin:Span)->Result<(TypeId,TypeId,Vec<RequirementId>),Inferen...
    |    ^^^^^^^^^^^^^^

warning: enum `SequenceDomain` is never used
  --> src/sema/stage_graph.rs:10:17
   |
10 | pub(crate) enum SequenceDomain { List, Stream }
   |                 ^^^^^^^^^^^^^^

warning: enum `StageSource` is never used
  --> src/sema/stage_graph.rs:12:17
   |
12 | pub(crate) enum StageSource { Sequence { domain: SequenceDomain, outer_result: bool }, Str, Bytes }
   |                 ^^^^^^^^^^^

warning: enum `CallbackShape` is never used
  --> src/sema/stage_graph.rs:14:17
   |
14 | pub(crate) enum CallbackShape { Absent, Value, Unit, ResultUnit, List, Stream, ResultList, ResultStream }
   |                 ^^^^^^^^^^^^^

warning: struct `ReductionModes` is never constructed
  --> src/sema/stage_graph.rs:16:19
   |
16 | pub(crate) struct ReductionModes(u8);
   |                   ^^^^^^^^^^^^^^

warning: associated items `SUM`, `MIN`, `MAX`, `ALL`, `from_static_configuration`, and `contains_sum` are never used
  --> src/sema/stage_graph.rs:18:15
   |
17 | impl ReductionModes {
   | ------------------- associated items in this implementation
18 |     pub const SUM:Self=Self(1); pub const MIN:Self=Self(2); pub const MAX:Self=Self(4); pub const ALL:Self=Self(7);
   |               ^^^                         ^^^                         ^^^                         ^^^
19 |     pub fn from_static_configuration(sum:Option<bool>,min:Option<bool>,max:Option<bool>)->Result<Self,InferenceError> {
   |            ^^^^^^^^^^^^^^^^^^^^^^^^^
...
26 |     fn contains_sum(self)->bool { self.0&Self::SUM.0!=0 }
   |        ^^^^^^^^^^^^

warning: enum `ReductionShape` is never used
  --> src/sema/stage_graph.rs:29:17
   |
29 | pub(crate) enum ReductionShape { Value, Int, UInt, Float, Record }
   |                 ^^^^^^^^^^^^^^

warning: struct `StageForm` is never constructed
  --> src/sema/stage_graph.rs:31:19
   |
31 | pub(crate) struct StageForm {
   |                   ^^^^^^^^^

warning: struct `StageVariant` is never constructed
  --> src/sema/stage_graph.rs:41:19
   |
41 | pub(crate) struct StageVariant { pub callback_shape:CallbackShape, pub other_sequence:Option<SequenceDomain>, pub reduction_shape:Re...
   |                   ^^^^^^^^^^^^

warning: enum `AdditionalProducer` is never used
  --> src/sema/stage_graph.rs:44:17
   |
44 | pub(crate) enum AdditionalProducer { ZipArgument, CallbackResult }
   |                 ^^^^^^^^^^^^^^^^^^

warning: struct `StageCandidate` is never constructed
  --> src/sema/stage_graph.rs:46:19
   |
46 | pub(crate) struct StageCandidate {
   |                   ^^^^^^^^^^^^^^

warning: struct `StageGraph` is never constructed
  --> src/sema/stage_graph.rs:61:19
   |
61 | pub(crate) struct StageGraph {
   |                   ^^^^^^^^^^

warning: struct `StageEffectRelation` is never constructed
  --> src/sema/stage_graph.rs:68:19
   |
68 | pub(crate) struct StageEffectRelation {
   |                   ^^^^^^^^^^^^^^^^^^^

warning: methods `family`, `metadata`, `output_effect_bindings`, `output_producer_effects`, and `import` are never used
   --> src/sema/stage_graph.rs:75:19
    |
 74 | impl StageGraph {
    | --------------- methods in this implementation
 75 |     pub(crate) fn family(&mut self, graph: &mut InferenceContext, stage: StreamStageKind, form: StageForm, origin: Span) -> Result<...
    |                   ^^^^^^
...
 93 |     pub(crate) fn metadata(&self,graph:&InferenceContext,id:CandidateId)->Result<&StageCandidate,InferenceError> {
    |                   ^^^^^^^^
...
 99 |     pub(crate) fn output_effect_bindings(&self,graph:&mut InferenceContext,family:OperationFamilyId,level:u32)->Result<Vec<(Produce...
    |                   ^^^^^^^^^^^^^^^^^^^^^^
...
109 |     pub(crate) fn output_producer_effects(&self,graph:&InferenceContext,requirement:RequirementId)->Result<Option<(EffectSummary,Ef...
    |                   ^^^^^^^^^^^^^^^^^^^^^^^
...
119 |     fn import(&mut self,graph:&mut InferenceContext,stage:StreamStageKind,source:StageSource,input_numeric:Option<Atom>,form:StageF...
    |        ^^^^^^

warning: function `sequence` is never used
   --> src/sema/stage_graph.rs:228:4
    |
228 | fn sequence(graph:&mut InferenceContext,domain:SequenceDomain,item:TypeId)->Result<TypeId,InferenceError> { match domain { Sequence...
    |    ^^^^^^^^

warning: function `record` is never used
   --> src/sema/stage_graph.rs:229:4
    |
229 | fn record(graph:&mut InferenceContext,fields:&[(&str,TypeId)])->Result<TypeId,InferenceError> { let row=graph.row(fields.iter().map...
    |    ^^^^^^

warning: function `require` is never used
   --> src/sema/stage_graph.rs:230:4
    |
230 | fn require(graph:&mut InferenceContext,requirements:&mut Vec<RequirementId>,predicate:Eligibility,ty:TypeId,reason:crate::sema::inf...
    |    ^^^^^^^

warning: function `add_secondary_producer` is never used
   --> src/sema/stage_graph.rs:231:4
    |
231 | fn add_secondary_producer(graph:&mut InferenceContext,domain:SequenceDomain,roles:&mut Vec<(EffectRole,EffectSummary)>,pull:&mut Ve...
    |    ^^^^^^^^^^^^^^^^^^^^^^

warning: function `is_terminal` is never used
   --> src/sema/stage_graph.rs:235:4
    |
235 | fn is_terminal(stage:&StreamStageKind)->bool { matches!(stage,StreamStageKind::Each|StreamStageKind::First|StreamStageKind::Last|St...
    |    ^^^^^^^^^^^

warning: function `validate_form` is never used
   --> src/sema/stage_graph.rs:236:4
    |
236 | fn validate_form(stage:&StreamStageKind,form:StageForm)->Result<(),InferenceError> {
    |    ^^^^^^^^^^^^^

warning: function `variants` is never used
   --> src/sema/stage_graph.rs:248:4
    |
248 | fn variants(stage:&StreamStageKind,form:StageForm)->Vec<StageVariant> {
    |    ^^^^^^^^

warning: variant `TypeConstructor` is never constructed
  --> src/sema/registry_graph.rs:16:5
   |
13 | pub(crate) enum RegistryOwner {
   |                 ------------- variant in this enum
...
16 |     TypeConstructor(&'static str),
   |     ^^^^^^^^^^^^^^^
   |
   = note: `RegistryOwner` has derived impls for the traits `Debug` and `Clone`, but these are intentionally ignored during dead code analysis

warning: multiple fields are never read
  --> src/sema/registry_graph.rs:54:9
   |
49 | pub(crate) struct RegistryCandidate {
   |                   ----------------- fields in this struct
...
54 |     pub entry: &'static str,
   |         ^^^^^
55 |     pub operation: RuntimeOp,
   |         ^^^^^^^^^
56 |     pub binding: ImplBinding,
   |         ^^^^^^^
57 |     pub kind: CallableKind,
58 |     pub command: bool,
   |         ^^^^^^^
59 |     pub argument_check: ApiArgCheck,
   |         ^^^^^^^^^^^^^^
60 |     pub semantic_rule: SemanticRule,
   |         ^^^^^^^^^^^^^
61 |     pub parameters: Box<[RegistryParameter]>,
62 |     pub required_effect: Option<Effect>,
   |         ^^^^^^^^^^^^^^^
   |
   = note: `RegistryCandidate` has derived impls for the traits `Debug` and `Clone`, but these are intentionally ignored during dead code analysis

warning: field `output_roles` is never read
  --> src/sema/registry_graph.rs:78:9
   |
76 | pub(crate) struct RegistryProducerRelation {
   |                   ------------------------ field in this struct
77 |     pub alternatives:Box<[RegistryProducerAlternative]>,
78 |     pub output_roles:Box<[ProducerRole]>,
   |         ^^^^^^^^^^^^
   |
   = note: `RegistryProducerRelation` has derived impls for the traits `Debug` and `Clone`, but these are intentionally ignored during dead code analysis

warning: fields `authority_id`, `label`, and `shape` are never read
  --> src/sema/registry_graph.rs:83:9
   |
82 | pub(crate) struct RegistrySchema {
   |                   -------------- fields in this struct
83 |     pub authority_id: Name,
   |         ^^^^^^^^^^^^
84 |     pub label: Name,
   |         ^^^^^
85 |     pub shape: TypeId,
   |         ^^^^^
   |
   = note: `RegistrySchema` has derived impls for the traits `Debug` and `Clone`, but these are intentionally ignored during dead code analysis

warning: fields `label` and `ty` are never read
  --> src/sema/registry_graph.rs:89:44
   |
89 | pub(crate) struct RegistryErrorField { pub label:Name, pub ty:TypeId }
   |                   ------------------       ^^^^^           ^^
   |                   |
   |                   fields in this struct
   |
   = note: `RegistryErrorField` has derived impls for the traits `Debug` and `Clone`, but these are intentionally ignored during dead code analysis

warning: fields `authority_id`, `family`, `variant`, `result`, `parameters`, and `facets` are never read
  --> src/sema/registry_graph.rs:93:9
   |
92 | pub(crate) struct RegistryErrorVariant {
   |                   -------------------- fields in this struct
93 |     pub authority_id:Name,
   |         ^^^^^^^^^^^^
94 |     pub family:Name,
   |         ^^^^^^
95 |     pub variant:Name,
   |         ^^^^^^^
96 |     pub result:TypeId,
   |         ^^^^^^
97 |     pub parameters:Box<[RegistryErrorField]>,
   |         ^^^^^^^^^^
98 |     pub facets:Box<[Name]>,
   |         ^^^^^^
   |
   = note: `RegistryErrorVariant` has derived impls for the traits `Debug` and `Clone`, but these are intentionally ignored during dead code analysis

warning: fields `schemas` and `errors` are never read
   --> src/sema/registry_graph.rs:108:5
    |
104 | pub(crate) struct RegistryGraph {
    |                   ------------- fields in this struct
...
108 |     schemas:BTreeMap<String,RegistrySchema>,
    |     ^^^^^^^
109 |     errors:BTreeMap<String,RegistryErrorVariant>,
    |     ^^^^^^

warning: methods `schema`, `builtin_error_variant`, `method_family`, and `type_constructor_family` are never used
   --> src/sema/registry_graph.rs:129:19
    |
112 | impl RegistryGraph {
    | ------------------ methods in this implementation
...
129 |     pub(crate) fn schema(&mut self,graph:&mut InferenceContext,name:&str,origin:Span)->Result<RegistrySchema,InferenceError> {
    |                   ^^^^^^
...
141 |     pub(crate) fn builtin_error_variant(&mut self,graph:&mut InferenceContext,family:&str,variant:&str,origin:Span)->Result<Registr...
    |                   ^^^^^^^^^^^^^^^^^^^^^
...
163 |     pub(crate) fn method_family(&mut self, graph: &mut InferenceContext, entry: &str, origin: Span) -> Result<OperationFamilyId, In...
    |                   ^^^^^^^^^^^^^
...
183 |     pub(crate) fn type_constructor_family(&mut self, graph: &mut InferenceContext, owner: &str, entry: &str, origin: Span) -> Resul...
    |                   ^^^^^^^^^^^^^^^^^^^^^^^

warning: function `receiver_type` is never used
   --> src/sema/registry_graph.rs:312:4
    |
312 | fn receiver_type(receiver: MethodReceiver, template: Option<&Type>) -> Result<Type, InferenceError> {
    |    ^^^^^^^^^^^^^

   Compiling xsht v0.0.1 (/Users/josh/d/laputa-systems/xsh-typing-campaign-v2/crates/xsht)
warning: `xsh` (lib) generated 55 warnings (run `cargo fix --lib -p xsh` to apply 1 suggestion)
warning: unused import: `ProducerFlowNode`
  --> src/sema/check.rs:70:126
   |
70 | ...Id, ProducerFlowKind, ProducerFlowOperationAlternative, ProducerFlowNode, ProducerFlowSource};
   |                                                            ^^^^^^^^^^^^^^^^
   |
   = note: `#[warn(unused_imports)]` (part of `#[warn(unused)]`) on by default

warning: variant `Declaration` is never constructed
   --> src/sema/operation_graph.rs:167:5
    |
153 | pub(crate) enum PreparedLanguageOperation {
    |                 ------------------------- variant in this enum
...
167 |     Declaration { authority: &'static str, identity: Name },
    |     ^^^^^^^^^^^
    |
    = note: `PreparedLanguageOperation` has derived impls for the traits `Debug` and `Clone`, but these are intentionally ignored during dead code analysis

warning: fields `authority` and `statement_result_is_unit` are never read
   --> src/sema/operation_graph.rs:177:9
    |
174 | pub(crate) struct OperationCandidate {
    |                   ------------------ fields in this struct
...
177 |     pub authority: &'static str,
    |         ^^^^^^^^^
...
180 |     pub statement_result_is_unit: bool,
    |         ^^^^^^^^^^^^^^^^^^^^^^^^
    |
    = note: `OperationCandidate` has derived impls for the traits `Debug` and `Clone`, but these are intentionally ignored during dead code analysis

warning: method `declaration_family` is never used
   --> src/sema/operation_graph.rs:354:19
    |
190 | impl OperationGraph {
    | ------------------- method in this implementation
...
354 |     pub(crate) fn declaration_family(&mut self, graph: &mut InferenceContext, authority_id: &'static str, identity: Name, scheme: S...
    |                   ^^^^^^^^^^^^^^^^^^

warning: associated function `from_static_configuration` is never used
  --> src/sema/stage_graph.rs:19:12
   |
17 | impl ReductionModes {
   | ------------------- associated function in this implementation
18 |     pub const SUM:Self=Self(1); pub const MIN:Self=Self(2); pub const MAX:Self=Self(4); pub const ALL:Self=Self(7);
19 |     pub fn from_static_configuration(sum:Option<bool>,min:Option<bool>,max:Option<bool>)->Result<Self,InferenceError> {
   |            ^^^^^^^^^^^^^^^^^^^^^^^^^

warning: fields `source`, `input_numeric`, `form`, `variant`, and `effects` are never read
  --> src/sema/stage_graph.rs:50:9
   |
46 | pub(crate) struct StageCandidate {
   |                   -------------- fields in this struct
...
50 |     pub source: StageSource,
   |         ^^^^^^
51 |     pub input_numeric: Option<Atom>,
   |         ^^^^^^^^^^^^^
52 |     pub form: StageForm,
   |         ^^^^
53 |     pub variant: StageVariant,
   |         ^^^^^^^
...
57 |     pub effects: StageEffectRelation,
   |         ^^^^^^^
   |
   = note: `StageCandidate` has derived impls for the traits `Debug` and `Clone`, but these are intentionally ignored during dead code analysis

warning: fields `output_pull`, `output_close`, and `intrinsic_pull` are never read
  --> src/sema/stage_graph.rs:69:9
   |
68 | pub(crate) struct StageEffectRelation {
   |                   ------------------- fields in this struct
69 |     pub output_pull: Box<[EffectRole]>,
   |         ^^^^^^^^^^^
70 |     pub output_close: Box<[EffectRole]>,
   |         ^^^^^^^^^^^^
71 |     pub intrinsic_pull: EffectSet,
   |         ^^^^^^^^^^^^^^
   |
   = note: `StageEffectRelation` has derived impls for the traits `Debug` and `Clone`, but these are intentionally ignored during dead code analysis

warning: fields `binding`, `command`, and `semantic_rule` are never read
  --> src/sema/registry_graph.rs:56:9
   |
49 | pub(crate) struct RegistryCandidate {
   |                   ----------------- fields in this struct
...
56 |     pub binding: ImplBinding,
   |         ^^^^^^^
57 |     pub kind: CallableKind,
58 |     pub command: bool,
   |         ^^^^^^^
59 |     pub argument_check: ApiArgCheck,
60 |     pub semantic_rule: SemanticRule,
   |         ^^^^^^^^^^^^^
   |
   = note: `RegistryCandidate` has derived impls for the traits `Debug` and `Clone`, but these are intentionally ignored during dead code analysis

warning: `xsh` (lib test) generated 11 warnings (3 duplicates) (run `cargo fix --lib -p xsh --tests` to apply 1 suggestion)
    Finished `test` profile [unoptimized] target(s) in 19.28s
     Running unittests src/lib.rs (target/debug/build/xsh/3b1ba41aea3ea9fa/out/xsh-3b1ba41aea3ea9fa)

running 33 tests
test frontend::query::tests::solved_query_binding_retains_fixed_collection_type_and_mutability ... ok
test frontend::query::tests::solved_query_builtin_error_identity_comes_from_registered_family ... ok
test frontend::query::tests::solved_query_call_result_is_concrete_without_specializing_the_declaration ... ok
test frontend::query::tests::solved_query_closed_annotation_parses_and_rechecks_without_generic_syntax ... ok
test frontend::query::tests::solved_query_effect_quantifier_preserves_derived_calculation_provenance ... ok
test frontend::query::tests::solved_query_expansion_is_bounded_and_does_not_mutate_solver_counters ... ok
test frontend::query::tests::solved_query_foreign_owner_cannot_reinterpret_names_after_arena_drop ... ok
test frontend::query::tests::solved_query_generalized_value_descendant_keeps_context_without_new_forall ... ok
test frontend::query::tests::solved_query_identity_exposes_one_principal_relationship_without_rechecking ... ok
test frontend::query::tests::solved_query_latent_roles_normalize_effect_binders_and_bounds ... ok
test frontend::query::tests::solved_query_missing_foreign_and_unresolved_are_distinct ... ok
test frontend::query::tests::solved_query_nested_graph_leaves_offer_only_closed_source_annotations ... ok
test frontend::query::tests::solved_query_nominal_source_identity_compares_only_within_its_bundle ... ok
test frontend::query::tests::solved_query_nominal_spelling_is_not_semantic_parity_evidence ... ok
test frontend::query::tests::solved_query_operation_roles_keep_formal_inputs_and_derived_outputs_separate ... ok
test frontend::query::tests::solved_query_owned_names_survive_source_and_graph_disposal ... ok
test frontend::query::tests::solved_query_preserves_default_rest_labels_kind_and_effect_bounds ... ok
test frontend::query::tests::solved_query_producer_field_names_precede_latent_binder_numbering ... ok
test frontend::query::tests::solved_query_producer_profiles_preserve_paths_and_latent_effects ... ok
test frontend::query::tests::solved_query_recursive_components_normalize_binders_by_relationship ... ok
test frontend::query::tests::solved_query_residual_registry_operations_display_public_labels ... ok
test frontend::query::tests::solved_query_resolves_captured_type_and_effect_handles_without_generalizing_them ... ok
test frontend::query::tests::solved_query_reveal_uses_frozen_principal_and_instantiated_source_facts ... ok
test frontend::query::tests::solved_query_row_binder_order_uses_flattened_semantic_fields ... ok
test frontend::query::tests::solved_query_rows_and_additions_normalize_independent_declaration_order ... ok
test frontend::query::tests::solved_query_safe_value_schemes_override_the_lexical_function_scope ... ok
test frontend::query::tests::solved_query_source_callable_alias_keeps_its_original_scheme ... ok
test frontend::query::tests::solved_query_source_flow_keeps_distinct_formals_after_type_unification ... ok
test frontend::query::tests::solved_query_source_stream_reveal_separates_creation_pull_and_cleanup ... ok
test frontend::query::tests::solved_query_symbolic_binding_snapshot_preserves_versions_and_owner ... ok
test frontend::query::tests::solved_query_symbolic_flow_alpha_normalizes_each_source_scope ... ok
test frontend::query::tests::solved_query_symbolic_flow_preserves_parameter_identity_and_shared_edges ... ok
test frontend::query::tests::solved_query_unscoped_binders_and_captures_are_not_parity_evidence ... ok

test result: ok. 33 passed; 0 failed; 0 ignored; 0 measured; 499 filtered out; finished in 0.04s

