   Compiling xsh v0.0.1 (/Users/josh/d/laputa-systems/xsh-typing-campaign-v2)
warning: associated function `from_graph` is never used
   --> src/sema/check/solved.rs:200:19
    |
199 | impl SolvedTypes {
    | ---------------- associated function in this implementation
200 |     pub(crate) fn from_graph(graph: SolvedGraph, symbols: crate::symbol::SymbolOwner) -> Self {
    |                   ^^^^^^^^^^
    |
    = note: `#[warn(dead_code)]` (part of `#[warn(unused)]`) on by default

warning: enum `RegistryOwner` is never used
  --> src/sema/registry_graph.rs:13:17
   |
13 | pub(crate) enum RegistryOwner {
   |                 ^^^^^^^^^^^^^

warning: struct `RegistryParameter` is never constructed
  --> src/sema/registry_graph.rs:20:19
   |
20 | pub(crate) struct RegistryParameter {
   |                   ^^^^^^^^^^^^^^^^^

warning: struct `RegistryCandidate` is never constructed
  --> src/sema/registry_graph.rs:28:19
   |
28 | pub(crate) struct RegistryCandidate {
   |                   ^^^^^^^^^^^^^^^^^

warning: struct `RegistryGraph` is never constructed
  --> src/sema/registry_graph.rs:46:19
   |
46 | pub(crate) struct RegistryGraph {
   |                   ^^^^^^^^^^^^^

warning: multiple methods are never used
   --> src/sema/registry_graph.rs:53:8
    |
 52 | impl RegistryGraph {
    | ------------------ methods in this implementation
 53 |     fn bind_owner(&mut self, graph: &InferenceContext) -> Result<(), InferenceError> {
    |        ^^^^^^^^^^
...
 59 |     fn cached_family(&mut self, graph: &InferenceContext, key: &str) -> Option<OperationFamilyId> {
    |        ^^^^^^^^^^^^^
...
 67 |     pub(crate) fn module_family(&mut self, graph: &mut InferenceContext, module: &str, entry: &str, origin: Span) -> Result<Operati...
    |                   ^^^^^^^^^^^^^
...
 76 |     pub(crate) fn method_family(&mut self, graph: &mut InferenceContext, entry: &str, origin: Span) -> Result<OperationFamilyId, In...
    |                   ^^^^^^^^^^^^^
...
 96 |     pub(crate) fn type_constructor_family(&mut self, graph: &mut InferenceContext, owner: &str, entry: &str, origin: Span) -> Resul...
    |                   ^^^^^^^^^^^^^^^^^^^^^^^
...
106 |     fn build_family(&mut self, graph: &mut InferenceContext, key: String, import: impl FnOnce(&mut Self, &mut InferenceContext) -> ...
    |        ^^^^^^^^^^^^
...
118 |     fn finish_family(&mut self, graph: &mut InferenceContext, key: String, candidates: &[CandidateId]) -> Result<OperationFamilyId,...
    |        ^^^^^^^^^^^^^
...
124 |     pub(crate) fn metadata(&self, graph: &InferenceContext, id: CandidateId) -> Result<&RegistryCandidate, InferenceError> {
    |                   ^^^^^^^^
...
132 |     fn import_candidate(&mut self, graph: &mut InferenceContext, owner: RegistryOwner, entry: &'static str, signature: &ModuleFnSig...
    |        ^^^^^^^^^^^^^^^^

warning: function `declared_erasure` is never used
   --> src/sema/registry_graph.rs:164:4
    |
164 | fn declared_erasure(ty: &Type) -> bool {
    |    ^^^^^^^^^^^^^^^^

warning: function `receiver_type` is never used
   --> src/sema/registry_graph.rs:175:4
    |
175 | fn receiver_type(receiver: MethodReceiver, template: Option<&Type>) -> Result<Type, InferenceError> {
    |    ^^^^^^^^^^^^^

warning: function `actual_eligibility` is never used
   --> src/sema/registry_graph.rs:191:4
    |
191 | fn actual_eligibility(signature: &ModuleFnSig) -> Result<Vec<(usize, Eligibility)>, InferenceError> {
    |    ^^^^^^^^^^^^^^^^^^

warning: function `effect_bits` is never used
   --> src/sema/registry_graph.rs:203:4
    |
203 | fn effect_bits(effect: Option<&Effect>) -> EffectSet {
    |    ^^^^^^^^^^^

warning: function `import_type` is never used
   --> src/sema/registry_graph.rs:211:4
    |
211 | fn import_type(graph: &mut InferenceContext, ty: &Type, variables: &mut BTreeMap<BuiltinTypeParameter, TypeId>, requirements: &mut ...
    |    ^^^^^^^^^^^

warning: function `quote` is never used
   --> src/sema/registry_graph.rs:246:4
    |
246 | fn quote(value: &str) -> String {
    |    ^^^^^

warning: function `object` is never used
   --> src/sema/registry_graph.rs:260:4
    |
260 | fn object(mut fields: Vec<(&str, String)>) -> String {
    |    ^^^^^^

warning: function `canonical_type` is never used
   --> src/sema/registry_graph.rs:265:4
    |
265 | fn canonical_type(ty: &Type) -> Result<String, InferenceError> {
    |    ^^^^^^^^^^^^^^

warning: function `canonical_signature` is never used
   --> src/sema/registry_graph.rs:289:4
    |
289 | fn canonical_signature(owner: RegistryOwner, entry: &str, signature: &ModuleFnSig, receiver: Option<&Type>) -> Result<String, Infer...
    |    ^^^^^^^^^^^^^^^^^^^

   Compiling xsht v0.0.1 (/Users/josh/d/laputa-systems/xsh-typing-campaign-v2/crates/xsht)
warning: `xsh` (lib) generated 15 warnings
warning: fields `binding`, `command`, and `semantic_rule` are never read
  --> src/sema/registry_graph.rs:34:9
   |
28 | pub(crate) struct RegistryCandidate {
   |                   ----------------- fields in this struct
...
34 |     pub binding: ImplBinding,
   |         ^^^^^^^
35 |     pub kind: CallableKind,
36 |     pub command: bool,
   |         ^^^^^^^
37 |     pub argument_check: ApiArgCheck,
38 |     pub semantic_rule: SemanticRule,
   |         ^^^^^^^^^^^^^
   |
   = note: `RegistryCandidate` has derived impls for the traits `Debug` and `Clone`, but these are intentionally ignored during dead code analysis
   = note: `#[warn(dead_code)]` (part of `#[warn(unused)]`) on by default

warning: `xsh` (lib test) generated 1 warning
    Finished `test` profile [unoptimized] target(s) in 33.21s
     Running unittests src/lib.rs (target/debug/build/xsh/3b1ba41aea3ea9fa/out/xsh-3b1ba41aea3ea9fa)

running 20 tests
test frontend::query::tests::solved_query_binding_retains_fixed_collection_type_and_mutability ... ok
test frontend::query::tests::solved_query_builtin_error_identity_comes_from_registered_family ... FAILED
test frontend::query::tests::solved_query_call_result_is_concrete_without_specializing_the_declaration ... ok
test frontend::query::tests::solved_query_closed_annotation_parses_and_rechecks_without_generic_syntax ... ok
test frontend::query::tests::solved_query_expansion_is_bounded_and_does_not_mutate_solver_counters ... ok
test frontend::query::tests::solved_query_foreign_owner_cannot_reinterpret_names_after_arena_drop ... ok
test frontend::query::tests::solved_query_identity_exposes_one_principal_relationship_without_rechecking ... ok
test frontend::query::tests::solved_query_missing_foreign_and_unresolved_are_distinct ... ok
test frontend::query::tests::solved_query_nested_graph_leaves_offer_only_closed_source_annotations ... ok
test frontend::query::tests::solved_query_nominal_source_identity_compares_only_within_its_bundle ... ok
test frontend::query::tests::solved_query_nominal_spelling_is_not_semantic_parity_evidence ... ok
test frontend::query::tests::solved_query_owned_names_survive_source_and_graph_disposal ... ok
test frontend::query::tests::solved_query_preserves_default_rest_labels_kind_and_effect_bounds ... ok
test frontend::query::tests::solved_query_recursive_components_normalize_binders_by_relationship ... ok
test frontend::query::tests::solved_query_resolves_captured_type_and_effect_handles_without_generalizing_them ... ok
test frontend::query::tests::solved_query_reveal_uses_frozen_principal_and_instantiated_source_facts ... ok
test frontend::query::tests::solved_query_row_binder_order_uses_flattened_semantic_fields ... FAILED
test frontend::query::tests::solved_query_rows_and_additions_normalize_independent_declaration_order ... ok
test frontend::query::tests::solved_query_source_callable_alias_keeps_its_original_scheme ... ok
test frontend::query::tests::solved_query_unscoped_binders_and_captures_are_not_parity_evidence ... ok

failures:

---- frontend::query::tests::solved_query_builtin_error_identity_comes_from_registered_family stdout ----

thread 'frontend::query::tests::solved_query_builtin_error_identity_comes_from_registered_family' (4436974) panicked at src/frontend/query.rs:1045:9:
[Diagnostic { severity: Error, code: Some("check.type-relationship"), message: "an earlier type error prevents establishing this relationship", span: None, labels: [Label { style: Primary, span: Span { source_id: SourceId(0), start: 65, len: 5 }, message: Some("an earlier type error prevents establishing this relationship") }], notes: [], fix_hints: [] }, Diagnostic { severity: Error, code: Some("check.type-relationship"), message: "an earlier type error prevents establishing this relationship", span: None, labels: [Label { style: Primary, span: Span { source_id: SourceId(0), start: 63, len: 9 }, message: Some("an earlier type error prevents establishing this relationship") }], notes: [], fix_hints: [] }, Diagnostic { severity: Error, code: Some("check.unknown-type"), message: "unknown type", span: None, labels: [Label { style: Primary, span: Span { source_id: SourceId(0), start: 54, len: 7 }, message: Some("unknown type") }], notes: [], fix_hints: [] }, Diagnostic { severity: Error, code: Some("check.unknown-type"), message: "unknown type", span: None, labels: [Label { style: Primary, span: Span { source_id: SourceId(0), start: 54, len: 7 }, message: Some("unknown type") }], notes: [], fix_hints: [] }, Diagnostic { severity: Error, code: Some("check.unknown-type"), message: "unknown type", span: None, labels: [Label { style: Primary, span: Span { source_id: SourceId(0), start: 54, len: 7 }, message: Some("unknown type") }], notes: [], fix_hints: [] }]
note: run with `RUST_BACKTRACE=1` environment variable to display a backtrace

---- frontend::query::tests::solved_query_row_binder_order_uses_flattened_semantic_fields stdout ----

thread 'frontend::query::tests::solved_query_row_binder_order_uses_flattened_semantic_fields' (4436989) panicked at src/frontend/query.rs:1180:9:
assertion `left == right` failed: forall T0, T1. pure(value: {a: T0, z: T1}) [] -> T0 vs forall T0, T1. pure(value: {a: T1, z: T0}) [] -> T1
  left: Ok(false)
 right: Ok(true)


failures:
    frontend::query::tests::solved_query_builtin_error_identity_comes_from_registered_family
    frontend::query::tests::solved_query_row_binder_order_uses_flattened_semantic_fields

test result: FAILED. 18 passed; 2 failed; 0 ignored; 0 measured; 428 filtered out; finished in 0.04s

error: test failed, to rerun pass `-p xsh --lib`
