    Blocking waiting for file lock on build directory
   Compiling xsh v0.0.1 (/Users/josh/d/laputa-systems/xsh-typing-campaign-v2)
warning: enum `LanguageDisposition` is never used
 --> src/sema/operation_graph.rs:9:17
  |
9 | pub(crate) enum LanguageDisposition { SealedRequirement, ParametricTemplate, FixedBoundary, DynamicBoundary, StaticIdentity }
  |                 ^^^^^^^^^^^^^^^^^^^
  |
  = note: `#[warn(dead_code)]` (part of `#[warn(unused)]`) on by default

warning: struct `LanguageAuthority` is never constructed
  --> src/sema/operation_graph.rs:12:19
   |
12 | pub(crate) struct LanguageAuthority { pub id: &'static str, pub family: &'static str, pub disposition: LanguageDisposition }
   |                   ^^^^^^^^^^^^^^^^^

warning: constant `LANGUAGE_AUTHORITIES` is never used
  --> src/sema/operation_graph.rs:14:18
   |
14 | pub(crate) const LANGUAGE_AUTHORITIES: &[LanguageAuthority] = &[
   |                  ^^^^^^^^^^^^^^^^^^^^

warning: enum `ArithmeticDomain` is never used
   --> src/sema/operation_graph.rs:143:17
    |
143 | pub(crate) enum ArithmeticDomain { Integer { left: Atom, right: Atom }, Float, Text, List, DurationPair, DurationScale { duration_l...
    |                 ^^^^^^^^^^^^^^^^

warning: enum `MembershipDomain` is never used
   --> src/sema/operation_graph.rs:145:17
    |
145 | pub(crate) enum MembershipDomain { List, Map, Str, Bytes, Record, Path { needle: Atom }, EnvPathList }
    |                 ^^^^^^^^^^^^^^^^

warning: enum `IterableDomain` is never used
   --> src/sema/operation_graph.rs:147:17
    |
147 | pub(crate) enum IterableDomain { List, Stream, Map, Str, Bytes }
    |                 ^^^^^^^^^^^^^^

warning: enum `SliceDomain` is never used
   --> src/sema/operation_graph.rs:149:17
    |
149 | pub(crate) enum SliceDomain { List, Str, Bytes }
    |                 ^^^^^^^^^^^

warning: enum `ValueConstructor` is never used
   --> src/sema/operation_graph.rs:151:17
    |
151 | pub(crate) enum ValueConstructor { Ok, Err, Path, Range }
    |                 ^^^^^^^^^^^^^^^^

warning: enum `PreparedLanguageOperation` is never used
   --> src/sema/operation_graph.rs:153:17
    |
153 | pub(crate) enum PreparedLanguageOperation {
    |                 ^^^^^^^^^^^^^^^^^^^^^^^^^

warning: enum `OperationArgumentOrder` is never used
   --> src/sema/operation_graph.rs:171:17
    |
171 | pub(crate) enum OperationArgumentOrder { SourceOrder, ReceiverThenNeedle }
    |                 ^^^^^^^^^^^^^^^^^^^^^^

warning: struct `OperationCandidate` is never constructed
   --> src/sema/operation_graph.rs:174:19
    |
174 | pub(crate) struct OperationCandidate {
    |                   ^^^^^^^^^^^^^^^^^^

warning: struct `OperationGraph` is never constructed
   --> src/sema/operation_graph.rs:184:19
    |
184 | pub(crate) struct OperationGraph {
    |                   ^^^^^^^^^^^^^^

warning: multiple methods are never used
   --> src/sema/operation_graph.rs:191:8
    |
190 | impl OperationGraph {
    | ------------------- methods in this implementation
191 |     fn bind_owner(&mut self, graph: &InferenceContext) -> Result<(), InferenceError> {
    |        ^^^^^^^^^^
...
195 |     fn family(&mut self, graph: &mut InferenceContext, key: String, build: impl FnOnce(&mut Self, &mut InferenceContext) -> Result<...
    |        ^^^^^^
...
204 |     pub(crate) fn metadata(&self, graph: &InferenceContext, id: CandidateId) -> Result<&OperationCandidate, InferenceError> {
    |                   ^^^^^^^^
...
211 |     fn candidate(&mut self, graph: &mut InferenceContext, contract: LanguageContract) -> Result<CandidateId, InferenceError> {
    |        ^^^^^^^^^
...
221 |     pub(crate) fn binary_family(&mut self, graph: &mut InferenceContext, op: BinaryOp, origin: Span) -> Result<OperationFamilyId, I...
    |                   ^^^^^^^^^^^^^
...
272 |     pub(crate) fn compound_family(&mut self, graph: &mut InferenceContext, op: AssignOp, origin: Span) -> Result<OperationFamilyId,...
    |                   ^^^^^^^^^^^^^^^
...
290 |     pub(crate) fn unary_family(&mut self, graph: &mut InferenceContext, op: UnaryOp, _origin: Span) -> Result<OperationFamilyId, In...
    |                   ^^^^^^^^^^^^
...
298 |     pub(crate) fn iteration_family(&mut self, graph: &mut InferenceContext, origin: Span) -> Result<OperationFamilyId, InferenceErr...
    |                   ^^^^^^^^^^^^^^^^
...
316 |     pub(crate) fn index_family(&mut self, graph: &mut InferenceContext, origin: Span) -> Result<OperationFamilyId, InferenceError> {
    |                   ^^^^^^^^^^^^
...
329 |     pub(crate) fn slice_family(&mut self, graph: &mut InferenceContext, domain: SliceDomain, origin: Span) -> Result<OperationFamil...
    |                   ^^^^^^^^^^^^
...
340 |     pub(crate) fn constructor_family(&mut self, graph: &mut InferenceContext, kind: ValueConstructor, origin: Span) -> Result<Opera...
    |                   ^^^^^^^^^^^^^^^^^^
...
353 |     pub(crate) fn declaration_family(&mut self, graph: &mut InferenceContext, authority_id: &'static str, identity: Name, scheme: S...
    |                   ^^^^^^^^^^^^^^^^^^

warning: struct `LanguageContract` is never constructed
   --> src/sema/operation_graph.rs:365:8
    |
365 | struct LanguageContract {
    |        ^^^^^^^^^^^^^^^^

warning: associated function `new` is never used
   --> src/sema/operation_graph.rs:370:8
    |
369 | impl LanguageContract {
    | --------------------- associated function in this implementation
370 |     fn new(authority:String,operation:PreparedLanguageOperation,parameters:Vec<TypeId>,result:TypeId)->Self {
    |        ^^^

warning: function `authority` is never used
   --> src/sema/operation_graph.rs:376:4
    |
376 | fn authority(id:&str)->Result<&'static LanguageAuthority,InferenceError> { LANGUAGE_AUTHORITIES.iter().find(|authority|authority.id...
    |    ^^^^^^^^^

warning: function `arithmetic_domains` is never used
   --> src/sema/operation_graph.rs:378:4
    |
378 | fn arithmetic_domains(op:BinaryOp,compound:bool)->Vec<ArithmeticDomain> {
    |    ^^^^^^^^^^^^^^^^^^

warning: function `arithmetic_authority` is never used
   --> src/sema/operation_graph.rs:390:4
    |
390 | fn arithmetic_authority(op:BinaryOp,domain:ArithmeticDomain)->String {
    |    ^^^^^^^^^^^^^^^^^^^^

warning: function `arithmetic_types` is never used
   --> src/sema/operation_graph.rs:394:4
    |
394 | fn arithmetic_types(graph:&mut InferenceContext,domain:ArithmeticDomain,origin:Span)->Result<(TypeId,TypeId,TypeId),InferenceError> {
    |    ^^^^^^^^^^^^^^^^

warning: function `membership_name` is never used
   --> src/sema/operation_graph.rs:401:4
    |
401 | fn membership_name(domain:MembershipDomain)->&'static str { match domain { MembershipDomain::List => "List",MembershipDomain::Map =...
    |    ^^^^^^^^^^^^^^^

warning: function `membership_types` is never used
   --> src/sema/operation_graph.rs:402:4
    |
402 | fn membership_types(graph:&mut InferenceContext,domain:MembershipDomain,origin:Span)->Result<(TypeId,TypeId,Vec<RequirementId>),Inf...
    |    ^^^^^^^^^^^^^^^^

warning: function `iterable_types` is never used
   --> src/sema/operation_graph.rs:411:4
    |
411 | fn iterable_types(graph:&mut InferenceContext,domain:IterableDomain,origin:Span)->Result<(TypeId,TypeId,Vec<RequirementId>),Inferen...
    |    ^^^^^^^^^^^^^^

warning: variants `Method` and `TypeConstructor` are never constructed
  --> src/sema/registry_graph.rs:15:5
   |
13 | pub(crate) enum RegistryOwner {
   |                 ------------- variants in this enum
14 |     Module(&'static str),
15 |     Method(MethodReceiver),
   |     ^^^^^^
16 |     TypeConstructor(&'static str),
   |     ^^^^^^^^^^^^^^^
   |
   = note: `RegistryOwner` has derived impls for the traits `Debug` and `Clone`, but these are intentionally ignored during dead code analysis

warning: multiple fields are never read
  --> src/sema/registry_graph.rs:32:9
   |
28 | pub(crate) struct RegistryCandidate {
   |                   ----------------- fields in this struct
...
32 |     pub entry: &'static str,
   |         ^^^^^
33 |     pub operation: RuntimeOp,
   |         ^^^^^^^^^
34 |     pub binding: ImplBinding,
   |         ^^^^^^^
35 |     pub kind: CallableKind,
36 |     pub command: bool,
   |         ^^^^^^^
37 |     pub argument_check: ApiArgCheck,
   |         ^^^^^^^^^^^^^^
38 |     pub semantic_rule: SemanticRule,
   |         ^^^^^^^^^^^^^
39 |     pub parameters: Box<[RegistryParameter]>,
40 |     pub required_effect: Option<Effect>,
   |         ^^^^^^^^^^^^^^^
   |
   = note: `RegistryCandidate` has derived impls for the traits `Debug` and `Clone`, but these are intentionally ignored during dead code analysis

warning: methods `method_family` and `type_constructor_family` are never used
  --> src/sema/registry_graph.rs:76:19
   |
52 | impl RegistryGraph {
   | ------------------ methods in this implementation
...
76 |     pub(crate) fn method_family(&mut self, graph: &mut InferenceContext, entry: &str, origin: Span) -> Result<OperationFamilyId, Inf...
   |                   ^^^^^^^^^^^^^
...
96 |     pub(crate) fn type_constructor_family(&mut self, graph: &mut InferenceContext, owner: &str, entry: &str, origin: Span) -> Result...
   |                   ^^^^^^^^^^^^^^^^^^^^^^^

warning: function `receiver_type` is never used
   --> src/sema/registry_graph.rs:175:4
    |
175 | fn receiver_type(receiver: MethodReceiver, template: Option<&Type>) -> Result<Type, InferenceError> {
    |    ^^^^^^^^^^^^^

   Compiling xsht v0.0.1 (/Users/josh/d/laputa-systems/xsh-typing-campaign-v2/crates/xsht)
warning: `xsh` (lib) generated 26 warnings
warning: fields `family` and `disposition` are never read
  --> src/sema/operation_graph.rs:12:65
   |
12 | pub(crate) struct LanguageAuthority { pub id: &'static str, pub family: &'static str, pub disposition: LanguageDisposition }
   |                   ----------------- fields in this struct       ^^^^^^                    ^^^^^^^^^^^
   |
   = note: `LanguageAuthority` has derived impls for the traits `Debug` and `Clone`, but these are intentionally ignored during dead code analysis
   = note: `#[warn(dead_code)]` (part of `#[warn(unused)]`) on by default

warning: variants `List`, `Stream`, `Map`, `Str`, and `Bytes` are never constructed
   --> src/sema/operation_graph.rs:147:34
    |
147 | pub(crate) enum IterableDomain { List, Stream, Map, Str, Bytes }
    |                 --------------   ^^^^  ^^^^^^  ^^^  ^^^  ^^^^^
    |                 |
    |                 variants in this enum
    |
    = note: `IterableDomain` has derived impls for the traits `Debug` and `Clone`, but these are intentionally ignored during dead code analysis

warning: variants `List`, `Str`, and `Bytes` are never constructed
   --> src/sema/operation_graph.rs:149:31
    |
149 | pub(crate) enum SliceDomain { List, Str, Bytes }
    |                 -----------   ^^^^  ^^^  ^^^^^
    |                 |
    |                 variants in this enum
    |
    = note: `SliceDomain` has derived impls for the traits `Debug` and `Clone`, but these are intentionally ignored during dead code analysis

warning: variants `Ok`, `Err`, `Path`, and `Range` are never constructed
   --> src/sema/operation_graph.rs:151:36
    |
151 | pub(crate) enum ValueConstructor { Ok, Err, Path, Range }
    |                 ----------------   ^^  ^^^  ^^^^  ^^^^^
    |                 |
    |                 variants in this enum
    |
    = note: `ValueConstructor` has derived impls for the traits `Debug` and `Clone`, but these are intentionally ignored during dead code analysis

warning: multiple variants are never constructed
   --> src/sema/operation_graph.rs:155:5
    |
153 | pub(crate) enum PreparedLanguageOperation {
    |                 ------------------------- variants in this enum
154 |     Arithmetic { op: BinaryOp, domain: ArithmeticDomain },
155 |     Compound { op: AssignOp, domain: ArithmeticDomain },
    |     ^^^^^^^^
156 |     Assignment,
    |     ^^^^^^^^^^
...
162 |     Unary { op: UnaryOp, operand: Atom },
    |     ^^^^^
163 |     Iteration { domain: IterableDomain, outer_result: bool },
    |     ^^^^^^^^^
164 |     Index { map: bool },
    |     ^^^^^
165 |     Slice(SliceDomain),
    |     ^^^^^
166 |     Constructor { kind: ValueConstructor, arity: usize },
    |     ^^^^^^^^^^^
167 |     Declaration { authority: &'static str, identity: Name },
    |     ^^^^^^^^^^^
    |
    = note: `PreparedLanguageOperation` has derived impls for the traits `Debug` and `Clone`, but these are intentionally ignored during dead code analysis

warning: fields `identity`, `scheme`, `authority`, `operation`, `argument_order`, and `statement_result_is_unit` are never read
   --> src/sema/operation_graph.rs:175:9
    |
174 | pub(crate) struct OperationCandidate {
    |                   ------------------ fields in this struct
175 |     pub identity: Name,
    |         ^^^^^^^^
176 |     pub scheme: SchemeId,
    |         ^^^^^^
177 |     pub authority: &'static str,
    |         ^^^^^^^^^
178 |     pub operation: PreparedLanguageOperation,
    |         ^^^^^^^^^
179 |     pub argument_order: OperationArgumentOrder,
    |         ^^^^^^^^^^^^^^
180 |     pub statement_result_is_unit: bool,
    |         ^^^^^^^^^^^^^^^^^^^^^^^^
    |
    = note: `OperationCandidate` has derived impls for the traits `Debug` and `Clone`, but these are intentionally ignored during dead code analysis

warning: multiple methods are never used
   --> src/sema/operation_graph.rs:204:19
    |
190 | impl OperationGraph {
    | ------------------- methods in this implementation
...
204 |     pub(crate) fn metadata(&self, graph: &InferenceContext, id: CandidateId) -> Result<&OperationCandidate, InferenceError> {
    |                   ^^^^^^^^
...
272 |     pub(crate) fn compound_family(&mut self, graph: &mut InferenceContext, op: AssignOp, origin: Span) -> Result<OperationFamilyId,...
    |                   ^^^^^^^^^^^^^^^
...
290 |     pub(crate) fn unary_family(&mut self, graph: &mut InferenceContext, op: UnaryOp, _origin: Span) -> Result<OperationFamilyId, In...
    |                   ^^^^^^^^^^^^
...
298 |     pub(crate) fn iteration_family(&mut self, graph: &mut InferenceContext, origin: Span) -> Result<OperationFamilyId, InferenceErr...
    |                   ^^^^^^^^^^^^^^^^
...
316 |     pub(crate) fn index_family(&mut self, graph: &mut InferenceContext, origin: Span) -> Result<OperationFamilyId, InferenceError> {
    |                   ^^^^^^^^^^^^
...
329 |     pub(crate) fn slice_family(&mut self, graph: &mut InferenceContext, domain: SliceDomain, origin: Span) -> Result<OperationFamil...
    |                   ^^^^^^^^^^^^
...
340 |     pub(crate) fn constructor_family(&mut self, graph: &mut InferenceContext, kind: ValueConstructor, origin: Span) -> Result<Opera...
    |                   ^^^^^^^^^^^^^^^^^^
...
353 |     pub(crate) fn declaration_family(&mut self, graph: &mut InferenceContext, authority_id: &'static str, identity: Name, scheme: S...
    |                   ^^^^^^^^^^^^^^^^^^

warning: fields `binding`, `command`, and `semantic_rule` are never read
  --> src/sema/registry_graph.rs:34:9
   |
28 | pub(crate) struct RegistryCandidate {
   |                   ----------------- fields in this struct
...
34 |     pub binding: ImplBinding,
   |         ^^^^^^^
35 |     pub kind: CallableKind,
36 |     pub command: bool,
   |         ^^^^^^^
37 |     pub argument_check: ApiArgCheck,
38 |     pub semantic_rule: SemanticRule,
   |         ^^^^^^^^^^^^^
   |
   = note: `RegistryCandidate` has derived impls for the traits `Debug` and `Clone`, but these are intentionally ignored during dead code analysis

warning: `xsh` (lib test) generated 9 warnings (1 duplicate)
    Finished `test` profile [unoptimized] target(s) in 13.57s
     Running unittests src/lib.rs (target/debug/build/xsh/3b1ba41aea3ea9fa/out/xsh-3b1ba41aea3ea9fa)

running 1 test
test frontend::query::tests::solved_query_residual_registry_operations_display_public_labels ... FAILED

failures:

---- frontend::query::tests::solved_query_residual_registry_operations_display_public_labels stdout ----

thread 'frontend::query::tests::solved_query_residual_registry_operations_display_public_labels' (4481385) panicked at src/frontend/query.rs:1216:99:
called `Result::unwrap()` on an `Err` value: UnsupportedOperation(RequirementId { index: 1, generation: 36 })
note: run with `RUST_BACKTRACE=1` environment variable to display a backtrace


failures:
    frontend::query::tests::solved_query_residual_registry_operations_display_public_labels

test result: FAILED. 0 passed; 1 failed; 0 ignored; 0 measured; 457 filtered out; finished in 0.01s

error: test failed, to rerun pass `-p xsh --lib`
