   Compiling xsh v0.0.1 (/Users/josh/d/laputa-systems/xsh-typing-campaign-v2)
warning: unused import: `StmtId`
 --> src/sema/check/local_inference.rs:2:129
  |
2 | use crate::syntax::arena::{ArenaBindingTargetKind, ArenaExprKind, ArenaExprOrRun, ArenaProgram, ArenaStmtKind, BindingTargetId, StmtId};
  |                                                                                                                                 ^^^^^^
  |
  = note: `#[warn(unused_imports)]` (part of `#[warn(unused)]`) on by default

warning: unused imports: `ProducerFlowNode` and `ProducerFlowOperationTransfer`
  --> src/sema/check.rs:77:126
   |
77 | ...wKind, ProducerFlowOperationAlternative, ProducerFlowOperationTransfer, ProducerFlowNode, ProducerFlowSource};
   |                                             ^^^^^^^^^^^^^^^^^^^^^^^^^^^^^  ^^^^^^^^^^^^^^^^

error[E0609]: no field `type_program` on type `&mut Checker`
   --> src/sema/check/local_inference.rs:232:34
    |
232 |         let Some(program) = self.type_program.clone() else { return Type::Invalid; };
    |                                  ^^^^^^^^^^^^ unknown field
    |
    = note: available fields are: `generic`, `graph_generation`, `current_generic`, `stage_callback_effects`, `current_expression` ... and 82 others

warning: unused variable: `arrow`
  --> src/sema/check/infer_effects.rs:95:61
   |
95 | ...   let crate::sema::inference::TypeNode::Arrow(arrow) = state.facts.graph.node(state.facts.graph.resolved(signature)?)? else {
   |                                                   ^^^^^ help: if this is intentional, prefix it with an underscore: `_arrow`
   |
   = note: `#[warn(unused_variables)]` (part of `#[warn(unused)]`) on by default

warning: variable does not need to be mutable
   --> src/sema/check/infer_effects.rs:134:21
    |
134 |                 let mut chain = vec![name.to_string()];
    |                     ----^^^^^
    |                     |
    |                     help: remove this `mut`
    |
    = note: `#[warn(unused_mut)]` (part of `#[warn(unused)]`) on by default

warning: unused variable: `name`
   --> src/sema/check/infer_effects.rs:142:84
    |
142 |     pub(super) fn record_effect_contract(&mut self, effects: &Option<Vec<Effect>>, name: &str) {
    |                                                                                    ^^^^ help: if this is intentional, prefix it with an underscore: `_name`

warning: unused variable: `span`
   --> src/sema/check/producer.rs:264:124
    |
264 | ..., call: ExpressionIdentity, span: crate::source::Span) -> Result<Vec<ProducerFlowId>, InferenceError> {
    |                                ^^^^ help: if this is intentional, prefix it with an underscore: `_span`

For more information about this error, try `rustc --explain E0609`.
warning: `xsh` (lib) generated 6 warnings
error: could not compile `xsh` (lib) due to 1 previous error; 6 warnings emitted
