   Compiling xsh v0.0.1 (/Users/josh/d/laputa-systems/xsh-typing-campaign-v2)
warning: unused imports: `ProducerFlowField` and `ProducerFlowNode`
  --> src/sema/check.rs:73:20
   |
73 | ...::{ProducerFlowField, ProducerFlowGraph, ProducerFlowId, ProducerFlowKind, ProducerFlowOperationAlternative, ProducerFlowNode, Pr...
   |       ^^^^^^^^^^^^^^^^^                                                                                         ^^^^^^^^^^^^^^^^
   |
   = note: `#[warn(unused_imports)]` (part of `#[warn(unused)]`) on by default

warning: unused imports: `SolvedStage` and `StageCallback`
  --> src/sema/check.rs:74:150
   |
74 | ...rationIdentity, ExpressionIdentity, StageIdentity, StageCallback, SolvedStage, ProducerEffects, ProducerPath, ProducerPathCompone...
   |                                                       ^^^^^^^^^^^^^  ^^^^^^^^^^^

warning: unused import: `solved::RegistryArgumentCoercion`
  --> src/sema/check.rs:75:9
   |
75 | pub use solved::RegistryArgumentCoercion;
   |         ^^^^^^^^^^^^^^^^^^^^^^^^^^^^^^^^

error[E0599]: no method named `check_graph_pipeline_stages` found for mutable reference `&mut Checker` in the current scope
  --> src/sema/check/stream.rs:10:14
   |
10 |         self.check_graph_pipeline_stages(arena, source, input, stages)
   |              ^^^^^^^^^^^^^^^^^^^^^^^^^^^
   |
help: there is a method `check_graph_module_call` with a similar name, but with different arguments
  --> src/sema/check/registry.rs:7:5
   |
 7 | /     pub(super) fn check_graph_module_call(
 8 | |         &mut self, arena: &ArenaProgram, source: &str, module: &str, name: &str,
 9 | |         args: &[ArenaCallArg], span: Span, expected: Option<&Type>,
10 | |     ) -> Type {
   | |_____________^

For more information about this error, try `rustc --explain E0599`.
warning: `xsh` (lib) generated 3 warnings
error: could not compile `xsh` (lib) due to 1 previous error; 3 warnings emitted
