   Compiling xsh v0.0.1 (/Users/josh/d/laputa-systems/xsh-typing-campaign-v2)
warning: unused imports: `ArenaStmtKind` and `StmtId`
 --> src/sema/check/local_inference.rs:2:97
  |
2 | use crate::syntax::arena::{ArenaBindingTargetKind, ArenaExprKind, ArenaExprOrRun, ArenaProgram, ArenaStmtKind, BindingTargetId, StmtId};
  |                                                                                                 ^^^^^^^^^^^^^                   ^^^^^^
  |
  = note: `#[warn(unused_imports)]` (part of `#[warn(unused)]`) on by default

warning: unused imports: `ProducerFlowNode` and `ProducerFlowOperationTransfer`
  --> src/sema/check.rs:75:126
   |
75 | ...wKind, ProducerFlowOperationAlternative, ProducerFlowOperationTransfer, ProducerFlowNode, ProducerFlowSource};
   |                                             ^^^^^^^^^^^^^^^^^^^^^^^^^^^^^  ^^^^^^^^^^^^^^^^

error[E0004]: non-exhaustive patterns: `inference::EffectRole::PullProjection { .. }` and `inference::EffectRole::CloseProjection { .. }` not covered
    --> src/frontend/query.rs:1504:11
     |
1504 |     match role { crate::sema::inference::EffectRole::Creation => NormalizedEffectRole::Creation, crate::sema::inference::EffectRol...
     |           ^^^^ patterns `inference::EffectRole::PullProjection { .. }` and `inference::EffectRole::CloseProjection { .. }` not covered
     |
note: `inference::EffectRole` defined here
    --> src/sema/inference.rs:187:10
     |
 187 | pub enum EffectRole {
     |          ^^^^^^^^^^
 188 |     Creation, Callback, Pull { source: u32 }, Close { source: u32 },
 189 |     PullProjection { source: u32, projection: EffectProjection },
     |     -------------- not covered
 190 |     CloseProjection { source: u32, projection: EffectProjection },
     |     --------------- not covered
     = note: the matched value is of type `inference::EffectRole`
help: ensure that all possible cases are being handled by adding a match arm with a wildcard pattern, a match arm with multiple or-patterns as shown, or multiple match arms
     |
1504 |     match role { crate::sema::inference::EffectRole::Creation => NormalizedEffectRole::Creation, crate::sema::inference::EffectRole::Callback => NormalizedEffectRole::Callback, crate::sema::inference::EffectRole::Pull { source } => NormalizedEffectRole::Pull { source }, crate::sema::inference::EffectRole::Close { source } => NormalizedEffectRole::Close { source }, inference::EffectRole::PullProjection { .. } | inference::EffectRole::CloseProjection { .. } => todo!() }
     |                                                                                                                                                                                                                                                                                                                                                                              +++++++++++++++++++++++++++++++++++++++++++++++++++++++++++++++++++++++++++++++++++++++++++++++++++++++++

warning: unused variable: `arrow`
  --> src/sema/check/infer_effects.rs:95:61
   |
95 | ...   let crate::sema::inference::TypeNode::Arrow(arrow) = state.facts.graph.node(state.facts.graph.resolved(signature)?)? else {
   |                                                   ^^^^^ help: if this is intentional, prefix it with an underscore: `_arrow`
   |
   = note: `#[warn(unused_variables)]` (part of `#[warn(unused)]`) on by default

warning: variable does not need to be mutable
   --> src/sema/check/infer_effects.rs:130:21
    |
130 |                 let mut chain = vec![name.to_string()];
    |                     ----^^^^^
    |                     |
    |                     help: remove this `mut`
    |
    = note: `#[warn(unused_mut)]` (part of `#[warn(unused)]`) on by default

warning: unused variable: `name`
   --> src/sema/check/infer_effects.rs:138:84
    |
138 |     pub(super) fn record_effect_contract(&mut self, effects: &Option<Vec<Effect>>, name: &str) {
    |                                                                                    ^^^^ help: if this is intentional, prefix it with an underscore: `_name`

warning: unused variable: `span`
   --> src/sema/check/producer.rs:264:124
    |
264 | ..., call: ExpressionIdentity, span: crate::source::Span) -> Result<Vec<ProducerFlowId>, InferenceError> {
    |                                ^^^^ help: if this is intentional, prefix it with an underscore: `_span`

For more information about this error, try `rustc --explain E0004`.
warning: `xsh` (lib) generated 6 warnings
error: could not compile `xsh` (lib) due to 1 previous error; 6 warnings emitted
