   Compiling xsh v0.0.1 (/Users/josh/d/laputa-systems/xsh-typing-campaign-v2)
warning: unused imports: `ProducerFlowField` and `ProducerFlowNode`
  --> src/sema/check.rs:70:20
   |
70 | ...::{ProducerFlowField, ProducerFlowGraph, ProducerFlowId, ProducerFlowKind, ProducerFlowOperationAlternative, ProducerFlowNode, Pr...
   |       ^^^^^^^^^^^^^^^^^                                                                                         ^^^^^^^^^^^^^^^^
   |
   = note: `#[warn(unused_imports)]` (part of `#[warn(unused)]`) on by default

error[E0004]: non-exhaustive patterns: `inference::RequirementTemplate::EffectInclusion { .. }` not covered
   --> src/runtime/eval/indexed/full/generic_prepare.rs:64:47
    |
 64 |             let (left, right, result) = match *template {
    |                                               ^^^^^^^^^ pattern `inference::RequirementTemplate::EffectInclusion { .. }` not covered
    |
note: `inference::RequirementTemplate` defined here
   --> src/sema/inference.rs:142:10
    |
142 | pub enum RequirementTemplate {
    |          ^^^^^^^^^^^^^^^^^^^
...
148 |     EffectInclusion { actual: EffectSummary, expected: EffectSummary, excluded: EffectSet },
    |     --------------- not covered
    = note: the matched value is of type `inference::RequirementTemplate`
help: ensure that all possible cases are being handled by adding a match arm with a wildcard pattern or an explicit pattern as shown
    |
 66 ~                 RequirementTemplate::Eligibility { .. } | RequirementTemplate::Operation { .. } | RequirementTemplate::EqualityCompatible { .. } | RequirementTemplate::CallableInvocation { .. } => return Err(problem("generic_runtime_requirement_not_prepared")),
 67 ~                 inference::RequirementTemplate::EffectInclusion { .. } => todo!(),
    |

error[E0004]: non-exhaustive patterns: `inference::RequirementTemplate::EffectInclusion { .. }` not covered
   --> src/runtime/eval/indexed/full/generic_prepare.rs:212:59
    |
212 | ...ult) = match solved.graph.requirement_template(requirement).map_err(|_| problem("generic_add_requirement"))? {
    |                 ^^^^^^^^^^^^^^^^^^^^^^^^^^^^^^^^^^^^^^^^^^^^^^^^^^^^^^^^^^^^^^^^^^^^^^^^^^^^^^^^^^^^^^^^^^^^^^^ pattern `inference::RequirementTemplate::EffectInclusion { .. }` not covered
    |
note: `inference::RequirementTemplate` defined here
   --> src/sema/inference.rs:142:10
    |
142 | pub enum RequirementTemplate {
    |          ^^^^^^^^^^^^^^^^^^^
...
148 |     EffectInclusion { actual: EffectSummary, expected: EffectSummary, excluded: EffectSet },
    |     --------------- not covered
    = note: the matched value is of type `inference::RequirementTemplate`
help: ensure that all possible cases are being handled by adding a match arm with a wildcard pattern or an explicit pattern as shown
    |
214 ~                             RequirementTemplate::Eligibility { .. } | RequirementTemplate::Operation { .. } | RequirementTemplate::EqualityCompatible { .. } | RequirementTemplate::CallableInvocation { .. } => return Err(problem("generic_runtime_requirement_not_prepared")),
215 ~                             inference::RequirementTemplate::EffectInclusion { .. } => todo!(),
    |

error[E0004]: non-exhaustive patterns: `&inference::RequirementTemplate::EffectInclusion { .. }` not covered
     --> src/runtime/eval/lower.rs:11702:27
      |
11702 |                     match requirement {
      |                           ^^^^^^^^^^^ pattern `&inference::RequirementTemplate::EffectInclusion { .. }` not covered
      |
note: `inference::RequirementTemplate` defined here
     --> src/sema/inference.rs:142:10
      |
  142 | pub enum RequirementTemplate {
      |          ^^^^^^^^^^^^^^^^^^^
...
  148 |     EffectInclusion { actual: EffectSummary, expected: EffectSummary, excluded: EffectSet },
      |     --------------- not covered
      = note: the matched value is of type `&inference::RequirementTemplate`
help: ensure that all possible cases are being handled by adding a match arm with a wildcard pattern or an explicit pattern as shown
      |
11711 ~                         | crate::sema::inference::RequirementTemplate::EqualityCompatible { .. } => return None,
11712 ~                         &inference::RequirementTemplate::EffectInclusion { .. } => todo!(),
      |

error[E0004]: non-exhaustive patterns: `Ok(inference::RequirementTemplate::EffectInclusion { .. })` not covered
   --> src/sema/check/generic.rs:550:23
    |
550 |                 match state.facts.graph.requirement_template(*requirement) {
    |                       ^^^^^^^^^^^^^^^^^^^^^^^^^^^^^^^^^^^^^^^^^^^^^^^^^^^^ pattern `Ok(inference::RequirementTemplate::EffectInclusion { .. })` not covered
    |
note: `std::result::Result<inference::RequirementTemplate, inference::InferenceError>` defined here
   --> /Users/josh/.rustup/toolchains/nightly-2026-09-15-aarch64-apple-darwin/lib/rustlib/src/rust/library/core/src/result.rs:558:1
    |
558 | pub enum Result<T, E> {
    | ^^^^^^^^^^^^^^^^^^^^^
...
562 |     Ok(#[stable(feature = "rust1", since = "1.0.0")] T),
    |     -- not covered
    = note: the matched value is of type `std::result::Result<inference::RequirementTemplate, inference::InferenceError>`
help: ensure that all possible cases are being handled by adding a match arm with a wildcard pattern or an explicit pattern as shown
    |
583 ~                     Err(_) => "operands do not belong to a supported `+` domain".to_string(),
584 ~                     Ok(inference::RequirementTemplate::EffectInclusion { .. }) => todo!(),
    |

For more information about this error, try `rustc --explain E0004`.
warning: `xsh` (lib) generated 1 warning
error: could not compile `xsh` (lib) due to 4 previous errors; 1 warning emitted
