warning: unused import: `StmtId`
 --> src/sema/check/local_inference.rs:2:129
  |
2 | use crate::syntax::arena::{ArenaBindingTargetKind, ArenaExprKind, ArenaExprOrRun, ArenaProgram, ArenaStmtKind, BindingTargetId, StmtId};
  |                                                                                                                                 ^^^^^^
  |
  = note: `#[warn(unused_imports)]` (part of `#[warn(unused)]`) on by default

warning: unused imports: `ProducerFlowNode` and `ProducerFlowOperationTransfer`
  --> src/sema/check.rs:77:126
   |
77 | ...wKind, ProducerFlowOperationAlternative, ProducerFlowOperationTransfer, ProducerFlowNode, ProducerFlowSource};
   |                                             ^^^^^^^^^^^^^^^^^^^^^^^^^^^^^  ^^^^^^^^^^^^^^^^

warning: unused variable: `arrow`
  --> src/sema/check/infer_effects.rs:95:61
   |
95 | ...   let crate::sema::inference::TypeNode::Arrow(arrow) = state.facts.graph.node(state.facts.graph.resolved(signature)?)? else {
   |                                                   ^^^^^ help: if this is intentional, prefix it with an underscore: `_arrow`
   |
   = note: `#[warn(unused_variables)]` (part of `#[warn(unused)]`) on by default

warning: variable does not need to be mutable
   --> src/sema/check/infer_effects.rs:134:21
    |
134 |                 let mut chain = vec![name.to_string()];
    |                     ----^^^^^
    |                     |
    |                     help: remove this `mut`
    |
    = note: `#[warn(unused_mut)]` (part of `#[warn(unused)]`) on by default

warning: unused variable: `name`
   --> src/sema/check/infer_effects.rs:142:84
    |
142 |     pub(super) fn record_effect_contract(&mut self, effects: &Option<Vec<Effect>>, name: &str) {
    |                                                                                    ^^^^ help: if this is intentional, prefix it with an underscore: `_name`

warning: unused variable: `span`
   --> src/sema/check/producer.rs:264:124
    |
264 | ..., call: ExpressionIdentity, span: crate::source::Span) -> Result<Vec<ProducerFlowId>, InferenceError> {
    |                                ^^^^ help: if this is intentional, prefix it with an underscore: `_span`

warning: variants `Explicit` and `Contextual` are never constructed
 --> src/sema/check/registry_boundaries.rs:9:42
  |
9 | pub(crate) enum RegistryValidationMode { Explicit, Contextual }
  |                 ----------------------   ^^^^^^^^  ^^^^^^^^^^
  |                 |
  |                 variants in this enum
  |
  = note: `RegistryValidationMode` has derived impls for the traits `Debug` and `Clone`, but these are intentionally ignored during dead code analysis
  = note: `#[warn(dead_code)]` (part of `#[warn(unused)]`) on by default

warning: field `operation` is never read
  --> src/sema/check/registry_boundaries.rs:15:21
   |
15 |     CliDescriptor { operation: RuntimeOp, plan: Arc<crate::modules::cli::CliDescriptorPlan> },
   |     -------------   ^^^^^^^^^
   |     |
   |     field in this variant
   |
   = note: `RegistryBoundaryKind` has derived impls for the traits `Debug` and `Clone`, but these are intentionally ignored during dead code analysis

warning: field `algorithm` is never read
  --> src/sema/check/registry_boundaries.rs:16:21
   |
16 |     HashAlgorithm { algorithm: Name },
   |     -------------   ^^^^^^^^^
   |     |
   |     field in this variant
   |
   = note: `RegistryBoundaryKind` has derived impls for the traits `Debug` and `Clone`, but these are intentionally ignored during dead code analysis

warning: variant `SchemaValidation` is never constructed
  --> src/sema/check/registry_boundaries.rs:17:5
   |
14 | pub(crate) enum RegistryBoundaryKind {
   |                 -------------------- variant in this enum
...
17 |     SchemaValidation { schema: RegistrySchema, mode: RegistryValidationMode },
   |     ^^^^^^^^^^^^^^^^
   |
   = note: `RegistryBoundaryKind` has derived impls for the traits `Debug` and `Clone`, but these are intentionally ignored during dead code analysis

warning: method `record_graph_registry_validation` is never used
  --> src/sema/check/registry_boundaries.rs:37:19
   |
36 | impl super::Checker {
   | ------------------- method in this implementation
37 |     pub(super) fn record_graph_registry_validation(
   |                   ^^^^^^^^^^^^^^^^^^^^^^^^^^^^^^^^

warning: method `error` is never used
  --> src/sema/check/operation_catalog.rs:90:19
   |
43 | impl SolvedOperationCatalog {
   | --------------------------- method in this implementation
...
90 |     pub(crate) fn error(&self, graph: &InferenceContext, authority: Name) -> Result<&RegistryErrorVariant, InferenceError> {
   |                   ^^^^^

warning: fields `family` and `disposition` are never read
  --> src/sema/operation_graph.rs:12:65
   |
12 | pub(crate) struct LanguageAuthority { pub id: &'static str, pub family: &'static str, pub disposition: LanguageDisposition }
   |                   ----------------- fields in this struct       ^^^^^^                    ^^^^^^^^^^^
   |
   = note: `LanguageAuthority` has derived impls for the traits `Debug` and `Clone`, but these are intentionally ignored during dead code analysis

warning: variants `Ok`, `Err`, `Path`, and `Range` are never constructed
   --> src/sema/operation_graph.rs:151:36
    |
151 | pub(crate) enum ValueConstructor { Ok, Err, Path, Range }
    |                 ----------------   ^^  ^^^  ^^^^  ^^^^^
    |                 |
    |                 variants in this enum
    |
    = note: `ValueConstructor` has derived impls for the traits `Debug` and `Clone`, but these are intentionally ignored during dead code analysis

warning: variants `Constructor` and `Declaration` are never constructed
   --> src/sema/operation_graph.rs:166:5
    |
153 | pub(crate) enum PreparedLanguageOperation {
    |                 ------------------------- variants in this enum
...
166 |     Constructor { kind: ValueConstructor, arity: usize },
    |     ^^^^^^^^^^^
167 |     Declaration { authority: &'static str, identity: Name },
    |     ^^^^^^^^^^^
    |
    = note: `PreparedLanguageOperation` has derived impls for the traits `Debug` and `Clone`, but these are intentionally ignored during dead code analysis

warning: fields `authority` and `statement_result_is_unit` are never read
   --> src/sema/operation_graph.rs:177:9
    |
174 | pub(crate) struct OperationCandidate {
    |                   ------------------ fields in this struct
...
177 |     pub authority: &'static str,
    |         ^^^^^^^^^
...
180 |     pub statement_result_is_unit: bool,
    |         ^^^^^^^^^^^^^^^^^^^^^^^^
    |
    = note: `OperationCandidate` has derived impls for the traits `Debug` and `Clone`, but these are intentionally ignored during dead code analysis

warning: methods `constructor_family` and `declaration_family` are never used
   --> src/sema/operation_graph.rs:383:19
    |
190 | impl OperationGraph {
    | ------------------- methods in this implementation
...
383 |     pub(crate) fn constructor_family(&mut self, graph: &mut InferenceContext, kind: ValueConstructor, origin: Span) -> Result<Opera...
    |                   ^^^^^^^^^^^^^^^^^^
...
396 |     pub(crate) fn declaration_family(&mut self, graph: &mut InferenceContext, authority_id: &'static str, identity: Name, scheme: S...
    |                   ^^^^^^^^^^^^^^^^^^

warning: associated constants `MIN`, `MAX`, and `ALL` are never used
  --> src/sema/stage_graph.rs:18:43
   |
17 | impl ReductionModes {
   | ------------------- associated constants in this implementation
18 |     pub const SUM:Self=Self(1); pub const MIN:Self=Self(2); pub const MAX:Self=Self(4); pub const ALL:Self=Self(7);
   |                                           ^^^                         ^^^                         ^^^

warning: multiple fields are never read
  --> src/sema/stage_graph.rs:50:9
   |
46 | pub(crate) struct StageCandidate {
   |                   -------------- fields in this struct
...
50 |     pub source: StageSource,
   |         ^^^^^^
51 |     pub input_numeric: Option<Atom>,
   |         ^^^^^^^^^^^^^
52 |     pub form: StageForm,
   |         ^^^^
53 |     pub variant: StageVariant,
   |         ^^^^^^^
54 |     pub parameters: &'static [StageParameter],
   |         ^^^^^^^^^^
55 |     pub callback_slot: Option<usize>,
   |         ^^^^^^^^^^^^^
56 |     pub additional_producer: Option<AdditionalProducer>,
   |         ^^^^^^^^^^^^^^^^^^^
   |
   = note: `StageCandidate` has derived impls for the traits `Debug` and `Clone`, but these are intentionally ignored during dead code analysis

warning: field `intrinsic_pull` is never read
  --> src/sema/stage_graph.rs:71:9
   |
68 | pub(crate) struct StageEffectRelation {
   |                   ------------------- field in this struct
...
71 |     pub intrinsic_pull: EffectSet,
   |         ^^^^^^^^^^^^^^
   |
   = note: `StageEffectRelation` has derived impls for the traits `Debug` and `Clone`, but these are intentionally ignored during dead code analysis

warning: method `output_producer_effects` is never used
   --> src/sema/stage_graph.rs:118:19
    |
 74 | impl StageGraph {
    | --------------- method in this implementation
...
118 |     pub(crate) fn output_producer_effects(&self,graph:&InferenceContext,requirement:RequirementId)->Result<Option<(EffectSummary,Ef...
    |                   ^^^^^^^^^^^^^^^^^^^^^^^

warning: variants `MapKey`, `OptionalPayload`, `ResultError`, and `RecordField` are never constructed
  --> src/sema/registry_graph.rs:36:55
   |
36 | pub(crate) enum RegistryProducerComponent { ListItem, MapKey, MapValue, OptionalPayload, ResultSuccess, ResultError, RecordField(Nam...
   |                 -------------------------             ^^^^^^            ^^^^^^^^^^^^^^^                 ^^^^^^^^^^^  ^^^^^^^^^^^
   |                 |
   |                 variants in this enum
   |
   = note: `RegistryProducerComponent` has derived impls for the traits `Debug` and `Clone`, but these are intentionally ignored during dead code analysis

warning: fields `entry`, `binding`, and `command` are never read
  --> src/sema/registry_graph.rs:76:9
   |
71 | pub(crate) struct RegistryCandidate {
   |                   ----------------- fields in this struct
...
76 |     pub entry: &'static str,
   |         ^^^^^
77 |     pub operation: RuntimeOp,
78 |     pub binding: ImplBinding,
   |         ^^^^^^^
79 |     pub kind: CallableKind,
80 |     pub command: bool,
   |         ^^^^^^^
   |
   = note: `RegistryCandidate` has derived impls for the traits `Debug` and `Clone`, but these are intentionally ignored during dead code analysis

warning: enum `RegistryProducerPath` is never used
   --> src/sema/registry_graph.rs:100:17
    |
100 | pub(crate) enum RegistryProducerPath { ResultSuccess }
    |                 ^^^^^^^^^^^^^^^^^^^^

warning: struct `RegistryProducerAlternative` is never constructed
   --> src/sema/registry_graph.rs:103:19
    |
103 | pub(crate) struct RegistryProducerAlternative {
    |                   ^^^^^^^^^^^^^^^^^^^^^^^^^^^

warning: struct `RegistryProducerRelation` is never constructed
   --> src/sema/registry_graph.rs:109:19
    |
109 | pub(crate) struct RegistryProducerRelation {
    |                   ^^^^^^^^^^^^^^^^^^^^^^^^

warning: fields `family` and `variant` are never read
   --> src/sema/registry_graph.rs:127:9
    |
125 | pub(crate) struct RegistryErrorVariant {
    |                   -------------------- fields in this struct
126 |     pub authority_id:Name,
127 |     pub family:Name,
    |         ^^^^^^
128 |     pub variant:Name,
    |         ^^^^^^^
    |
    = note: `RegistryErrorVariant` has derived impls for the traits `Debug` and `Clone`, but these are intentionally ignored during dead code analysis

warning: method `producer_result_relation` is never used
   --> src/sema/registry_graph.rs:288:19
    |
145 | impl RegistryGraph {
    | ------------------ method in this implementation
...
288 |     pub(crate) fn producer_result_relation(&self,graph:&InferenceContext,family:OperationFamilyId)->Result<Option<RegistryProducerR...
    |                   ^^^^^^^^^^^^^^^^^^^^^^^^

warning: `xsh` (lib) generated 28 warnings (run `cargo fix --lib -p xsh` to apply 6 suggestions)
warning: unused import: `ProducerFlowNode`
  --> src/sema/check.rs:77:157
   |
77 | ...lowOperationAlternative, ProducerFlowOperationTransfer, ProducerFlowNode, ProducerFlowSource};
   |                                                            ^^^^^^^^^^^^^^^^

warning: variant `Declaration` is never constructed
   --> src/sema/operation_graph.rs:167:5
    |
153 | pub(crate) enum PreparedLanguageOperation {
    |                 ------------------------- variant in this enum
...
167 |     Declaration { authority: &'static str, identity: Name },
    |     ^^^^^^^^^^^
    |
    = note: `PreparedLanguageOperation` has derived impls for the traits `Debug` and `Clone`, but these are intentionally ignored during dead code analysis

warning: method `declaration_family` is never used
   --> src/sema/operation_graph.rs:396:19
    |
190 | impl OperationGraph {
    | ------------------- method in this implementation
...
396 |     pub(crate) fn declaration_family(&mut self, graph: &mut InferenceContext, authority_id: &'static str, identity: Name, scheme: S...
    |                   ^^^^^^^^^^^^^^^^^^

warning: fields `source`, `input_numeric`, `form`, and `variant` are never read
  --> src/sema/stage_graph.rs:50:9
   |
46 | pub(crate) struct StageCandidate {
   |                   -------------- fields in this struct
...
50 |     pub source: StageSource,
   |         ^^^^^^
51 |     pub input_numeric: Option<Atom>,
   |         ^^^^^^^^^^^^^
52 |     pub form: StageForm,
   |         ^^^^
53 |     pub variant: StageVariant,
   |         ^^^^^^^
   |
   = note: `StageCandidate` has derived impls for the traits `Debug` and `Clone`, but these are intentionally ignored during dead code analysis

warning: fields `binding` and `command` are never read
  --> src/sema/registry_graph.rs:78:9
   |
71 | pub(crate) struct RegistryCandidate {
   |                   ----------------- fields in this struct
...
78 |     pub binding: ImplBinding,
   |         ^^^^^^^
79 |     pub kind: CallableKind,
80 |     pub command: bool,
   |         ^^^^^^^
   |
   = note: `RegistryCandidate` has derived impls for the traits `Debug` and `Clone`, but these are intentionally ignored during dead code analysis

warning: `xsh` (lib test) generated 16 warnings (11 duplicates) (run `cargo fix --lib -p xsh --tests` to apply 1 suggestion)
    Finished `test` profile [unoptimized] target(s) in 0.14s
     Running unittests src/lib.rs (target/debug/build/xsh/3b1ba41aea3ea9fa/out/xsh-3b1ba41aea3ea9fa)

running 42 tests
test frontend::query::tests::solved_query_binding_retains_fixed_collection_type_and_mutability ... ok
test frontend::query::tests::solved_query_builtin_error_identity_comes_from_registered_family ... ok
test frontend::query::tests::solved_query_call_result_is_concrete_without_specializing_the_declaration ... ok
test frontend::query::tests::solved_query_callable_invocation_preserves_actual_modes_without_formal_labels ... ok
test frontend::query::tests::solved_query_closed_annotation_parses_and_rechecks_without_generic_syntax ... ok
test frontend::query::tests::solved_query_effect_quantifier_preserves_derived_calculation_provenance ... ok
test frontend::query::tests::solved_query_expansion_is_bounded_and_does_not_mutate_solver_counters ... ok
test frontend::query::tests::solved_query_foreign_owner_cannot_reinterpret_names_after_arena_drop ... ok
test frontend::query::tests::solved_query_generalized_value_descendant_keeps_context_without_new_forall ... ok
test frontend::query::tests::solved_query_generic_operation_keeps_definition_scope_after_independent_calls ... ok
test frontend::query::tests::solved_query_identity_exposes_one_principal_relationship_without_rechecking ... ok
test frontend::query::tests::solved_query_latent_roles_normalize_effect_binders_and_bounds ... ok
test frontend::query::tests::solved_query_masked_effect_inclusion_keeps_permissions_and_binder_relationships ... ok
test frontend::query::tests::solved_query_missing_foreign_and_unresolved_are_distinct ... ok
test frontend::query::tests::solved_query_nested_graph_leaves_offer_only_closed_source_annotations ... ok
test frontend::query::tests::solved_query_nominal_source_identity_compares_only_within_its_bundle ... ok
test frontend::query::tests::solved_query_nominal_spelling_is_not_semantic_parity_evidence ... ok
test frontend::query::tests::solved_query_operation_roles_keep_formal_inputs_and_derived_outputs_separate ... ok
test frontend::query::tests::solved_query_operation_transfers_keep_paths_shared_inputs_and_uncertainty ... ok
test frontend::query::tests::solved_query_owned_names_survive_source_and_graph_disposal ... ok
test frontend::query::tests::solved_query_preserves_default_rest_labels_kind_and_effect_bounds ... ok
test frontend::query::tests::solved_query_producer_field_names_precede_latent_binder_numbering ... ok
test frontend::query::tests::solved_query_producer_profiles_preserve_paths_and_latent_effects ... ok
test frontend::query::tests::solved_query_recursive_components_normalize_binders_by_relationship ... ok
test frontend::query::tests::solved_query_residual_registry_operations_display_public_labels ... ok
test frontend::query::tests::solved_query_resolves_captured_type_and_effect_handles_without_generalizing_them ... ok
test frontend::query::tests::solved_query_reveal_uses_frozen_principal_and_instantiated_source_facts ... ok
test frontend::query::tests::solved_query_root_value_operation_retains_its_generalized_initializer_scope ... ok
test frontend::query::tests::solved_query_row_binder_order_uses_flattened_semantic_fields ... ok
test frontend::query::tests::solved_query_rows_and_additions_normalize_independent_declaration_order ... ok
test frontend::query::tests::solved_query_safe_value_schemes_override_the_lexical_function_scope ... ok
test frontend::query::tests::solved_query_source_addition_keeps_distinct_value_inputs_and_requirement ... ok
test frontend::query::tests::solved_query_source_callable_alias_keeps_its_original_scheme ... ok
test frontend::query::tests::solved_query_source_flow_keeps_distinct_formals_after_type_unification ... ok
test frontend::query::tests::solved_query_source_for_statement_preserves_iterable_binding_after_ast_drop ... ok
test frontend::query::tests::solved_query_source_stages_keep_pipeline_identity_and_actual_ordinals ... ok
test frontend::query::tests::solved_query_source_statement_and_expression_operations_preserve_binding_and_scope ... ok
test frontend::query::tests::solved_query_source_stream_reveal_separates_creation_pull_and_cleanup ... ok
test frontend::query::tests::solved_query_symbolic_binding_snapshot_preserves_versions_and_owner ... ok
test frontend::query::tests::solved_query_symbolic_flow_alpha_normalizes_each_source_scope ... ok
test frontend::query::tests::solved_query_symbolic_flow_preserves_parameter_identity_and_shared_edges ... ok
test frontend::query::tests::solved_query_unscoped_binders_and_captures_are_not_parity_evidence ... ok

test result: ok. 42 passed; 0 failed; 0 ignored; 0 measured; 596 filtered out; finished in 0.04s

