    Blocking waiting for file lock on build directory
   Compiling xsh v0.0.1 (/Users/josh/d/laputa-systems/xsh-typing-campaign-v2)
warning: unused imports: `ArenaStmtKind` and `StmtId`
 --> src/sema/check/local_inference.rs:2:97
  |
2 | use crate::syntax::arena::{ArenaBindingTargetKind, ArenaExprKind, ArenaExprOrRun, ArenaProgram, ArenaStmtKind, BindingTargetId, StmtId};
  |                                                                                                 ^^^^^^^^^^^^^                   ^^^^^^
  |
  = note: `#[warn(unused_imports)]` (part of `#[warn(unused)]`) on by default

warning: unused imports: `ProducerFlowNode` and `ProducerFlowOperationTransfer`
  --> src/sema/check.rs:75:126
   |
75 | ...wKind, ProducerFlowOperationAlternative, ProducerFlowOperationTransfer, ProducerFlowNode, ProducerFlowSource};
   |                                             ^^^^^^^^^^^^^^^^^^^^^^^^^^^^^  ^^^^^^^^^^^^^^^^

error[E0624]: method `graph_error_message` is private
   --> src/sema/check/stage_operation.rs:226:51
    |
226 |             self.graph_boundary_error(span, &self.graph_error_message(&error), code);
    |                                                   ^^^^^^^^^^^^^^^^^^^ private method
    |
   ::: src/sema/check/generic.rs:483:5
    |
483 |     fn graph_error_message(&self, error: &InferenceError) -> String {
    |     --------------------------------------------------------------- private method defined here

warning: unused variable: `arrow`
  --> src/sema/check/infer_effects.rs:95:61
   |
95 | ...   let crate::sema::inference::TypeNode::Arrow(arrow) = state.facts.graph.node(state.facts.graph.resolved(signature)?)? else {
   |                                                   ^^^^^ help: if this is intentional, prefix it with an underscore: `_arrow`
   |
   = note: `#[warn(unused_variables)]` (part of `#[warn(unused)]`) on by default

warning: variable does not need to be mutable
   --> src/sema/check/infer_effects.rs:130:21
    |
130 |                 let mut chain = vec![name.to_string()];
    |                     ----^^^^^
    |                     |
    |                     help: remove this `mut`
    |
    = note: `#[warn(unused_mut)]` (part of `#[warn(unused)]`) on by default

warning: unused variable: `name`
   --> src/sema/check/infer_effects.rs:138:84
    |
138 |     pub(super) fn record_effect_contract(&mut self, effects: &Option<Vec<Effect>>, name: &str) {
    |                                                                                    ^^^^ help: if this is intentional, prefix it with an underscore: `_name`

warning: unused variable: `span`
   --> src/sema/check/producer.rs:264:124
    |
264 | ..., call: ExpressionIdentity, span: crate::source::Span) -> Result<Vec<ProducerFlowId>, InferenceError> {
    |                                ^^^^ help: if this is intentional, prefix it with an underscore: `_span`

For more information about this error, try `rustc --explain E0624`.
warning: `xsh` (lib) generated 6 warnings
error: could not compile `xsh` (lib) due to 1 previous error; 6 warnings emitted
