   Compiling xsh v0.0.1 (/Users/josh/d/laputa-systems/xsh-typing-campaign-v2)
warning: unused import: `StmtId`
 --> src/sema/check/local_inference.rs:2:129
  |
2 | use crate::syntax::arena::{ArenaBindingTargetKind, ArenaExprKind, ArenaExprOrRun, ArenaProgram, ArenaStmtKind, BindingTargetId, StmtId};
  |                                                                                                                                 ^^^^^^
  |
  = note: `#[warn(unused_imports)]` (part of `#[warn(unused)]`) on by default

warning: unused import: `ProducerFlowNode`
  --> src/sema/check.rs:77:157
   |
77 | ...lowOperationAlternative, ProducerFlowOperationTransfer, ProducerFlowNode, ProducerFlowSource};
   |                                                            ^^^^^^^^^^^^^^^^

warning: unused variable: `arrow`
  --> src/sema/check/infer_effects.rs:95:61
   |
95 | ...   let crate::sema::inference::TypeNode::Arrow(arrow) = state.facts.graph.node(state.facts.graph.resolved(signature)?)? else {
   |                                                   ^^^^^ help: if this is intentional, prefix it with an underscore: `_arrow`
   |
   = note: `#[warn(unused_variables)]` (part of `#[warn(unused)]`) on by default

warning: variable does not need to be mutable
   --> src/sema/check/infer_effects.rs:134:21
    |
134 |                 let mut chain = vec![name.to_string()];
    |                     ----^^^^^
    |                     |
    |                     help: remove this `mut`
    |
    = note: `#[warn(unused_mut)]` (part of `#[warn(unused)]`) on by default

warning: unused variable: `name`
   --> src/sema/check/infer_effects.rs:142:84
    |
142 |     pub(super) fn record_effect_contract(&mut self, effects: &Option<Vec<Effect>>, name: &str) {
    |                                                                                    ^^^^ help: if this is intentional, prefix it with an underscore: `_name`

error[E0004]: non-exhaustive patterns: `inference::Eligibility::CommandTarget`, `inference::Eligibility::CommandArgv` and `inference::Eligibility::Error` not covered
   --> src/sema/check/generic.rs:521:46
    |
521 |                         let boundary = match predicate {
    |                                              ^^^^^^^^^ patterns `inference::Eligibility::CommandTarget`, `inference::Eligibility::CommandArgv` and `inference::Eligibility::Error` not covered
    |
note: `inference::Eligibility` defined here
   --> src/sema/inference.rs:191:10
    |
191 | ...um Eligibility { MapKey, JsonCompatible, NonUnit, Sortable, SortableKey, ArgvItem, CountKey, Record, YieldItem, CommandTarget, CommandArgv, Error }
    |       ^^^^^^^^^^^                                                                                                  -------------  -----------  ----- not covered
    |                                                                                                                    |              |
    |                                                                                                                    |              not covered
    |                                                                                                                    not covered
    = note: the matched value is of type `inference::Eligibility`
help: ensure that all possible cases are being handled by adding a match arm with a wildcard pattern, a match arm with multiple or-patterns as shown, or multiple match arms
    |
530 ~                             crate::sema::inference::Eligibility::Record => "a record value",
531 ~                             inference::Eligibility::CommandTarget | inference::Eligibility::CommandArgv | inference::Eligibility::Error => todo!(),
    |

warning: unused variable: `span`
   --> src/sema/check/producer.rs:265:124
    |
265 | ..., call: ExpressionIdentity, span: crate::source::Span) -> Result<Vec<ProducerFlowId>, InferenceError> {
    |                                ^^^^ help: if this is intentional, prefix it with an underscore: `_span`

For more information about this error, try `rustc --explain E0004`.
warning: `xsh` (lib) generated 6 warnings
error: could not compile `xsh` (lib) due to 1 previous error; 6 warnings emitted
