   Compiling xsh v0.0.1 (/Users/josh/d/laputa-systems/xsh-typing-campaign-v2)
warning: unused imports: `SolvedConstructorArgument` and `SolvedConstructorParameter`
  --> src/sema/check.rs:30:139
   |
30 | ...dConstructorApplication, SolvedConstructorArgument, SolvedConstructorDefault, SolvedConstructorParameter};
   |                             ^^^^^^^^^^^^^^^^^^^^^^^^^                            ^^^^^^^^^^^^^^^^^^^^^^^^^^
   |
   = note: `#[warn(unused_imports)]` (part of `#[warn(unused)]`) on by default

warning: unused import: `StmtId`
 --> src/sema/check/local_inference.rs:2:129
  |
2 | use crate::syntax::arena::{ArenaBindingTargetKind, ArenaExprKind, ArenaExprOrRun, ArenaProgram, ArenaStmtKind, BindingTargetId, StmtId};
  |                                                                                                                                 ^^^^^^

warning: unused import: `ModuleProjectionKind`
  --> src/sema/check.rs:84:29
   |
84 | pub use module_projection::{ModuleProjectionKind, SolvedModuleProjection};
   |                             ^^^^^^^^^^^^^^^^^^^^

warning: unused import: `ProducerFlowNode`
  --> src/sema/check.rs:90:157
   |
90 | ...lowOperationAlternative, ProducerFlowOperationTransfer, ProducerFlowNode, ProducerFlowSource};
   |                                                            ^^^^^^^^^^^^^^^^

warning: variable does not need to be mutable
   --> src/sema/check/infer_effects.rs:175:21
    |
175 |                 let mut chain = vec![name.to_string()];
    |                     ----^^^^^
    |                     |
    |                     help: remove this `mut`
    |
    = note: `#[warn(unused_mut)]` (part of `#[warn(unused)]`) on by default

warning: unused variable: `name`
   --> src/sema/check/infer_effects.rs:183:84
    |
183 |     pub(super) fn record_effect_contract(&mut self, effects: &Option<Vec<Effect>>, name: &str) {
    |                                                                                    ^^^^ help: if this is intentional, prefix it with an underscore: `_name`
    |
    = note: `#[warn(unused_variables)]` (part of `#[warn(unused)]`) on by default

warning: function `lowered_method_call_args` is never used
   --> src/runtime/eval/lower.rs:190:4
    |
190 | fn lowered_method_call_args(name: Name, args: &[ArenaCallArg]) -> Option<Vec<ExprId>> {
    |    ^^^^^^^^^^^^^^^^^^^^^^^^
    |
    = note: `#[warn(dead_code)]` (part of `#[warn(unused)]`) on by default

warning: methods `infer_loop_item_checked_type` and `lower_direct_iterable` are never used
    --> src/runtime/eval/lower.rs:4417:8
     |
2798 | impl CompactLowerConstructProbe<'_, '_> {
     | --------------------------------------- methods in this implementation
...
4417 |     fn infer_loop_item_checked_type(&self, iter: ExprId, slots: &SlotScope) -> Option<Type> {
     |        ^^^^^^^^^^^^^^^^^^^^^^^^^^^^
...
4424 |     fn lower_direct_iterable(&mut self, iter: ExprId, slots: &mut SlotScope, current_function: Option<Name>, item_slot: Option<usi...
     |        ^^^^^^^^^^^^^^^^^^^^^

warning: fields `source`, `candidate`, `authority`, and `item_type` are never read
  --> src/runtime/eval/lower/iteration.rs:14:9
   |
13 | pub(super) struct CheckedIterationProjection {
   |                   -------------------------- fields in this struct
14 |     pub source: ProducerFlowSource,
   |         ^^^^^^
15 |     pub iterator: ExpressionIdentity,
16 |     pub candidate: CandidateId,
   |         ^^^^^^^^^
17 |     pub authority: Name,
   |         ^^^^^^^^^
18 |     pub item_type: TypeId,
   |         ^^^^^^^^^

warning: struct `CheckedStorageView` is never constructed
 --> src/runtime/eval/lower/storage.rs:6:19
  |
6 | pub(super) struct CheckedStorageView {
  |                   ^^^^^^^^^^^^^^^^^^

warning: enum `StorageViewError` is never used
  --> src/runtime/eval/lower/storage.rs:14:17
   |
14 | pub(super) enum StorageViewError {
   |                 ^^^^^^^^^^^^^^^^

warning: function `checked_storage_view` is never used
  --> src/runtime/eval/lower/storage.rs:23:15
   |
23 | pub(super) fn checked_storage_view(
   |               ^^^^^^^^^^^^^^^^^^^^

warning: struct `StorageProjection` is never constructed
  --> src/runtime/eval/lower/storage.rs:39:8
   |
39 | struct StorageProjection<'a> {
   |        ^^^^^^^^^^^^^^^^^

warning: method `kind` is never used
  --> src/runtime/eval/lower/storage.rs:47:8
   |
46 | impl StorageProjection<'_> {
   | -------------------------- method in this implementation
47 |     fn kind(&mut self, input: TypeId, depth: usize) -> Result<LoweredType, StorageViewError> {
   |        ^^^^

warning: method `eval_indexed_external_call` is never used
    --> src/runtime/eval/lowered_run/indexed_run.rs:2287:8
     |
 348 | impl Evaluator {
     | -------------- method in this implementation
...
2287 |     fn eval_indexed_external_call(
     |        ^^^^^^^^^^^^^^^^^^^^^^^^^^

warning: variant `Contextual` is never constructed
 --> src/sema/check/registry_boundaries.rs:9:52
  |
9 | pub(crate) enum RegistryValidationMode { Explicit, Contextual }
  |                 ----------------------             ^^^^^^^^^^
  |                 |
  |                 variant in this enum
  |
  = note: `RegistryValidationMode` has derived impls for the traits `Debug` and `Clone`, but these are intentionally ignored during dead code analysis

warning: field `operation` is never read
  --> src/sema/check/registry_boundaries.rs:25:21
   |
25 |     CliDescriptor { operation: RuntimeOp, plan: Arc<crate::modules::cli::CliDescriptorPlan> },
   |     -------------   ^^^^^^^^^
   |     |
   |     field in this variant
   |
   = note: `RegistryBoundaryKind` has derived impls for the traits `Debug` and `Clone`, but these are intentionally ignored during dead code analysis

warning: field `algorithm` is never read
  --> src/sema/check/registry_boundaries.rs:26:21
   |
26 |     HashAlgorithm { algorithm: Name },
   |     -------------   ^^^^^^^^^
   |     |
   |     field in this variant
   |
   = note: `RegistryBoundaryKind` has derived impls for the traits `Debug` and `Clone`, but these are intentionally ignored during dead code analysis

warning: field `mode` is never read
  --> src/sema/check/registry_boundaries.rs:27:48
   |
27 |     SchemaValidation { schema: RegistrySchema, mode: RegistryValidationMode },
   |     ---------------- field in this variant     ^^^^
   |
   = note: `RegistryBoundaryKind` has derived impls for the traits `Debug` and `Clone`, but these are intentionally ignored during dead code analysis

warning: method `error` is never used
  --> src/sema/check/operation_catalog.rs:90:19
   |
43 | impl SolvedOperationCatalog {
   | --------------------------- method in this implementation
...
90 |     pub(crate) fn error(&self, graph: &InferenceContext, authority: Name) -> Result<&RegistryErrorVariant, InferenceError> {
   |                   ^^^^^

warning: function `evaluate_producer_flow` is never used
   --> src/sema/check/producer_eval.rs:207:15
    |
207 | pub(crate) fn evaluate_producer_flow(
    |               ^^^^^^^^^^^^^^^^^^^^^^

warning: function `evaluate_producer_flows` is never used
   --> src/sema/check/producer_eval.rs:228:15
    |
228 | pub(crate) fn evaluate_producer_flows(
    |               ^^^^^^^^^^^^^^^^^^^^^^^

warning: field `family` is never read
  --> src/sema/operation_graph.rs:12:65
   |
12 | pub(crate) struct LanguageAuthority { pub id: &'static str, pub family: &'static str, pub disposition: LanguageDisposition }
   |                   ----------------- field in this struct        ^^^^^^
   |
   = note: `LanguageAuthority` has derived impls for the traits `Debug` and `Clone`, but these are intentionally ignored during dead code analysis

warning: associated constants `MIN`, `MAX`, and `ALL` are never used
  --> src/sema/stage_graph.rs:18:43
   |
17 | impl ReductionModes {
   | ------------------- associated constants in this implementation
18 |     pub const SUM:Self=Self(1); pub const MIN:Self=Self(2); pub const MAX:Self=Self(4); pub const ALL:Self=Self(7);
   |                                           ^^^                         ^^^                         ^^^

warning: field `input_numeric` is never read
  --> src/sema/stage_graph.rs:54:9
   |
49 | pub(crate) struct StageCandidate {
   |                   -------------- field in this struct
...
54 |     pub input_numeric: Option<Atom>,
   |         ^^^^^^^^^^^^^
   |
   = note: `StageCandidate` has derived impls for the traits `Debug` and `Clone`, but these are intentionally ignored during dead code analysis

warning: field `intrinsic_pull` is never read
  --> src/sema/stage_graph.rs:74:9
   |
71 | pub(crate) struct StageEffectRelation {
   |                   ------------------- field in this struct
...
74 |     pub intrinsic_pull: EffectSet,
   |         ^^^^^^^^^^^^^^
   |
   = note: `StageEffectRelation` has derived impls for the traits `Debug` and `Clone`, but these are intentionally ignored during dead code analysis

warning: variants `MapKey`, `OptionalPayload`, `ResultError`, and `RecordField` are never constructed
  --> src/sema/registry_graph.rs:36:55
   |
36 | pub(crate) enum RegistryProducerComponent { ListItem, MapKey, MapValue, OptionalPayload, ResultSuccess, ResultError, RecordField(Nam...
   |                 -------------------------             ^^^^^^            ^^^^^^^^^^^^^^^                 ^^^^^^^^^^^  ^^^^^^^^^^^
   |                 |
   |                 variants in this enum
   |
   = note: `RegistryProducerComponent` has derived impls for the traits `Debug` and `Clone`, but these are intentionally ignored during dead code analysis

warning: fields `entry` and `command` are never read
  --> src/sema/registry_graph.rs:76:9
   |
71 | pub(crate) struct RegistryCandidate {
   |                   ----------------- fields in this struct
...
76 |     pub entry: &'static str,
   |         ^^^^^
...
80 |     pub command: bool,
   |         ^^^^^^^
   |
   = note: `RegistryCandidate` has derived impls for the traits `Debug` and `Clone`, but these are intentionally ignored during dead code analysis

warning: enum `RegistryProducerPath` is never used
   --> src/sema/registry_graph.rs:128:17
    |
128 | pub(crate) enum RegistryProducerPath { ResultSuccess }
    |                 ^^^^^^^^^^^^^^^^^^^^

warning: struct `RegistryProducerAlternative` is never constructed
   --> src/sema/registry_graph.rs:131:19
    |
131 | pub(crate) struct RegistryProducerAlternative {
    |                   ^^^^^^^^^^^^^^^^^^^^^^^^^^^

warning: struct `RegistryProducerRelation` is never constructed
   --> src/sema/registry_graph.rs:137:19
    |
137 | pub(crate) struct RegistryProducerRelation {
    |                   ^^^^^^^^^^^^^^^^^^^^^^^^

warning: fields `family` and `variant` are never read
   --> src/sema/registry_graph.rs:155:9
    |
153 | pub(crate) struct RegistryErrorVariant {
    |                   -------------------- fields in this struct
154 |     pub authority_id:Name,
155 |     pub family:Name,
    |         ^^^^^^
156 |     pub variant:Name,
    |         ^^^^^^^
    |
    = note: `RegistryErrorVariant` has derived impls for the traits `Debug` and `Clone`, but these are intentionally ignored during dead code analysis

warning: method `producer_result_relation` is never used
   --> src/sema/registry_graph.rs:319:19
    |
173 | impl RegistryGraph {
    | ------------------ method in this implementation
...
319 |     pub(crate) fn producer_result_relation(&self,graph:&InferenceContext,family:OperationFamilyId)->Result<Option<RegistryProducerR...
    |                   ^^^^^^^^^^^^^^^^^^^^^^^^

   Compiling xsht v0.0.1 (/Users/josh/d/laputa-systems/xsh-typing-campaign-v2/crates/xsht)
warning: `xsh` (lib) generated 33 warnings (run `cargo fix --lib -p xsh` to apply 6 suggestions)
warning: field `command` is never read
  --> src/sema/registry_graph.rs:80:9
   |
71 | pub(crate) struct RegistryCandidate {
   |                   ----------------- field in this struct
...
80 |     pub command: bool,
   |         ^^^^^^^
   |
   = note: `RegistryCandidate` has derived impls for the traits `Debug` and `Clone`, but these are intentionally ignored during dead code analysis

warning: `xsh` (lib test) generated 15 warnings (14 duplicates)
    Finished `test` profile [unoptimized] target(s) in 23.36s
     Running unittests src/lib.rs (target/debug/build/xsh/3b1ba41aea3ea9fa/out/xsh-3b1ba41aea3ea9fa)

running 7 tests
test runtime::eval::lower::iteration::tests::checked_iteration_domains_and_failure_transport_survive_arena_disposal ... ok
test runtime::eval::lower::iteration::tests::checked_iteration_executes_all_carriers_and_nested_targets_after_arena_disposal ... ok
test runtime::eval::lower::iteration::tests::checked_stream_iteration_keeps_pull_and_cleanup_lazy_after_arena_disposal ... ok
test runtime::eval::lower::iteration::tests::comprehension_iteration_keeps_generator_ordinals_across_filters ... ok
test runtime::eval::lower::iteration::tests::original_comprehension_operations_cannot_be_reconstructed_from_expression_types ... ok
test runtime::eval::lower::iteration::tests::original_for_operation_cannot_be_reconstructed_from_expression_types ... ok
test runtime::eval::lower::iteration::tests::original_yield_delegation_operation_cannot_be_reconstructed_from_expression_types ... ok

test result: ok. 7 passed; 0 failed; 0 ignored; 0 measured; 1019 filtered out; finished in 0.08s

