warning: unused imports: `SolvedConstructorArgument` and `SolvedConstructorParameter`
  --> src/sema/check.rs:30:139
   |
30 | ...dConstructorApplication, SolvedConstructorArgument, SolvedConstructorDefault, SolvedConstructorParameter};
   |                             ^^^^^^^^^^^^^^^^^^^^^^^^^                            ^^^^^^^^^^^^^^^^^^^^^^^^^^
   |
   = note: `#[warn(unused_imports)]` (part of `#[warn(unused)]`) on by default

warning: unused import: `StmtId`
 --> src/sema/check/local_inference.rs:2:129
  |
2 | use crate::syntax::arena::{ArenaBindingTargetKind, ArenaExprKind, ArenaExprOrRun, ArenaProgram, ArenaStmtKind, BindingTargetId, StmtId};
  |                                                                                                                                 ^^^^^^

warning: unused import: `ModuleProjectionKind`
  --> src/sema/check.rs:86:29
   |
86 | pub use module_projection::{ModuleProjectionKind, SolvedModuleProjection};
   |                             ^^^^^^^^^^^^^^^^^^^^

warning: unused import: `ProducerFlowNode`
  --> src/sema/check.rs:92:157
   |
92 | ...lowOperationAlternative, ProducerFlowOperationTransfer, ProducerFlowNode, ProducerFlowSource};
   |                                                            ^^^^^^^^^^^^^^^^

warning: unused imports: `NominalMemberKind` and `SolvedNominalMember`
  --> src/sema/check.rs:96:18
   |
96 | pub use solved::{NominalMemberKind, SolvedNominalMember};
   |                  ^^^^^^^^^^^^^^^^^  ^^^^^^^^^^^^^^^^^^^

warning: variable does not need to be mutable
   --> src/sema/check/infer_effects.rs:175:21
    |
175 |                 let mut chain = vec![name.to_string()];
    |                     ----^^^^^
    |                     |
    |                     help: remove this `mut`
    |
    = note: `#[warn(unused_mut)]` (part of `#[warn(unused)]`) on by default

warning: unused variable: `name`
   --> src/sema/check/infer_effects.rs:183:84
    |
183 |     pub(super) fn record_effect_contract(&mut self, effects: &Option<Vec<Effect>>, name: &str) {
    |                                                                                    ^^^^ help: if this is intentional, prefix it with an underscore: `_name`
    |
    = note: `#[warn(unused_variables)]` (part of `#[warn(unused)]`) on by default

warning: fields `call`, `ordinal`, `recipe`, `initializer`, and `slot` are never read
   --> src/runtime/eval.rs:544:5
    |
543 | struct BuildArgumentBindingOrigin {
    |        -------------------------- fields in this struct
544 |     call: crate::sema::check::ExpressionIdentity,
    |     ^^^^
545 |     ordinal: usize,
    |     ^^^^^^^
546 |     recipe: crate::sema::check::SolvedArgumentSource,
    |     ^^^^^^
547 |     initializer: BuildExprId,
    |     ^^^^^^^^^^^
548 |     slot: usize,
    |     ^^^^
    |
    = note: `BuildArgumentBindingOrigin` has derived impls for the traits `Debug` and `Clone`, but these are intentionally ignored during dead code analysis
    = note: `#[warn(dead_code)]` (part of `#[warn(unused)]`) on by default

warning: function `lowered_method_call_args` is never used
   --> src/runtime/eval/lower.rs:194:4
    |
194 | fn lowered_method_call_args(name: Name, args: &[ArenaCallArg]) -> Option<Vec<ExprId>> {
    |    ^^^^^^^^^^^^^^^^^^^^^^^^

warning: function `lowered_arena_result_ok_type` is never used
    --> src/runtime/eval/lower.rs:1550:4
     |
1550 | fn lowered_arena_result_ok_type(
     |    ^^^^^^^^^^^^^^^^^^^^^^^^^^^^

warning: methods `top_level_run_binding_checked_type` and `infer_lowered_run_result_ok_type` are never used
    --> src/runtime/eval/lower.rs:5024:8
     |
2845 | impl CompactLowerConstructProbe<'_, '_> {
     | --------------------------------------- methods in this implementation
...
5024 |     fn top_level_run_binding_checked_type(
     |        ^^^^^^^^^^^^^^^^^^^^^^^^^^^^^^^^^^
...
5050 |     fn infer_lowered_run_result_ok_type(
     |        ^^^^^^^^^^^^^^^^^^^^^^^^^^^^^^^^

warning: function `record_binding_types` is never used
     --> src/runtime/eval/lower.rs:12840:4
      |
12840 | fn record_binding_types(program: &ArenaProgram, target: BindingTargetId, ty: Option<&Type>) -> Vec<(Name, Option<Type>)> {
      |    ^^^^^^^^^^^^^^^^^^^^

warning: fields `source`, `candidate`, `authority`, and `item_type` are never read
  --> src/runtime/eval/lower/iteration.rs:14:9
   |
13 | pub(super) struct CheckedIterationProjection {
   |                   -------------------------- fields in this struct
14 |     pub source: ProducerFlowSource,
   |         ^^^^^^
15 |     pub iterator: ExpressionIdentity,
16 |     pub candidate: CandidateId,
   |         ^^^^^^^^^
17 |     pub authority: Name,
   |         ^^^^^^^^^
18 |     pub item_type: TypeId,
   |         ^^^^^^^^^

warning: method `lookup_lowered_capture` is never used
    --> src/runtime/eval/lowered_run.rs:9930:8
     |
3509 | impl Evaluator {
     | -------------- method in this implementation
...
9930 |     fn lookup_lowered_capture(&self, name: Name, kind: LoweredType) -> Option<LoweredValue> {
     |        ^^^^^^^^^^^^^^^^^^^^^^

warning: method `eval_indexed_external_call` is never used
    --> src/runtime/eval/lowered_run/indexed_run.rs:2322:8
     |
 349 | impl Evaluator {
     | -------------- method in this implementation
...
2322 |     fn eval_indexed_external_call(
     |        ^^^^^^^^^^^^^^^^^^^^^^^^^^

warning: method `publish_nominal_member` is never used
  --> src/sema/check/solved/nominal_member_plan.rs:64:35
   |
63 | impl SolvedTypes<InferenceContext> {
   | ---------------------------------- method in this implementation
64 |     pub(in crate::sema::check) fn publish_nominal_member(&mut self, identity: QualifiedNominalIdentity, member: SolvedNominalMember)...
   |                                   ^^^^^^^^^^^^^^^^^^^^^^

warning: variant `Contextual` is never constructed
 --> src/sema/check/registry_boundaries.rs:9:52
  |
9 | pub(crate) enum RegistryValidationMode { Explicit, Contextual }
  |                 ----------------------             ^^^^^^^^^^
  |                 |
  |                 variant in this enum
  |
  = note: `RegistryValidationMode` has derived impls for the traits `Debug` and `Clone`, but these are intentionally ignored during dead code analysis

warning: field `operation` is never read
  --> src/sema/check/registry_boundaries.rs:25:21
   |
25 |     CliDescriptor { operation: RuntimeOp, plan: Arc<crate::modules::cli::CliDescriptorPlan> },
   |     -------------   ^^^^^^^^^
   |     |
   |     field in this variant
   |
   = note: `RegistryBoundaryKind` has derived impls for the traits `Debug` and `Clone`, but these are intentionally ignored during dead code analysis

warning: field `algorithm` is never read
  --> src/sema/check/registry_boundaries.rs:26:21
   |
26 |     HashAlgorithm { algorithm: Name },
   |     -------------   ^^^^^^^^^
   |     |
   |     field in this variant
   |
   = note: `RegistryBoundaryKind` has derived impls for the traits `Debug` and `Clone`, but these are intentionally ignored during dead code analysis

warning: field `mode` is never read
  --> src/sema/check/registry_boundaries.rs:27:48
   |
27 |     SchemaValidation { schema: RegistrySchema, mode: RegistryValidationMode },
   |     ---------------- field in this variant     ^^^^
   |
   = note: `RegistryBoundaryKind` has derived impls for the traits `Debug` and `Clone`, but these are intentionally ignored during dead code analysis

warning: method `error` is never used
  --> src/sema/check/operation_catalog.rs:90:19
   |
43 | impl SolvedOperationCatalog {
   | --------------------------- method in this implementation
...
90 |     pub(crate) fn error(&self, graph: &InferenceContext, authority: Name) -> Result<&RegistryErrorVariant, InferenceError> {
   |                   ^^^^^

warning: function `evaluate_producer_flow` is never used
   --> src/sema/check/producer_eval.rs:207:15
    |
207 | pub(crate) fn evaluate_producer_flow(
    |               ^^^^^^^^^^^^^^^^^^^^^^

warning: function `evaluate_producer_flows` is never used
   --> src/sema/check/producer_eval.rs:228:15
    |
228 | pub(crate) fn evaluate_producer_flows(
    |               ^^^^^^^^^^^^^^^^^^^^^^^

warning: field `family` is never read
  --> src/sema/operation_graph.rs:12:65
   |
12 | pub(crate) struct LanguageAuthority { pub id: &'static str, pub family: &'static str, pub disposition: LanguageDisposition }
   |                   ----------------- field in this struct        ^^^^^^
   |
   = note: `LanguageAuthority` has derived impls for the traits `Debug` and `Clone`, but these are intentionally ignored during dead code analysis

warning: associated constants `MIN`, `MAX`, and `ALL` are never used
  --> src/sema/stage_graph.rs:18:43
   |
17 | impl ReductionModes {
   | ------------------- associated constants in this implementation
18 |     pub const SUM:Self=Self(1); pub const MIN:Self=Self(2); pub const MAX:Self=Self(4); pub const ALL:Self=Self(7);
   |                                           ^^^                         ^^^                         ^^^

warning: field `input_numeric` is never read
  --> src/sema/stage_graph.rs:54:9
   |
49 | pub(crate) struct StageCandidate {
   |                   -------------- field in this struct
...
54 |     pub input_numeric: Option<Atom>,
   |         ^^^^^^^^^^^^^
   |
   = note: `StageCandidate` has derived impls for the traits `Debug` and `Clone`, but these are intentionally ignored during dead code analysis

warning: field `intrinsic_pull` is never read
  --> src/sema/stage_graph.rs:74:9
   |
71 | pub(crate) struct StageEffectRelation {
   |                   ------------------- field in this struct
...
74 |     pub intrinsic_pull: EffectSet,
   |         ^^^^^^^^^^^^^^
   |
   = note: `StageEffectRelation` has derived impls for the traits `Debug` and `Clone`, but these are intentionally ignored during dead code analysis

warning: variants `MapKey`, `OptionalPayload`, `ResultError`, and `RecordField` are never constructed
  --> src/sema/registry_graph.rs:36:55
   |
36 | pub(crate) enum RegistryProducerComponent { ListItem, MapKey, MapValue, OptionalPayload, ResultSuccess, ResultError, RecordField(Nam...
   |                 -------------------------             ^^^^^^            ^^^^^^^^^^^^^^^                 ^^^^^^^^^^^  ^^^^^^^^^^^
   |                 |
   |                 variants in this enum
   |
   = note: `RegistryProducerComponent` has derived impls for the traits `Debug` and `Clone`, but these are intentionally ignored during dead code analysis

warning: fields `entry` and `command` are never read
  --> src/sema/registry_graph.rs:76:9
   |
71 | pub(crate) struct RegistryCandidate {
   |                   ----------------- fields in this struct
...
76 |     pub entry: &'static str,
   |         ^^^^^
...
80 |     pub command: bool,
   |         ^^^^^^^
   |
   = note: `RegistryCandidate` has derived impls for the traits `Debug` and `Clone`, but these are intentionally ignored during dead code analysis

warning: enum `RegistryProducerPath` is never used
   --> src/sema/registry_graph.rs:128:17
    |
128 | pub(crate) enum RegistryProducerPath { ResultSuccess }
    |                 ^^^^^^^^^^^^^^^^^^^^

warning: struct `RegistryProducerAlternative` is never constructed
   --> src/sema/registry_graph.rs:131:19
    |
131 | pub(crate) struct RegistryProducerAlternative {
    |                   ^^^^^^^^^^^^^^^^^^^^^^^^^^^

warning: struct `RegistryProducerRelation` is never constructed
   --> src/sema/registry_graph.rs:137:19
    |
137 | pub(crate) struct RegistryProducerRelation {
    |                   ^^^^^^^^^^^^^^^^^^^^^^^^

warning: fields `family` and `variant` are never read
   --> src/sema/registry_graph.rs:155:9
    |
153 | pub(crate) struct RegistryErrorVariant {
    |                   -------------------- fields in this struct
154 |     pub authority_id:Name,
155 |     pub family:Name,
    |         ^^^^^^
156 |     pub variant:Name,
    |         ^^^^^^^
    |
    = note: `RegistryErrorVariant` has derived impls for the traits `Debug` and `Clone`, but these are intentionally ignored during dead code analysis

warning: method `producer_result_relation` is never used
   --> src/sema/registry_graph.rs:319:19
    |
173 | impl RegistryGraph {
    | ------------------ method in this implementation
...
319 |     pub(crate) fn producer_result_relation(&self,graph:&InferenceContext,family:OperationFamilyId)->Result<Option<RegistryProducerR...
    |                   ^^^^^^^^^^^^^^^^^^^^^^^^

warning: the `slots:` in this pattern is redundant
  --> src/runtime/eval/lowered_run/indexed_run/callable_run.rs:52:32
   |
52 |         let IndexedCallSlots { slots: mut slots, pending_defaults } = bound;
   |                                ^^^^^^^^^^^^^^^^ help: use shorthand field pattern: `mut slots`
   |
   = note: `#[warn(non_shorthand_field_patterns)]` on by default

warning: `xsh` (lib) generated 35 warnings (run `cargo fix --lib -p xsh` to apply 8 suggestions)
warning: unused import: `SolvedNominalMember`
  --> src/sema/check.rs:96:37
   |
96 | pub use solved::{NominalMemberKind, SolvedNominalMember};
   |                                     ^^^^^^^^^^^^^^^^^^^

warning: function `lowered_method_call_args` is never used
   --> src/runtime/eval/lower.rs:194:4
    |
194 | fn lowered_method_call_args(name: Name, args: &[ArenaCallArg]) -> Option<Vec<ExprId>> {
    |    ^^^^^^^^^^^^^^^^^^^^^^^^
    |
    = note: `#[warn(dead_code)]` (part of `#[warn(unused)]`) on by default

warning: field `command` is never read
  --> src/sema/registry_graph.rs:80:9
   |
71 | pub(crate) struct RegistryCandidate {
   |                   ----------------- field in this struct
...
80 |     pub command: bool,
   |         ^^^^^^^
   |
   = note: `RegistryCandidate` has derived impls for the traits `Debug` and `Clone`, but these are intentionally ignored during dead code analysis

warning: `xsh` (lib test) generated 21 warnings (18 duplicates) (run `cargo fix --lib -p xsh --tests` to apply 1 suggestion)
    Finished `test` profile [unoptimized] target(s) in 0.14s
     Running unittests src/lib.rs (target/debug/build/xsh/3b1ba41aea3ea9fa/out/xsh-3b1ba41aea3ea9fa)

running 5 tests
test runtime::eval::indexed::full::native_prepare::tests::canonical_native_calls_preserve_closed_operands_inside_the_original_generic_scope ... ok
test runtime::eval::indexed::full::native_prepare::tests::canonical_native_module_result_carrier_requires_prepared_source_proof_after_frontend_drop ... ok
test runtime::eval::indexed::full::native_prepare::tests::canonical_native_call_lifetimes_keep_original_sources_caches_and_retained_payload_owned ... ok
test runtime::eval::indexed::full::native_prepare::tests::canonical_native_calls_reject_opcode_argument_default_result_and_effect_rewrites ... ok
test runtime::eval::indexed::full::native_prepare::tests::canonical_native_calls_reject_missing_foreign_misplaced_and_rewritten_sources ... ok

test result: ok. 5 passed; 0 failed; 0 ignored; 0 measured; 1084 filtered out; finished in 0.01s

