    Blocking waiting for file lock on build directory
warning: unused imports: `ValueBindingId` and `ValueBindingSourceId`
  --> src/runtime/eval/indexed/generic.rs:14:51
   |
14 | pub(in crate::runtime::eval) use value_bindings::{ValueBindingSourceId, ValueBindingId, ValueBindingContract, ValueBindingSource, Pr...
   |                                                   ^^^^^^^^^^^^^^^^^^^^  ^^^^^^^^^^^^^^
   |
   = note: `#[warn(unused_imports)]` (part of `#[warn(unused)]`) on by default

warning: unused import: `ScopedOperationSourceId`
  --> src/runtime/eval/indexed/generic.rs:15:182
   |
15 | ...gation, ScopedOperationWitness, ScopedOperationCode, ScopedOperationSourceId, ScopedOperationWitnessId};
   |                                                         ^^^^^^^^^^^^^^^^^^^^^^^

warning: unused imports: `SolvedConstructorArgument` and `SolvedConstructorParameter`
  --> src/sema/check.rs:30:139
   |
30 | ...dConstructorApplication, SolvedConstructorArgument, SolvedConstructorDefault, SolvedConstructorParameter};
   |                             ^^^^^^^^^^^^^^^^^^^^^^^^^                            ^^^^^^^^^^^^^^^^^^^^^^^^^^

warning: unused import: `StmtId`
 --> src/sema/check/local_inference.rs:2:129
  |
2 | use crate::syntax::arena::{ArenaBindingTargetKind, ArenaExprKind, ArenaExprOrRun, ArenaProgram, ArenaStmtKind, BindingTargetId, StmtId};
  |                                                                                                                                 ^^^^^^

warning: unused import: `ModuleProjectionKind`
  --> src/sema/check.rs:86:29
   |
86 | pub use module_projection::{ModuleProjectionKind, SolvedModuleProjection};
   |                             ^^^^^^^^^^^^^^^^^^^^

warning: unused import: `ProducerFlowNode`
  --> src/sema/check.rs:92:157
   |
92 | ...lowOperationAlternative, ProducerFlowOperationTransfer, ProducerFlowNode, ProducerFlowSource};
   |                                                            ^^^^^^^^^^^^^^^^

warning: unused variable: `expression`
   --> src/runtime/eval/indexed/full/callable_prepare.rs:171:77
    |
171 | ...lueSource::Expression(expression) = recipe.value else { return Err(problem("invocation_recipe_protocol_not_prepared")); };
    |                          ^^^^^^^^^^ help: if this is intentional, prefix it with an underscore: `_expression`
    |
    = note: `#[warn(unused_variables)]` (part of `#[warn(unused)]`) on by default

warning: unreachable pattern
   --> src/runtime/eval/indexed/full/pattern_prepare.rs:194:13
    |
194 |             _ => return Err(pattern_problem()),
    |             ^ no value can reach this
    |
note: multiple earlier patterns match some of the same values
   --> src/runtime/eval/indexed/full/pattern_prepare.rs:194:13
    |
173 |             SolvedPatternDecision::Structural => PreparedPatternDecision::Structural,
    |             --------------------------------- matches some of the same values
174 |             SolvedPatternDecision::Alternation => PreparedPatternDecision::Alternation,
    |             ---------------------------------- matches some of the same values
175 |             SolvedPatternDecision::Binding => PreparedPatternDecision::Binding,
    |             ------------------------------ matches some of the same values
176 |             SolvedPatternDecision::Type => PreparedPatternDecision::Type,
    |             --------------------------- matches some of the same values
...
194 |             _ => return Err(pattern_problem()),
    |             ^ ...and 5 other patterns collectively make this unreachable
    = note: `#[warn(unreachable_patterns)]` (part of `#[warn(unused)]`) on by default

warning: unused variable: `error`
    --> src/runtime/eval/indexed/full.rs:1904:23
     |
1904 |             .map_err(|error| {
     |                       ^^^^^ help: if this is intentional, prefix it with an underscore: `_error`

warning: unused variable: `error`
    --> src/runtime/eval/indexed/full.rs:1884:27
     |
1884 |                 .map_err(|error| {
     |                           ^^^^^ help: if this is intentional, prefix it with an underscore: `_error`

warning: unused variable: `expression`
   --> src/runtime/eval/indexed/generic.rs:983:77
    |
983 | ...lueSource::Expression(expression) = argument.original.value else { return Err(failure("native call source recipe is not prepared...
    |                          ^^^^^^^^^^ help: if this is intentional, prefix it with an underscore: `_expression`

warning: unused variable: `expression`
    --> src/runtime/eval/indexed/generic.rs:1078:77
     |
1078 | ...ueSource::Expression(expression) = argument.original.value else { return Err(failure("invocation source recipe is not prepared"...
     |                         ^^^^^^^^^^ help: if this is intentional, prefix it with an underscore: `_expression`

warning: variable does not need to be mutable
   --> src/sema/check/infer_effects.rs:175:21
    |
175 |                 let mut chain = vec![name.to_string()];
    |                     ----^^^^^
    |                     |
    |                     help: remove this `mut`
    |
    = note: `#[warn(unused_mut)]` (part of `#[warn(unused)]`) on by default

warning: unused variable: `name`
   --> src/sema/check/infer_effects.rs:183:84
    |
183 |     pub(super) fn record_effect_contract(&mut self, effects: &Option<Vec<Effect>>, name: &str) {
    |                                                                                    ^^^^ help: if this is intentional, prefix it with an underscore: `_name`

warning: fields `callable_receiver_origins` and `callable_receiver_initializers` are never read
   --> src/runtime/eval.rs:560:5
    |
541 | struct BuildScratch {
    |        ------------ fields in this struct
...
560 |     callable_receiver_origins: FxHashMap<BuildExprId, BuildCallableReceiverOrigin>,
    |     ^^^^^^^^^^^^^^^^^^^^^^^^^
561 |     callable_receiver_initializers: FxHashMap<(BuildExprId, usize), BuildExprId>,
    |     ^^^^^^^^^^^^^^^^^^^^^^^^^^^^^^
    |
    = note: `BuildScratch` has derived impls for the traits `Debug` and `Clone`, but these are intentionally ignored during dead code analysis
    = note: `#[warn(dead_code)]` (part of `#[warn(unused)]`) on by default

warning: fields `origin`, `binding`, `initializer`, `slot`, and `wrapper` are never read
   --> src/runtime/eval.rs:627:5
    |
626 | struct BuildCallableReceiverOrigin {
    |        --------------------------- fields in this struct
627 |     origin: crate::sema::check::ExpressionIdentity,
    |     ^^^^^^
628 |     binding: crate::sema::check::BindingIdentity,
    |     ^^^^^^^
629 |     initializer: BuildExprId,
    |     ^^^^^^^^^^^
630 |     slot: usize,
    |     ^^^^
631 |     wrapper: Option<(BuildExprId, BuildPatternId)>,
    |     ^^^^^^^
    |
    = note: `BuildCallableReceiverOrigin` has derived impls for the traits `Debug` and `Clone`, but these are intentionally ignored during dead code analysis

warning: function `lowered_method_call_args` is never used
   --> src/runtime/eval/lower.rs:206:4
    |
206 | fn lowered_method_call_args(name: Name, args: &[ArenaCallArg]) -> Option<Vec<ExprId>> {
    |    ^^^^^^^^^^^^^^^^^^^^^^^^

warning: function `lowered_arena_result_ok_type` is never used
    --> src/runtime/eval/lower.rs:1579:4
     |
1579 | fn lowered_arena_result_ok_type(
     |    ^^^^^^^^^^^^^^^^^^^^^^^^^^^^

warning: methods `top_level_run_binding_checked_type` and `infer_lowered_run_result_ok_type` are never used
    --> src/runtime/eval/lower.rs:5053:8
     |
2874 | impl CompactLowerConstructProbe<'_, '_> {
     | --------------------------------------- methods in this implementation
...
5053 |     fn top_level_run_binding_checked_type(
     |        ^^^^^^^^^^^^^^^^^^^^^^^^^^^^^^^^^^
...
5079 |     fn infer_lowered_run_result_ok_type(
     |        ^^^^^^^^^^^^^^^^^^^^^^^^^^^^^^^^

warning: function `record_binding_types` is never used
     --> src/runtime/eval/lower.rs:12986:4
      |
12986 | fn record_binding_types(program: &ArenaProgram, target: BindingTargetId, ty: Option<&Type>) -> Vec<(Name, Option<Type>)> {
      |    ^^^^^^^^^^^^^^^^^^^^

warning: field `authority` is never read
  --> src/runtime/eval/lower/iteration.rs:17:9
   |
13 | pub(super) struct CheckedIterationProjection {
   |                   -------------------------- field in this struct
...
17 |     pub authority: Name,
   |         ^^^^^^^^^

warning: method `lookup_lowered_capture` is never used
    --> src/runtime/eval/lowered_run.rs:9930:8
     |
3509 | impl Evaluator {
     | -------------- method in this implementation
...
9930 |     fn lookup_lowered_capture(&self, name: Name, kind: LoweredType) -> Option<LoweredValue> {
     |        ^^^^^^^^^^^^^^^^^^^^^^

warning: method `eval_indexed_external_call` is never used
    --> src/runtime/eval/lowered_run/indexed_run.rs:2323:8
     |
 350 | impl Evaluator {
     | -------------- method in this implementation
...
2323 |     fn eval_indexed_external_call(
     |        ^^^^^^^^^^^^^^^^^^^^^^^^^^

warning: method `checked_indexed_callable` is never used
  --> src/runtime/eval/lowered_run/indexed_run/callable_run.rs:25:19
   |
 5 | impl Evaluator {
   | -------------- method in this implementation
...
25 |     pub(super) fn checked_indexed_callable(&self, execution: &FullExecution<'_>, plan: InvocationPlanId, callee: &LoweredValue, span...
   |                   ^^^^^^^^^^^^^^^^^^^^^^^^

warning: variant `Contextual` is never constructed
 --> src/sema/check/registry_boundaries.rs:9:52
  |
9 | pub(crate) enum RegistryValidationMode { Explicit, Contextual }
  |                 ----------------------             ^^^^^^^^^^
  |                 |
  |                 variant in this enum
  |
  = note: `RegistryValidationMode` has derived impls for the traits `Debug` and `Clone`, but these are intentionally ignored during dead code analysis

warning: field `operation` is never read
  --> src/sema/check/registry_boundaries.rs:25:21
   |
25 |     CliDescriptor { operation: RuntimeOp, plan: Arc<crate::modules::cli::CliDescriptorPlan> },
   |     -------------   ^^^^^^^^^
   |     |
   |     field in this variant
   |
   = note: `RegistryBoundaryKind` has derived impls for the traits `Debug` and `Clone`, but these are intentionally ignored during dead code analysis

warning: field `algorithm` is never read
  --> src/sema/check/registry_boundaries.rs:26:21
   |
26 |     HashAlgorithm { algorithm: Name },
   |     -------------   ^^^^^^^^^
   |     |
   |     field in this variant
   |
   = note: `RegistryBoundaryKind` has derived impls for the traits `Debug` and `Clone`, but these are intentionally ignored during dead code analysis

warning: field `mode` is never read
  --> src/sema/check/registry_boundaries.rs:27:48
   |
27 |     SchemaValidation { schema: RegistrySchema, mode: RegistryValidationMode },
   |     ---------------- field in this variant     ^^^^
   |
   = note: `RegistryBoundaryKind` has derived impls for the traits `Debug` and `Clone`, but these are intentionally ignored during dead code analysis

warning: method `error` is never used
  --> src/sema/check/operation_catalog.rs:90:19
   |
43 | impl SolvedOperationCatalog {
   | --------------------------- method in this implementation
...
90 |     pub(crate) fn error(&self, graph: &InferenceContext, authority: Name) -> Result<&RegistryErrorVariant, InferenceError> {
   |                   ^^^^^

warning: function `evaluate_producer_flow` is never used
   --> src/sema/check/producer_eval.rs:207:15
    |
207 | pub(crate) fn evaluate_producer_flow(
    |               ^^^^^^^^^^^^^^^^^^^^^^

warning: function `evaluate_producer_flows` is never used
   --> src/sema/check/producer_eval.rs:228:15
    |
228 | pub(crate) fn evaluate_producer_flows(
    |               ^^^^^^^^^^^^^^^^^^^^^^^

warning: field `family` is never read
  --> src/sema/operation_graph.rs:12:65
   |
12 | pub(crate) struct LanguageAuthority { pub id: &'static str, pub family: &'static str, pub disposition: LanguageDisposition }
   |                   ----------------- field in this struct        ^^^^^^
   |
   = note: `LanguageAuthority` has derived impls for the traits `Debug` and `Clone`, but these are intentionally ignored during dead code analysis

warning: associated constants `MIN`, `MAX`, and `ALL` are never used
  --> src/sema/stage_graph.rs:18:43
   |
17 | impl ReductionModes {
   | ------------------- associated constants in this implementation
18 |     pub const SUM:Self=Self(1); pub const MIN:Self=Self(2); pub const MAX:Self=Self(4); pub const ALL:Self=Self(7);
   |                                           ^^^                         ^^^                         ^^^

warning: field `input_numeric` is never read
  --> src/sema/stage_graph.rs:54:9
   |
49 | pub(crate) struct StageCandidate {
   |                   -------------- field in this struct
...
54 |     pub input_numeric: Option<Atom>,
   |         ^^^^^^^^^^^^^
   |
   = note: `StageCandidate` has derived impls for the traits `Debug` and `Clone`, but these are intentionally ignored during dead code analysis

warning: field `intrinsic_pull` is never read
  --> src/sema/stage_graph.rs:74:9
   |
71 | pub(crate) struct StageEffectRelation {
   |                   ------------------- field in this struct
...
74 |     pub intrinsic_pull: EffectSet,
   |         ^^^^^^^^^^^^^^
   |
   = note: `StageEffectRelation` has derived impls for the traits `Debug` and `Clone`, but these are intentionally ignored during dead code analysis

warning: variants `MapKey`, `OptionalPayload`, `ResultError`, and `RecordField` are never constructed
  --> src/sema/registry_graph.rs:36:55
   |
36 | pub(crate) enum RegistryProducerComponent { ListItem, MapKey, MapValue, OptionalPayload, ResultSuccess, ResultError, RecordField(Nam...
   |                 -------------------------             ^^^^^^            ^^^^^^^^^^^^^^^                 ^^^^^^^^^^^  ^^^^^^^^^^^
   |                 |
   |                 variants in this enum
   |
   = note: `RegistryProducerComponent` has derived impls for the traits `Debug` and `Clone`, but these are intentionally ignored during dead code analysis

warning: field `command` is never read
  --> src/sema/registry_graph.rs:80:9
   |
71 | pub(crate) struct RegistryCandidate {
   |                   ----------------- field in this struct
...
80 |     pub command: bool,
   |         ^^^^^^^
   |
   = note: `RegistryCandidate` has derived impls for the traits `Debug` and `Clone`, but these are intentionally ignored during dead code analysis

warning: enum `RegistryProducerPath` is never used
   --> src/sema/registry_graph.rs:128:17
    |
128 | pub(crate) enum RegistryProducerPath { ResultSuccess }
    |                 ^^^^^^^^^^^^^^^^^^^^

warning: struct `RegistryProducerAlternative` is never constructed
   --> src/sema/registry_graph.rs:131:19
    |
131 | pub(crate) struct RegistryProducerAlternative {
    |                   ^^^^^^^^^^^^^^^^^^^^^^^^^^^

warning: struct `RegistryProducerRelation` is never constructed
   --> src/sema/registry_graph.rs:137:19
    |
137 | pub(crate) struct RegistryProducerRelation {
    |                   ^^^^^^^^^^^^^^^^^^^^^^^^

warning: fields `family` and `variant` are never read
   --> src/sema/registry_graph.rs:155:9
    |
153 | pub(crate) struct RegistryErrorVariant {
    |                   -------------------- fields in this struct
154 |     pub authority_id:Name,
155 |     pub family:Name,
    |         ^^^^^^
156 |     pub variant:Name,
    |         ^^^^^^^
    |
    = note: `RegistryErrorVariant` has derived impls for the traits `Debug` and `Clone`, but these are intentionally ignored during dead code analysis

warning: method `producer_result_relation` is never used
   --> src/sema/registry_graph.rs:319:19
    |
173 | impl RegistryGraph {
    | ------------------ method in this implementation
...
319 |     pub(crate) fn producer_result_relation(&self,graph:&InferenceContext,family:OperationFamilyId)->Result<Option<RegistryProducerR...
    |                   ^^^^^^^^^^^^^^^^^^^^^^^^

warning: the `slots:` in this pattern is redundant
  --> src/runtime/eval/lowered_run/indexed_run/callable_run.rs:99:32
   |
99 |         let IndexedCallSlots { slots: mut slots, pending_defaults } = bound;
   |                                ^^^^^^^^^^^^^^^^ help: use shorthand field pattern: `mut slots`
   |
   = note: `#[warn(non_shorthand_field_patterns)]` on by default

warning: `xsh` (lib) generated 43 warnings (run `cargo fix --lib -p xsh` to apply 14 suggestions)
warning: `xsh` (lib test) generated 28 warnings (28 duplicates)
    Finished `test` profile [unoptimized] target(s) in 11.55s
     Running unittests src/lib.rs (target/debug/build/xsh/3b1ba41aea3ea9fa/out/xsh-3b1ba41aea3ea9fa)

running 1 test
test runtime::eval::lowered_run::indexed_run::native_callable_run::tests::native_alias_named_packets_preserve_evaluation_and_defaults_on_both_routes ... ok

test result: ok. 1 passed; 0 failed; 0 ignored; 0 measured; 1166 filtered out; finished in 0.04s

