    Blocking waiting for file lock on build directory
warning: unused import: `ScopedInvocationSourceId`
 --> src/runtime/eval/indexed/full/scoped_callable_prepare.rs:2:146
  |
2 | ...ng, ScopedInvocationSource, ScopedInvocationWitness, ScopedInvocationSourceId, TemplateInvocationArgument};
  |                                                         ^^^^^^^^^^^^^^^^^^^^^^^^
  |
  = note: `#[warn(unused_imports)]` (part of `#[warn(unused)]`) on by default

warning: unused import: `super::*`
 --> src/runtime/eval/indexed/full/generic_operation_prepare.rs:1:5
  |
1 | use super::*;
  |     ^^^^^^^^

warning: unused imports: `SolvedConstructorArgument` and `SolvedConstructorParameter`
  --> src/sema/check.rs:30:139
   |
30 | ...dConstructorApplication, SolvedConstructorArgument, SolvedConstructorDefault, SolvedConstructorParameter};
   |                             ^^^^^^^^^^^^^^^^^^^^^^^^^                            ^^^^^^^^^^^^^^^^^^^^^^^^^^

warning: unused import: `StmtId`
 --> src/sema/check/local_inference.rs:2:129
  |
2 | use crate::syntax::arena::{ArenaBindingTargetKind, ArenaExprKind, ArenaExprOrRun, ArenaProgram, ArenaStmtKind, BindingTargetId, StmtId};
  |                                                                                                                                 ^^^^^^

warning: unused import: `ModuleProjectionKind`
  --> src/sema/check.rs:86:29
   |
86 | pub use module_projection::{ModuleProjectionKind, SolvedModuleProjection};
   |                             ^^^^^^^^^^^^^^^^^^^^

warning: unused import: `ProducerFlowNode`
  --> src/sema/check.rs:92:157
   |
92 | ...lowOperationAlternative, ProducerFlowOperationTransfer, ProducerFlowNode, ProducerFlowSource};
   |                                                            ^^^^^^^^^^^^^^^^

warning: unused variable: `expression`
   --> src/runtime/eval/indexed/full/callable_prepare.rs:158:77
    |
158 | ...lueSource::Expression(expression) = recipe.value else { return Err(problem("invocation_recipe_protocol_not_prepared")); };
    |                          ^^^^^^^^^^ help: if this is intentional, prefix it with an underscore: `_expression`
    |
    = note: `#[warn(unused_variables)]` (part of `#[warn(unused)]`) on by default

warning: unreachable pattern
  --> src/runtime/eval/indexed/full/pattern_prepare.rs:82:13
   |
82 |             _ => return Err(pattern_problem()),
   |             ^ no value can reach this
   |
note: multiple earlier patterns match some of the same values
  --> src/runtime/eval/indexed/full/pattern_prepare.rs:82:13
   |
61 |             SolvedPatternDecision::Structural => PreparedPatternDecision::Structural,
   |             --------------------------------- matches some of the same values
62 |             SolvedPatternDecision::Alternation => PreparedPatternDecision::Alternation,
   |             ---------------------------------- matches some of the same values
63 |             SolvedPatternDecision::Binding => PreparedPatternDecision::Binding,
   |             ------------------------------ matches some of the same values
64 |             SolvedPatternDecision::Type => PreparedPatternDecision::Type,
   |             --------------------------- matches some of the same values
...
82 |             _ => return Err(pattern_problem()),
   |             ^ ...and 5 other patterns collectively make this unreachable
   = note: `#[warn(unreachable_patterns)]` (part of `#[warn(unused)]`) on by default

warning: unused variable: `expression`
   --> src/runtime/eval/indexed/generic.rs:946:77
    |
946 | ...lueSource::Expression(expression) = argument.original.value else { return Err(failure("native call source recipe is not prepared...
    |                          ^^^^^^^^^^ help: if this is intentional, prefix it with an underscore: `_expression`

warning: unused variable: `expression`
    --> src/runtime/eval/indexed/generic.rs:1041:77
     |
1041 | ...ueSource::Expression(expression) = argument.original.value else { return Err(failure("invocation source recipe is not prepared"...
     |                         ^^^^^^^^^^ help: if this is intentional, prefix it with an underscore: `_expression`

warning: variable does not need to be mutable
   --> src/sema/check/infer_effects.rs:175:21
    |
175 |                 let mut chain = vec![name.to_string()];
    |                     ----^^^^^
    |                     |
    |                     help: remove this `mut`
    |
    = note: `#[warn(unused_mut)]` (part of `#[warn(unused)]`) on by default

warning: unused variable: `name`
   --> src/sema/check/infer_effects.rs:183:84
    |
183 |     pub(super) fn record_effect_contract(&mut self, effects: &Option<Vec<Effect>>, name: &str) {
    |                                                                                    ^^^^ help: if this is intentional, prefix it with an underscore: `_name`

warning: field `initializer` is never read
   --> src/runtime/eval.rs:568:5
    |
564 | struct BuildArgumentBindingOrigin {
    |        -------------------------- field in this struct
...
568 |     initializer: BuildExprId,
    |     ^^^^^^^^^^^
    |
    = note: `BuildArgumentBindingOrigin` has derived impls for the traits `Debug` and `Clone`, but these are intentionally ignored during dead code analysis
    = note: `#[warn(dead_code)]` (part of `#[warn(unused)]`) on by default

warning: fields `call`, `entry_index`, `record`, `initializer`, `slot`, and `source_type` are never read
   --> src/runtime/eval.rs:578:5
    |
577 | struct BuildArgumentRecordBindingOrigin {
    |        -------------------------------- fields in this struct
578 |     call: crate::sema::check::ExpressionIdentity,
    |     ^^^^
579 |     entry_index: usize,
    |     ^^^^^^^^^^^
580 |     record: crate::sema::check::ExpressionIdentity,
    |     ^^^^^^
581 |     initializer: BuildExprId,
    |     ^^^^^^^^^^^
582 |     slot: usize,
    |     ^^^^
583 |     source_type: crate::sema::inference::ScopedRoot,
    |     ^^^^^^^^^^^
    |
    = note: `BuildArgumentRecordBindingOrigin` has derived impls for the traits `Debug` and `Clone`, but these are intentionally ignored during dead code analysis

warning: function `lowered_method_call_args` is never used
   --> src/runtime/eval/lower.rs:204:4
    |
204 | fn lowered_method_call_args(name: Name, args: &[ArenaCallArg]) -> Option<Vec<ExprId>> {
    |    ^^^^^^^^^^^^^^^^^^^^^^^^

warning: function `lowered_arena_result_ok_type` is never used
    --> src/runtime/eval/lower.rs:1568:4
     |
1568 | fn lowered_arena_result_ok_type(
     |    ^^^^^^^^^^^^^^^^^^^^^^^^^^^^

warning: methods `top_level_run_binding_checked_type` and `infer_lowered_run_result_ok_type` are never used
    --> src/runtime/eval/lower.rs:5042:8
     |
2863 | impl CompactLowerConstructProbe<'_, '_> {
     | --------------------------------------- methods in this implementation
...
5042 |     fn top_level_run_binding_checked_type(
     |        ^^^^^^^^^^^^^^^^^^^^^^^^^^^^^^^^^^
...
5068 |     fn infer_lowered_run_result_ok_type(
     |        ^^^^^^^^^^^^^^^^^^^^^^^^^^^^^^^^

warning: function `record_binding_types` is never used
     --> src/runtime/eval/lower.rs:12940:4
      |
12940 | fn record_binding_types(program: &ArenaProgram, target: BindingTargetId, ty: Option<&Type>) -> Vec<(Name, Option<Type>)> {
      |    ^^^^^^^^^^^^^^^^^^^^

warning: field `authority` is never read
  --> src/runtime/eval/lower/iteration.rs:17:9
   |
13 | pub(super) struct CheckedIterationProjection {
   |                   -------------------------- field in this struct
...
17 |     pub authority: Name,
   |         ^^^^^^^^^

warning: method `lookup_lowered_capture` is never used
    --> src/runtime/eval/lowered_run.rs:9930:8
     |
3509 | impl Evaluator {
     | -------------- method in this implementation
...
9930 |     fn lookup_lowered_capture(&self, name: Name, kind: LoweredType) -> Option<LoweredValue> {
     |        ^^^^^^^^^^^^^^^^^^^^^^

warning: method `eval_indexed_external_call` is never used
    --> src/runtime/eval/lowered_run/indexed_run.rs:2322:8
     |
 349 | impl Evaluator {
     | -------------- method in this implementation
...
2322 |     fn eval_indexed_external_call(
     |        ^^^^^^^^^^^^^^^^^^^^^^^^^^

warning: method `checked_indexed_callable` is never used
  --> src/runtime/eval/lowered_run/indexed_run/callable_run.rs:25:19
   |
 5 | impl Evaluator {
   | -------------- method in this implementation
...
25 |     pub(super) fn checked_indexed_callable(&self, execution: &FullExecution<'_>, plan: InvocationPlanId, callee: &LoweredValue, span...
   |                   ^^^^^^^^^^^^^^^^^^^^^^^^

warning: variant `Contextual` is never constructed
 --> src/sema/check/registry_boundaries.rs:9:52
  |
9 | pub(crate) enum RegistryValidationMode { Explicit, Contextual }
  |                 ----------------------             ^^^^^^^^^^
  |                 |
  |                 variant in this enum
  |
  = note: `RegistryValidationMode` has derived impls for the traits `Debug` and `Clone`, but these are intentionally ignored during dead code analysis

warning: field `operation` is never read
  --> src/sema/check/registry_boundaries.rs:25:21
   |
25 |     CliDescriptor { operation: RuntimeOp, plan: Arc<crate::modules::cli::CliDescriptorPlan> },
   |     -------------   ^^^^^^^^^
   |     |
   |     field in this variant
   |
   = note: `RegistryBoundaryKind` has derived impls for the traits `Debug` and `Clone`, but these are intentionally ignored during dead code analysis

warning: field `algorithm` is never read
  --> src/sema/check/registry_boundaries.rs:26:21
   |
26 |     HashAlgorithm { algorithm: Name },
   |     -------------   ^^^^^^^^^
   |     |
   |     field in this variant
   |
   = note: `RegistryBoundaryKind` has derived impls for the traits `Debug` and `Clone`, but these are intentionally ignored during dead code analysis

warning: field `mode` is never read
  --> src/sema/check/registry_boundaries.rs:27:48
   |
27 |     SchemaValidation { schema: RegistrySchema, mode: RegistryValidationMode },
   |     ---------------- field in this variant     ^^^^
   |
   = note: `RegistryBoundaryKind` has derived impls for the traits `Debug` and `Clone`, but these are intentionally ignored during dead code analysis

warning: method `error` is never used
  --> src/sema/check/operation_catalog.rs:90:19
   |
43 | impl SolvedOperationCatalog {
   | --------------------------- method in this implementation
...
90 |     pub(crate) fn error(&self, graph: &InferenceContext, authority: Name) -> Result<&RegistryErrorVariant, InferenceError> {
   |                   ^^^^^

warning: function `evaluate_producer_flow` is never used
   --> src/sema/check/producer_eval.rs:207:15
    |
207 | pub(crate) fn evaluate_producer_flow(
    |               ^^^^^^^^^^^^^^^^^^^^^^

warning: function `evaluate_producer_flows` is never used
   --> src/sema/check/producer_eval.rs:228:15
    |
228 | pub(crate) fn evaluate_producer_flows(
    |               ^^^^^^^^^^^^^^^^^^^^^^^

warning: field `family` is never read
  --> src/sema/operation_graph.rs:12:65
   |
12 | pub(crate) struct LanguageAuthority { pub id: &'static str, pub family: &'static str, pub disposition: LanguageDisposition }
   |                   ----------------- field in this struct        ^^^^^^
   |
   = note: `LanguageAuthority` has derived impls for the traits `Debug` and `Clone`, but these are intentionally ignored during dead code analysis

warning: associated constants `MIN`, `MAX`, and `ALL` are never used
  --> src/sema/stage_graph.rs:18:43
   |
17 | impl ReductionModes {
   | ------------------- associated constants in this implementation
18 |     pub const SUM:Self=Self(1); pub const MIN:Self=Self(2); pub const MAX:Self=Self(4); pub const ALL:Self=Self(7);
   |                                           ^^^                         ^^^                         ^^^

warning: field `input_numeric` is never read
  --> src/sema/stage_graph.rs:54:9
   |
49 | pub(crate) struct StageCandidate {
   |                   -------------- field in this struct
...
54 |     pub input_numeric: Option<Atom>,
   |         ^^^^^^^^^^^^^
   |
   = note: `StageCandidate` has derived impls for the traits `Debug` and `Clone`, but these are intentionally ignored during dead code analysis

warning: field `intrinsic_pull` is never read
  --> src/sema/stage_graph.rs:74:9
   |
71 | pub(crate) struct StageEffectRelation {
   |                   ------------------- field in this struct
...
74 |     pub intrinsic_pull: EffectSet,
   |         ^^^^^^^^^^^^^^
   |
   = note: `StageEffectRelation` has derived impls for the traits `Debug` and `Clone`, but these are intentionally ignored during dead code analysis

warning: variants `MapKey`, `OptionalPayload`, `ResultError`, and `RecordField` are never constructed
  --> src/sema/registry_graph.rs:36:55
   |
36 | pub(crate) enum RegistryProducerComponent { ListItem, MapKey, MapValue, OptionalPayload, ResultSuccess, ResultError, RecordField(Nam...
   |                 -------------------------             ^^^^^^            ^^^^^^^^^^^^^^^                 ^^^^^^^^^^^  ^^^^^^^^^^^
   |                 |
   |                 variants in this enum
   |
   = note: `RegistryProducerComponent` has derived impls for the traits `Debug` and `Clone`, but these are intentionally ignored during dead code analysis

warning: fields `entry` and `command` are never read
  --> src/sema/registry_graph.rs:76:9
   |
71 | pub(crate) struct RegistryCandidate {
   |                   ----------------- fields in this struct
...
76 |     pub entry: &'static str,
   |         ^^^^^
...
80 |     pub command: bool,
   |         ^^^^^^^
   |
   = note: `RegistryCandidate` has derived impls for the traits `Debug` and `Clone`, but these are intentionally ignored during dead code analysis

warning: enum `RegistryProducerPath` is never used
   --> src/sema/registry_graph.rs:128:17
    |
128 | pub(crate) enum RegistryProducerPath { ResultSuccess }
    |                 ^^^^^^^^^^^^^^^^^^^^

warning: struct `RegistryProducerAlternative` is never constructed
   --> src/sema/registry_graph.rs:131:19
    |
131 | pub(crate) struct RegistryProducerAlternative {
    |                   ^^^^^^^^^^^^^^^^^^^^^^^^^^^

warning: struct `RegistryProducerRelation` is never constructed
   --> src/sema/registry_graph.rs:137:19
    |
137 | pub(crate) struct RegistryProducerRelation {
    |                   ^^^^^^^^^^^^^^^^^^^^^^^^

warning: fields `family` and `variant` are never read
   --> src/sema/registry_graph.rs:155:9
    |
153 | pub(crate) struct RegistryErrorVariant {
    |                   -------------------- fields in this struct
154 |     pub authority_id:Name,
155 |     pub family:Name,
    |         ^^^^^^
156 |     pub variant:Name,
    |         ^^^^^^^
    |
    = note: `RegistryErrorVariant` has derived impls for the traits `Debug` and `Clone`, but these are intentionally ignored during dead code analysis

warning: method `producer_result_relation` is never used
   --> src/sema/registry_graph.rs:319:19
    |
173 | impl RegistryGraph {
    | ------------------ method in this implementation
...
319 |     pub(crate) fn producer_result_relation(&self,graph:&InferenceContext,family:OperationFamilyId)->Result<Option<RegistryProducerR...
    |                   ^^^^^^^^^^^^^^^^^^^^^^^^

warning: the `slots:` in this pattern is redundant
  --> src/runtime/eval/lowered_run/indexed_run/callable_run.rs:99:32
   |
99 |         let IndexedCallSlots { slots: mut slots, pending_defaults } = bound;
   |                                ^^^^^^^^^^^^^^^^ help: use shorthand field pattern: `mut slots`
   |
   = note: `#[warn(non_shorthand_field_patterns)]` on by default

warning: `xsh` (lib) generated 41 warnings (run `cargo fix --lib -p xsh` to apply 12 suggestions)
warning: function `lowered_method_call_args` is never used
   --> src/runtime/eval/lower.rs:204:4
    |
204 | fn lowered_method_call_args(name: Name, args: &[ArenaCallArg]) -> Option<Vec<ExprId>> {
    |    ^^^^^^^^^^^^^^^^^^^^^^^^
    |
    = note: `#[warn(dead_code)]` (part of `#[warn(unused)]`) on by default

warning: field `command` is never read
  --> src/sema/registry_graph.rs:80:9
   |
71 | pub(crate) struct RegistryCandidate {
   |                   ----------------- field in this struct
...
80 |     pub command: bool,
   |         ^^^^^^^
   |
   = note: `RegistryCandidate` has derived impls for the traits `Debug` and `Clone`, but these are intentionally ignored during dead code analysis

warning: `xsh` (lib test) generated 25 warnings (23 duplicates)
    Finished `test` profile [unoptimized] target(s) in 7.78s
     Running unittests src/lib.rs (target/debug/build/xsh/3b1ba41aea3ea9fa/out/xsh-3b1ba41aea3ea9fa)

running 23 tests
test runtime::eval::indexed::full::pattern_prepare::tests::bare_tail_capture_reads_retain_statement_identity_and_arm_visibility ... ok
test runtime::eval::indexed::full::pattern_prepare::tests::cold_literal_patterns_reject_coupled_saved_and_encoded_scalar_replacements ... ok
test runtime::eval::indexed::full::pattern_prepare::tests::cold_nominal_patterns_keep_original_input_and_tested_declaration_owners ... ok
test runtime::eval::indexed::full::pattern_prepare::tests::cold_nominal_patterns_reject_coupled_same_shape_member_replacements ... ok
test runtime::eval::indexed::full::pattern_prepare::tests::cold_pattern_reads_reject_coupled_same_arm_capture_and_instruction_swaps ... ok
test runtime::eval::indexed::full::pattern_prepare::tests::cold_patterns_reject_coupled_capture_types_removed_proofs_and_wrong_arms ... ok
test runtime::eval::indexed::full::pattern_prepare::tests::cold_patterns_reject_coupled_same_typed_subject_and_application_swaps ... ok
test runtime::eval::indexed::full::pattern_prepare::tests::cold_patterns_reject_missing_caller_and_foreign_qualified_source_owners ... ok
test runtime::eval::indexed::full::pattern_prepare::tests::cold_patterns_reject_same_type_branch_and_identifier_slot_swaps ... ok
test runtime::eval::indexed::full::pattern_prepare::tests::cold_result_patterns_reject_coupled_carrier_and_payload_slot_changes ... ok
test runtime::eval::indexed::full::pattern_prepare::tests::declared_dynamic_list_patterns_preserve_narrowed_capture_and_rest_types_after_frontend_drop ... ok
test runtime::eval::indexed::full::pattern_prepare::tests::ground_builtin_facet_patterns_keep_nominal_alias_capture_types_after_frontend_drop ... ok
test runtime::eval::indexed::full::pattern_prepare::tests::ground_driver_captures_keep_their_actual_step_owner_after_frontend_drop ... ok
test runtime::eval::indexed::full::pattern_prepare::tests::ground_nominal_error_fields_keep_original_member_identity_after_frontend_drop ... ok
test runtime::eval::indexed::full::pattern_prepare::tests::ground_nominal_tag_payloads_keep_canonical_members_and_field_order_after_frontend_drop ... ok
test runtime::eval::indexed::full::pattern_prepare::tests::ground_result_payload_captures_keep_success_and_error_types_after_frontend_drop ... ok
test runtime::eval::indexed::full::pattern_prepare::tests::original_pattern_aliases_execute_after_frontend_disposal_on_both_routes ... ok
test runtime::eval::indexed::full::pattern_prepare::tests::pattern_handles_reject_foreign_roots_and_rewound_serials ... ok
test runtime::eval::indexed::full::pattern_prepare::tests::scoped_pattern_captures_keep_original_caller_binders_after_frontend_drop ... ok
test runtime::eval::indexed::full::pattern_prepare::tests::scoped_pattern_list_captures_preserve_item_and_rest_binders_after_frontend_drop ... ok
test runtime::eval::indexed::full::pattern_prepare::tests::scoped_pattern_list_proofs_reject_other_rigids_and_foreign_callers ... ok
test runtime::eval::indexed::full::pattern_prepare::tests::scoped_pattern_result_captures_preserve_original_success_binder_after_frontend_drop ... 
thread '<unnamed>' (7283019) panicked at src/runtime/eval/indexed/full/pattern_prepare.rs:603:112:
called `Result::unwrap()` on an `Err` value: Diagnostic { severity: Error, code: Some("compact.indexed-build"), message: "indexed IR could not encode `generic_runtime_requirement_not_prepared`", span: None, labels: [Label { style: Primary, span: Span { source_id: SourceId(0), start: 0, len: 0 }, message: Some("indexed IR could not encode `generic_runtime_requirement_not_prepared`") }], notes: [], fix_hints: [] }
note: run with `RUST_BACKTRACE=1` environment variable to display a backtrace
FAILED
test runtime::eval::indexed::full::pattern_prepare::tests::unsigned_pattern_captures_preserve_constraints_and_integer_storage ... ok

failures:

failures:
    runtime::eval::indexed::full::pattern_prepare::tests::scoped_pattern_result_captures_preserve_original_success_binder_after_frontend_drop

test result: FAILED. 22 passed; 1 failed; 0 ignored; 0 measured; 1112 filtered out; finished in 0.15s

error: test failed, to rerun pass `-p xsh --lib`
