   Compiling xsh v0.0.1 (/Users/josh/d/laputa-systems/xsh-typing-campaign-v2)
warning: unused imports: `SolvedConstructorArgument` and `SolvedConstructorParameter`
  --> src/sema/check.rs:30:139
   |
30 | ...dConstructorApplication, SolvedConstructorArgument, SolvedConstructorDefault, SolvedConstructorParameter};
   |                             ^^^^^^^^^^^^^^^^^^^^^^^^^                            ^^^^^^^^^^^^^^^^^^^^^^^^^^
   |
   = note: `#[warn(unused_imports)]` (part of `#[warn(unused)]`) on by default

warning: unused import: `StmtId`
 --> src/sema/check/local_inference.rs:2:129
  |
2 | use crate::syntax::arena::{ArenaBindingTargetKind, ArenaExprKind, ArenaExprOrRun, ArenaProgram, ArenaStmtKind, BindingTargetId, StmtId};
  |                                                                                                                                 ^^^^^^

warning: unused import: `ModuleProjectionKind`
  --> src/sema/check.rs:82:29
   |
82 | pub use module_projection::{ModuleProjectionKind, SolvedModuleProjection};
   |                             ^^^^^^^^^^^^^^^^^^^^

warning: unused import: `ProducerFlowNode`
  --> src/sema/check.rs:88:157
   |
88 | ...lowOperationAlternative, ProducerFlowOperationTransfer, ProducerFlowNode, ProducerFlowSource};
   |                                                            ^^^^^^^^^^^^^^^^

error[E0624]: method `expression_scope` is private
   --> src/frontend/query/applications.rs:214:33
    |
214 |         let scope = self.solved.expression_scope(identity, fact.caller)?;
    |                                 ^^^^^^^^^^^^^^^^ private method
    |
   ::: src/sema/check/solved.rs:405:5
    |
405 |     pub(super) fn expression_scope(&self, identity: ExpressionIdentity, caller: Option<DeclarationIdentity>) -> Result<Option<SchemeId>, InferenceError> {
    |     ---------------------------------------------------------------------------------------------------------------------------------------------------- private method defined here

error[E0624]: method `expression_scope` is private
   --> src/frontend/query/applications.rs:215:39
    |
215 |         let input_scope = self.solved.expression_scope(fact.input_source, fact.caller)?;
    |                                       ^^^^^^^^^^^^^^^^ private method
    |
   ::: src/sema/check/solved.rs:405:5
    |
405 |     pub(super) fn expression_scope(&self, identity: ExpressionIdentity, caller: Option<DeclarationIdentity>) -> Result<Option<SchemeId>, InferenceError> {
    |     ---------------------------------------------------------------------------------------------------------------------------------------------------- private method defined here

error[E0624]: method `expression_scope` is private
   --> src/frontend/query/applications.rs:222:33
    |
222 |         let scope = self.solved.expression_scope(identity, fact.caller)?;
    |                                 ^^^^^^^^^^^^^^^^ private method
    |
   ::: src/sema/check/solved.rs:405:5
    |
405 |     pub(super) fn expression_scope(&self, identity: ExpressionIdentity, caller: Option<DeclarationIdentity>) -> Result<Option<SchemeId>, InferenceError> {
    |     ---------------------------------------------------------------------------------------------------------------------------------------------------- private method defined here

error[E0624]: method `expression_scope` is private
   --> src/frontend/query/applications.rs:231:112
    |
231 | ...e, actual: view.ty(argument.actual, self.solved.expression_scope(input, fact.caller)?)?, slot: argument.slot, proof: NormalizedC...
    |                                                    ^^^^^^^^^^^^^^^^ private method
    |
   ::: src/sema/check/solved.rs:405:5
    |
405 |     pub(super) fn expression_scope(&self, identity: ExpressionIdentity, caller: Option<DeclarationIdentity>) -> Result<Option<SchemeId>, InferenceError> {
    |     ---------------------------------------------------------------------------------------------------------------------------------------------------- private method defined here

warning: variable does not need to be mutable
   --> src/sema/check/infer_effects.rs:175:21
    |
175 |                 let mut chain = vec![name.to_string()];
    |                     ----^^^^^
    |                     |
    |                     help: remove this `mut`
    |
    = note: `#[warn(unused_mut)]` (part of `#[warn(unused)]`) on by default

warning: unused variable: `name`
   --> src/sema/check/infer_effects.rs:183:84
    |
183 |     pub(super) fn record_effect_contract(&mut self, effects: &Option<Vec<Effect>>, name: &str) {
    |                                                                                    ^^^^ help: if this is intentional, prefix it with an underscore: `_name`
    |
    = note: `#[warn(unused_variables)]` (part of `#[warn(unused)]`) on by default

warning: unused variable: `span`
   --> src/sema/check/producer.rs:285:124
    |
285 | ..., call: ExpressionIdentity, span: crate::source::Span) -> Result<Vec<ProducerFlowId>, InferenceError> {
    |                                ^^^^ help: if this is intentional, prefix it with an underscore: `_span`

For more information about this error, try `rustc --explain E0624`.
warning: `xsh` (lib) generated 7 warnings
error: could not compile `xsh` (lib) due to 4 previous errors; 7 warnings emitted
