   Compiling xsh v0.0.1 (/Users/josh/d/laputa-systems/xsh-typing-campaign-v2)
warning: unused import: `applications::*`
    --> src/frontend/query.rs:3854:9
     |
3854 | pub use applications::*;
     |         ^^^^^^^^^^^^^^^
     |
     = note: `#[warn(unused_imports)]` (part of `#[warn(unused)]`) on by default

warning: unused imports: `SolvedConstructorArgument` and `SolvedConstructorParameter`
  --> src/sema/check.rs:30:139
   |
30 | ...dConstructorApplication, SolvedConstructorArgument, SolvedConstructorDefault, SolvedConstructorParameter};
   |                             ^^^^^^^^^^^^^^^^^^^^^^^^^                            ^^^^^^^^^^^^^^^^^^^^^^^^^^

warning: unused import: `StmtId`
 --> src/sema/check/local_inference.rs:2:129
  |
2 | use crate::syntax::arena::{ArenaBindingTargetKind, ArenaExprKind, ArenaExprOrRun, ArenaProgram, ArenaStmtKind, BindingTargetId, StmtId};
  |                                                                                                                                 ^^^^^^

warning: unused import: `ModuleProjectionKind`
  --> src/sema/check.rs:82:29
   |
82 | pub use module_projection::{ModuleProjectionKind, SolvedModuleProjection};
   |                             ^^^^^^^^^^^^^^^^^^^^

warning: unused import: `ProducerFlowNode`
  --> src/sema/check.rs:88:157
   |
88 | ...lowOperationAlternative, ProducerFlowOperationTransfer, ProducerFlowNode, ProducerFlowSource};
   |                                                            ^^^^^^^^^^^^^^^^

warning: variable does not need to be mutable
   --> src/sema/check/infer_effects.rs:175:21
    |
175 |                 let mut chain = vec![name.to_string()];
    |                     ----^^^^^
    |                     |
    |                     help: remove this `mut`
    |
    = note: `#[warn(unused_mut)]` (part of `#[warn(unused)]`) on by default

warning: unused variable: `name`
   --> src/sema/check/infer_effects.rs:183:84
    |
183 |     pub(super) fn record_effect_contract(&mut self, effects: &Option<Vec<Effect>>, name: &str) {
    |                                                                                    ^^^^ help: if this is intentional, prefix it with an underscore: `_name`
    |
    = note: `#[warn(unused_variables)]` (part of `#[warn(unused)]`) on by default

error[E0004]: non-exhaustive patterns: `Ok(inference::RequirementTemplate::ErrorJoin { .. })` not covered
   --> src/sema/check/generic.rs:537:23
    |
537 |                 match state.facts.graph.requirement_template(*requirement) {
    |                       ^^^^^^^^^^^^^^^^^^^^^^^^^^^^^^^^^^^^^^^^^^^^^^^^^^^^ pattern `Ok(inference::RequirementTemplate::ErrorJoin { .. })` not covered
    |
note: `std::result::Result<inference::RequirementTemplate, inference::InferenceError>` defined here
   --> /Users/josh/.rustup/toolchains/nightly-2026-09-15-aarch64-apple-darwin/lib/rustlib/src/rust/library/core/src/result.rs:558:1
    |
558 | pub enum Result<T, E> {
    | ^^^^^^^^^^^^^^^^^^^^^
...
562 |     Ok(#[stable(feature = "rust1", since = "1.0.0")] T),
    |     -- not covered
    = note: the matched value is of type `std::result::Result<inference::RequirementTemplate, inference::InferenceError>`
help: ensure that all possible cases are being handled by adding a match arm with a wildcard pattern or an explicit pattern as shown
    |
577 ~                     Err(_) => "operation relationship is unavailable in this checked source bundle".to_string(),
578 ~                     Ok(inference::RequirementTemplate::ErrorJoin { .. }) => todo!(),
    |

warning: unused variable: `span`
   --> src/sema/check/producer.rs:285:124
    |
285 | ..., call: ExpressionIdentity, span: crate::source::Span) -> Result<Vec<ProducerFlowId>, InferenceError> {
    |                                ^^^^ help: if this is intentional, prefix it with an underscore: `_span`

For more information about this error, try `rustc --explain E0004`.
warning: `xsh` (lib) generated 8 warnings
error: could not compile `xsh` (lib) due to 1 previous error; 8 warnings emitted
