    Checking xsh v0.0.1 (/Users/josh/d/laputa-systems/xsh-typing-campaign-v2)
warning: unused imports: `SolvedConstructorArgument` and `SolvedConstructorParameter`
  --> src/sema/check.rs:30:139
   |
30 | ...dConstructorApplication, SolvedConstructorArgument, SolvedConstructorDefault, SolvedConstructorParameter};
   |                             ^^^^^^^^^^^^^^^^^^^^^^^^^                            ^^^^^^^^^^^^^^^^^^^^^^^^^^
   |
   = note: `#[warn(unused_imports)]` (part of `#[warn(unused)]`) on by default

warning: unused import: `StmtId`
 --> src/sema/check/local_inference.rs:2:129
  |
2 | use crate::syntax::arena::{ArenaBindingTargetKind, ArenaExprKind, ArenaExprOrRun, ArenaProgram, ArenaStmtKind, BindingTargetId, StmtId};
  |                                                                                                                                 ^^^^^^

warning: unused import: `ProducerFlowNode`
  --> src/sema/check.rs:86:157
   |
86 | ...lowOperationAlternative, ProducerFlowOperationTransfer, ProducerFlowNode, ProducerFlowSource};
   |                                                            ^^^^^^^^^^^^^^^^

error[E0061]: this method takes 2 arguments but 1 argument was supplied
    --> src/frontend/query.rs:1722:58
     |
1722 |             TypeNode::Atom(atom) => format!("{:?}", self.atom(*atom)?),
     |                                                          ^^^^------- argument #2 of type `Option<inference::TypeId>` is missing
     |
note: method defined here
    --> src/frontend/query.rs:1911:8
     |
1911 |     fn atom(&self, atom: Atom, ty: Option<TypeId>) -> Result<NormalizedShape, QueryError> {
     |        ^^^^                    ------------------
help: provide the argument
     |
1722 |             TypeNode::Atom(atom) => format!("{:?}", self.atom(*atom, /* Option<TypeId> */)?),
     |                                                                    ++++++++++++++++++++++

error[E0277]: the trait bound `(ProducerPath, ProducerEvaluationCallableTarget, usize): std::cmp::Ord` is not satisfied
   --> src/sema/check/producer_eval.rs:493:32
    |
493 |                     if targets.insert(key) { result.callable_targets.entry(path.clone()).or_default().push(target); }
    |                                ^^^^^^ --- `(ProducerPath, ProducerEvaluationCallableTarget, usize)` doesn't satisfy the trait bound
    |                                |
    |                                the trait `std::cmp::Ord` is not implemented for `(ProducerPath, ProducerEvaluationCallableTarget, usize)`
    |
    = help: the following other types implement trait `std::cmp::Ord`:
              (T₁, T₂, …, Tₙ) up to tuples of arity 12
            and 5 others
note: required by a bound in `BTreeSet::<T, A>::insert`
   --> /Users/josh/.rustup/toolchains/nightly-2026-09-15-aarch64-apple-darwin/lib/rustlib/src/rust/library/alloc/src/collections/btree/set.rs:902:12
    |
900 |     pub fn insert(&mut self, value: T) -> bool
    |            ------ required by a bound in this associated function
901 |     where
902 |         T: Ord,
    |            ^^^ required by this bound in `BTreeSet::<T, A>::insert`

warning: variable does not need to be mutable
   --> src/sema/check/infer_effects.rs:175:21
    |
175 |                 let mut chain = vec![name.to_string()];
    |                     ----^^^^^
    |                     |
    |                     help: remove this `mut`
    |
    = note: `#[warn(unused_mut)]` (part of `#[warn(unused)]`) on by default

warning: unused variable: `name`
   --> src/sema/check/infer_effects.rs:183:84
    |
183 |     pub(super) fn record_effect_contract(&mut self, effects: &Option<Vec<Effect>>, name: &str) {
    |                                                                                    ^^^^ help: if this is intentional, prefix it with an underscore: `_name`
    |
    = note: `#[warn(unused_variables)]` (part of `#[warn(unused)]`) on by default

warning: unused variable: `span`
   --> src/sema/check/producer.rs:271:124
    |
271 | ..., call: ExpressionIdentity, span: crate::source::Span) -> Result<Vec<ProducerFlowId>, InferenceError> {
    |                                ^^^^ help: if this is intentional, prefix it with an underscore: `_span`

Some errors have detailed explanations: E0061, E0277.
For more information about an error, try `rustc --explain E0061`.
warning: `xsh` (lib) generated 6 warnings
error: could not compile `xsh` (lib) due to 2 previous errors; 6 warnings emitted
