    Blocking waiting for file lock on build directory
warning: unused imports: `ProducerFlowField` and `ProducerFlowNode`
  --> src/sema/check.rs:68:20
   |
68 | pub use producer::{ProducerFlowField, ProducerFlowGraph, ProducerFlowId, ProducerFlowKind, ProducerFlowNode, ProducerFlowSource};
   |                    ^^^^^^^^^^^^^^^^^                                                       ^^^^^^^^^^^^^^^^
   |
   = note: `#[warn(unused_imports)]` (part of `#[warn(unused)]`) on by default

warning: method `inputs` is never used
  --> src/sema/check/producer.rs:45:8
   |
44 | impl ProducerFlowKind {
   | --------------------- method in this implementation
45 |     fn inputs(&self) -> Vec<ProducerFlowId> {
   |        ^^^^^^
   |
   = note: `#[warn(dead_code)]` (part of `#[warn(unused)]`) on by default

warning: method `push` is never used
  --> src/sema/check/producer.rs:79:19
   |
70 | impl ProducerFlowGraph {
   | ---------------------- method in this implementation
...
79 |     pub(super) fn push(&mut self, graph: &mut InferenceContext, source: ProducerFlowSource, kind: ProducerFlowKind) -> Result<Produc...
   |                   ^^^^

warning: methods `charge_source_fact_nodes` and `charge_source_fact_edges` are never used
   --> src/sema/inference.rs:290:19
    |
279 | impl InferenceContext {
    | --------------------- methods in this implementation
...
290 |     pub(crate) fn charge_source_fact_nodes(&mut self, nodes: u64) -> Result<(), InferenceError> {
    |                   ^^^^^^^^^^^^^^^^^^^^^^^^
...
295 |     pub(crate) fn charge_source_fact_edges(&mut self, edges: u64) -> Result<(), InferenceError> {
    |                   ^^^^^^^^^^^^^^^^^^^^^^^^

warning: enum `LanguageDisposition` is never used
 --> src/sema/operation_graph.rs:9:17
  |
9 | pub(crate) enum LanguageDisposition { SealedRequirement, ParametricTemplate, FixedBoundary, DynamicBoundary, StaticIdentity }
  |                 ^^^^^^^^^^^^^^^^^^^

warning: struct `LanguageAuthority` is never constructed
  --> src/sema/operation_graph.rs:12:19
   |
12 | pub(crate) struct LanguageAuthority { pub id: &'static str, pub family: &'static str, pub disposition: LanguageDisposition }
   |                   ^^^^^^^^^^^^^^^^^

warning: constant `LANGUAGE_AUTHORITIES` is never used
  --> src/sema/operation_graph.rs:14:18
   |
14 | pub(crate) const LANGUAGE_AUTHORITIES: &[LanguageAuthority] = &[
   |                  ^^^^^^^^^^^^^^^^^^^^

warning: enum `ArithmeticDomain` is never used
   --> src/sema/operation_graph.rs:143:17
    |
143 | pub(crate) enum ArithmeticDomain { Integer { left: Atom, right: Atom }, Float, Text, List, DurationPair, DurationScale { duration_l...
    |                 ^^^^^^^^^^^^^^^^

warning: enum `MembershipDomain` is never used
   --> src/sema/operation_graph.rs:145:17
    |
145 | pub(crate) enum MembershipDomain { List, Map, Str, Bytes, Record, Path { needle: Atom }, EnvPathList }
    |                 ^^^^^^^^^^^^^^^^

warning: enum `IterableDomain` is never used
   --> src/sema/operation_graph.rs:147:17
    |
147 | pub(crate) enum IterableDomain { List, Stream, Map, Str, Bytes }
    |                 ^^^^^^^^^^^^^^

warning: enum `SliceDomain` is never used
   --> src/sema/operation_graph.rs:149:17
    |
149 | pub(crate) enum SliceDomain { List, Str, Bytes }
    |                 ^^^^^^^^^^^

warning: enum `ValueConstructor` is never used
   --> src/sema/operation_graph.rs:151:17
    |
151 | pub(crate) enum ValueConstructor { Ok, Err, Path, Range }
    |                 ^^^^^^^^^^^^^^^^

warning: enum `PreparedLanguageOperation` is never used
   --> src/sema/operation_graph.rs:153:17
    |
153 | pub(crate) enum PreparedLanguageOperation {
    |                 ^^^^^^^^^^^^^^^^^^^^^^^^^

warning: enum `OperationArgumentOrder` is never used
   --> src/sema/operation_graph.rs:171:17
    |
171 | pub(crate) enum OperationArgumentOrder { SourceOrder, ReceiverThenNeedle }
    |                 ^^^^^^^^^^^^^^^^^^^^^^

warning: struct `OperationCandidate` is never constructed
   --> src/sema/operation_graph.rs:174:19
    |
174 | pub(crate) struct OperationCandidate {
    |                   ^^^^^^^^^^^^^^^^^^

warning: struct `OperationGraph` is never constructed
   --> src/sema/operation_graph.rs:184:19
    |
184 | pub(crate) struct OperationGraph {
    |                   ^^^^^^^^^^^^^^

warning: multiple methods are never used
   --> src/sema/operation_graph.rs:191:8
    |
190 | impl OperationGraph {
    | ------------------- methods in this implementation
191 |     fn bind_owner(&mut self, graph: &InferenceContext) -> Result<(), InferenceError> {
    |        ^^^^^^^^^^
...
195 |     fn family(&mut self, graph: &mut InferenceContext, key: String, build: impl FnOnce(&mut Self, &mut InferenceContext) -> Result<...
    |        ^^^^^^
...
204 |     pub(crate) fn metadata(&self, graph: &InferenceContext, id: CandidateId) -> Result<&OperationCandidate, InferenceError> {
    |                   ^^^^^^^^
...
211 |     fn candidate(&mut self, graph: &mut InferenceContext, contract: LanguageContract) -> Result<CandidateId, InferenceError> {
    |        ^^^^^^^^^
...
221 |     pub(crate) fn binary_family(&mut self, graph: &mut InferenceContext, op: BinaryOp, origin: Span) -> Result<OperationFamilyId, I...
    |                   ^^^^^^^^^^^^^
...
273 |     pub(crate) fn compound_family(&mut self, graph: &mut InferenceContext, op: AssignOp, origin: Span) -> Result<OperationFamilyId,...
    |                   ^^^^^^^^^^^^^^^
...
291 |     pub(crate) fn unary_family(&mut self, graph: &mut InferenceContext, op: UnaryOp, _origin: Span) -> Result<OperationFamilyId, In...
    |                   ^^^^^^^^^^^^
...
299 |     pub(crate) fn iteration_family(&mut self, graph: &mut InferenceContext, origin: Span) -> Result<OperationFamilyId, InferenceErr...
    |                   ^^^^^^^^^^^^^^^^
...
317 |     pub(crate) fn index_family(&mut self, graph: &mut InferenceContext, origin: Span) -> Result<OperationFamilyId, InferenceError> {
    |                   ^^^^^^^^^^^^
...
330 |     pub(crate) fn slice_family(&mut self, graph: &mut InferenceContext, domain: SliceDomain, origin: Span) -> Result<OperationFamil...
    |                   ^^^^^^^^^^^^
...
341 |     pub(crate) fn constructor_family(&mut self, graph: &mut InferenceContext, kind: ValueConstructor, origin: Span) -> Result<Opera...
    |                   ^^^^^^^^^^^^^^^^^^
...
354 |     pub(crate) fn declaration_family(&mut self, graph: &mut InferenceContext, authority_id: &'static str, identity: Name, scheme: S...
    |                   ^^^^^^^^^^^^^^^^^^

warning: struct `LanguageContract` is never constructed
   --> src/sema/operation_graph.rs:367:8
    |
367 | struct LanguageContract {
    |        ^^^^^^^^^^^^^^^^

warning: associated function `new` is never used
   --> src/sema/operation_graph.rs:372:8
    |
371 | impl LanguageContract {
    | --------------------- associated function in this implementation
372 |     fn new(authority:String,operation:PreparedLanguageOperation,parameters:Vec<TypeId>,result:TypeId)->Self {
    |        ^^^

warning: function `authority` is never used
   --> src/sema/operation_graph.rs:378:4
    |
378 | fn authority(id:&str)->Result<&'static LanguageAuthority,InferenceError> { LANGUAGE_AUTHORITIES.iter().find(|authority|authority.id...
    |    ^^^^^^^^^

warning: function `arithmetic_domains` is never used
   --> src/sema/operation_graph.rs:380:4
    |
380 | fn arithmetic_domains(op:BinaryOp,compound:bool)->Vec<ArithmeticDomain> {
    |    ^^^^^^^^^^^^^^^^^^

warning: function `arithmetic_authority` is never used
   --> src/sema/operation_graph.rs:392:4
    |
392 | fn arithmetic_authority(op:BinaryOp,domain:ArithmeticDomain)->String {
    |    ^^^^^^^^^^^^^^^^^^^^

warning: function `arithmetic_types` is never used
   --> src/sema/operation_graph.rs:396:4
    |
396 | fn arithmetic_types(graph:&mut InferenceContext,domain:ArithmeticDomain,origin:Span)->Result<(TypeId,TypeId,TypeId),InferenceError> {
    |    ^^^^^^^^^^^^^^^^

warning: function `membership_name` is never used
   --> src/sema/operation_graph.rs:403:4
    |
403 | fn membership_name(domain:MembershipDomain)->&'static str { match domain { MembershipDomain::List => "List",MembershipDomain::Map =...
    |    ^^^^^^^^^^^^^^^

warning: function `membership_types` is never used
   --> src/sema/operation_graph.rs:404:4
    |
404 | fn membership_types(graph:&mut InferenceContext,domain:MembershipDomain,origin:Span)->Result<(TypeId,TypeId,Vec<RequirementId>),Inf...
    |    ^^^^^^^^^^^^^^^^

warning: function `iterable_types` is never used
   --> src/sema/operation_graph.rs:413:4
    |
413 | fn iterable_types(graph:&mut InferenceContext,domain:IterableDomain,origin:Span)->Result<(TypeId,TypeId,Vec<RequirementId>),Inferen...
    |    ^^^^^^^^^^^^^^

warning: enum `SequenceDomain` is never used
  --> src/sema/stage_graph.rs:10:17
   |
10 | pub(crate) enum SequenceDomain { List, Stream }
   |                 ^^^^^^^^^^^^^^

warning: enum `StageSource` is never used
  --> src/sema/stage_graph.rs:12:17
   |
12 | pub(crate) enum StageSource { Sequence { domain: SequenceDomain, outer_result: bool }, Str, Bytes }
   |                 ^^^^^^^^^^^

warning: enum `CallbackShape` is never used
  --> src/sema/stage_graph.rs:14:17
   |
14 | pub(crate) enum CallbackShape { Absent, Value, Unit, ResultUnit, List, Stream, ResultList, ResultStream }
   |                 ^^^^^^^^^^^^^

warning: struct `ReductionModes` is never constructed
  --> src/sema/stage_graph.rs:16:19
   |
16 | pub(crate) struct ReductionModes(u8);
   |                   ^^^^^^^^^^^^^^

warning: associated items `SUM`, `MIN`, `MAX`, `ALL`, `from_static_configuration`, and `contains_sum` are never used
  --> src/sema/stage_graph.rs:18:15
   |
17 | impl ReductionModes {
   | ------------------- associated items in this implementation
18 |     pub const SUM:Self=Self(1); pub const MIN:Self=Self(2); pub const MAX:Self=Self(4); pub const ALL:Self=Self(7);
   |               ^^^                         ^^^                         ^^^                         ^^^
19 |     pub fn from_static_configuration(sum:Option<bool>,min:Option<bool>,max:Option<bool>)->Result<Self,InferenceError> {
   |            ^^^^^^^^^^^^^^^^^^^^^^^^^
...
26 |     fn contains_sum(self)->bool { self.0&Self::SUM.0!=0 }
   |        ^^^^^^^^^^^^

warning: enum `ReductionShape` is never used
  --> src/sema/stage_graph.rs:29:17
   |
29 | pub(crate) enum ReductionShape { Value, Int, UInt, Float, Record }
   |                 ^^^^^^^^^^^^^^

warning: struct `StageForm` is never constructed
  --> src/sema/stage_graph.rs:31:19
   |
31 | pub(crate) struct StageForm {
   |                   ^^^^^^^^^

warning: struct `StageVariant` is never constructed
  --> src/sema/stage_graph.rs:41:19
   |
41 | pub(crate) struct StageVariant { pub callback_shape:CallbackShape, pub other_sequence:Option<SequenceDomain>, pub reduction_shape:Re...
   |                   ^^^^^^^^^^^^

warning: enum `AdditionalProducer` is never used
  --> src/sema/stage_graph.rs:44:17
   |
44 | pub(crate) enum AdditionalProducer { ZipArgument, CallbackResult }
   |                 ^^^^^^^^^^^^^^^^^^

warning: struct `StageCandidate` is never constructed
  --> src/sema/stage_graph.rs:46:19
   |
46 | pub(crate) struct StageCandidate {
   |                   ^^^^^^^^^^^^^^

warning: struct `StageGraph` is never constructed
  --> src/sema/stage_graph.rs:61:19
   |
61 | pub(crate) struct StageGraph {
   |                   ^^^^^^^^^^

warning: struct `StageEffectRelation` is never constructed
  --> src/sema/stage_graph.rs:68:19
   |
68 | pub(crate) struct StageEffectRelation {
   |                   ^^^^^^^^^^^^^^^^^^^

warning: methods `family`, `metadata`, `output_effect_bindings`, `output_producer_effects`, and `import` are never used
   --> src/sema/stage_graph.rs:75:19
    |
 74 | impl StageGraph {
    | --------------- methods in this implementation
 75 |     pub(crate) fn family(&mut self, graph: &mut InferenceContext, stage: StreamStageKind, form: StageForm, origin: Span) -> Result<...
    |                   ^^^^^^
...
 93 |     pub(crate) fn metadata(&self,graph:&InferenceContext,id:CandidateId)->Result<&StageCandidate,InferenceError> {
    |                   ^^^^^^^^
...
 99 |     pub(crate) fn output_effect_bindings(&self,graph:&mut InferenceContext,family:OperationFamilyId,level:u32)->Result<Vec<(Produce...
    |                   ^^^^^^^^^^^^^^^^^^^^^^
...
109 |     pub(crate) fn output_producer_effects(&self,graph:&InferenceContext,requirement:RequirementId)->Result<Option<(EffectSummary,Ef...
    |                   ^^^^^^^^^^^^^^^^^^^^^^^
...
119 |     fn import(&mut self,graph:&mut InferenceContext,stage:StreamStageKind,source:StageSource,input_numeric:Option<Atom>,form:StageF...
    |        ^^^^^^

warning: function `sequence` is never used
   --> src/sema/stage_graph.rs:228:4
    |
228 | fn sequence(graph:&mut InferenceContext,domain:SequenceDomain,item:TypeId)->Result<TypeId,InferenceError> { match domain { Sequence...
    |    ^^^^^^^^

warning: function `record` is never used
   --> src/sema/stage_graph.rs:229:4
    |
229 | fn record(graph:&mut InferenceContext,fields:&[(&str,TypeId)])->Result<TypeId,InferenceError> { let row=graph.row(fields.iter().map...
    |    ^^^^^^

warning: function `require` is never used
   --> src/sema/stage_graph.rs:230:4
    |
230 | fn require(graph:&mut InferenceContext,requirements:&mut Vec<RequirementId>,predicate:Eligibility,ty:TypeId,reason:crate::sema::inf...
    |    ^^^^^^^

warning: function `add_secondary_producer` is never used
   --> src/sema/stage_graph.rs:231:4
    |
231 | fn add_secondary_producer(graph:&mut InferenceContext,domain:SequenceDomain,roles:&mut Vec<(EffectRole,EffectSummary)>,pull:&mut Ve...
    |    ^^^^^^^^^^^^^^^^^^^^^^

warning: function `is_terminal` is never used
   --> src/sema/stage_graph.rs:235:4
    |
235 | fn is_terminal(stage:&StreamStageKind)->bool { matches!(stage,StreamStageKind::Each|StreamStageKind::First|StreamStageKind::Last|St...
    |    ^^^^^^^^^^^

warning: function `validate_form` is never used
   --> src/sema/stage_graph.rs:236:4
    |
236 | fn validate_form(stage:&StreamStageKind,form:StageForm)->Result<(),InferenceError> {
    |    ^^^^^^^^^^^^^

warning: function `variants` is never used
   --> src/sema/stage_graph.rs:248:4
    |
248 | fn variants(stage:&StreamStageKind,form:StageForm)->Vec<StageVariant> {
    |    ^^^^^^^^

warning: variant `TypeConstructor` is never constructed
  --> src/sema/registry_graph.rs:16:5
   |
13 | pub(crate) enum RegistryOwner {
   |                 ------------- variant in this enum
...
16 |     TypeConstructor(&'static str),
   |     ^^^^^^^^^^^^^^^
   |
   = note: `RegistryOwner` has derived impls for the traits `Debug` and `Clone`, but these are intentionally ignored during dead code analysis

warning: multiple fields are never read
  --> src/sema/registry_graph.rs:54:9
   |
49 | pub(crate) struct RegistryCandidate {
   |                   ----------------- fields in this struct
...
54 |     pub entry: &'static str,
   |         ^^^^^
55 |     pub operation: RuntimeOp,
   |         ^^^^^^^^^
56 |     pub binding: ImplBinding,
   |         ^^^^^^^
57 |     pub kind: CallableKind,
58 |     pub command: bool,
   |         ^^^^^^^
59 |     pub argument_check: ApiArgCheck,
   |         ^^^^^^^^^^^^^^
60 |     pub semantic_rule: SemanticRule,
   |         ^^^^^^^^^^^^^
61 |     pub parameters: Box<[RegistryParameter]>,
62 |     pub required_effect: Option<Effect>,
   |         ^^^^^^^^^^^^^^^
63 |     pub lifecycle: RegistryLifecycle,
   |         ^^^^^^^^^
   |
   = note: `RegistryCandidate` has derived impls for the traits `Debug` and `Clone`, but these are intentionally ignored during dead code analysis

warning: methods `method_family`, `type_constructor_family`, and `output_effect_bindings` are never used
   --> src/sema/registry_graph.rs:99:19
    |
 75 | impl RegistryGraph {
    | ------------------ methods in this implementation
...
 99 |     pub(crate) fn method_family(&mut self, graph: &mut InferenceContext, entry: &str, origin: Span) -> Result<OperationFamilyId, In...
    |                   ^^^^^^^^^^^^^
...
119 |     pub(crate) fn type_constructor_family(&mut self, graph: &mut InferenceContext, owner: &str, entry: &str, origin: Span) -> Resul...
    |                   ^^^^^^^^^^^^^^^^^^^^^^^
...
155 |     pub(crate) fn output_effect_bindings(&self,graph:&mut InferenceContext,family:OperationFamilyId,level:u32)->Result<Vec<(Produce...
    |                   ^^^^^^^^^^^^^^^^^^^^^^

warning: function `receiver_type` is never used
   --> src/sema/registry_graph.rs:233:4
    |
233 | fn receiver_type(receiver: MethodReceiver, template: Option<&Type>) -> Result<Type, InferenceError> {
    |    ^^^^^^^^^^^^^

warning: `xsh` (lib) generated 50 warnings (run `cargo fix --lib -p xsh` to apply 1 suggestion)
warning: unused import: `ProducerFlowNode`
  --> src/sema/check.rs:68:92
   |
68 | pub use producer::{ProducerFlowField, ProducerFlowGraph, ProducerFlowId, ProducerFlowKind, ProducerFlowNode, ProducerFlowSource};
   |                                                                                            ^^^^^^^^^^^^^^^^
   |
   = note: `#[warn(unused_imports)]` (part of `#[warn(unused)]`) on by default

warning: variant `Declaration` is never constructed
   --> src/sema/operation_graph.rs:167:5
    |
153 | pub(crate) enum PreparedLanguageOperation {
    |                 ------------------------- variant in this enum
...
167 |     Declaration { authority: &'static str, identity: Name },
    |     ^^^^^^^^^^^
    |
    = note: `PreparedLanguageOperation` has derived impls for the traits `Debug` and `Clone`, but these are intentionally ignored during dead code analysis
    = note: `#[warn(dead_code)]` (part of `#[warn(unused)]`) on by default

warning: fields `authority` and `statement_result_is_unit` are never read
   --> src/sema/operation_graph.rs:177:9
    |
174 | pub(crate) struct OperationCandidate {
    |                   ------------------ fields in this struct
...
177 |     pub authority: &'static str,
    |         ^^^^^^^^^
...
180 |     pub statement_result_is_unit: bool,
    |         ^^^^^^^^^^^^^^^^^^^^^^^^
    |
    = note: `OperationCandidate` has derived impls for the traits `Debug` and `Clone`, but these are intentionally ignored during dead code analysis

warning: method `declaration_family` is never used
   --> src/sema/operation_graph.rs:354:19
    |
190 | impl OperationGraph {
    | ------------------- method in this implementation
...
354 |     pub(crate) fn declaration_family(&mut self, graph: &mut InferenceContext, authority_id: &'static str, identity: Name, scheme: S...
    |                   ^^^^^^^^^^^^^^^^^^

warning: associated function `from_static_configuration` is never used
  --> src/sema/stage_graph.rs:19:12
   |
17 | impl ReductionModes {
   | ------------------- associated function in this implementation
18 |     pub const SUM:Self=Self(1); pub const MIN:Self=Self(2); pub const MAX:Self=Self(4); pub const ALL:Self=Self(7);
19 |     pub fn from_static_configuration(sum:Option<bool>,min:Option<bool>,max:Option<bool>)->Result<Self,InferenceError> {
   |            ^^^^^^^^^^^^^^^^^^^^^^^^^

warning: fields `source`, `input_numeric`, `form`, `variant`, and `effects` are never read
  --> src/sema/stage_graph.rs:50:9
   |
46 | pub(crate) struct StageCandidate {
   |                   -------------- fields in this struct
...
50 |     pub source: StageSource,
   |         ^^^^^^
51 |     pub input_numeric: Option<Atom>,
   |         ^^^^^^^^^^^^^
52 |     pub form: StageForm,
   |         ^^^^
53 |     pub variant: StageVariant,
   |         ^^^^^^^
...
57 |     pub effects: StageEffectRelation,
   |         ^^^^^^^
   |
   = note: `StageCandidate` has derived impls for the traits `Debug` and `Clone`, but these are intentionally ignored during dead code analysis

warning: fields `output_pull`, `output_close`, and `intrinsic_pull` are never read
  --> src/sema/stage_graph.rs:69:9
   |
68 | pub(crate) struct StageEffectRelation {
   |                   ------------------- fields in this struct
69 |     pub output_pull: Box<[EffectRole]>,
   |         ^^^^^^^^^^^
70 |     pub output_close: Box<[EffectRole]>,
   |         ^^^^^^^^^^^^
71 |     pub intrinsic_pull: EffectSet,
   |         ^^^^^^^^^^^^^^
   |
   = note: `StageEffectRelation` has derived impls for the traits `Debug` and `Clone`, but these are intentionally ignored during dead code analysis

warning: fields `binding`, `command`, and `semantic_rule` are never read
  --> src/sema/registry_graph.rs:56:9
   |
49 | pub(crate) struct RegistryCandidate {
   |                   ----------------- fields in this struct
...
56 |     pub binding: ImplBinding,
   |         ^^^^^^^
57 |     pub kind: CallableKind,
58 |     pub command: bool,
   |         ^^^^^^^
59 |     pub argument_check: ApiArgCheck,
60 |     pub semantic_rule: SemanticRule,
   |         ^^^^^^^^^^^^^
   |
   = note: `RegistryCandidate` has derived impls for the traits `Debug` and `Clone`, but these are intentionally ignored during dead code analysis

warning: `xsh` (lib test) generated 8 warnings (run `cargo fix --lib -p xsh --tests` to apply 1 suggestion)
    Finished `test` profile [unoptimized] target(s) in 3.76s
     Running unittests src/lib.rs (target/debug/build/xsh/3b1ba41aea3ea9fa/out/xsh-3b1ba41aea3ea9fa)

running 71 tests
test sema::inference::finalized::publication_tests::cached_alias_suffix_preserves_the_substitution_depth_guard ... ok
test sema::inference::finalized::publication_tests::candidate_output_roots_do_not_authorize_foreign_effect_binders ... ok
test sema::inference::finalized::publication_tests::external_effect_roots_reject_a_sibling_scheme_binder ... ok
test sema::inference::finalized::publication_tests::frozen_scheme_effect_endpoints_and_variable_bindings_are_closed ... ok
test sema::inference::finalized::publication_tests::publication_enforces_its_work_budget ... ok
test sema::inference::finalized::publication_tests::repeated_source_requirement_roots_share_the_certificate_walk ... ok
test sema::inference::finalized::publication_tests::shared_publication_roots_charge_only_one_graph_walk ... ok
test sema::inference::finalized::publication_tests::shared_subgraphs_do_not_hide_a_deeper_path ... ok
test sema::inference::finalized::publication_tests::source_requirement_roots_validate_the_exact_member_scope ... ok
test sema::inference::reference::production_matches_captured_open_row_aliases ... ok
test sema::inference::reference::production_matches_environment_escape_through_substitutions_and_capture ... ok
test sema::inference::reference::production_matches_failed_probe_isolation_and_retired_handles ... ok
test sema::inference::reference::production_matches_generated_rank_one_schemes_with_captured_variables ... ok
test sema::inference::reference::production_matches_immutable_alias_of_a_monomorphic_binding ... ok
test sema::inference::reference::production_matches_independent_generated_equations_and_permutations ... ok
test sema::inference::reference::production_matches_quantified_open_rows_and_residual_lacks ... ok
test sema::inference::reference::production_matches_rank_one_freshening_and_monomorphic_aliases ... ok
test sema::inference::reference::reference_environment_escape_tracks_metas_reachable_through_substitution ... ok
test sema::inference::reference::reference_failed_probe_retires_variables_and_restores_substitutions ... ok
test sema::inference::reference::reference_failed_row_probe_restores_lacks_and_common_field_bindings ... ok
test sema::inference::reference::reference_generated_equations_preserve_principal_relationships_under_permutation ... ok
test sema::inference::reference::reference_scheme_instantiation_freshens_rows_and_preserves_lacks ... ok
test sema::inference::reference::reference_substitution_preserves_captured_metas_and_row_lacks ... ok
test sema::inference::reference::reference_substitution_rejects_cross_kind_recursive_equations ... ok
test sema::inference::reference::reference_value_restriction_keeps_mutable_and_expansive_aliases_monomorphic ... ok
test sema::inference::tests::abstract_operation_keeps_finite_family_without_ground_certificate ... ok
test sema::inference::tests::arrow_assignment_preserves_explicit_effect_upper_bound_and_kind ... ok
test sema::inference::tests::audit_accumulated_lacks_obey_row_label_limit ... ok
test sema::inference::tests::audit_foreign_effect_is_rejected_before_unknown_erasure ... ok
test sema::inference::tests::audit_latent_effect_scheme_instances_are_independent ... ok
test sema::inference::tests::audit_unrelated_rigid_requirement_cannot_attach_to_ground_scheme ... ok
test sema::inference::tests::audit_watcher_dispatch_is_charged_even_in_failed_probe ... ok
test sema::inference::tests::bounded_views_preserve_ground_contracts_and_refuse_unresolved_erasure ... ok
test sema::inference::tests::candidate_trial_rewinds_success_and_retires_its_allocations ... ok
test sema::inference::tests::captured_and_expansive_bindings_do_not_generalize ... ok
test sema::inference::tests::component_lexical_capture_requires_exact_authorized_outer_bindings ... ok
test sema::inference::tests::component_member_scope_rejects_sibling_only_binders_and_maps_sparse_indices ... ok
test sema::inference::tests::component_records_captured_meta_identity_before_enclosing_generalization ... ok
test sema::inference::tests::component_schemes_retain_reachable_sibling_obligations_and_hidden_outputs ... ok
test sema::inference::tests::component_value_restriction_lowers_shared_variables_before_any_generalization ... ok
test sema::inference::tests::constraint_reasons_survive_success_and_rewind_failed_trials ... ok
test sema::inference::tests::declaration_facts_retain_rigid_identity_and_publication_rejects_ground_escape ... ok
test sema::inference::tests::derived_effects_seal_only_without_latent_input_relationships ... ok
test sema::inference::tests::derived_operation_effects_wait_for_type_dependent_candidate_selection ... ok
test sema::inference::tests::effect_schemes_preserve_inclusions_and_monomorphic_alias_restriction ... ok
test sema::inference::tests::equality_candidate_keeps_independent_operands_until_compatibility_is_known ... ok
test sema::inference::tests::failed_add_probe_does_not_poison_another_discharge ... ok
test sema::inference::tests::failed_probe_handles_do_not_alias_later_allocations_or_other_graphs ... ok
test sema::inference::tests::fixed_effect_inclusions_propagate_and_failed_upper_bound_rolls_back ... ok
test sema::inference::tests::generalization_rejects_a_captured_budget_depending_on_new_latent_parameters ... ok
test sema::inference::tests::ground_operation_certificate_separates_required_effects_from_caller_budget ... ok
test sema::inference::tests::occurs_failure_restores_nested_substitutions ... ok
test sema::inference::tests::opaque_effects_propagate_through_execution_budgets_and_reject_finite_bounds ... ok
test sema::inference::tests::open_projection_keeps_actual_fields_and_projects_distinct_types ... ok
test sema::inference::tests::operation_candidates_wake_when_caller_effect_budget_is_narrowed ... ok
test sema::inference::tests::publication_checks_requirement_scope_even_when_signature_is_ground ... ok
test sema::inference::tests::reason_contribution_edges_are_bounded_and_charged_on_failed_trials ... ok
test sema::inference::tests::recursive_component_keeps_common_binders_and_fresh_member_instances ... ok
test sema::inference::tests::rigid_capture_cannot_lower_beyond_its_scope ... ok
test sema::inference::tests::rigid_requirement_with_no_supported_domain_is_rejected ... ok
test sema::inference::tests::row_lacks_kind_and_recursive_equations_reject_without_binding ... ok
test sema::inference::tests::schemes_publish_only_residual_requirements_and_keep_ground_certificates ... ok
test sema::inference::tests::sealed_add_requirements_are_generalized_forwarded_and_discharged ... ok
test sema::inference::tests::selected_json_candidate_exposes_no_certificate_before_actual_predicate_solves ... ok
test sema::inference::tests::shared_import_reuses_legacy_identity_inside_nested_views ... ok
test sema::inference::tests::shared_import_rolls_back_identities_and_keeps_dynamic_and_recovery_distinct ... ok
test sema::inference::tests::stage_eligibility_preserves_each_checked_operand_domain ... ok
test sema::inference::tests::standalone_effect_roots_generalize_and_instantiate_independently ... ok
test sema::inference::tests::width_assignment_is_not_row_equality_or_container_covariance ... ok
test sema::inference::tests::work_charges_wide_structural_copies_before_a_failed_match ... ok
test sema::inference::tests::work_exhaustion_preserves_pending_requirement_on_solve_entry ... ok

test result: ok. 71 passed; 0 failed; 0 ignored; 0 measured; 440 filtered out; finished in 0.09s

