warning: unused imports: `ProducerFlowNode` and `ProducerFlowOperationTransfer`
  --> src/sema/check.rs:73:126
   |
73 | ...wKind, ProducerFlowOperationAlternative, ProducerFlowOperationTransfer, ProducerFlowNode, ProducerFlowSource};
   |                                             ^^^^^^^^^^^^^^^^^^^^^^^^^^^^^  ^^^^^^^^^^^^^^^^
   |
   = note: `#[warn(unused_imports)]` (part of `#[warn(unused)]`) on by default

warning: unused import: `solved::RegistryArgumentCoercion`
  --> src/sema/check.rs:75:9
   |
75 | pub use solved::RegistryArgumentCoercion;
   |         ^^^^^^^^^^^^^^^^^^^^^^^^^^^^^^^^

warning: unused variable: `span`
   --> src/sema/check/producer.rs:258:124
    |
258 | ..., call: ExpressionIdentity, span: crate::source::Span) -> Result<Vec<ProducerFlowId>, InferenceError> {
    |                                ^^^^ help: if this is intentional, prefix it with an underscore: `_span`
    |
    = note: `#[warn(unused_variables)]` (part of `#[warn(unused)]`) on by default

warning: fields `family` and `disposition` are never read
  --> src/sema/operation_graph.rs:12:65
   |
12 | pub(crate) struct LanguageAuthority { pub id: &'static str, pub family: &'static str, pub disposition: LanguageDisposition }
   |                   ----------------- fields in this struct       ^^^^^^                    ^^^^^^^^^^^
   |
   = note: `LanguageAuthority` has derived impls for the traits `Debug` and `Clone`, but these are intentionally ignored during dead code analysis
   = note: `#[warn(dead_code)]` (part of `#[warn(unused)]`) on by default

warning: variants `List`, `Stream`, `Map`, `Str`, and `Bytes` are never constructed
   --> src/sema/operation_graph.rs:147:34
    |
147 | pub(crate) enum IterableDomain { List, Stream, Map, Str, Bytes }
    |                 --------------   ^^^^  ^^^^^^  ^^^  ^^^  ^^^^^
    |                 |
    |                 variants in this enum
    |
    = note: `IterableDomain` has derived impls for the traits `Debug` and `Clone`, but these are intentionally ignored during dead code analysis

warning: variants `List`, `Str`, and `Bytes` are never constructed
   --> src/sema/operation_graph.rs:149:31
    |
149 | pub(crate) enum SliceDomain { List, Str, Bytes }
    |                 -----------   ^^^^  ^^^  ^^^^^
    |                 |
    |                 variants in this enum
    |
    = note: `SliceDomain` has derived impls for the traits `Debug` and `Clone`, but these are intentionally ignored during dead code analysis

warning: variants `Ok`, `Err`, `Path`, and `Range` are never constructed
   --> src/sema/operation_graph.rs:151:36
    |
151 | pub(crate) enum ValueConstructor { Ok, Err, Path, Range }
    |                 ----------------   ^^  ^^^  ^^^^  ^^^^^
    |                 |
    |                 variants in this enum
    |
    = note: `ValueConstructor` has derived impls for the traits `Debug` and `Clone`, but these are intentionally ignored during dead code analysis

warning: multiple variants are never constructed
   --> src/sema/operation_graph.rs:155:5
    |
153 | pub(crate) enum PreparedLanguageOperation {
    |                 ------------------------- variants in this enum
154 |     Arithmetic { op: BinaryOp, domain: ArithmeticDomain },
155 |     Compound { op: AssignOp, domain: ArithmeticDomain },
    |     ^^^^^^^^
156 |     Assignment,
    |     ^^^^^^^^^^
...
163 |     Iteration { domain: IterableDomain, outer_result: bool },
    |     ^^^^^^^^^
164 |     Index { map: bool },
    |     ^^^^^
165 |     Slice(SliceDomain),
    |     ^^^^^
166 |     Constructor { kind: ValueConstructor, arity: usize },
    |     ^^^^^^^^^^^
167 |     Declaration { authority: &'static str, identity: Name },
    |     ^^^^^^^^^^^
    |
    = note: `PreparedLanguageOperation` has derived impls for the traits `Debug` and `Clone`, but these are intentionally ignored during dead code analysis

warning: fields `identity`, `scheme`, `authority`, `operation`, `argument_order`, and `statement_result_is_unit` are never read
   --> src/sema/operation_graph.rs:175:9
    |
174 | pub(crate) struct OperationCandidate {
    |                   ------------------ fields in this struct
175 |     pub identity: Name,
    |         ^^^^^^^^
176 |     pub scheme: SchemeId,
    |         ^^^^^^
177 |     pub authority: &'static str,
    |         ^^^^^^^^^
178 |     pub operation: PreparedLanguageOperation,
    |         ^^^^^^^^^
179 |     pub argument_order: OperationArgumentOrder,
    |         ^^^^^^^^^^^^^^
180 |     pub statement_result_is_unit: bool,
    |         ^^^^^^^^^^^^^^^^^^^^^^^^
    |
    = note: `OperationCandidate` has derived impls for the traits `Debug` and `Clone`, but these are intentionally ignored during dead code analysis

warning: multiple methods are never used
   --> src/sema/operation_graph.rs:204:19
    |
190 | impl OperationGraph {
    | ------------------- methods in this implementation
...
204 |     pub(crate) fn metadata(&self, graph: &InferenceContext, id: CandidateId) -> Result<&OperationCandidate, InferenceError> {
    |                   ^^^^^^^^
...
273 |     pub(crate) fn compound_family(&mut self, graph: &mut InferenceContext, op: AssignOp, origin: Span) -> Result<OperationFamilyId,...
    |                   ^^^^^^^^^^^^^^^
...
299 |     pub(crate) fn iteration_family(&mut self, graph: &mut InferenceContext, origin: Span) -> Result<OperationFamilyId, InferenceErr...
    |                   ^^^^^^^^^^^^^^^^
...
317 |     pub(crate) fn index_family(&mut self, graph: &mut InferenceContext, origin: Span) -> Result<OperationFamilyId, InferenceError> {
    |                   ^^^^^^^^^^^^
...
330 |     pub(crate) fn slice_family(&mut self, graph: &mut InferenceContext, domain: SliceDomain, origin: Span) -> Result<OperationFamil...
    |                   ^^^^^^^^^^^^
...
341 |     pub(crate) fn constructor_family(&mut self, graph: &mut InferenceContext, kind: ValueConstructor, origin: Span) -> Result<Opera...
    |                   ^^^^^^^^^^^^^^^^^^
...
354 |     pub(crate) fn declaration_family(&mut self, graph: &mut InferenceContext, authority_id: &'static str, identity: Name, scheme: S...
    |                   ^^^^^^^^^^^^^^^^^^

warning: function `iterable_types` is never used
   --> src/sema/operation_graph.rs:413:4
    |
413 | fn iterable_types(graph:&mut InferenceContext,domain:IterableDomain,origin:Span)->Result<(TypeId,TypeId,Vec<RequirementId>),Inferen...
    |    ^^^^^^^^^^^^^^

warning: associated constants `MIN`, `MAX`, and `ALL` are never used
  --> src/sema/stage_graph.rs:18:43
   |
17 | impl ReductionModes {
   | ------------------- associated constants in this implementation
18 |     pub const SUM:Self=Self(1); pub const MIN:Self=Self(2); pub const MAX:Self=Self(4); pub const ALL:Self=Self(7);
   |                                           ^^^                         ^^^                         ^^^

warning: multiple fields are never read
  --> src/sema/stage_graph.rs:50:9
   |
46 | pub(crate) struct StageCandidate {
   |                   -------------- fields in this struct
...
50 |     pub source: StageSource,
   |         ^^^^^^
51 |     pub input_numeric: Option<Atom>,
   |         ^^^^^^^^^^^^^
52 |     pub form: StageForm,
   |         ^^^^
53 |     pub variant: StageVariant,
   |         ^^^^^^^
54 |     pub parameters: &'static [StageParameter],
   |         ^^^^^^^^^^
55 |     pub callback_slot: Option<usize>,
   |         ^^^^^^^^^^^^^
56 |     pub additional_producer: Option<AdditionalProducer>,
   |         ^^^^^^^^^^^^^^^^^^^
57 |     pub effects: StageEffectRelation,
   |         ^^^^^^^
   |
   = note: `StageCandidate` has derived impls for the traits `Debug` and `Clone`, but these are intentionally ignored during dead code analysis

warning: fields `output_pull`, `output_close`, and `intrinsic_pull` are never read
  --> src/sema/stage_graph.rs:69:9
   |
68 | pub(crate) struct StageEffectRelation {
   |                   ------------------- fields in this struct
69 |     pub output_pull: Box<[EffectRole]>,
   |         ^^^^^^^^^^^
70 |     pub output_close: Box<[EffectRole]>,
   |         ^^^^^^^^^^^^
71 |     pub intrinsic_pull: EffectSet,
   |         ^^^^^^^^^^^^^^
   |
   = note: `StageEffectRelation` has derived impls for the traits `Debug` and `Clone`, but these are intentionally ignored during dead code analysis

warning: method `output_producer_effects` is never used
   --> src/sema/stage_graph.rs:109:19
    |
 74 | impl StageGraph {
    | --------------- method in this implementation
...
109 |     pub(crate) fn output_producer_effects(&self,graph:&InferenceContext,requirement:RequirementId)->Result<Option<(EffectSummary,Ef...
    |                   ^^^^^^^^^^^^^^^^^^^^^^^

warning: variants `MapKey`, `OptionalPayload`, `ResultError`, and `RecordField` are never constructed
  --> src/sema/registry_graph.rs:36:55
   |
36 | pub(crate) enum RegistryProducerComponent { ListItem, MapKey, MapValue, OptionalPayload, ResultSuccess, ResultError, RecordField(Nam...
   |                 -------------------------             ^^^^^^            ^^^^^^^^^^^^^^^                 ^^^^^^^^^^^  ^^^^^^^^^^^
   |                 |
   |                 variants in this enum
   |
   = note: `RegistryProducerComponent` has derived impls for the traits `Debug` and `Clone`, but these are intentionally ignored during dead code analysis

warning: multiple fields are never read
  --> src/sema/registry_graph.rs:76:9
   |
71 | pub(crate) struct RegistryCandidate {
   |                   ----------------- fields in this struct
...
76 |     pub entry: &'static str,
   |         ^^^^^
77 |     pub operation: RuntimeOp,
   |         ^^^^^^^^^
78 |     pub binding: ImplBinding,
   |         ^^^^^^^
79 |     pub kind: CallableKind,
80 |     pub command: bool,
   |         ^^^^^^^
81 |     pub argument_check: ApiArgCheck,
   |         ^^^^^^^^^^^^^^
82 |     pub semantic_rule: SemanticRule,
   |         ^^^^^^^^^^^^^
...
86 |     pub producer_transfer: RegistryProducerTransferPlan,
   |         ^^^^^^^^^^^^^^^^^
   |
   = note: `RegistryCandidate` has derived impls for the traits `Debug` and `Clone`, but these are intentionally ignored during dead code analysis

warning: field `output_roles` is never read
   --> src/sema/registry_graph.rs:101:9
    |
 99 | pub(crate) struct RegistryProducerRelation {
    |                   ------------------------ field in this struct
100 |     pub alternatives:Box<[RegistryProducerAlternative]>,
101 |     pub output_roles:Box<[ProducerRole]>,
    |         ^^^^^^^^^^^^
    |
    = note: `RegistryProducerRelation` has derived impls for the traits `Debug` and `Clone`, but these are intentionally ignored during dead code analysis

warning: fields `authority_id`, `label`, and `shape` are never read
   --> src/sema/registry_graph.rs:106:9
    |
105 | pub(crate) struct RegistrySchema {
    |                   -------------- fields in this struct
106 |     pub authority_id: Name,
    |         ^^^^^^^^^^^^
107 |     pub label: Name,
    |         ^^^^^
108 |     pub shape: TypeId,
    |         ^^^^^
    |
    = note: `RegistrySchema` has derived impls for the traits `Debug` and `Clone`, but these are intentionally ignored during dead code analysis

warning: fields `label` and `ty` are never read
   --> src/sema/registry_graph.rs:112:44
    |
112 | pub(crate) struct RegistryErrorField { pub label:Name, pub ty:TypeId }
    |                   ------------------       ^^^^^           ^^
    |                   |
    |                   fields in this struct
    |
    = note: `RegistryErrorField` has derived impls for the traits `Debug` and `Clone`, but these are intentionally ignored during dead code analysis

warning: fields `authority_id`, `family`, `variant`, `result`, `parameters`, and `facets` are never read
   --> src/sema/registry_graph.rs:116:9
    |
115 | pub(crate) struct RegistryErrorVariant {
    |                   -------------------- fields in this struct
116 |     pub authority_id:Name,
    |         ^^^^^^^^^^^^
117 |     pub family:Name,
    |         ^^^^^^
118 |     pub variant:Name,
    |         ^^^^^^^
119 |     pub result:TypeId,
    |         ^^^^^^
120 |     pub parameters:Box<[RegistryErrorField]>,
    |         ^^^^^^^^^^
121 |     pub facets:Box<[Name]>,
    |         ^^^^^^
    |
    = note: `RegistryErrorVariant` has derived impls for the traits `Debug` and `Clone`, but these are intentionally ignored during dead code analysis

warning: fields `schemas` and `errors` are never read
   --> src/sema/registry_graph.rs:131:5
    |
127 | pub(crate) struct RegistryGraph {
    |                   ------------- fields in this struct
...
131 |     schemas:BTreeMap<String,RegistrySchema>,
    |     ^^^^^^^
132 |     errors:BTreeMap<String,RegistryErrorVariant>,
    |     ^^^^^^

warning: methods `schema`, `builtin_error_variant`, and `producer_result_transfer` are never used
   --> src/sema/registry_graph.rs:152:19
    |
135 | impl RegistryGraph {
    | ------------------ methods in this implementation
...
152 |     pub(crate) fn schema(&mut self,graph:&mut InferenceContext,name:&str,origin:Span)->Result<RegistrySchema,InferenceError> {
    |                   ^^^^^^
...
164 |     pub(crate) fn builtin_error_variant(&mut self,graph:&mut InferenceContext,family:&str,variant:&str,origin:Span)->Result<Registr...
    |                   ^^^^^^^^^^^^^^^^^^^^^
...
242 |     pub(crate) fn producer_result_transfer(&self, graph: &InferenceContext, candidate: CandidateId) -> Result<&RegistryProducerTran...
    |                   ^^^^^^^^^^^^^^^^^^^^^^^^

warning: `xsh` (lib) generated 23 warnings (run `cargo fix --lib -p xsh` to apply 3 suggestions)
warning: variant `Declaration` is never constructed
   --> src/sema/operation_graph.rs:167:5
    |
153 | pub(crate) enum PreparedLanguageOperation {
    |                 ------------------------- variant in this enum
...
167 |     Declaration { authority: &'static str, identity: Name },
    |     ^^^^^^^^^^^
    |
    = note: `PreparedLanguageOperation` has derived impls for the traits `Debug` and `Clone`, but these are intentionally ignored during dead code analysis
    = note: `#[warn(dead_code)]` (part of `#[warn(unused)]`) on by default

warning: fields `authority` and `statement_result_is_unit` are never read
   --> src/sema/operation_graph.rs:177:9
    |
174 | pub(crate) struct OperationCandidate {
    |                   ------------------ fields in this struct
...
177 |     pub authority: &'static str,
    |         ^^^^^^^^^
...
180 |     pub statement_result_is_unit: bool,
    |         ^^^^^^^^^^^^^^^^^^^^^^^^
    |
    = note: `OperationCandidate` has derived impls for the traits `Debug` and `Clone`, but these are intentionally ignored during dead code analysis

warning: method `declaration_family` is never used
   --> src/sema/operation_graph.rs:354:19
    |
190 | impl OperationGraph {
    | ------------------- method in this implementation
...
354 |     pub(crate) fn declaration_family(&mut self, graph: &mut InferenceContext, authority_id: &'static str, identity: Name, scheme: S...
    |                   ^^^^^^^^^^^^^^^^^^

warning: fields `source`, `input_numeric`, `form`, `variant`, and `effects` are never read
  --> src/sema/stage_graph.rs:50:9
   |
46 | pub(crate) struct StageCandidate {
   |                   -------------- fields in this struct
...
50 |     pub source: StageSource,
   |         ^^^^^^
51 |     pub input_numeric: Option<Atom>,
   |         ^^^^^^^^^^^^^
52 |     pub form: StageForm,
   |         ^^^^
53 |     pub variant: StageVariant,
   |         ^^^^^^^
...
57 |     pub effects: StageEffectRelation,
   |         ^^^^^^^
   |
   = note: `StageCandidate` has derived impls for the traits `Debug` and `Clone`, but these are intentionally ignored during dead code analysis

warning: fields `binding`, `command`, and `semantic_rule` are never read
  --> src/sema/registry_graph.rs:78:9
   |
71 | pub(crate) struct RegistryCandidate {
   |                   ----------------- fields in this struct
...
78 |     pub binding: ImplBinding,
   |         ^^^^^^^
79 |     pub kind: CallableKind,
80 |     pub command: bool,
   |         ^^^^^^^
81 |     pub argument_check: ApiArgCheck,
82 |     pub semantic_rule: SemanticRule,
   |         ^^^^^^^^^^^^^
   |
   = note: `RegistryCandidate` has derived impls for the traits `Debug` and `Clone`, but these are intentionally ignored during dead code analysis

warning: `xsh` (lib test) generated 10 warnings (5 duplicates)
    Finished `test` profile [unoptimized] target(s) in 0.13s
     Running unittests src/lib.rs (target/debug/build/xsh/3b1ba41aea3ea9fa/out/xsh-3b1ba41aea3ea9fa)

running 104 tests
test sema::inference::finalized::publication_tests::cached_alias_suffix_preserves_the_substitution_depth_guard ... ok
test sema::inference::finalized::publication_tests::candidate_output_roots_do_not_authorize_foreign_effect_binders ... ok
test sema::inference::finalized::publication_tests::external_effect_roots_reject_a_sibling_scheme_binder ... ok
test sema::inference::finalized::publication_tests::frozen_scheme_effect_endpoints_and_variable_bindings_are_closed ... ok
test sema::inference::finalized::publication_tests::publication_enforces_its_work_budget ... ok
test sema::inference::finalized::publication_tests::repeated_source_requirement_roots_share_the_certificate_walk ... ok
test sema::inference::finalized::publication_tests::requirement_origin_handles_are_provenance_without_scope_authority ... ok
test sema::inference::finalized::publication_tests::shared_publication_roots_charge_only_one_graph_walk ... ok
test sema::inference::finalized::publication_tests::shared_subgraphs_do_not_hide_a_deeper_path ... ok
test sema::inference::finalized::publication_tests::source_invocation_publication_rejects_altered_binding_and_timing_evidence ... ok
test sema::inference::finalized::publication_tests::source_requirement_roots_validate_the_exact_member_scope ... ok
test sema::inference::reference::production_matches_captured_open_row_aliases ... ok
test sema::inference::reference::production_matches_environment_escape_through_substitutions_and_capture ... ok
test sema::inference::reference::production_matches_failed_probe_isolation_and_retired_handles ... ok
test sema::inference::reference::production_matches_generated_rank_one_schemes_with_captured_variables ... ok
test sema::inference::reference::production_matches_immutable_alias_of_a_monomorphic_binding ... ok
test sema::inference::reference::production_matches_independent_generated_equations_and_permutations ... ok
test sema::inference::reference::production_matches_quantified_open_rows_and_residual_lacks ... ok
test sema::inference::reference::production_matches_rank_one_freshening_and_monomorphic_aliases ... ok
test sema::inference::reference::reference_environment_escape_tracks_metas_reachable_through_substitution ... ok
test sema::inference::reference::reference_failed_probe_retires_variables_and_restores_substitutions ... ok
test sema::inference::reference::reference_failed_row_probe_restores_lacks_and_common_field_bindings ... ok
test sema::inference::reference::reference_generated_equations_preserve_principal_relationships_under_permutation ... ok
test sema::inference::reference::reference_scheme_instantiation_freshens_rows_and_preserves_lacks ... ok
test sema::inference::reference::reference_substitution_preserves_captured_metas_and_row_lacks ... ok
test sema::inference::reference::reference_substitution_rejects_cross_kind_recursive_equations ... ok
test sema::inference::reference::reference_value_restriction_keeps_mutable_and_expansive_aliases_monomorphic ... ok
test sema::inference::tests::abstract_operation_keeps_finite_family_without_ground_certificate ... ok
test sema::inference::tests::abstract_operation_trials_preserve_latent_effect_bounds ... ok
test sema::inference::tests::abstract_operation_trials_preserve_row_masks ... ok
test sema::inference::tests::arrow_assignment_preserves_explicit_effect_upper_bound_and_kind ... ok
test sema::inference::tests::audit_accumulated_lacks_obey_row_label_limit ... ok
test sema::inference::tests::audit_foreign_effect_is_rejected_before_unknown_erasure ... ok
test sema::inference::tests::audit_latent_effect_scheme_instances_are_independent ... ok
test sema::inference::tests::audit_unrelated_rigid_requirement_cannot_attach_to_ground_scheme ... ok
test sema::inference::tests::audit_watcher_dispatch_is_charged_even_in_failed_probe ... ok
test sema::inference::tests::bounded_views_preserve_ground_contracts_and_refuse_unresolved_erasure ... ok
test sema::inference::tests::calculated_capture_edges_are_bounded_and_failed_propagation_is_rewound ... ok
test sema::inference::tests::calculated_upper_worklist_handles_cycles_without_sealing_latent_inputs ... ok
test sema::inference::tests::callable_invocation_binding_uses_actual_defaults_rest_and_splice_shape ... ok
test sema::inference::tests::callable_invocation_concrete_effect_equation_discharges_before_ground_caller_generalization ... ok
test sema::inference::tests::callable_invocation_effect_outputs_are_fresh_and_stream_defaults_stay_lazy ... ok
test sema::inference::tests::callable_invocation_failed_binding_and_effect_proofs_rewind_partial_constraints ... ok
test sema::inference::tests::callable_invocation_named_arguments_retain_their_label_requirement ... ok
test sema::inference::tests::callable_invocation_payload_handles_retire_after_trials_and_keep_reason_provenance ... ok
test sema::inference::tests::callable_invocation_positional_calls_keep_actual_labels_and_independent_instances ... ok
test sema::inference::tests::callable_invocation_pure_domain_has_empty_computed_effects_before_shape_is_known ... ok
test sema::inference::tests::callable_invocation_rejects_proc_in_pure_context_and_wrong_operand_without_training ... ok
test sema::inference::tests::callable_invocation_scoped_schemes_and_ground_binding_proofs_freeze_together ... ok
test sema::inference::tests::candidate_trial_rewinds_success_and_retires_its_allocations ... ok
test sema::inference::tests::captured_and_expansive_bindings_do_not_generalize ... ok
test sema::inference::tests::captured_bounded_effect_plus_fixed_part_seals_to_its_exact_finite_union ... ok
test sema::inference::tests::captured_calculated_inputs_wake_operation_dependents_without_losing_provenance ... ok
test sema::inference::tests::captured_effect_inputs_respect_downstream_bounds_in_both_insertion_orders ... ok
test sema::inference::tests::captured_partial_upper_union_stays_symbolic_with_an_exact_derived_bound ... ok
test sema::inference::tests::captured_rigid_effects_form_calculated_unions_without_equality_aliases ... ok
test sema::inference::tests::component_lexical_capture_requires_exact_authorized_outer_bindings ... ok
test sema::inference::tests::component_member_scope_rejects_sibling_only_binders_and_maps_sparse_indices ... ok
test sema::inference::tests::component_records_captured_meta_identity_before_enclosing_generalization ... ok
test sema::inference::tests::component_schemes_retain_reachable_sibling_obligations_and_hidden_outputs ... ok
test sema::inference::tests::component_value_restriction_lowers_shared_variables_before_any_generalization ... ok
test sema::inference::tests::constraint_reasons_survive_success_and_rewind_failed_trials ... ok
test sema::inference::tests::declaration_facts_retain_rigid_identity_and_publication_rejects_ground_escape ... ok
test sema::inference::tests::derived_effects_seal_only_without_latent_input_relationships ... ok
test sema::inference::tests::derived_operation_effects_wait_for_type_dependent_candidate_selection ... ok
test sema::inference::tests::effect_schemes_preserve_inclusions_and_monomorphic_alias_restriction ... ok
test sema::inference::tests::equality_candidate_keeps_independent_operands_until_compatibility_is_known ... ok
test sema::inference::tests::exact_effect_port_failure_rewinds_binding_and_retains_reason_edges ... ok
test sema::inference::tests::exact_producer_effect_ports_freshen_and_bind_closed_or_opaque_inputs ... ok
test sema::inference::tests::failed_add_probe_does_not_poison_another_discharge ... ok
test sema::inference::tests::failed_probe_handles_do_not_alias_later_allocations_or_other_graphs ... ok
test sema::inference::tests::fixed_effect_inclusions_propagate_and_failed_upper_bound_rolls_back ... ok
test sema::inference::tests::generalization_rejects_a_captured_budget_depending_on_new_latent_parameters ... ok
test sema::inference::tests::ground_operation_certificate_separates_required_effects_from_caller_budget ... ok
test sema::inference::tests::instantiated_invocation_obligations_preserve_exact_source_origins ... ok
test sema::inference::tests::instantiated_obligation_correspondences_preserve_two_calls_of_the_same_body ... ok
test sema::inference::tests::masked_effect_inclusion_captures_exact_rigid_inputs_and_publishes_the_relation ... ok
test sema::inference::tests::masked_effect_inclusion_failed_bounds_rewind_but_charge_work ... ok
test sema::inference::tests::masked_effect_inclusion_generalizes_symbolic_inputs_for_independent_callers ... ok
test sema::inference::tests::masked_effect_inclusion_rejects_disjoint_rigid_effect_bounds ... ok
test sema::inference::tests::masked_effect_inclusion_removes_only_the_retained_error_permission ... ok
test sema::inference::tests::masked_effect_inclusion_tautology_does_not_create_a_phantom_calculated_binder ... ok
test sema::inference::tests::obligation_correspondences_include_candidate_dependencies_and_retire_failed_trials ... ok
test sema::inference::tests::occurs_failure_restores_nested_substitutions ... ok
test sema::inference::tests::opaque_effects_propagate_through_execution_budgets_and_reject_finite_bounds ... ok
test sema::inference::tests::open_projection_keeps_actual_fields_and_projects_distinct_types ... ok
test sema::inference::tests::operation_candidates_wake_when_caller_effect_budget_is_narrowed ... ok
test sema::inference::tests::publication_checks_requirement_scope_even_when_signature_is_ground ... ok
test sema::inference::tests::reason_contribution_edges_are_bounded_and_charged_on_failed_trials ... ok
test sema::inference::tests::recursive_component_keeps_common_binders_and_fresh_member_instances ... ok
test sema::inference::tests::rigid_capture_cannot_lower_beyond_its_scope ... ok
test sema::inference::tests::rigid_requirement_with_no_supported_domain_is_rejected ... ok
test sema::inference::tests::row_lacks_kind_and_recursive_equations_reject_without_binding ... ok
test sema::inference::tests::schemes_publish_only_residual_requirements_and_keep_ground_certificates ... ok
test sema::inference::tests::sealed_add_requirements_are_generalized_forwarded_and_discharged ... ok
test sema::inference::tests::selected_json_candidate_exposes_no_certificate_before_actual_predicate_solves ... ok
test sema::inference::tests::shared_import_reuses_legacy_identity_inside_nested_views ... ok
test sema::inference::tests::shared_import_rolls_back_identities_and_keeps_dynamic_and_recovery_distinct ... ok
test sema::inference::tests::stage_eligibility_preserves_each_checked_operand_domain ... ok
test sema::inference::tests::standalone_effect_roots_generalize_and_instantiate_independently ... ok
test sema::inference::tests::unbound_captured_effect_unions_cannot_be_reported_as_finite_lower_bounds ... ok
test sema::inference::tests::width_assignment_is_not_row_equality_or_container_covariance ... ok
test sema::inference::tests::work_charges_wide_structural_copies_before_a_failed_match ... ok
test sema::inference::tests::work_exhaustion_preserves_pending_requirement_on_solve_entry ... ok

test result: ok. 104 passed; 0 failed; 0 ignored; 0 measured; 489 filtered out; finished in 0.08s

