    Blocking waiting for file lock on build directory
warning: unused imports: `ProducerFlowField` and `ProducerFlowNode`
  --> src/sema/check.rs:73:20
   |
73 | ...::{ProducerFlowField, ProducerFlowGraph, ProducerFlowId, ProducerFlowKind, ProducerFlowOperationAlternative, ProducerFlowNode, Pr...
   |       ^^^^^^^^^^^^^^^^^                                                                                         ^^^^^^^^^^^^^^^^
   |
   = note: `#[warn(unused_imports)]` (part of `#[warn(unused)]`) on by default

warning: unused imports: `SolvedStage` and `StageCallback`
  --> src/sema/check.rs:74:150
   |
74 | ...rationIdentity, ExpressionIdentity, StageIdentity, StageCallback, SolvedStage, ProducerEffects, ProducerPath, ProducerPathCompone...
   |                                                       ^^^^^^^^^^^^^  ^^^^^^^^^^^

warning: unused import: `solved::RegistryArgumentCoercion`
  --> src/sema/check.rs:75:9
   |
75 | pub use solved::RegistryArgumentCoercion;
   |         ^^^^^^^^^^^^^^^^^^^^^^^^^^^^^^^^

warning: methods `check_stream_block_params_arena`, `check_stage_arguments_arena`, and `check_static_positive_value_arena` are never used
   --> src/sema/check/stream.rs:35:19
    |
  5 | impl Checker {
    | ------------ methods in this implementation
...
 35 |     pub(super) fn check_stream_block_params_arena(
    |                   ^^^^^^^^^^^^^^^^^^^^^^^^^^^^^^^
...
 82 |     pub(super) fn check_stage_arguments_arena(
    |                   ^^^^^^^^^^^^^^^^^^^^^^^^^^^
...
157 |     fn check_static_positive_value_arena(
    |        ^^^^^^^^^^^^^^^^^^^^^^^^^^^^^^^^^
    |
    = note: `#[warn(dead_code)]` (part of `#[warn(unused)]`) on by default

warning: field `stage_graph` is never read
  --> src/sema/check/generic.rs:50:9
   |
47 | pub(super) struct GenericState {
   |                   ------------ field in this struct
...
50 |     pub stage_graph: crate::sema::stage_graph::StageGraph,
   |         ^^^^^^^^^^^

warning: enum `LanguageDisposition` is never used
 --> src/sema/operation_graph.rs:9:17
  |
9 | pub(crate) enum LanguageDisposition { SealedRequirement, ParametricTemplate, FixedBoundary, DynamicBoundary, StaticIdentity }
  |                 ^^^^^^^^^^^^^^^^^^^

warning: struct `LanguageAuthority` is never constructed
  --> src/sema/operation_graph.rs:12:19
   |
12 | pub(crate) struct LanguageAuthority { pub id: &'static str, pub family: &'static str, pub disposition: LanguageDisposition }
   |                   ^^^^^^^^^^^^^^^^^

warning: constant `LANGUAGE_AUTHORITIES` is never used
  --> src/sema/operation_graph.rs:14:18
   |
14 | pub(crate) const LANGUAGE_AUTHORITIES: &[LanguageAuthority] = &[
   |                  ^^^^^^^^^^^^^^^^^^^^

warning: enum `ArithmeticDomain` is never used
   --> src/sema/operation_graph.rs:143:17
    |
143 | pub(crate) enum ArithmeticDomain { Integer { left: Atom, right: Atom }, Float, Text, List, DurationPair, DurationScale { duration_l...
    |                 ^^^^^^^^^^^^^^^^

warning: enum `MembershipDomain` is never used
   --> src/sema/operation_graph.rs:145:17
    |
145 | pub(crate) enum MembershipDomain { List, Map, Str, Bytes, Record, Path { needle: Atom }, EnvPathList }
    |                 ^^^^^^^^^^^^^^^^

warning: enum `IterableDomain` is never used
   --> src/sema/operation_graph.rs:147:17
    |
147 | pub(crate) enum IterableDomain { List, Stream, Map, Str, Bytes }
    |                 ^^^^^^^^^^^^^^

warning: enum `SliceDomain` is never used
   --> src/sema/operation_graph.rs:149:17
    |
149 | pub(crate) enum SliceDomain { List, Str, Bytes }
    |                 ^^^^^^^^^^^

warning: enum `ValueConstructor` is never used
   --> src/sema/operation_graph.rs:151:17
    |
151 | pub(crate) enum ValueConstructor { Ok, Err, Path, Range }
    |                 ^^^^^^^^^^^^^^^^

warning: enum `PreparedLanguageOperation` is never used
   --> src/sema/operation_graph.rs:153:17
    |
153 | pub(crate) enum PreparedLanguageOperation {
    |                 ^^^^^^^^^^^^^^^^^^^^^^^^^

warning: enum `OperationArgumentOrder` is never used
   --> src/sema/operation_graph.rs:171:17
    |
171 | pub(crate) enum OperationArgumentOrder { SourceOrder, ReceiverThenNeedle }
    |                 ^^^^^^^^^^^^^^^^^^^^^^

warning: struct `OperationCandidate` is never constructed
   --> src/sema/operation_graph.rs:174:19
    |
174 | pub(crate) struct OperationCandidate {
    |                   ^^^^^^^^^^^^^^^^^^

warning: struct `OperationGraph` is never constructed
   --> src/sema/operation_graph.rs:184:19
    |
184 | pub(crate) struct OperationGraph {
    |                   ^^^^^^^^^^^^^^

warning: multiple methods are never used
   --> src/sema/operation_graph.rs:191:8
    |
190 | impl OperationGraph {
    | ------------------- methods in this implementation
191 |     fn bind_owner(&mut self, graph: &InferenceContext) -> Result<(), InferenceError> {
    |        ^^^^^^^^^^
...
195 |     fn family(&mut self, graph: &mut InferenceContext, key: String, build: impl FnOnce(&mut Self, &mut InferenceContext) -> Result<...
    |        ^^^^^^
...
204 |     pub(crate) fn metadata(&self, graph: &InferenceContext, id: CandidateId) -> Result<&OperationCandidate, InferenceError> {
    |                   ^^^^^^^^
...
211 |     fn candidate(&mut self, graph: &mut InferenceContext, contract: LanguageContract) -> Result<CandidateId, InferenceError> {
    |        ^^^^^^^^^
...
221 |     pub(crate) fn binary_family(&mut self, graph: &mut InferenceContext, op: BinaryOp, origin: Span) -> Result<OperationFamilyId, I...
    |                   ^^^^^^^^^^^^^
...
273 |     pub(crate) fn compound_family(&mut self, graph: &mut InferenceContext, op: AssignOp, origin: Span) -> Result<OperationFamilyId,...
    |                   ^^^^^^^^^^^^^^^
...
291 |     pub(crate) fn unary_family(&mut self, graph: &mut InferenceContext, op: UnaryOp, _origin: Span) -> Result<OperationFamilyId, In...
    |                   ^^^^^^^^^^^^
...
299 |     pub(crate) fn iteration_family(&mut self, graph: &mut InferenceContext, origin: Span) -> Result<OperationFamilyId, InferenceErr...
    |                   ^^^^^^^^^^^^^^^^
...
317 |     pub(crate) fn index_family(&mut self, graph: &mut InferenceContext, origin: Span) -> Result<OperationFamilyId, InferenceError> {
    |                   ^^^^^^^^^^^^
...
330 |     pub(crate) fn slice_family(&mut self, graph: &mut InferenceContext, domain: SliceDomain, origin: Span) -> Result<OperationFamil...
    |                   ^^^^^^^^^^^^
...
341 |     pub(crate) fn constructor_family(&mut self, graph: &mut InferenceContext, kind: ValueConstructor, origin: Span) -> Result<Opera...
    |                   ^^^^^^^^^^^^^^^^^^
...
354 |     pub(crate) fn declaration_family(&mut self, graph: &mut InferenceContext, authority_id: &'static str, identity: Name, scheme: S...
    |                   ^^^^^^^^^^^^^^^^^^

warning: struct `LanguageContract` is never constructed
   --> src/sema/operation_graph.rs:367:8
    |
367 | struct LanguageContract {
    |        ^^^^^^^^^^^^^^^^

warning: associated function `new` is never used
   --> src/sema/operation_graph.rs:372:8
    |
371 | impl LanguageContract {
    | --------------------- associated function in this implementation
372 |     fn new(authority:String,operation:PreparedLanguageOperation,parameters:Vec<TypeId>,result:TypeId)->Self {
    |        ^^^

warning: function `authority` is never used
   --> src/sema/operation_graph.rs:378:4
    |
378 | fn authority(id:&str)->Result<&'static LanguageAuthority,InferenceError> { LANGUAGE_AUTHORITIES.iter().find(|authority|authority.id...
    |    ^^^^^^^^^

warning: function `arithmetic_domains` is never used
   --> src/sema/operation_graph.rs:380:4
    |
380 | fn arithmetic_domains(op:BinaryOp,compound:bool)->Vec<ArithmeticDomain> {
    |    ^^^^^^^^^^^^^^^^^^

warning: function `arithmetic_authority` is never used
   --> src/sema/operation_graph.rs:392:4
    |
392 | fn arithmetic_authority(op:BinaryOp,domain:ArithmeticDomain)->String {
    |    ^^^^^^^^^^^^^^^^^^^^

warning: function `arithmetic_types` is never used
   --> src/sema/operation_graph.rs:396:4
    |
396 | fn arithmetic_types(graph:&mut InferenceContext,domain:ArithmeticDomain,origin:Span)->Result<(TypeId,TypeId,TypeId),InferenceError> {
    |    ^^^^^^^^^^^^^^^^

warning: function `membership_name` is never used
   --> src/sema/operation_graph.rs:403:4
    |
403 | fn membership_name(domain:MembershipDomain)->&'static str { match domain { MembershipDomain::List => "List",MembershipDomain::Map =...
    |    ^^^^^^^^^^^^^^^

warning: function `membership_types` is never used
   --> src/sema/operation_graph.rs:404:4
    |
404 | fn membership_types(graph:&mut InferenceContext,domain:MembershipDomain,origin:Span)->Result<(TypeId,TypeId,Vec<RequirementId>),Inf...
    |    ^^^^^^^^^^^^^^^^

warning: function `iterable_types` is never used
   --> src/sema/operation_graph.rs:413:4
    |
413 | fn iterable_types(graph:&mut InferenceContext,domain:IterableDomain,origin:Span)->Result<(TypeId,TypeId,Vec<RequirementId>),Inferen...
    |    ^^^^^^^^^^^^^^

warning: variants `List` and `Stream` are never constructed
  --> src/sema/stage_graph.rs:10:34
   |
10 | pub(crate) enum SequenceDomain { List, Stream }
   |                 --------------   ^^^^  ^^^^^^
   |                 |
   |                 variants in this enum
   |
   = note: `SequenceDomain` has derived impls for the traits `Debug` and `Clone`, but these are intentionally ignored during dead code analysis

warning: variants `Sequence`, `Str`, and `Bytes` are never constructed
  --> src/sema/stage_graph.rs:12:31
   |
12 | pub(crate) enum StageSource { Sequence { domain: SequenceDomain, outer_result: bool }, Str, Bytes }
   |                 -----------   ^^^^^^^^                                                 ^^^  ^^^^^
   |                 |
   |                 variants in this enum
   |
   = note: `StageSource` has derived impls for the traits `Debug` and `Clone`, but these are intentionally ignored during dead code analysis

warning: multiple variants are never constructed
  --> src/sema/stage_graph.rs:14:33
   |
14 | pub(crate) enum CallbackShape { Absent, Value, Unit, ResultUnit, List, Stream, ResultList, ResultStream }
   |                 -------------   ^^^^^^  ^^^^^  ^^^^  ^^^^^^^^^^  ^^^^  ^^^^^^  ^^^^^^^^^^  ^^^^^^^^^^^^
   |                 |
   |                 variants in this enum
   |
   = note: `CallbackShape` has derived impls for the traits `Debug` and `Clone`, but these are intentionally ignored during dead code analysis

warning: associated items `SUM`, `MIN`, `MAX`, `ALL`, `from_static_configuration`, and `contains_sum` are never used
  --> src/sema/stage_graph.rs:18:15
   |
17 | impl ReductionModes {
   | ------------------- associated items in this implementation
18 |     pub const SUM:Self=Self(1); pub const MIN:Self=Self(2); pub const MAX:Self=Self(4); pub const ALL:Self=Self(7);
   |               ^^^                         ^^^                         ^^^                         ^^^
19 |     pub fn from_static_configuration(sum:Option<bool>,min:Option<bool>,max:Option<bool>)->Result<Self,InferenceError> {
   |            ^^^^^^^^^^^^^^^^^^^^^^^^^
...
26 |     fn contains_sum(self)->bool { self.0&Self::SUM.0!=0 }
   |        ^^^^^^^^^^^^

warning: variants `Value`, `Int`, `UInt`, `Float`, and `Record` are never constructed
  --> src/sema/stage_graph.rs:29:34
   |
29 | pub(crate) enum ReductionShape { Value, Int, UInt, Float, Record }
   |                 --------------   ^^^^^  ^^^  ^^^^  ^^^^^  ^^^^^^
   |                 |
   |                 variants in this enum
   |
   = note: `ReductionShape` has derived impls for the traits `Debug` and `Clone`, but these are intentionally ignored during dead code analysis

warning: variants `ZipArgument` and `CallbackResult` are never constructed
  --> src/sema/stage_graph.rs:44:38
   |
44 | pub(crate) enum AdditionalProducer { ZipArgument, CallbackResult }
   |                 ------------------   ^^^^^^^^^^^  ^^^^^^^^^^^^^^
   |                 |
   |                 variants in this enum
   |
   = note: `AdditionalProducer` has derived impls for the traits `Debug` and `Clone`, but these are intentionally ignored during dead code analysis

warning: multiple fields are never read
  --> src/sema/stage_graph.rs:47:9
   |
46 | pub(crate) struct StageCandidate {
   |                   -------------- fields in this struct
47 |     pub identity: Name,
   |         ^^^^^^^^
48 |     pub scheme: SchemeId,
   |         ^^^^^^
49 |     pub stage: StreamStageKind,
   |         ^^^^^
50 |     pub source: StageSource,
   |         ^^^^^^
51 |     pub input_numeric: Option<Atom>,
   |         ^^^^^^^^^^^^^
52 |     pub form: StageForm,
   |         ^^^^
53 |     pub variant: StageVariant,
   |         ^^^^^^^
54 |     pub parameters: &'static [StageParameter],
   |         ^^^^^^^^^^
55 |     pub callback_slot: Option<usize>,
   |         ^^^^^^^^^^^^^
56 |     pub additional_producer: Option<AdditionalProducer>,
   |         ^^^^^^^^^^^^^^^^^^^
57 |     pub effects: StageEffectRelation,
   |         ^^^^^^^
   |
   = note: `StageCandidate` has derived impls for the traits `Debug` and `Clone`, but these are intentionally ignored during dead code analysis

warning: fields `owner`, `families`, and `candidates` are never read
  --> src/sema/stage_graph.rs:62:5
   |
61 | pub(crate) struct StageGraph {
   |                   ---------- fields in this struct
62 |     owner: Option<GraphOwner>,
   |     ^^^^^
63 |     families: BTreeMap<String, OperationFamilyId>,
   |     ^^^^^^^^
64 |     candidates: FxHashMap<CandidateId, StageCandidate>,
   |     ^^^^^^^^^^

warning: fields `output_pull`, `output_close`, and `intrinsic_pull` are never read
  --> src/sema/stage_graph.rs:69:9
   |
68 | pub(crate) struct StageEffectRelation {
   |                   ------------------- fields in this struct
69 |     pub output_pull: Box<[EffectRole]>,
   |         ^^^^^^^^^^^
70 |     pub output_close: Box<[EffectRole]>,
   |         ^^^^^^^^^^^^
71 |     pub intrinsic_pull: EffectSet,
   |         ^^^^^^^^^^^^^^
   |
   = note: `StageEffectRelation` has derived impls for the traits `Debug` and `Clone`, but these are intentionally ignored during dead code analysis

warning: methods `family`, `metadata`, `output_effect_bindings`, `output_producer_effects`, and `import` are never used
   --> src/sema/stage_graph.rs:75:19
    |
 74 | impl StageGraph {
    | --------------- methods in this implementation
 75 |     pub(crate) fn family(&mut self, graph: &mut InferenceContext, stage: StreamStageKind, form: StageForm, origin: Span) -> Result<...
    |                   ^^^^^^
...
 93 |     pub(crate) fn metadata(&self,graph:&InferenceContext,id:CandidateId)->Result<&StageCandidate,InferenceError> {
    |                   ^^^^^^^^
...
 99 |     pub(crate) fn output_effect_bindings(&self,graph:&mut InferenceContext,family:OperationFamilyId,level:u32)->Result<Vec<(Produce...
    |                   ^^^^^^^^^^^^^^^^^^^^^^
...
109 |     pub(crate) fn output_producer_effects(&self,graph:&InferenceContext,requirement:RequirementId)->Result<Option<(EffectSummary,Ef...
    |                   ^^^^^^^^^^^^^^^^^^^^^^^
...
119 |     fn import(&mut self,graph:&mut InferenceContext,stage:StreamStageKind,source:StageSource,input_numeric:Option<Atom>,form:StageF...
    |        ^^^^^^

warning: function `sequence` is never used
   --> src/sema/stage_graph.rs:228:4
    |
228 | fn sequence(graph:&mut InferenceContext,domain:SequenceDomain,item:TypeId)->Result<TypeId,InferenceError> { match domain { Sequence...
    |    ^^^^^^^^

warning: function `record` is never used
   --> src/sema/stage_graph.rs:229:4
    |
229 | fn record(graph:&mut InferenceContext,fields:&[(&str,TypeId)])->Result<TypeId,InferenceError> { let row=graph.row(fields.iter().map...
    |    ^^^^^^

warning: function `require` is never used
   --> src/sema/stage_graph.rs:230:4
    |
230 | fn require(graph:&mut InferenceContext,requirements:&mut Vec<RequirementId>,predicate:Eligibility,ty:TypeId,reason:crate::sema::inf...
    |    ^^^^^^^

warning: function `add_secondary_producer` is never used
   --> src/sema/stage_graph.rs:231:4
    |
231 | fn add_secondary_producer(graph:&mut InferenceContext,domain:SequenceDomain,roles:&mut Vec<(EffectRole,EffectSummary)>,pull:&mut Ve...
    |    ^^^^^^^^^^^^^^^^^^^^^^

warning: function `is_terminal` is never used
   --> src/sema/stage_graph.rs:235:4
    |
235 | fn is_terminal(stage:&StreamStageKind)->bool { matches!(stage,StreamStageKind::Each|StreamStageKind::First|StreamStageKind::Last|St...
    |    ^^^^^^^^^^^

warning: function `validate_form` is never used
   --> src/sema/stage_graph.rs:236:4
    |
236 | fn validate_form(stage:&StreamStageKind,form:StageForm)->Result<(),InferenceError> {
    |    ^^^^^^^^^^^^^

warning: function `variants` is never used
   --> src/sema/stage_graph.rs:248:4
    |
248 | fn variants(stage:&StreamStageKind,form:StageForm)->Vec<StageVariant> {
    |    ^^^^^^^^

warning: variants `MapKey`, `OptionalPayload`, `ResultError`, and `RecordField` are never constructed
  --> src/sema/registry_graph.rs:36:55
   |
36 | pub(crate) enum RegistryProducerComponent { ListItem, MapKey, MapValue, OptionalPayload, ResultSuccess, ResultError, RecordField(Nam...
   |                 -------------------------             ^^^^^^            ^^^^^^^^^^^^^^^                 ^^^^^^^^^^^  ^^^^^^^^^^^
   |                 |
   |                 variants in this enum
   |
   = note: `RegistryProducerComponent` has derived impls for the traits `Debug` and `Clone`, but these are intentionally ignored during dead code analysis

warning: multiple fields are never read
  --> src/sema/registry_graph.rs:76:9
   |
71 | pub(crate) struct RegistryCandidate {
   |                   ----------------- fields in this struct
...
76 |     pub entry: &'static str,
   |         ^^^^^
77 |     pub operation: RuntimeOp,
   |         ^^^^^^^^^
78 |     pub binding: ImplBinding,
   |         ^^^^^^^
79 |     pub kind: CallableKind,
80 |     pub command: bool,
   |         ^^^^^^^
81 |     pub argument_check: ApiArgCheck,
   |         ^^^^^^^^^^^^^^
82 |     pub semantic_rule: SemanticRule,
   |         ^^^^^^^^^^^^^
...
86 |     pub producer_transfer: RegistryProducerTransferPlan,
   |         ^^^^^^^^^^^^^^^^^
   |
   = note: `RegistryCandidate` has derived impls for the traits `Debug` and `Clone`, but these are intentionally ignored during dead code analysis

warning: field `output_roles` is never read
   --> src/sema/registry_graph.rs:101:9
    |
 99 | pub(crate) struct RegistryProducerRelation {
    |                   ------------------------ field in this struct
100 |     pub alternatives:Box<[RegistryProducerAlternative]>,
101 |     pub output_roles:Box<[ProducerRole]>,
    |         ^^^^^^^^^^^^
    |
    = note: `RegistryProducerRelation` has derived impls for the traits `Debug` and `Clone`, but these are intentionally ignored during dead code analysis

warning: fields `authority_id`, `label`, and `shape` are never read
   --> src/sema/registry_graph.rs:106:9
    |
105 | pub(crate) struct RegistrySchema {
    |                   -------------- fields in this struct
106 |     pub authority_id: Name,
    |         ^^^^^^^^^^^^
107 |     pub label: Name,
    |         ^^^^^
108 |     pub shape: TypeId,
    |         ^^^^^
    |
    = note: `RegistrySchema` has derived impls for the traits `Debug` and `Clone`, but these are intentionally ignored during dead code analysis

warning: fields `label` and `ty` are never read
   --> src/sema/registry_graph.rs:112:44
    |
112 | pub(crate) struct RegistryErrorField { pub label:Name, pub ty:TypeId }
    |                   ------------------       ^^^^^           ^^
    |                   |
    |                   fields in this struct
    |
    = note: `RegistryErrorField` has derived impls for the traits `Debug` and `Clone`, but these are intentionally ignored during dead code analysis

warning: fields `authority_id`, `family`, `variant`, `result`, `parameters`, and `facets` are never read
   --> src/sema/registry_graph.rs:116:9
    |
115 | pub(crate) struct RegistryErrorVariant {
    |                   -------------------- fields in this struct
116 |     pub authority_id:Name,
    |         ^^^^^^^^^^^^
117 |     pub family:Name,
    |         ^^^^^^
118 |     pub variant:Name,
    |         ^^^^^^^
119 |     pub result:TypeId,
    |         ^^^^^^
120 |     pub parameters:Box<[RegistryErrorField]>,
    |         ^^^^^^^^^^
121 |     pub facets:Box<[Name]>,
    |         ^^^^^^
    |
    = note: `RegistryErrorVariant` has derived impls for the traits `Debug` and `Clone`, but these are intentionally ignored during dead code analysis

warning: fields `schemas` and `errors` are never read
   --> src/sema/registry_graph.rs:131:5
    |
127 | pub(crate) struct RegistryGraph {
    |                   ------------- fields in this struct
...
131 |     schemas:BTreeMap<String,RegistrySchema>,
    |     ^^^^^^^
132 |     errors:BTreeMap<String,RegistryErrorVariant>,
    |     ^^^^^^

warning: methods `schema`, `builtin_error_variant`, and `producer_result_transfer` are never used
   --> src/sema/registry_graph.rs:152:19
    |
135 | impl RegistryGraph {
    | ------------------ methods in this implementation
...
152 |     pub(crate) fn schema(&mut self,graph:&mut InferenceContext,name:&str,origin:Span)->Result<RegistrySchema,InferenceError> {
    |                   ^^^^^^
...
164 |     pub(crate) fn builtin_error_variant(&mut self,graph:&mut InferenceContext,family:&str,variant:&str,origin:Span)->Result<Registr...
    |                   ^^^^^^^^^^^^^^^^^^^^^
...
242 |     pub(crate) fn producer_result_transfer(&self, graph: &InferenceContext, candidate: CandidateId) -> Result<&RegistryProducerTran...
    |                   ^^^^^^^^^^^^^^^^^^^^^^^^

warning: `xsh` (lib) generated 52 warnings (run `cargo fix --lib -p xsh` to apply 3 suggestions)
warning: unused import: `ProducerFlowNode`
  --> src/sema/check.rs:73:126
   |
73 | ...Id, ProducerFlowKind, ProducerFlowOperationAlternative, ProducerFlowNode, ProducerFlowSource};
   |                                                            ^^^^^^^^^^^^^^^^
   |
   = note: `#[warn(unused_imports)]` (part of `#[warn(unused)]`) on by default

warning: variant `Declaration` is never constructed
   --> src/sema/operation_graph.rs:167:5
    |
153 | pub(crate) enum PreparedLanguageOperation {
    |                 ------------------------- variant in this enum
...
167 |     Declaration { authority: &'static str, identity: Name },
    |     ^^^^^^^^^^^
    |
    = note: `PreparedLanguageOperation` has derived impls for the traits `Debug` and `Clone`, but these are intentionally ignored during dead code analysis

warning: fields `authority` and `statement_result_is_unit` are never read
   --> src/sema/operation_graph.rs:177:9
    |
174 | pub(crate) struct OperationCandidate {
    |                   ------------------ fields in this struct
...
177 |     pub authority: &'static str,
    |         ^^^^^^^^^
...
180 |     pub statement_result_is_unit: bool,
    |         ^^^^^^^^^^^^^^^^^^^^^^^^
    |
    = note: `OperationCandidate` has derived impls for the traits `Debug` and `Clone`, but these are intentionally ignored during dead code analysis

warning: method `declaration_family` is never used
   --> src/sema/operation_graph.rs:354:19
    |
190 | impl OperationGraph {
    | ------------------- method in this implementation
...
354 |     pub(crate) fn declaration_family(&mut self, graph: &mut InferenceContext, authority_id: &'static str, identity: Name, scheme: S...
    |                   ^^^^^^^^^^^^^^^^^^

warning: associated function `from_static_configuration` is never used
  --> src/sema/stage_graph.rs:19:12
   |
17 | impl ReductionModes {
   | ------------------- associated function in this implementation
18 |     pub const SUM:Self=Self(1); pub const MIN:Self=Self(2); pub const MAX:Self=Self(4); pub const ALL:Self=Self(7);
19 |     pub fn from_static_configuration(sum:Option<bool>,min:Option<bool>,max:Option<bool>)->Result<Self,InferenceError> {
   |            ^^^^^^^^^^^^^^^^^^^^^^^^^

warning: fields `source`, `input_numeric`, `form`, `variant`, and `effects` are never read
  --> src/sema/stage_graph.rs:50:9
   |
46 | pub(crate) struct StageCandidate {
   |                   -------------- fields in this struct
...
50 |     pub source: StageSource,
   |         ^^^^^^
51 |     pub input_numeric: Option<Atom>,
   |         ^^^^^^^^^^^^^
52 |     pub form: StageForm,
   |         ^^^^
53 |     pub variant: StageVariant,
   |         ^^^^^^^
...
57 |     pub effects: StageEffectRelation,
   |         ^^^^^^^
   |
   = note: `StageCandidate` has derived impls for the traits `Debug` and `Clone`, but these are intentionally ignored during dead code analysis

warning: fields `binding`, `command`, `semantic_rule`, and `producer_transfer` are never read
  --> src/sema/registry_graph.rs:78:9
   |
71 | pub(crate) struct RegistryCandidate {
   |                   ----------------- fields in this struct
...
78 |     pub binding: ImplBinding,
   |         ^^^^^^^
79 |     pub kind: CallableKind,
80 |     pub command: bool,
   |         ^^^^^^^
81 |     pub argument_check: ApiArgCheck,
82 |     pub semantic_rule: SemanticRule,
   |         ^^^^^^^^^^^^^
...
86 |     pub producer_transfer: RegistryProducerTransferPlan,
   |         ^^^^^^^^^^^^^^^^^
   |
   = note: `RegistryCandidate` has derived impls for the traits `Debug` and `Clone`, but these are intentionally ignored during dead code analysis

warning: method `producer_result_transfer` is never used
   --> src/sema/registry_graph.rs:242:19
    |
135 | impl RegistryGraph {
    | ------------------ method in this implementation
...
242 |     pub(crate) fn producer_result_transfer(&self, graph: &InferenceContext, candidate: CandidateId) -> Result<&RegistryProducerTran...
    |                   ^^^^^^^^^^^^^^^^^^^^^^^^

warning: `xsh` (lib test) generated 14 warnings (6 duplicates) (run `cargo fix --lib -p xsh --tests` to apply 1 suggestion)
    Finished `test` profile [unoptimized] target(s) in 32.84s
     Running unittests src/lib.rs (target/debug/build/xsh/3b1ba41aea3ea9fa/out/xsh-3b1ba41aea3ea9fa)

running 3 tests

thread 'sema::check::language_operation::tests::generalized_negation_preserves_distinct_integer_and_float_instances' (4761308) panicked at src/sema/check/language_operation.rs:42:9:
[Diagnostic { severity: Error, code: Some("check.type-mismatch"), message: "expected Int, found Float", span: None, labels: [Label { style: Primary, span: Span { source_id: SourceId(0), start: 81, len: 11 }, message: Some("expected Int, found Float") }], notes: [], fix_hints: [] }, Diagnostic { severity: Error, code: Some("check.unsolved-relationship"), message: "an earlier type error prevents establishing this relationship", span: None, labels: [Label { style: Primary, span: Span { source_id: SourceId(0), start: 0, len: 0 }, message: Some("an earlier type error prevents establishing this relationship") }], notes: [], fix_hints: [] }]
note: run with `RUST_BACKTRACE=1` environment variable to display a backtrace

thread 'sema::check::language_operation::tests::generalized_membership_forwards_each_container_domain_and_rejects_mismatched_items' (4761307) panicked at src/sema/check/language_operation.rs:31:24:
[Diagnostic { severity: Error, code: Some("check.membership-type"), message: "membership requires List, Map, Record, Str, Bytes, Path, or env.PATH", span: None, labels: [Label { style: Primary, span: Span { source_id: SourceId(0), start: 43, len: 9 }, message: Some("membership requires List, Map, Record, Str, Bytes, Path, or env.PATH") }], notes: [], fix_hints: [] }]

thread 'sema::check::language_operation::tests::generalized_arithmetic_uses_definition_owned_sealed_operation_requirements' (4761306) panicked at src/sema/check/language_operation.rs:15:17:
-: [Diagnostic { severity: Error, code: Some("check.type-mismatch"), message: "expected Int, found Float", span: None, labels: [Label { style: Primary, span: Span { source_id: SourceId(0), start: 154, len: 20 }, message: Some("expected Int, found Float") }], notes: [], fix_hints: [] }, Diagnostic { severity: Error, code: Some("check.unsolved-relationship"), message: "an earlier type error prevents establishing this relationship", span: None, labels: [Label { style: Primary, span: Span { source_id: SourceId(0), start: 0, len: 0 }, message: Some("an earlier type error prevents establishing this relationship") }], notes: [], fix_hints: [] }]
test sema::check::language_operation::tests::generalized_negation_preserves_distinct_integer_and_float_instances ... FAILED
test sema::check::language_operation::tests::generalized_membership_forwards_each_container_domain_and_rejects_mismatched_items ... FAILED
test sema::check::language_operation::tests::generalized_arithmetic_uses_definition_owned_sealed_operation_requirements ... FAILED

failures:

failures:
    sema::check::language_operation::tests::generalized_arithmetic_uses_definition_owned_sealed_operation_requirements
    sema::check::language_operation::tests::generalized_membership_forwards_each_container_domain_and_rejects_mismatched_items
    sema::check::language_operation::tests::generalized_negation_preserves_distinct_integer_and_float_instances

test result: FAILED. 0 passed; 3 failed; 0 ignored; 0 measured; 583 filtered out; finished in 0.02s

error: test failed, to rerun pass `-p xsh --lib`
