running 15 tests
tests/xsh/typing-inference-operations.xsh::operation_source_builtin_nominal_payload_keeps_declaring_family ... FAILED 76ms
tests/xsh/typing-inference-operations.xsh::operation_source_explicit_registry_schema_validation_keeps_dynamic_boundary ... FAILED 71ms
tests/xsh/typing-inference-operations.xsh::operation_source_fresh_map_module_results_keep_key_and_value_constraints ... FAILED 71ms
tests/xsh/typing-inference-operations.xsh::operation_source_generalized_stage_projection_keeps_item_relationships ... FAILED 77ms
tests/xsh/typing-inference-operations.xsh::operation_source_json_eligibility_survives_generic_forwarding ... FAILED 65ms
tests/xsh/typing-inference-operations.xsh::operation_source_materialized_line_consumers_keep_receiver_identity ... FAILED 73ms
tests/xsh/typing-inference-operations.xsh::operation_source_named_native_module_forwarding ... FAILED 72ms
tests/xsh/typing-inference-operations.xsh::operation_source_named_stage_callback_requires_its_effects ... ok 73ms
tests/xsh/typing-inference-operations.xsh::operation_source_nonadd_arithmetic_and_membership_keep_finite_domains ... FAILED 75ms
tests/xsh/typing-inference-operations.xsh::operation_source_path_literal_coercion_preserves_the_path_boundary ... ok 67ms
tests/xsh/typing-inference-operations.xsh::operation_source_record_get_keeps_the_selected_producer_permissions ... FAILED 71ms
tests/xsh/typing-inference-operations.xsh::operation_source_result_context_keeps_registered_arity_and_result_data ... ok 68ms
tests/xsh/typing-inference-operations.xsh::operation_source_result_flat_map_requires_propagation_effect ... ok 75ms
tests/xsh/typing-inference-operations.xsh::operation_source_standard_method_candidates_ignore_caller_order ... FAILED 35ms
tests/xsh/typing-inference-operations.xsh::operation_source_stream_collect_retains_pull_and_close_permissions ... ok 70ms

failures:

---- tests/xsh/typing-inference-operations.xsh::operation_source_builtin_nominal_payload_keeps_declaring_family ----
err[runtime.error]: boolean assertion failed: err[compact.indexed-build]: indexed IR could not encode `full_ir_verification`
  /var/folders/tb/mq41rvt94470b3lwmq67s0zc0000gn/T/xsh-test-35754-1790837184220942000-0-operation_source_builtin_nominal_payload_keeps_declaring_family/operation-contract.xsh-1:1:1
  pure identity(value) { value }
  ^ indexed IR could not encode `full_ir_verification`

  /Users/josh/d/laputa-systems/xsh-typing-campaign-v2/tests/xsh/typing-inference-operations.xsh:238:3
    assert accepted.status.exited_with(0), accepted.stderr
    ^^^^^^^^^^^^^^^^^^^^^^^^^^^^^^^^^^^^^^^^^^^^^^^^^^^^^^
runtime traceback
executable: target/debug/xsht
operation: test.call
error: AssertionError.Failed: boolean assertion failed: err[compact.indexed-build]: indexed IR could not encode `full_ir_verification`
  /var/folders/tb/mq41rvt94470b3lwmq67s0zc0000gn/T/xsh-test-35754-1790837184220942000-0-operation_source_builtin_nominal_payload_keeps_declaring_family/operation-contract.xsh-1:1:1
  pure identity(value) { value }
  ^ indexed IR could not encode `full_ir_verification`

at /Users/josh/d/laputa-systems/xsh-typing-campaign-v2/tests/xsh/typing-inference-operations.xsh:238:3-239:1

---- tests/xsh/typing-inference-operations.xsh::operation_source_explicit_registry_schema_validation_keeps_dynamic_boundary ----
err[runtime.error]: boolean assertion failed: err[check.dynamic-boundary]: unchecked dynamic argument needs validation before this callable boundary
  /var/folders/tb/mq41rvt94470b3lwmq67s0zc0000gn/T/xsh-test-35754-1790837184220942000-1-operation_source_explicit_registry_schema_validation_keeps_dynamic_boundary/operation-contract.xsh-1:3:44
  let validated: Result[EnvEntry] = identity(raw).require(EnvEntry)
                                             ^^^ unchecked dynamic argument needs validation before this callable boundary

  /Users/josh/d/laputa-systems/xsh-typing-campaign-v2/tests/xsh/typing-inference-operations.xsh:219:3
    assert accepted.status.exited_with(0), accepted.stderr
    ^^^^^^^^^^^^^^^^^^^^^^^^^^^^^^^^^^^^^^^^^^^^^^^^^^^^^^
runtime traceback
executable: target/debug/xsht
operation: test.call
error: AssertionError.Failed: boolean assertion failed: err[check.dynamic-boundary]: unchecked dynamic argument needs validation before this callable boundary
  /var/folders/tb/mq41rvt94470b3lwmq67s0zc0000gn/T/xsh-test-35754-1790837184220942000-1-operation_source_explicit_registry_schema_validation_keeps_dynamic_boundary/operation-contract.xsh-1:3:44
  let validated: Result[EnvEntry] = identity(raw).require(EnvEntry)
                                             ^^^ unchecked dynamic argument needs validation before this callable boundary

at /Users/josh/d/laputa-systems/xsh-typing-campaign-v2/tests/xsh/typing-inference-operations.xsh:219:3-220:1

---- tests/xsh/typing-inference-operations.xsh::operation_source_fresh_map_module_results_keep_key_and_value_constraints ----
err[runtime.error]: boolean assertion failed: err[compact.indexed-build]: indexed IR could not encode `generic_runtime_requirement_not_prepared`
  /var/folders/tb/mq41rvt94470b3lwmq67s0zc0000gn/T/xsh-test-35754-1790837184220942000-2-operation_source_fresh_map_module_results_keep_key_and_value_constraints/operation-contract.xsh-1:1:1
  pure empty(marker) { let _ = marker; map.empty() }
  ^ indexed IR could not encode `generic_runtime_requirement_not_prepared`

  /Users/josh/d/laputa-systems/xsh-typing-campaign-v2/tests/xsh/typing-inference-operations.xsh:135:3
    assert accepted.status.exited_with(0), accepted.stderr
    ^^^^^^^^^^^^^^^^^^^^^^^^^^^^^^^^^^^^^^^^^^^^^^^^^^^^^^
runtime traceback
executable: target/debug/xsht
operation: test.call
error: AssertionError.Failed: boolean assertion failed: err[compact.indexed-build]: indexed IR could not encode `generic_runtime_requirement_not_prepared`
  /var/folders/tb/mq41rvt94470b3lwmq67s0zc0000gn/T/xsh-test-35754-1790837184220942000-2-operation_source_fresh_map_module_results_keep_key_and_value_constraints/operation-contract.xsh-1:1:1
  pure empty(marker) { let _ = marker; map.empty() }
  ^ indexed IR could not encode `generic_runtime_requirement_not_prepared`

at /Users/josh/d/laputa-systems/xsh-typing-campaign-v2/tests/xsh/typing-inference-operations.xsh:135:3-136:1

---- tests/xsh/typing-inference-operations.xsh::operation_source_generalized_stage_projection_keeps_item_relationships ----
err[runtime.error]: boolean assertion failed: err[compact.indexed-build]: indexed IR could not encode `generic_effect_evidence_not_prepared`
  /var/folders/tb/mq41rvt94470b3lwmq67s0zc0000gn/T/xsh-test-35754-1790837184220942000-3-operation_source_generalized_stage_projection_keeps_item_relationships/operation-contract.xsh-1:1:1
  pure names(values) { values |> map { |item| item.name } }
  ^ indexed IR could not encode `generic_effect_evidence_not_prepared`

  /Users/josh/d/laputa-systems/xsh-typing-campaign-v2/tests/xsh/typing-inference-operations.xsh:190:3
    assert accepted.status.exited_with(0), accepted.stderr
    ^^^^^^^^^^^^^^^^^^^^^^^^^^^^^^^^^^^^^^^^^^^^^^^^^^^^^^
runtime traceback
executable: target/debug/xsht
operation: test.call
error: AssertionError.Failed: boolean assertion failed: err[compact.indexed-build]: indexed IR could not encode `generic_effect_evidence_not_prepared`
  /var/folders/tb/mq41rvt94470b3lwmq67s0zc0000gn/T/xsh-test-35754-1790837184220942000-3-operation_source_generalized_stage_projection_keeps_item_relationships/operation-contract.xsh-1:1:1
  pure names(values) { values |> map { |item| item.name } }
  ^ indexed IR could not encode `generic_effect_evidence_not_prepared`

at /Users/josh/d/laputa-systems/xsh-typing-campaign-v2/tests/xsh/typing-inference-operations.xsh:190:3-191:1

---- tests/xsh/typing-inference-operations.xsh::operation_source_json_eligibility_survives_generic_forwarding ----
err[runtime.error]: boolean assertion failed: err[compact.indexed-build]: indexed IR could not encode `generic_runtime_requirement_not_prepared`
  /var/folders/tb/mq41rvt94470b3lwmq67s0zc0000gn/T/xsh-test-35754-1790837184220942000-4-operation_source_json_eligibility_survives_generic_forwarding/operation-contract.xsh-1:1:1
  pure encoded(value) { json.encode(value: value) }
  ^ indexed IR could not encode `generic_runtime_requirement_not_prepared`

  /Users/josh/d/laputa-systems/xsh-typing-campaign-v2/tests/xsh/typing-inference-operations.xsh:230:3
    assert accepted.status.exited_with(0), accepted.stderr
    ^^^^^^^^^^^^^^^^^^^^^^^^^^^^^^^^^^^^^^^^^^^^^^^^^^^^^^
runtime traceback
executable: target/debug/xsht
operation: test.call
error: AssertionError.Failed: boolean assertion failed: err[compact.indexed-build]: indexed IR could not encode `generic_runtime_requirement_not_prepared`
  /var/folders/tb/mq41rvt94470b3lwmq67s0zc0000gn/T/xsh-test-35754-1790837184220942000-4-operation_source_json_eligibility_survives_generic_forwarding/operation-contract.xsh-1:1:1
  pure encoded(value) { json.encode(value: value) }
  ^ indexed IR could not encode `generic_runtime_requirement_not_prepared`

at /Users/josh/d/laputa-systems/xsh-typing-campaign-v2/tests/xsh/typing-inference-operations.xsh:230:3-231:1

---- tests/xsh/typing-inference-operations.xsh::operation_source_materialized_line_consumers_keep_receiver_identity ----
err[runtime.error]: boolean assertion failed: err[compact.indexed-build]: indexed IR could not encode `full_ir_function_blocker`
  /var/folders/tb/mq41rvt94470b3lwmq67s0zc0000gn/T/xsh-test-35754-1790837184220942000-5-operation_source_materialized_line_consumers_keep_receiver_identity/operation-contract.xsh-1:1:25
  pure collected(value) { value.lines().collect() }
                          ^^^^^^^^^^^^^^^^^^^^^ indexed IR could not encode `full_ir_function_blocker`

  /Users/josh/d/laputa-systems/xsh-typing-campaign-v2/tests/xsh/typing-inference-operations.xsh:162:3
    assert accepted.status.exited_with(0), accepted.stderr
    ^^^^^^^^^^^^^^^^^^^^^^^^^^^^^^^^^^^^^^^^^^^^^^^^^^^^^^
runtime traceback
executable: target/debug/xsht
operation: test.call
error: AssertionError.Failed: boolean assertion failed: err[compact.indexed-build]: indexed IR could not encode `full_ir_function_blocker`
  /var/folders/tb/mq41rvt94470b3lwmq67s0zc0000gn/T/xsh-test-35754-1790837184220942000-5-operation_source_materialized_line_consumers_keep_receiver_identity/operation-contract.xsh-1:1:25
  pure collected(value) { value.lines().collect() }
                          ^^^^^^^^^^^^^^^^^^^^^ indexed IR could not encode `full_ir_function_blocker`

at /Users/josh/d/laputa-systems/xsh-typing-campaign-v2/tests/xsh/typing-inference-operations.xsh:162:3-163:1

---- tests/xsh/typing-inference-operations.xsh::operation_source_named_native_module_forwarding ----
err[runtime.error]: boolean assertion failed: err[compact.indexed-build]: indexed IR could not encode `full_ir_verification`
  /var/folders/tb/mq41rvt94470b3lwmq67s0zc0000gn/T/xsh-test-35754-1790837184220942000-6-operation_source_named_native_module_forwarding/operation-contract.xsh-1:1:1
  pure added(items, item, marker) {
  ^ indexed IR could not encode `full_ir_verification`

  /Users/josh/d/laputa-systems/xsh-typing-campaign-v2/tests/xsh/typing-inference-operations.xsh:123:3
    assert accepted.status.exited_with(0), accepted.stderr
    ^^^^^^^^^^^^^^^^^^^^^^^^^^^^^^^^^^^^^^^^^^^^^^^^^^^^^^
runtime traceback
executable: target/debug/xsht
operation: test.call
error: AssertionError.Failed: boolean assertion failed: err[compact.indexed-build]: indexed IR could not encode `full_ir_verification`
  /var/folders/tb/mq41rvt94470b3lwmq67s0zc0000gn/T/xsh-test-35754-1790837184220942000-6-operation_source_named_native_module_forwarding/operation-contract.xsh-1:1:1
  pure added(items, item, marker) {
  ^ indexed IR could not encode `full_ir_verification`

at /Users/josh/d/laputa-systems/xsh-typing-campaign-v2/tests/xsh/typing-inference-operations.xsh:123:3-124:1

---- tests/xsh/typing-inference-operations.xsh::operation_source_nonadd_arithmetic_and_membership_keep_finite_domains ----
err[runtime.error]: boolean assertion failed: err[compact.indexed-build]: indexed IR could not encode `generic_runtime_requirement_not_prepared`
  /var/folders/tb/mq41rvt94470b3lwmq67s0zc0000gn/T/xsh-test-35754-1790837184220942000-8-operation_source_nonadd_arithmetic_and_membership_keep_finite_domains/operation-contract.xsh-1:1:1
  pure scaled(value, factor) { value * factor }
  ^ indexed IR could not encode `generic_runtime_requirement_not_prepared`

  /Users/josh/d/laputa-systems/xsh-typing-campaign-v2/tests/xsh/typing-inference-operations.xsh:252:3
    assert accepted.status.exited_with(0), accepted.stderr
    ^^^^^^^^^^^^^^^^^^^^^^^^^^^^^^^^^^^^^^^^^^^^^^^^^^^^^^
runtime traceback
executable: target/debug/xsht
operation: test.call
error: AssertionError.Failed: boolean assertion failed: err[compact.indexed-build]: indexed IR could not encode `generic_runtime_requirement_not_prepared`
  /var/folders/tb/mq41rvt94470b3lwmq67s0zc0000gn/T/xsh-test-35754-1790837184220942000-8-operation_source_nonadd_arithmetic_and_membership_keep_finite_domains/operation-contract.xsh-1:1:1
  pure scaled(value, factor) { value * factor }
  ^ indexed IR could not encode `generic_runtime_requirement_not_prepared`

at /Users/josh/d/laputa-systems/xsh-typing-campaign-v2/tests/xsh/typing-inference-operations.xsh:252:3-253:1

---- tests/xsh/typing-inference-operations.xsh::operation_source_record_get_keeps_the_selected_producer_permissions ----
err[runtime.error]: boolean assertion failed: err[check.type-relationship]: type relationship cannot be established: method producer requires its receiver expression
  /var/folders/tb/mq41rvt94470b3lwmq67s0zc0000gn/T/xsh-test-35754-1790837184220942000-10-operation_source_record_get_keeps_the_selected_producer_permissions/operation-contract.xsh-1:7:3
    record.get("rows")?.collect()
    ^^^^^^^^^^^^^^^^^^^^^^^^^^^^^ type relationship cannot be established: method producer requires its receiver expression

err[check.unsolved-relationship]: an earlier type error prevents establishing this relationship
  /var/folders/tb/mq41rvt94470b3lwmq67s0zc0000gn/T/xsh-test-35754-1790837184220942000-10-operation_source_record_get_keeps_the_selected_producer_permissions/operation-contract.xsh-1:1:1
  stream clocked() [time] {
  ^ an earlier type error prevents establishing this relationship

  /Users/josh/d/laputa-systems/xsh-typing-campaign-v2/tests/xsh/typing-inference-operations.xsh:107:3
    assert accepted.status.exited_with(0), accepted.stderr
    ^^^^^^^^^^^^^^^^^^^^^^^^^^^^^^^^^^^^^^^^^^^^^^^^^^^^^^
runtime traceback
executable: target/debug/xsht
operation: test.call
error: AssertionError.Failed: boolean assertion failed: err[check.type-relationship]: type relationship cannot be established: method producer requires its receiver expression
  /var/folders/tb/mq41rvt94470b3lwmq67s0zc0000gn/T/xsh-test-35754-1790837184220942000-10-operation_source_record_get_keeps_the_selected_producer_permissions/operation-contract.xsh-1:7:3
    record.get("rows")?.collect()
    ^^^^^^^^^^^^^^^^^^^^^^^^^^^^^ type relationship cannot be established: method producer requires its receiver expression

err[check.unsolved-relationship]: an earlier type error prevents establishing this relationship
  /var/folders/tb/mq41rvt94470b3lwmq67s0zc0000gn/T/xsh-test-35754-1790837184220942000-10-operation_source_record_get_keeps_the_selected_producer_permissions/operation-contract.xsh-1:1:1
  stream clocked() [time] {
  ^ an earlier type error prevents establishing this relationship

at /Users/josh/d/laputa-systems/xsh-typing-campaign-v2/tests/xsh/typing-inference-operations.xsh:107:3-108:1

---- tests/xsh/typing-inference-operations.xsh::operation_source_standard_method_candidates_ignore_caller_order ----
err[runtime.error]: boolean assertion failed: err[compact.indexed-build]: indexed IR could not encode `generic_runtime_requirement_not_prepared`
  /var/folders/tb/mq41rvt94470b3lwmq67s0zc0000gn/T/xsh-test-35754-1790837184220942000-13-operation_source_standard_method_candidates_ignore_caller_order/operation-contract.xsh-1:1:1
  pure appended(values, item) { values.push(item: item) }
  ^ indexed IR could not encode `generic_runtime_requirement_not_prepared`

  /Users/josh/d/laputa-systems/xsh-typing-campaign-v2/tests/xsh/typing-inference-operations.xsh:148:5
      assert accepted.status.exited_with(0), accepted.stderr
      ^^^^^^^^^^^^^^^^^^^^^^^^^^^^^^^^^^^^^^^^^^^^^^^^^^^^^^
runtime traceback
executable: target/debug/xsht
operation: test.call
error: AssertionError.Failed: boolean assertion failed: err[compact.indexed-build]: indexed IR could not encode `generic_runtime_requirement_not_prepared`
  /var/folders/tb/mq41rvt94470b3lwmq67s0zc0000gn/T/xsh-test-35754-1790837184220942000-13-operation_source_standard_method_candidates_ignore_caller_order/operation-contract.xsh-1:1:1
  pure appended(values, item) { values.push(item: item) }
  ^ indexed IR could not encode `generic_runtime_requirement_not_prepared`

at /Users/josh/d/laputa-systems/xsh-typing-campaign-v2/tests/xsh/typing-inference-operations.xsh:148:5-149:1

test result: FAILED. 5 passed; 10 failed; 0 skipped
