running 12 tests
tests/xsh/typing-inference-operations.xsh::operation_source_builtin_nominal_payload_keeps_declaring_family ... FAILED 75ms
tests/xsh/typing-inference-operations.xsh::operation_source_explicit_registry_schema_validation_keeps_dynamic_boundary ... FAILED 71ms
tests/xsh/typing-inference-operations.xsh::operation_source_fresh_map_module_results_keep_key_and_value_constraints ... FAILED 70ms
tests/xsh/typing-inference-operations.xsh::operation_source_generalized_stage_projection_keeps_item_relationships ... FAILED 70ms
tests/xsh/typing-inference-operations.xsh::operation_source_json_eligibility_survives_generic_forwarding ... FAILED 71ms
tests/xsh/typing-inference-operations.xsh::operation_source_materialized_line_consumers_keep_receiver_identity ... FAILED 71ms
tests/xsh/typing-inference-operations.xsh::operation_source_named_native_module_forwarding ... FAILED 68ms
tests/xsh/typing-inference-operations.xsh::operation_source_named_stage_callback_requires_its_effects ... ok 71ms
tests/xsh/typing-inference-operations.xsh::operation_source_nonadd_arithmetic_and_membership_keep_finite_domains ... FAILED 75ms
tests/xsh/typing-inference-operations.xsh::operation_source_result_flat_map_requires_propagation_effect ... FAILED 71ms
tests/xsh/typing-inference-operations.xsh::operation_source_standard_method_candidates_ignore_caller_order ... FAILED 34ms
tests/xsh/typing-inference-operations.xsh::operation_source_stream_collect_retains_pull_and_close_permissions ... FAILED 72ms

failures:

---- tests/xsh/typing-inference-operations.xsh::operation_source_builtin_nominal_payload_keeps_declaring_family ----
err[runtime.error]: boolean assertion failed: err[compact.indexed-build]: indexed IR could not encode `full_ir_verification`
  /var/folders/tb/mq41rvt94470b3lwmq67s0zc0000gn/T/xsh-test-30956-1790832082431877000-0-operation_source_builtin_nominal_payload_keeps_declaring_family/operation-contract.xsh-1:1:1
  pure identity(value) { value }
  ^ indexed IR could not encode `full_ir_verification`

  /Users/josh/d/laputa-systems/xsh-typing-campaign-v2/tests/xsh/typing-inference-operations.xsh:218:3
    assert accepted.status.exited_with(0), accepted.stderr
    ^^^^^^^^^^^^^^^^^^^^^^^^^^^^^^^^^^^^^^^^^^^^^^^^^^^^^^
runtime traceback
executable: target/debug/xsht
operation: test.call
error: AssertionError.Failed: boolean assertion failed: err[compact.indexed-build]: indexed IR could not encode `full_ir_verification`
  /var/folders/tb/mq41rvt94470b3lwmq67s0zc0000gn/T/xsh-test-30956-1790832082431877000-0-operation_source_builtin_nominal_payload_keeps_declaring_family/operation-contract.xsh-1:1:1
  pure identity(value) { value }
  ^ indexed IR could not encode `full_ir_verification`

at /Users/josh/d/laputa-systems/xsh-typing-campaign-v2/tests/xsh/typing-inference-operations.xsh:218:3-219:1

---- tests/xsh/typing-inference-operations.xsh::operation_source_explicit_registry_schema_validation_keeps_dynamic_boundary ----
err[runtime.error]: boolean assertion failed: err[check.dynamic-boundary]: unchecked Any cannot establish <checked type relationship>; validate with `.require(Type)` or use a checked type pattern
  /var/folders/tb/mq41rvt94470b3lwmq67s0zc0000gn/T/xsh-test-30956-1790832082431877000-1-operation_source_explicit_registry_schema_validation_keeps_dynamic_boundary/operation-contract.xsh-1:3:44
  let validated: Result[EnvEntry] = identity(raw).require(EnvEntry)
                                             ^^^ unchecked Any cannot establish <checked type relationship>; validate with `.require(Type)` or use a checked type pattern

  /Users/josh/d/laputa-systems/xsh-typing-campaign-v2/tests/xsh/typing-inference-operations.xsh:199:3
    assert accepted.status.exited_with(0), accepted.stderr
    ^^^^^^^^^^^^^^^^^^^^^^^^^^^^^^^^^^^^^^^^^^^^^^^^^^^^^^
runtime traceback
executable: target/debug/xsht
operation: test.call
error: AssertionError.Failed: boolean assertion failed: err[check.dynamic-boundary]: unchecked Any cannot establish <checked type relationship>; validate with `.require(Type)` or use a checked type pattern
  /var/folders/tb/mq41rvt94470b3lwmq67s0zc0000gn/T/xsh-test-30956-1790832082431877000-1-operation_source_explicit_registry_schema_validation_keeps_dynamic_boundary/operation-contract.xsh-1:3:44
  let validated: Result[EnvEntry] = identity(raw).require(EnvEntry)
                                             ^^^ unchecked Any cannot establish <checked type relationship>; validate with `.require(Type)` or use a checked type pattern

at /Users/josh/d/laputa-systems/xsh-typing-campaign-v2/tests/xsh/typing-inference-operations.xsh:199:3-200:1

---- tests/xsh/typing-inference-operations.xsh::operation_source_fresh_map_module_results_keep_key_and_value_constraints ----
err[runtime.error]: boolean assertion failed: err[compact.indexed-build]: indexed IR could not encode `generic_runtime_requirement_not_prepared`
  /var/folders/tb/mq41rvt94470b3lwmq67s0zc0000gn/T/xsh-test-30956-1790832082431877000-2-operation_source_fresh_map_module_results_keep_key_and_value_constraints/operation-contract.xsh-1:1:1
  pure empty(marker) { let _ = marker; map.empty() }
  ^ indexed IR could not encode `generic_runtime_requirement_not_prepared`

  /Users/josh/d/laputa-systems/xsh-typing-campaign-v2/tests/xsh/typing-inference-operations.xsh:115:3
    assert accepted.status.exited_with(0), accepted.stderr
    ^^^^^^^^^^^^^^^^^^^^^^^^^^^^^^^^^^^^^^^^^^^^^^^^^^^^^^
runtime traceback
executable: target/debug/xsht
operation: test.call
error: AssertionError.Failed: boolean assertion failed: err[compact.indexed-build]: indexed IR could not encode `generic_runtime_requirement_not_prepared`
  /var/folders/tb/mq41rvt94470b3lwmq67s0zc0000gn/T/xsh-test-30956-1790832082431877000-2-operation_source_fresh_map_module_results_keep_key_and_value_constraints/operation-contract.xsh-1:1:1
  pure empty(marker) { let _ = marker; map.empty() }
  ^ indexed IR could not encode `generic_runtime_requirement_not_prepared`

at /Users/josh/d/laputa-systems/xsh-typing-campaign-v2/tests/xsh/typing-inference-operations.xsh:115:3-116:1

---- tests/xsh/typing-inference-operations.xsh::operation_source_generalized_stage_projection_keeps_item_relationships ----
err[runtime.error]: boolean assertion failed: err[check.type-relationship]: an earlier type error prevents establishing this relationship
  /var/folders/tb/mq41rvt94470b3lwmq67s0zc0000gn/T/xsh-test-30956-1790832082431877000-3-operation_source_generalized_stage_projection_keeps_item_relationships/operation-contract.xsh-1:1:20
  pure names(values) { values |> map { |item| item.name } }
                     ^^^^^^^^^^^^^^^^^^^^^^^^^^^^^^^^^^^^^^ an earlier type error prevents establishing this relationship

err[check.stream-input]: structured pipelines require Stream or List input
  /var/folders/tb/mq41rvt94470b3lwmq67s0zc0000gn/T/xsh-test-30956-1790832082431877000-3-operation_source_generalized_stage_projection_keeps_item_relationships/operation-contract.xsh-1:1:22
  pure names(values) { values |> map { |item| item.name } }
                       ^^^^^^ structured pipelines require Stream or List input

err[check.type-relationship]: an earlier type error prevents establishing this relationship
  /var/folders/tb/mq41rvt94470b3lwmq67s0zc0000gn/T/xsh-test-309…
  /Users/josh/d/laputa-systems/xsh-typing-campaign-v2/tests/xsh/typing-inference-operations.xsh:170:3
    assert accepted.status.exited_with(0), accepted.stderr
    ^^^^^^^^^^^^^^^^^^^^^^^^^^^^^^^^^^^^^^^^^^^^^^^^^^^^^^
runtime traceback
executable: target/debug/xsht
operation: test.call
error: AssertionError.Failed: boolean assertion failed: err[check.type-relationship]: an earlier type error prevents establishing this relationship
  /var/folders/tb/mq41rvt94470b3lwmq67s0zc0000gn/T/xsh-test-30956-1790832082431877000-3-operation_source_generalized_stage_projection_keeps_item_relationships/operation-contract.xsh-1:1:20
  pure names(values) { values |> map { |item| item.name } }
                     ^^^^^^^^^^^^^^^^^^^^^^^^^^^^^^^^^^^^^^ an earlier type error prevents establishing this relationship

err[check.stream-input]: structured pipelines require Stream or List input
  /var/folders/tb/mq41rvt94470b3lwmq67s0zc0000gn/T/xsh-test-30956-1790832082431877000-3-operation_source_generalized_stage_projection_keeps_item_relationships/operation-contract.xsh-1:1:22
  pure names(values) { values |> map { |item| item.name } }
                       ^^^^^^ structured pipelines require Stream or List input

err[check.type-relationship]: an earlier type error prevents establishing this relationship
  /var/folders/tb/mq41rvt94470b3lwmq67s0zc0000gn/T/xsh-test-309…
at /Users/josh/d/laputa-systems/xsh-typing-campaign-v2/tests/xsh/typing-inference-operations.xsh:170:3-171:1

---- tests/xsh/typing-inference-operations.xsh::operation_source_json_eligibility_survives_generic_forwarding ----
err[runtime.error]: boolean assertion failed: err[check.json-compatible]: value is not JSON-compatible; convert Path, Bytes, Status, Result, and errors explicitly
  /var/folders/tb/mq41rvt94470b3lwmq67s0zc0000gn/T/xsh-test-30956-1790832082431877000-4-operation_source_json_eligibility_survives_generic_forwarding/operation-contract.xsh-1:1:35
  pure encoded(value) { json.encode(value: value) }
                                    ^^^^^^^^^^^^ value is not JSON-compatible; convert Path, Bytes, Status, Result, and errors explicitly

  /Users/josh/d/laputa-systems/xsh-typing-campaign-v2/tests/xsh/typing-inference-operations.xsh:210:3
    assert accepted.status.exited_with(0), accepted.stderr
    ^^^^^^^^^^^^^^^^^^^^^^^^^^^^^^^^^^^^^^^^^^^^^^^^^^^^^^
runtime traceback
executable: target/debug/xsht
operation: test.call
error: AssertionError.Failed: boolean assertion failed: err[check.json-compatible]: value is not JSON-compatible; convert Path, Bytes, Status, Result, and errors explicitly
  /var/folders/tb/mq41rvt94470b3lwmq67s0zc0000gn/T/xsh-test-30956-1790832082431877000-4-operation_source_json_eligibility_survives_generic_forwarding/operation-contract.xsh-1:1:35
  pure encoded(value) { json.encode(value: value) }
                                    ^^^^^^^^^^^^ value is not JSON-compatible; convert Path, Bytes, Status, Result, and errors explicitly

at /Users/josh/d/laputa-systems/xsh-typing-campaign-v2/tests/xsh/typing-inference-operations.xsh:210:3-211:1

---- tests/xsh/typing-inference-operations.xsh::operation_source_materialized_line_consumers_keep_receiver_identity ----
err[runtime.error]: boolean assertion failed: err[check.type-relationship]: type relationship needs a local annotation
  /var/folders/tb/mq41rvt94470b3lwmq67s0zc0000gn/T/xsh-test-30956-1790832082431877000-5-operation_source_materialized_line_consumers_keep_receiver_identity/operation-contract.xsh-1:1:23
  pure collected(value) { value.lines().collect() }
                        ^^^^^^^^^^^^^^^^^^^^^^^^^^^ type relationship needs a local annotation

err[check.type-relationship]: an earlier type error prevents establishing this relationship
  /var/folders/tb/mq41rvt94470b3lwmq67s0zc0000gn/T/xsh-test-30956-1790832082431877000-5-operation_source_materialized_line_consumers_keep_receiver_identity/operation-contract.xsh-1:2:23
  pure forwarded(value) { collected(value: value) }
                        ^^^^^^^^^^^^^^^^^^^^^^^^^^^ an earlier type error prevents establishing this relationship

err[check.unsolved-relationship]: arguments do not establish a complete callable relationship
  /var/folders/tb/mq41rvt94470b3lwmq67s0zc0000gn/T/xsh-test-30956-179083208243…
  /Users/josh/d/laputa-systems/xsh-typing-campaign-v2/tests/xsh/typing-inference-operations.xsh:142:3
    assert accepted.status.exited_with(0), accepted.stderr
    ^^^^^^^^^^^^^^^^^^^^^^^^^^^^^^^^^^^^^^^^^^^^^^^^^^^^^^
runtime traceback
executable: target/debug/xsht
operation: test.call
error: AssertionError.Failed: boolean assertion failed: err[check.type-relationship]: type relationship needs a local annotation
  /var/folders/tb/mq41rvt94470b3lwmq67s0zc0000gn/T/xsh-test-30956-1790832082431877000-5-operation_source_materialized_line_consumers_keep_receiver_identity/operation-contract.xsh-1:1:23
  pure collected(value) { value.lines().collect() }
                        ^^^^^^^^^^^^^^^^^^^^^^^^^^^ type relationship needs a local annotation

err[check.type-relationship]: an earlier type error prevents establishing this relationship
  /var/folders/tb/mq41rvt94470b3lwmq67s0zc0000gn/T/xsh-test-30956-1790832082431877000-5-operation_source_materialized_line_consumers_keep_receiver_identity/operation-contract.xsh-1:2:23
  pure forwarded(value) { collected(value: value) }
                        ^^^^^^^^^^^^^^^^^^^^^^^^^^^ an earlier type error prevents establishing this relationship

err[check.unsolved-relationship]: arguments do not establish a complete callable relationship
  /var/folders/tb/mq41rvt94470b3lwmq67s0zc0000gn/T/xsh-test-30956-179083208243…
at /Users/josh/d/laputa-systems/xsh-typing-campaign-v2/tests/xsh/typing-inference-operations.xsh:142:3-143:1

---- tests/xsh/typing-inference-operations.xsh::operation_source_named_native_module_forwarding ----
err[runtime.error]: boolean assertion failed: err[compact.indexed-build]: indexed IR could not encode `full_ir_verification`
  /var/folders/tb/mq41rvt94470b3lwmq67s0zc0000gn/T/xsh-test-30956-1790832082431877000-6-operation_source_named_native_module_forwarding/operation-contract.xsh-1:1:1
  pure added(items, item, marker) {
  ^ indexed IR could not encode `full_ir_verification`

  /Users/josh/d/laputa-systems/xsh-typing-campaign-v2/tests/xsh/typing-inference-operations.xsh:103:3
    assert accepted.status.exited_with(0), accepted.stderr
    ^^^^^^^^^^^^^^^^^^^^^^^^^^^^^^^^^^^^^^^^^^^^^^^^^^^^^^
runtime traceback
executable: target/debug/xsht
operation: test.call
error: AssertionError.Failed: boolean assertion failed: err[compact.indexed-build]: indexed IR could not encode `full_ir_verification`
  /var/folders/tb/mq41rvt94470b3lwmq67s0zc0000gn/T/xsh-test-30956-1790832082431877000-6-operation_source_named_native_module_forwarding/operation-contract.xsh-1:1:1
  pure added(items, item, marker) {
  ^ indexed IR could not encode `full_ir_verification`

at /Users/josh/d/laputa-systems/xsh-typing-campaign-v2/tests/xsh/typing-inference-operations.xsh:103:3-104:1

---- tests/xsh/typing-inference-operations.xsh::operation_source_nonadd_arithmetic_and_membership_keep_finite_domains ----
err[runtime.error]: boolean assertion failed: err[check.membership-type]: membership requires List, Map, Record, Str, Bytes, Path, or env.PATH
  /var/folders/tb/mq41rvt94470b3lwmq67s0zc0000gn/T/xsh-test-30956-1790832082431877000-8-operation_source_nonadd_arithmetic_and_membership_keep_finite_domains/operation-contract.xsh-1:2:37
  pure member(item, values) { item in values }
                                      ^^^^^^ membership requires List, Map, Record, Str, Bytes, Path, or env.PATH

err[check.type-mismatch]: expected Int, found Float
  /var/folders/tb/mq41rvt94470b3lwmq67s0zc0000gn/T/xsh-test-30956-1790832082431877000-8-operation_source_nonadd_arithmetic_and_membership_keep_finite_domains/operation-contract.xsh-1:4:22
  let decimal: Float = scaled(1.5, 2.0)
                       ^^^^^^^^^^^^^^^^ expected Int, found Float

err[check.unsolved-relationship]: an earlier type error prevents establishing this relationship
  /var/folders/tb/mq41rvt94470b3lwmq67s0zc0000gn/T/xsh-test-30956-1790832082431877000-8-operation_source_nonadd_arithmetic_and_members…
  /Users/josh/d/laputa-systems/xsh-typing-campaign-v2/tests/xsh/typing-inference-operations.xsh:232:3
    assert accepted.status.exited_with(0), accepted.stderr
    ^^^^^^^^^^^^^^^^^^^^^^^^^^^^^^^^^^^^^^^^^^^^^^^^^^^^^^
runtime traceback
executable: target/debug/xsht
operation: test.call
error: AssertionError.Failed: boolean assertion failed: err[check.membership-type]: membership requires List, Map, Record, Str, Bytes, Path, or env.PATH
  /var/folders/tb/mq41rvt94470b3lwmq67s0zc0000gn/T/xsh-test-30956-1790832082431877000-8-operation_source_nonadd_arithmetic_and_membership_keep_finite_domains/operation-contract.xsh-1:2:37
  pure member(item, values) { item in values }
                                      ^^^^^^ membership requires List, Map, Record, Str, Bytes, Path, or env.PATH

err[check.type-mismatch]: expected Int, found Float
  /var/folders/tb/mq41rvt94470b3lwmq67s0zc0000gn/T/xsh-test-30956-1790832082431877000-8-operation_source_nonadd_arithmetic_and_membership_keep_finite_domains/operation-contract.xsh-1:4:22
  let decimal: Float = scaled(1.5, 2.0)
                       ^^^^^^^^^^^^^^^^ expected Int, found Float

err[check.unsolved-relationship]: an earlier type error prevents establishing this relationship
  /var/folders/tb/mq41rvt94470b3lwmq67s0zc0000gn/T/xsh-test-30956-1790832082431877000-8-operation_source_nonadd_arithmetic_and_members…
at /Users/josh/d/laputa-systems/xsh-typing-campaign-v2/tests/xsh/typing-inference-operations.xsh:232:3-233:1

---- tests/xsh/typing-inference-operations.xsh::operation_source_result_flat_map_requires_propagation_effect ----
err[runtime.error]: boolean assertion failed: 
  /Users/josh/d/laputa-systems/xsh-typing-campaign-v2/tests/xsh/typing-inference-operations.xsh:85:3
    assert checked.status.exited_with(2), checked.stderr
    ^^^^^^^^^^^^^^^^^^^^^^^^^^^^^^^^^^^^^^^^^^^^^^^^^^^^
runtime traceback
executable: target/debug/xsht
operation: test.call
error: AssertionError.Failed: boolean assertion failed: 
at /Users/josh/d/laputa-systems/xsh-typing-campaign-v2/tests/xsh/typing-inference-operations.xsh:85:3-86:1

---- tests/xsh/typing-inference-operations.xsh::operation_source_standard_method_candidates_ignore_caller_order ----
err[runtime.error]: boolean assertion failed: err[check.type-relationship]: type relationship needs a local annotation
  /var/folders/tb/mq41rvt94470b3lwmq67s0zc0000gn/T/xsh-test-30956-1790832082431877000-10-operation_source_standard_method_candidates_ignore_caller_order/operation-contract.xsh-1:1:29
  pure appended(values, item) { values.push(item: item) }
                              ^^^^^^^^^^^^^^^^^^^^^^^^^^^ type relationship needs a local annotation

err[check.type-relationship]: an earlier type error prevents establishing this relationship
  /var/folders/tb/mq41rvt94470b3lwmq67s0zc0000gn/T/xsh-test-30956-1790832082431877000-10-operation_source_standard_method_candidates_ignore_caller_order/operation-contract.xsh-1:2:30
  pure forwarded(values, item) { appended(item: item, values: values) }
                               ^^^^^^^^^^^^^^^^^^^^^^^^^^^^^^^^^^^^^^^^ an earlier type error prevents establishing this relationship

err[check.unsolved-relationship]: arguments do not establish a complete callable relationship
  /var/folders/tb/mq41rvt94470b3…
  /Users/josh/d/laputa-systems/xsh-typing-campaign-v2/tests/xsh/typing-inference-operations.xsh:128:5
      assert accepted.status.exited_with(0), accepted.stderr
      ^^^^^^^^^^^^^^^^^^^^^^^^^^^^^^^^^^^^^^^^^^^^^^^^^^^^^^
runtime traceback
executable: target/debug/xsht
operation: test.call
error: AssertionError.Failed: boolean assertion failed: err[check.type-relationship]: type relationship needs a local annotation
  /var/folders/tb/mq41rvt94470b3lwmq67s0zc0000gn/T/xsh-test-30956-1790832082431877000-10-operation_source_standard_method_candidates_ignore_caller_order/operation-contract.xsh-1:1:29
  pure appended(values, item) { values.push(item: item) }
                              ^^^^^^^^^^^^^^^^^^^^^^^^^^^ type relationship needs a local annotation

err[check.type-relationship]: an earlier type error prevents establishing this relationship
  /var/folders/tb/mq41rvt94470b3lwmq67s0zc0000gn/T/xsh-test-30956-1790832082431877000-10-operation_source_standard_method_candidates_ignore_caller_order/operation-contract.xsh-1:2:30
  pure forwarded(values, item) { appended(item: item, values: values) }
                               ^^^^^^^^^^^^^^^^^^^^^^^^^^^^^^^^^^^^^^^^ an earlier type error prevents establishing this relationship

err[check.unsolved-relationship]: arguments do not establish a complete callable relationship
  /var/folders/tb/mq41rvt94470b3…
at /Users/josh/d/laputa-systems/xsh-typing-campaign-v2/tests/xsh/typing-inference-operations.xsh:128:5-129:1

---- tests/xsh/typing-inference-operations.xsh::operation_source_stream_collect_retains_pull_and_close_permissions ----
err[runtime.error]: boolean assertion failed: 
  /Users/josh/d/laputa-systems/xsh-typing-campaign-v2/tests/xsh/typing-inference-operations.xsh:85:3
    assert checked.status.exited_with(2), checked.stderr
    ^^^^^^^^^^^^^^^^^^^^^^^^^^^^^^^^^^^^^^^^^^^^^^^^^^^^
runtime traceback
executable: target/debug/xsht
operation: test.call
error: AssertionError.Failed: boolean assertion failed: 
at /Users/josh/d/laputa-systems/xsh-typing-campaign-v2/tests/xsh/typing-inference-operations.xsh:85:3-86:1

test result: FAILED. 1 passed; 11 failed; 0 skipped
