    Blocking waiting for file lock on package cache
    Blocking waiting for file lock on package cache
    Blocking waiting for file lock on package cache
    Blocking waiting for file lock on build directory
warning: unused imports: `ProducerFlowNode` and `ProducerFlowOperationTransfer`
  --> src/sema/check.rs:73:126
   |
73 | ...wKind, ProducerFlowOperationAlternative, ProducerFlowOperationTransfer, ProducerFlowNode, ProducerFlowSource};
   |                                             ^^^^^^^^^^^^^^^^^^^^^^^^^^^^^  ^^^^^^^^^^^^^^^^
   |
   = note: `#[warn(unused_imports)]` (part of `#[warn(unused)]`) on by default

warning: unused import: `solved::RegistryArgumentCoercion`
  --> src/sema/check.rs:75:9
   |
75 | pub use solved::RegistryArgumentCoercion;
   |         ^^^^^^^^^^^^^^^^^^^^^^^^^^^^^^^^

warning: unused variable: `span`
   --> src/sema/check/producer.rs:263:124
    |
263 | ..., call: ExpressionIdentity, span: crate::source::Span) -> Result<Vec<ProducerFlowId>, InferenceError> {
    |                                ^^^^ help: if this is intentional, prefix it with an underscore: `_span`
    |
    = note: `#[warn(unused_variables)]` (part of `#[warn(unused)]`) on by default

warning: fields `family` and `disposition` are never read
  --> src/sema/operation_graph.rs:12:65
   |
12 | pub(crate) struct LanguageAuthority { pub id: &'static str, pub family: &'static str, pub disposition: LanguageDisposition }
   |                   ----------------- fields in this struct       ^^^^^^                    ^^^^^^^^^^^
   |
   = note: `LanguageAuthority` has derived impls for the traits `Debug` and `Clone`, but these are intentionally ignored during dead code analysis
   = note: `#[warn(dead_code)]` (part of `#[warn(unused)]`) on by default

warning: variants `List`, `Stream`, `Map`, `Str`, and `Bytes` are never constructed
   --> src/sema/operation_graph.rs:147:34
    |
147 | pub(crate) enum IterableDomain { List, Stream, Map, Str, Bytes }
    |                 --------------   ^^^^  ^^^^^^  ^^^  ^^^  ^^^^^
    |                 |
    |                 variants in this enum
    |
    = note: `IterableDomain` has derived impls for the traits `Debug` and `Clone`, but these are intentionally ignored during dead code analysis

warning: variants `List`, `Str`, and `Bytes` are never constructed
   --> src/sema/operation_graph.rs:149:31
    |
149 | pub(crate) enum SliceDomain { List, Str, Bytes }
    |                 -----------   ^^^^  ^^^  ^^^^^
    |                 |
    |                 variants in this enum
    |
    = note: `SliceDomain` has derived impls for the traits `Debug` and `Clone`, but these are intentionally ignored during dead code analysis

warning: variants `Ok`, `Err`, `Path`, and `Range` are never constructed
   --> src/sema/operation_graph.rs:151:36
    |
151 | pub(crate) enum ValueConstructor { Ok, Err, Path, Range }
    |                 ----------------   ^^  ^^^  ^^^^  ^^^^^
    |                 |
    |                 variants in this enum
    |
    = note: `ValueConstructor` has derived impls for the traits `Debug` and `Clone`, but these are intentionally ignored during dead code analysis

warning: multiple variants are never constructed
   --> src/sema/operation_graph.rs:155:5
    |
153 | pub(crate) enum PreparedLanguageOperation {
    |                 ------------------------- variants in this enum
154 |     Arithmetic { op: BinaryOp, domain: ArithmeticDomain },
155 |     Compound { op: AssignOp, domain: ArithmeticDomain },
    |     ^^^^^^^^
156 |     Assignment,
    |     ^^^^^^^^^^
...
163 |     Iteration { domain: IterableDomain, outer_result: bool },
    |     ^^^^^^^^^
164 |     Index { map: bool },
    |     ^^^^^
165 |     Slice(SliceDomain),
    |     ^^^^^
166 |     Constructor { kind: ValueConstructor, arity: usize },
    |     ^^^^^^^^^^^
167 |     Declaration { authority: &'static str, identity: Name },
    |     ^^^^^^^^^^^
    |
    = note: `PreparedLanguageOperation` has derived impls for the traits `Debug` and `Clone`, but these are intentionally ignored during dead code analysis

warning: fields `identity`, `scheme`, `authority`, `operation`, `argument_order`, and `statement_result_is_unit` are never read
   --> src/sema/operation_graph.rs:175:9
    |
174 | pub(crate) struct OperationCandidate {
    |                   ------------------ fields in this struct
175 |     pub identity: Name,
    |         ^^^^^^^^
176 |     pub scheme: SchemeId,
    |         ^^^^^^
177 |     pub authority: &'static str,
    |         ^^^^^^^^^
178 |     pub operation: PreparedLanguageOperation,
    |         ^^^^^^^^^
179 |     pub argument_order: OperationArgumentOrder,
    |         ^^^^^^^^^^^^^^
180 |     pub statement_result_is_unit: bool,
    |         ^^^^^^^^^^^^^^^^^^^^^^^^
    |
    = note: `OperationCandidate` has derived impls for the traits `Debug` and `Clone`, but these are intentionally ignored during dead code analysis

warning: multiple methods are never used
   --> src/sema/operation_graph.rs:204:19
    |
190 | impl OperationGraph {
    | ------------------- methods in this implementation
...
204 |     pub(crate) fn metadata(&self, graph: &InferenceContext, id: CandidateId) -> Result<&OperationCandidate, InferenceError> {
    |                   ^^^^^^^^
...
273 |     pub(crate) fn compound_family(&mut self, graph: &mut InferenceContext, op: AssignOp, origin: Span) -> Result<OperationFamilyId,...
    |                   ^^^^^^^^^^^^^^^
...
299 |     pub(crate) fn iteration_family(&mut self, graph: &mut InferenceContext, origin: Span) -> Result<OperationFamilyId, InferenceErr...
    |                   ^^^^^^^^^^^^^^^^
...
317 |     pub(crate) fn index_family(&mut self, graph: &mut InferenceContext, origin: Span) -> Result<OperationFamilyId, InferenceError> {
    |                   ^^^^^^^^^^^^
...
330 |     pub(crate) fn slice_family(&mut self, graph: &mut InferenceContext, domain: SliceDomain, origin: Span) -> Result<OperationFamil...
    |                   ^^^^^^^^^^^^
...
341 |     pub(crate) fn constructor_family(&mut self, graph: &mut InferenceContext, kind: ValueConstructor, origin: Span) -> Result<Opera...
    |                   ^^^^^^^^^^^^^^^^^^
...
354 |     pub(crate) fn declaration_family(&mut self, graph: &mut InferenceContext, authority_id: &'static str, identity: Name, scheme: S...
    |                   ^^^^^^^^^^^^^^^^^^

warning: function `iterable_types` is never used
   --> src/sema/operation_graph.rs:413:4
    |
413 | fn iterable_types(graph:&mut InferenceContext,domain:IterableDomain,origin:Span)->Result<(TypeId,TypeId,Vec<RequirementId>),Inferen...
    |    ^^^^^^^^^^^^^^

warning: associated constants `MIN`, `MAX`, and `ALL` are never used
  --> src/sema/stage_graph.rs:18:43
   |
17 | impl ReductionModes {
   | ------------------- associated constants in this implementation
18 |     pub const SUM:Self=Self(1); pub const MIN:Self=Self(2); pub const MAX:Self=Self(4); pub const ALL:Self=Self(7);
   |                                           ^^^                         ^^^                         ^^^

warning: multiple fields are never read
  --> src/sema/stage_graph.rs:50:9
   |
46 | pub(crate) struct StageCandidate {
   |                   -------------- fields in this struct
...
50 |     pub source: StageSource,
   |         ^^^^^^
51 |     pub input_numeric: Option<Atom>,
   |         ^^^^^^^^^^^^^
52 |     pub form: StageForm,
   |         ^^^^
53 |     pub variant: StageVariant,
   |         ^^^^^^^
54 |     pub parameters: &'static [StageParameter],
   |         ^^^^^^^^^^
55 |     pub callback_slot: Option<usize>,
   |         ^^^^^^^^^^^^^
56 |     pub additional_producer: Option<AdditionalProducer>,
   |         ^^^^^^^^^^^^^^^^^^^
57 |     pub effects: StageEffectRelation,
   |         ^^^^^^^
   |
   = note: `StageCandidate` has derived impls for the traits `Debug` and `Clone`, but these are intentionally ignored during dead code analysis

warning: fields `output_pull`, `output_close`, and `intrinsic_pull` are never read
  --> src/sema/stage_graph.rs:69:9
   |
68 | pub(crate) struct StageEffectRelation {
   |                   ------------------- fields in this struct
69 |     pub output_pull: Box<[EffectRole]>,
   |         ^^^^^^^^^^^
70 |     pub output_close: Box<[EffectRole]>,
   |         ^^^^^^^^^^^^
71 |     pub intrinsic_pull: EffectSet,
   |         ^^^^^^^^^^^^^^
   |
   = note: `StageEffectRelation` has derived impls for the traits `Debug` and `Clone`, but these are intentionally ignored during dead code analysis

warning: method `output_producer_effects` is never used
   --> src/sema/stage_graph.rs:109:19
    |
 74 | impl StageGraph {
    | --------------- method in this implementation
...
109 |     pub(crate) fn output_producer_effects(&self,graph:&InferenceContext,requirement:RequirementId)->Result<Option<(EffectSummary,Ef...
    |                   ^^^^^^^^^^^^^^^^^^^^^^^

warning: variants `MapKey`, `OptionalPayload`, `ResultError`, and `RecordField` are never constructed
  --> src/sema/registry_graph.rs:36:55
   |
36 | pub(crate) enum RegistryProducerComponent { ListItem, MapKey, MapValue, OptionalPayload, ResultSuccess, ResultError, RecordField(Nam...
   |                 -------------------------             ^^^^^^            ^^^^^^^^^^^^^^^                 ^^^^^^^^^^^  ^^^^^^^^^^^
   |                 |
   |                 variants in this enum
   |
   = note: `RegistryProducerComponent` has derived impls for the traits `Debug` and `Clone`, but these are intentionally ignored during dead code analysis

warning: fields `entry`, `operation`, `binding`, `command`, `argument_check`, and `semantic_rule` are never read
  --> src/sema/registry_graph.rs:76:9
   |
71 | pub(crate) struct RegistryCandidate {
   |                   ----------------- fields in this struct
...
76 |     pub entry: &'static str,
   |         ^^^^^
77 |     pub operation: RuntimeOp,
   |         ^^^^^^^^^
78 |     pub binding: ImplBinding,
   |         ^^^^^^^
79 |     pub kind: CallableKind,
80 |     pub command: bool,
   |         ^^^^^^^
81 |     pub argument_check: ApiArgCheck,
   |         ^^^^^^^^^^^^^^
82 |     pub semantic_rule: SemanticRule,
   |         ^^^^^^^^^^^^^
   |
   = note: `RegistryCandidate` has derived impls for the traits `Debug` and `Clone`, but these are intentionally ignored during dead code analysis

warning: enum `RegistryProducerPath` is never used
  --> src/sema/registry_graph.rs:90:17
   |
90 | pub(crate) enum RegistryProducerPath { ResultSuccess }
   |                 ^^^^^^^^^^^^^^^^^^^^

warning: struct `RegistryProducerAlternative` is never constructed
  --> src/sema/registry_graph.rs:93:19
   |
93 | pub(crate) struct RegistryProducerAlternative {
   |                   ^^^^^^^^^^^^^^^^^^^^^^^^^^^

warning: struct `RegistryProducerRelation` is never constructed
  --> src/sema/registry_graph.rs:99:19
   |
99 | pub(crate) struct RegistryProducerRelation {
   |                   ^^^^^^^^^^^^^^^^^^^^^^^^

warning: fields `authority_id`, `label`, and `shape` are never read
   --> src/sema/registry_graph.rs:106:9
    |
105 | pub(crate) struct RegistrySchema {
    |                   -------------- fields in this struct
106 |     pub authority_id: Name,
    |         ^^^^^^^^^^^^
107 |     pub label: Name,
    |         ^^^^^
108 |     pub shape: TypeId,
    |         ^^^^^
    |
    = note: `RegistrySchema` has derived impls for the traits `Debug` and `Clone`, but these are intentionally ignored during dead code analysis

warning: fields `label` and `ty` are never read
   --> src/sema/registry_graph.rs:112:44
    |
112 | pub(crate) struct RegistryErrorField { pub label:Name, pub ty:TypeId }
    |                   ------------------       ^^^^^           ^^
    |                   |
    |                   fields in this struct
    |
    = note: `RegistryErrorField` has derived impls for the traits `Debug` and `Clone`, but these are intentionally ignored during dead code analysis

warning: fields `authority_id`, `family`, `variant`, `result`, `parameters`, and `facets` are never read
   --> src/sema/registry_graph.rs:116:9
    |
115 | pub(crate) struct RegistryErrorVariant {
    |                   -------------------- fields in this struct
116 |     pub authority_id:Name,
    |         ^^^^^^^^^^^^
117 |     pub family:Name,
    |         ^^^^^^
118 |     pub variant:Name,
    |         ^^^^^^^
119 |     pub result:TypeId,
    |         ^^^^^^
120 |     pub parameters:Box<[RegistryErrorField]>,
    |         ^^^^^^^^^^
121 |     pub facets:Box<[Name]>,
    |         ^^^^^^
    |
    = note: `RegistryErrorVariant` has derived impls for the traits `Debug` and `Clone`, but these are intentionally ignored during dead code analysis

warning: fields `schemas` and `errors` are never read
   --> src/sema/registry_graph.rs:131:5
    |
127 | pub(crate) struct RegistryGraph {
    |                   ------------- fields in this struct
...
131 |     schemas:BTreeMap<String,RegistrySchema>,
    |     ^^^^^^^
132 |     errors:BTreeMap<String,RegistryErrorVariant>,
    |     ^^^^^^

warning: methods `schema`, `builtin_error_variant`, and `producer_result_relation` are never used
   --> src/sema/registry_graph.rs:152:19
    |
135 | impl RegistryGraph {
    | ------------------ methods in this implementation
...
152 |     pub(crate) fn schema(&mut self,graph:&mut InferenceContext,name:&str,origin:Span)->Result<RegistrySchema,InferenceError> {
    |                   ^^^^^^
...
164 |     pub(crate) fn builtin_error_variant(&mut self,graph:&mut InferenceContext,family:&str,variant:&str,origin:Span)->Result<Registr...
    |                   ^^^^^^^^^^^^^^^^^^^^^
...
248 |     pub(crate) fn producer_result_relation(&self,graph:&InferenceContext,family:OperationFamilyId)->Result<Option<RegistryProducerR...
    |                   ^^^^^^^^^^^^^^^^^^^^^^^^

warning: `xsh` (lib) generated 25 warnings (run `cargo fix --lib -p xsh` to apply 3 suggestions)
warning: unused import: `ProducerFlowNode`
  --> src/sema/check.rs:73:157
   |
73 | ...lowOperationAlternative, ProducerFlowOperationTransfer, ProducerFlowNode, ProducerFlowSource};
   |                                                            ^^^^^^^^^^^^^^^^
   |
   = note: `#[warn(unused_imports)]` (part of `#[warn(unused)]`) on by default

warning: variant `Declaration` is never constructed
   --> src/sema/operation_graph.rs:167:5
    |
153 | pub(crate) enum PreparedLanguageOperation {
    |                 ------------------------- variant in this enum
...
167 |     Declaration { authority: &'static str, identity: Name },
    |     ^^^^^^^^^^^
    |
    = note: `PreparedLanguageOperation` has derived impls for the traits `Debug` and `Clone`, but these are intentionally ignored during dead code analysis
    = note: `#[warn(dead_code)]` (part of `#[warn(unused)]`) on by default

warning: fields `authority` and `statement_result_is_unit` are never read
   --> src/sema/operation_graph.rs:177:9
    |
174 | pub(crate) struct OperationCandidate {
    |                   ------------------ fields in this struct
...
177 |     pub authority: &'static str,
    |         ^^^^^^^^^
...
180 |     pub statement_result_is_unit: bool,
    |         ^^^^^^^^^^^^^^^^^^^^^^^^
    |
    = note: `OperationCandidate` has derived impls for the traits `Debug` and `Clone`, but these are intentionally ignored during dead code analysis

warning: method `declaration_family` is never used
   --> src/sema/operation_graph.rs:354:19
    |
190 | impl OperationGraph {
    | ------------------- method in this implementation
...
354 |     pub(crate) fn declaration_family(&mut self, graph: &mut InferenceContext, authority_id: &'static str, identity: Name, scheme: S...
    |                   ^^^^^^^^^^^^^^^^^^

warning: fields `source`, `input_numeric`, `form`, `variant`, and `effects` are never read
  --> src/sema/stage_graph.rs:50:9
   |
46 | pub(crate) struct StageCandidate {
   |                   -------------- fields in this struct
...
50 |     pub source: StageSource,
   |         ^^^^^^
51 |     pub input_numeric: Option<Atom>,
   |         ^^^^^^^^^^^^^
52 |     pub form: StageForm,
   |         ^^^^
53 |     pub variant: StageVariant,
   |         ^^^^^^^
...
57 |     pub effects: StageEffectRelation,
   |         ^^^^^^^
   |
   = note: `StageCandidate` has derived impls for the traits `Debug` and `Clone`, but these are intentionally ignored during dead code analysis

warning: fields `binding`, `command`, and `semantic_rule` are never read
  --> src/sema/registry_graph.rs:78:9
   |
71 | pub(crate) struct RegistryCandidate {
   |                   ----------------- fields in this struct
...
78 |     pub binding: ImplBinding,
   |         ^^^^^^^
79 |     pub kind: CallableKind,
80 |     pub command: bool,
   |         ^^^^^^^
81 |     pub argument_check: ApiArgCheck,
82 |     pub semantic_rule: SemanticRule,
   |         ^^^^^^^^^^^^^
   |
   = note: `RegistryCandidate` has derived impls for the traits `Debug` and `Clone`, but these are intentionally ignored during dead code analysis

warning: `xsh` (lib test) generated 10 warnings (4 duplicates) (run `cargo fix --lib -p xsh --tests` to apply 1 suggestion)
    Finished `test` profile [unoptimized] target(s) in 3.56s
     Running unittests src/lib.rs (target/debug/build/xsh/3b1ba41aea3ea9fa/out/xsh-3b1ba41aea3ea9fa)

running 14 tests
test sema::check::producer_eval::tests::flow_evaluation_rejects_foreign_owners_and_charges_its_work ... ok
test sema::check::producer_eval::tests::missing_declaration_results_and_binding_evidence_remain_pending ... ok
test sema::check::producer_eval::tests::aggregate_parameter_paths_distinguish_output_position_from_formal_projection ... ok
test sema::check::producer_eval::tests::recursive_declaration_results_reach_a_shared_monotone_fixed_point ... ok
test sema::check::producer_eval::tests::aggregate_projection_keeps_uncertainty_at_its_exact_path ... ok
test sema::check::producer_eval::tests::exact_parameter_slots_transfer_equal_typed_distinct_producers ... ok
test sema::check::producer_eval::tests::published_formal_effects_substitute_by_exact_binder_in_each_call ... ok
test sema::check::producer_eval::tests::symbolic_parameter_projection_preserves_formal_paths_through_a_call ... ok
test sema::check::producer_eval::tests::rest_packing_and_ordered_defaults_transfer_real_source_values ... ok
test sema::check::producer_eval::tests::returned_callable_uses_its_exact_captured_parameter_environment ... ok
test sema::check::producer_eval::tests::generic_callback_invocations_use_each_exact_instance_default_plan ... ok
test sema::check::producer_eval::tests::operation_transfer_uses_the_call_instance_and_exact_input_projection ... ok
test sema::check::producer_eval::tests::long_alias_chains_use_a_charged_worklist_instead_of_the_host_stack ... ok
test sema::check::producer_eval::tests::multiple_alias_roots_share_the_dependency_worklist ... ok

test result: ok. 14 passed; 0 failed; 0 ignored; 0 measured; 583 filtered out; finished in 0.02s

