   Compiling xsh v0.0.1 (/Users/josh/d/laputa-systems/xsh-typing-campaign-v2)
warning: associated function `from_graph` is never used
   --> src/sema/check/solved.rs:201:19
    |
200 | impl SolvedTypes {
    | ---------------- associated function in this implementation
201 |     pub(crate) fn from_graph(graph: SolvedGraph, symbols: crate::symbol::SymbolOwner) -> Self {
    |                   ^^^^^^^^^^
    |
    = note: `#[warn(dead_code)]` (part of `#[warn(unused)]`) on by default

warning: enum `RegistryOwner` is never used
  --> src/sema/registry_graph.rs:13:17
   |
13 | pub(crate) enum RegistryOwner {
   |                 ^^^^^^^^^^^^^

warning: struct `RegistryParameter` is never constructed
  --> src/sema/registry_graph.rs:20:19
   |
20 | pub(crate) struct RegistryParameter {
   |                   ^^^^^^^^^^^^^^^^^

warning: struct `RegistryCandidate` is never constructed
  --> src/sema/registry_graph.rs:28:19
   |
28 | pub(crate) struct RegistryCandidate {
   |                   ^^^^^^^^^^^^^^^^^

warning: struct `RegistryGraph` is never constructed
  --> src/sema/registry_graph.rs:46:19
   |
46 | pub(crate) struct RegistryGraph {
   |                   ^^^^^^^^^^^^^

warning: multiple methods are never used
   --> src/sema/registry_graph.rs:53:8
    |
 52 | impl RegistryGraph {
    | ------------------ methods in this implementation
 53 |     fn bind_owner(&mut self, graph: &InferenceContext) -> Result<(), InferenceError> {
    |        ^^^^^^^^^^
...
 59 |     fn cached_family(&mut self, graph: &InferenceContext, key: &str) -> Option<OperationFamilyId> {
    |        ^^^^^^^^^^^^^
...
 67 |     pub(crate) fn module_family(&mut self, graph: &mut InferenceContext, module: &str, entry: &str, origin: Span) -> Result<Operati...
    |                   ^^^^^^^^^^^^^
...
 76 |     pub(crate) fn method_family(&mut self, graph: &mut InferenceContext, entry: &str, origin: Span) -> Result<OperationFamilyId, In...
    |                   ^^^^^^^^^^^^^
...
 96 |     pub(crate) fn type_constructor_family(&mut self, graph: &mut InferenceContext, owner: &str, entry: &str, origin: Span) -> Resul...
    |                   ^^^^^^^^^^^^^^^^^^^^^^^
...
106 |     fn build_family(&mut self, graph: &mut InferenceContext, key: String, import: impl FnOnce(&mut Self, &mut InferenceContext) -> ...
    |        ^^^^^^^^^^^^
...
118 |     fn finish_family(&mut self, graph: &mut InferenceContext, key: String, candidates: &[CandidateId]) -> Result<OperationFamilyId,...
    |        ^^^^^^^^^^^^^
...
124 |     pub(crate) fn metadata(&self, graph: &InferenceContext, id: CandidateId) -> Result<&RegistryCandidate, InferenceError> {
    |                   ^^^^^^^^
...
132 |     fn import_candidate(&mut self, graph: &mut InferenceContext, owner: RegistryOwner, entry: &'static str, signature: &ModuleFnSig...
    |        ^^^^^^^^^^^^^^^^

warning: function `declared_erasure` is never used
   --> src/sema/registry_graph.rs:164:4
    |
164 | fn declared_erasure(ty: &Type) -> bool {
    |    ^^^^^^^^^^^^^^^^

warning: function `receiver_type` is never used
   --> src/sema/registry_graph.rs:175:4
    |
175 | fn receiver_type(receiver: MethodReceiver, template: Option<&Type>) -> Result<Type, InferenceError> {
    |    ^^^^^^^^^^^^^

warning: function `actual_eligibility` is never used
   --> src/sema/registry_graph.rs:191:4
    |
191 | fn actual_eligibility(signature: &ModuleFnSig) -> Result<Vec<(usize, Eligibility)>, InferenceError> {
    |    ^^^^^^^^^^^^^^^^^^

warning: function `effect_bits` is never used
   --> src/sema/registry_graph.rs:203:4
    |
203 | fn effect_bits(effect: Option<&Effect>) -> EffectSet {
    |    ^^^^^^^^^^^

warning: function `import_type` is never used
   --> src/sema/registry_graph.rs:211:4
    |
211 | fn import_type(graph: &mut InferenceContext, ty: &Type, variables: &mut BTreeMap<BuiltinTypeParameter, TypeId>, requirements: &mut ...
    |    ^^^^^^^^^^^

warning: function `quote` is never used
   --> src/sema/registry_graph.rs:246:4
    |
246 | fn quote(value: &str) -> String {
    |    ^^^^^

warning: function `object` is never used
   --> src/sema/registry_graph.rs:260:4
    |
260 | fn object(mut fields: Vec<(&str, String)>) -> String {
    |    ^^^^^^

warning: function `canonical_type` is never used
   --> src/sema/registry_graph.rs:265:4
    |
265 | fn canonical_type(ty: &Type) -> Result<String, InferenceError> {
    |    ^^^^^^^^^^^^^^

warning: function `canonical_signature` is never used
   --> src/sema/registry_graph.rs:289:4
    |
289 | fn canonical_signature(owner: RegistryOwner, entry: &str, signature: &ModuleFnSig, receiver: Option<&Type>) -> Result<String, Infer...
    |    ^^^^^^^^^^^^^^^^^^^

   Compiling xsht v0.0.1 (/Users/josh/d/laputa-systems/xsh-typing-campaign-v2/crates/xsht)
warning: `xsh` (lib) generated 15 warnings
warning: fields `binding`, `command`, and `semantic_rule` are never read
  --> src/sema/registry_graph.rs:34:9
   |
28 | pub(crate) struct RegistryCandidate {
   |                   ----------------- fields in this struct
...
34 |     pub binding: ImplBinding,
   |         ^^^^^^^
35 |     pub kind: CallableKind,
36 |     pub command: bool,
   |         ^^^^^^^
37 |     pub argument_check: ApiArgCheck,
38 |     pub semantic_rule: SemanticRule,
   |         ^^^^^^^^^^^^^
   |
   = note: `RegistryCandidate` has derived impls for the traits `Debug` and `Clone`, but these are intentionally ignored during dead code analysis
   = note: `#[warn(dead_code)]` (part of `#[warn(unused)]`) on by default

warning: `xsh` (lib test) generated 1 warning
    Finished `test` profile [unoptimized] target(s) in 14.03s
     Running unittests src/lib.rs (target/debug/build/xsh/3b1ba41aea3ea9fa/out/xsh-3b1ba41aea3ea9fa)

running 54 tests
test sema::inference::finalized::publication_tests::publication_enforces_its_work_budget ... ok
test sema::inference::finalized::publication_tests::shared_publication_roots_charge_only_one_graph_walk ... ok
test sema::inference::finalized::publication_tests::external_effect_roots_reject_a_sibling_scheme_binder ... ok
test sema::inference::finalized::publication_tests::frozen_scheme_effect_endpoints_and_variable_bindings_are_closed ... ok
test sema::inference::reference::reference_environment_escape_tracks_metas_reachable_through_substitution ... ok
test sema::inference::reference::reference_failed_probe_retires_variables_and_restores_substitutions ... ok
test sema::inference::reference::reference_failed_row_probe_restores_lacks_and_common_field_bindings ... ok
test sema::inference::finalized::publication_tests::shared_subgraphs_do_not_hide_a_deeper_path ... ok
test sema::inference::reference::production_matches_failed_probe_isolation_and_retired_handles ... ok
test sema::inference::reference::production_matches_immutable_alias_of_a_monomorphic_binding ... ok
test sema::inference::reference::reference_substitution_preserves_captured_metas_and_row_lacks ... ok
test sema::inference::reference::production_matches_captured_open_row_aliases ... ok
test sema::inference::reference::production_matches_environment_escape_through_substitutions_and_capture ... ok
test sema::inference::reference::reference_value_restriction_keeps_mutable_and_expansive_aliases_monomorphic ... ok
test sema::inference::reference::reference_substitution_rejects_cross_kind_recursive_equations ... ok
test sema::inference::reference::production_matches_quantified_open_rows_and_residual_lacks ... ok
test sema::inference::tests::audit_foreign_effect_is_rejected_before_unknown_erasure ... ok
test sema::inference::tests::audit_accumulated_lacks_obey_row_label_limit ... ok
test sema::inference::tests::arrow_assignment_preserves_explicit_effect_upper_bound_and_kind ... ok
test sema::inference::reference::reference_scheme_instantiation_freshens_rows_and_preserves_lacks ... ok
test sema::inference::tests::audit_latent_effect_scheme_instances_are_independent ... ok
test sema::inference::tests::audit_unrelated_rigid_requirement_cannot_attach_to_ground_scheme ... ok
test sema::inference::tests::candidate_trial_rewinds_success_and_retires_its_allocations ... ok
test sema::inference::tests::captured_and_expansive_bindings_do_not_generalize ... ok
test sema::inference::tests::audit_watcher_dispatch_is_charged_even_in_failed_probe ... ok
test sema::inference::tests::bounded_views_preserve_ground_contracts_and_refuse_unresolved_erasure ... ok
test sema::inference::tests::component_lexical_capture_requires_exact_authorized_outer_bindings ... ok
test sema::inference::tests::component_member_scope_rejects_sibling_only_binders_and_maps_sparse_indices ... ok
test sema::inference::tests::component_value_restriction_lowers_shared_variables_before_any_generalization ... ok
test sema::inference::tests::component_records_captured_meta_identity_before_enclosing_generalization ... ok
test sema::inference::tests::constraint_reasons_survive_success_and_rewind_failed_trials ... ok
test sema::inference::tests::declaration_facts_retain_rigid_identity_and_publication_rejects_ground_escape ... ok
test sema::inference::tests::failed_add_probe_does_not_poison_another_discharge ... ok
test sema::inference::tests::failed_probe_handles_do_not_alias_later_allocations_or_other_graphs ... ok
test sema::inference::tests::fixed_effect_inclusions_propagate_and_failed_upper_bound_rolls_back ... ok
test sema::inference::reference::production_matches_rank_one_freshening_and_monomorphic_aliases ... ok
test sema::inference::tests::occurs_failure_restores_nested_substitutions ... ok
test sema::inference::tests::effect_schemes_preserve_inclusions_and_monomorphic_alias_restriction ... ok
test sema::inference::tests::publication_checks_requirement_scope_even_when_signature_is_ground ... ok
test sema::inference::tests::reason_contribution_edges_are_bounded_and_charged_on_failed_trials ... ok
test sema::inference::tests::open_projection_keeps_actual_fields_and_projects_distinct_types ... ok
test sema::inference::tests::rigid_capture_cannot_lower_beyond_its_scope ... ok
test sema::inference::tests::recursive_component_keeps_common_binders_and_fresh_member_instances ... ok
test sema::inference::tests::rigid_requirement_with_no_supported_domain_is_rejected ... ok
test sema::inference::tests::row_lacks_kind_and_recursive_equations_reject_without_binding ... ok
test sema::inference::tests::shared_import_rolls_back_identities_and_keeps_dynamic_and_recovery_distinct ... ok
test sema::inference::tests::shared_import_reuses_legacy_identity_inside_nested_views ... ok
test sema::inference::tests::sealed_add_requirements_are_generalized_forwarded_and_discharged ... ok
test sema::inference::tests::width_assignment_is_not_row_equality_or_container_covariance ... ok
test sema::inference::tests::work_exhaustion_preserves_pending_requirement_on_solve_entry ... ok
test sema::inference::tests::work_charges_wide_structural_copies_before_a_failed_match ... ok
test sema::inference::reference::reference_generated_equations_preserve_principal_relationships_under_permutation ... ok
test sema::inference::reference::production_matches_generated_rank_one_schemes_with_captured_variables ... ok
test sema::inference::reference::production_matches_independent_generated_equations_and_permutations ... ok

test result: ok. 54 passed; 0 failed; 0 ignored; 0 measured; 400 filtered out; finished in 0.05s

