   Compiling xsh v0.0.1 (/Users/josh/d/laputa-systems/xsh-typing-campaign-v2)
warning: unused imports: `ArgumentRelation`, `Arrow`, `CallableKind`, `CandidateTemplate`, `EffectSet`, `EffectSummary`, `Eligibility`, `Generalization`, `Parameter`, `RequirementId`, `RowField`, and `TypeId`
 --> src/sema/operation_graph.rs:1:30
  |
1 | ...::{ArgumentRelation, Arrow, Atom, CallableKind, CandidateId, CandidateTemplate, EffectSet, EffectSummary, Eligibility, Generalization, GraphOwner, InferenceContext, InferenceError, OperationFamilyId, Parameter, RequirementId, RowField, SchemeId, TypeId};
  |       ^^^^^^^^^^^^^^^^  ^^^^^        ^^^^^^^^^^^^               ^^^^^^^^^^^^^^^^^  ^^^^^^^^^  ^^^^^^^^^^^^^  ^^^^^^^^^^^  ^^^^^^^^^^^^^^                                                                   ^^^^^^^^^  ^^^^^^^^^^^^^  ^^^^^^^^            ^^^^^^
  |
  = note: `#[warn(unused_imports)]` (part of `#[warn(unused)]`) on by default

warning: enum `LanguageDisposition` is never used
 --> src/sema/operation_graph.rs:9:17
  |
9 | pub(crate) enum LanguageDisposition { SealedRequirement, ParametricTemplate, FixedBoundary, DynamicBoundary, StaticIdentity }
  |                 ^^^^^^^^^^^^^^^^^^^
  |
  = note: `#[warn(dead_code)]` (part of `#[warn(unused)]`) on by default

warning: struct `LanguageAuthority` is never constructed
  --> src/sema/operation_graph.rs:12:19
   |
12 | pub(crate) struct LanguageAuthority { pub id: &'static str, pub family: &'static str, pub disposition: LanguageDisposition }
   |                   ^^^^^^^^^^^^^^^^^

warning: constant `LANGUAGE_AUTHORITIES` is never used
  --> src/sema/operation_graph.rs:14:18
   |
14 | pub(crate) const LANGUAGE_AUTHORITIES: &[LanguageAuthority] = &[
   |                  ^^^^^^^^^^^^^^^^^^^^

warning: enum `ArithmeticDomain` is never used
   --> src/sema/operation_graph.rs:143:17
    |
143 | pub(crate) enum ArithmeticDomain { Integer { left: Atom, right: Atom }, Float, Text, List, DurationPair, DurationScale { duration_l...
    |                 ^^^^^^^^^^^^^^^^

warning: enum `MembershipDomain` is never used
   --> src/sema/operation_graph.rs:145:17
    |
145 | pub(crate) enum MembershipDomain { List, Map, Str, Bytes, Record, Path { needle: Atom }, EnvPathList }
    |                 ^^^^^^^^^^^^^^^^

warning: enum `IterableDomain` is never used
   --> src/sema/operation_graph.rs:147:17
    |
147 | pub(crate) enum IterableDomain { List, Stream, Map, Str, Bytes }
    |                 ^^^^^^^^^^^^^^

warning: enum `SliceDomain` is never used
   --> src/sema/operation_graph.rs:149:17
    |
149 | pub(crate) enum SliceDomain { List, Str, Bytes }
    |                 ^^^^^^^^^^^

warning: enum `ValueConstructor` is never used
   --> src/sema/operation_graph.rs:151:17
    |
151 | pub(crate) enum ValueConstructor { Ok, Err, Path, Range }
    |                 ^^^^^^^^^^^^^^^^

warning: enum `PreparedLanguageOperation` is never used
   --> src/sema/operation_graph.rs:153:17
    |
153 | pub(crate) enum PreparedLanguageOperation {
    |                 ^^^^^^^^^^^^^^^^^^^^^^^^^

warning: enum `OperationArgumentOrder` is never used
   --> src/sema/operation_graph.rs:171:17
    |
171 | pub(crate) enum OperationArgumentOrder { SourceOrder, ReceiverThenNeedle }
    |                 ^^^^^^^^^^^^^^^^^^^^^^

warning: struct `OperationCandidate` is never constructed
   --> src/sema/operation_graph.rs:174:19
    |
174 | pub(crate) struct OperationCandidate {
    |                   ^^^^^^^^^^^^^^^^^^

warning: struct `OperationGraph` is never constructed
   --> src/sema/operation_graph.rs:184:19
    |
184 | pub(crate) struct OperationGraph {
    |                   ^^^^^^^^^^^^^^

warning: method `binary_family` is never used
   --> src/sema/operation_graph.rs:191:19
    |
190 | impl OperationGraph {
    | ------------------- method in this implementation
191 |     pub(crate) fn binary_family(&mut self, _graph: &mut InferenceContext, _op: BinaryOp, _origin: Span) -> Result<OperationFamilyId...
    |                   ^^^^^^^^^^^^^

warning: variants `Method` and `TypeConstructor` are never constructed
  --> src/sema/registry_graph.rs:15:5
   |
13 | pub(crate) enum RegistryOwner {
   |                 ------------- variants in this enum
14 |     Module(&'static str),
15 |     Method(MethodReceiver),
   |     ^^^^^^
16 |     TypeConstructor(&'static str),
   |     ^^^^^^^^^^^^^^^
   |
   = note: `RegistryOwner` has derived impls for the traits `Debug` and `Clone`, but these are intentionally ignored during dead code analysis

warning: multiple fields are never read
  --> src/sema/registry_graph.rs:32:9
   |
28 | pub(crate) struct RegistryCandidate {
   |                   ----------------- fields in this struct
...
32 |     pub entry: &'static str,
   |         ^^^^^
33 |     pub operation: RuntimeOp,
   |         ^^^^^^^^^
34 |     pub binding: ImplBinding,
   |         ^^^^^^^
35 |     pub kind: CallableKind,
36 |     pub command: bool,
   |         ^^^^^^^
37 |     pub argument_check: ApiArgCheck,
   |         ^^^^^^^^^^^^^^
38 |     pub semantic_rule: SemanticRule,
   |         ^^^^^^^^^^^^^
39 |     pub parameters: Box<[RegistryParameter]>,
40 |     pub required_effect: Option<Effect>,
   |         ^^^^^^^^^^^^^^^
   |
   = note: `RegistryCandidate` has derived impls for the traits `Debug` and `Clone`, but these are intentionally ignored during dead code analysis

warning: methods `method_family` and `type_constructor_family` are never used
  --> src/sema/registry_graph.rs:76:19
   |
52 | impl RegistryGraph {
   | ------------------ methods in this implementation
...
76 |     pub(crate) fn method_family(&mut self, graph: &mut InferenceContext, entry: &str, origin: Span) -> Result<OperationFamilyId, Inf...
   |                   ^^^^^^^^^^^^^
...
96 |     pub(crate) fn type_constructor_family(&mut self, graph: &mut InferenceContext, owner: &str, entry: &str, origin: Span) -> Result...
   |                   ^^^^^^^^^^^^^^^^^^^^^^^

warning: function `receiver_type` is never used
   --> src/sema/registry_graph.rs:175:4
    |
175 | fn receiver_type(receiver: MethodReceiver, template: Option<&Type>) -> Result<Type, InferenceError> {
    |    ^^^^^^^^^^^^^

   Compiling xsht v0.0.1 (/Users/josh/d/laputa-systems/xsh-typing-campaign-v2/crates/xsht)
warning: `xsh` (lib) generated 18 warnings (run `cargo fix --lib -p xsh` to apply 1 suggestion)
warning: unused imports: `ArgumentRelation`, `Arrow`, `CallableKind`, `CandidateTemplate`, `Eligibility`, `Generalization`, `Parameter`, `RequirementId`, `RowField`, and `TypeId`
 --> src/sema/operation_graph.rs:1:30
  |
1 | ...::{ArgumentRelation, Arrow, Atom, CallableKind, CandidateId, CandidateTemplate, EffectSet, EffectSummary, Eligibility, Generalization, GraphOwner, InferenceContext, InferenceError, OperationFamilyId, Parameter, RequirementId, RowField, SchemeId, TypeId};
  |       ^^^^^^^^^^^^^^^^  ^^^^^        ^^^^^^^^^^^^               ^^^^^^^^^^^^^^^^^                            ^^^^^^^^^^^  ^^^^^^^^^^^^^^                                                                   ^^^^^^^^^  ^^^^^^^^^^^^^  ^^^^^^^^            ^^^^^^
  |
  = note: `#[warn(unused_imports)]` (part of `#[warn(unused)]`) on by default

warning: multiple variants are never constructed
   --> src/sema/operation_graph.rs:143:36
    |
143 | ...um ArithmeticDomain { Integer { left: Atom, right: Atom }, Float, Text, List, DurationPair, DurationScale { duration_left: bool }, DurationRatio, PathJoin { ...
    |       ----------------   ^^^^^^^                              ^^^^^  ^^^^  ^^^^  ^^^^^^^^^^^^  ^^^^^^^^^^^^^                          ^^^^^^^^^^^^^  ^^^^^^^^
    |       |
    |       variants in this enum
    |
    = note: `ArithmeticDomain` has derived impls for the traits `Debug` and `Clone`, but these are intentionally ignored during dead code analysis

warning: multiple variants are never constructed
   --> src/sema/operation_graph.rs:145:36
    |
145 | pub(crate) enum MembershipDomain { List, Map, Str, Bytes, Record, Path { needle: Atom }, EnvPathList }
    |                 ----------------   ^^^^  ^^^  ^^^  ^^^^^  ^^^^^^  ^^^^                   ^^^^^^^^^^^
    |                 |
    |                 variants in this enum
    |
    = note: `MembershipDomain` has derived impls for the traits `Debug` and `Clone`, but these are intentionally ignored during dead code analysis

warning: variants `List`, `Stream`, `Map`, `Str`, and `Bytes` are never constructed
   --> src/sema/operation_graph.rs:147:34
    |
147 | pub(crate) enum IterableDomain { List, Stream, Map, Str, Bytes }
    |                 --------------   ^^^^  ^^^^^^  ^^^  ^^^  ^^^^^
    |                 |
    |                 variants in this enum
    |
    = note: `IterableDomain` has derived impls for the traits `Debug` and `Clone`, but these are intentionally ignored during dead code analysis

warning: variants `List`, `Str`, and `Bytes` are never constructed
   --> src/sema/operation_graph.rs:149:31
    |
149 | pub(crate) enum SliceDomain { List, Str, Bytes }
    |                 -----------   ^^^^  ^^^  ^^^^^
    |                 |
    |                 variants in this enum
    |
    = note: `SliceDomain` has derived impls for the traits `Debug` and `Clone`, but these are intentionally ignored during dead code analysis

warning: variants `Ok`, `Err`, `Path`, and `Range` are never constructed
   --> src/sema/operation_graph.rs:151:36
    |
151 | pub(crate) enum ValueConstructor { Ok, Err, Path, Range }
    |                 ----------------   ^^  ^^^  ^^^^  ^^^^^
    |                 |
    |                 variants in this enum
    |
    = note: `ValueConstructor` has derived impls for the traits `Debug` and `Clone`, but these are intentionally ignored during dead code analysis

warning: multiple variants are never constructed
   --> src/sema/operation_graph.rs:154:5
    |
153 | pub(crate) enum PreparedLanguageOperation {
    |                 ------------------------- variants in this enum
154 |     Arithmetic { op: BinaryOp, domain: ArithmeticDomain },
    |     ^^^^^^^^^^
155 |     Compound { op: AssignOp, domain: ArithmeticDomain },
    |     ^^^^^^^^
156 |     Assignment,
    |     ^^^^^^^^^^
157 |     Ordering { op: BinaryOp, left: Atom, right: Atom },
    |     ^^^^^^^^
158 |     Equality { op: BinaryOp },
    |     ^^^^^^^^
159 |     Membership { negated: bool, domain: MembershipDomain },
    |     ^^^^^^^^^^
160 |     Boolean { op: BinaryOp },
    |     ^^^^^^^
161 |     Fallback { result: bool },
    |     ^^^^^^^^
162 |     Unary { op: UnaryOp, operand: Atom },
    |     ^^^^^
163 |     Iteration { domain: IterableDomain, outer_result: bool },
    |     ^^^^^^^^^
164 |     Index { map: bool },
    |     ^^^^^
165 |     Slice(SliceDomain),
    |     ^^^^^
166 |     Constructor { kind: ValueConstructor, arity: usize },
    |     ^^^^^^^^^^^
167 |     Declaration { authority: &'static str, identity: Name },
    |     ^^^^^^^^^^^
    |
    = note: `PreparedLanguageOperation` has derived impls for the traits `Debug` and `Clone`, but these are intentionally ignored during dead code analysis

warning: variants `SourceOrder` and `ReceiverThenNeedle` are never constructed
   --> src/sema/operation_graph.rs:171:42
    |
171 | pub(crate) enum OperationArgumentOrder { SourceOrder, ReceiverThenNeedle }
    |                 ----------------------   ^^^^^^^^^^^  ^^^^^^^^^^^^^^^^^^
    |                 |
    |                 variants in this enum
    |
    = note: `OperationArgumentOrder` has derived impls for the traits `Debug` and `Clone`, but these are intentionally ignored during dead code analysis

warning: fields `identity`, `scheme`, `authority`, `operation`, `argument_order`, and `statement_result_is_unit` are never read
   --> src/sema/operation_graph.rs:175:9
    |
174 | pub(crate) struct OperationCandidate {
    |                   ------------------ fields in this struct
175 |     pub identity: Name,
    |         ^^^^^^^^
176 |     pub scheme: SchemeId,
    |         ^^^^^^
177 |     pub authority: &'static str,
    |         ^^^^^^^^^
178 |     pub operation: PreparedLanguageOperation,
    |         ^^^^^^^^^
179 |     pub argument_order: OperationArgumentOrder,
    |         ^^^^^^^^^^^^^^
180 |     pub statement_result_is_unit: bool,
    |         ^^^^^^^^^^^^^^^^^^^^^^^^
    |
    = note: `OperationCandidate` has derived impls for the traits `Debug` and `Clone`, but these are intentionally ignored during dead code analysis

warning: fields `owner`, `families`, and `candidates` are never read
   --> src/sema/operation_graph.rs:185:5
    |
184 | pub(crate) struct OperationGraph {
    |                   -------------- fields in this struct
185 |     owner: Option<GraphOwner>,
    |     ^^^^^
186 |     families: BTreeMap<String, OperationFamilyId>,
    |     ^^^^^^^^
187 |     candidates: FxHashMap<CandidateId, OperationCandidate>,
    |     ^^^^^^^^^^

warning: fields `binding`, `command`, and `semantic_rule` are never read
  --> src/sema/registry_graph.rs:34:9
   |
28 | pub(crate) struct RegistryCandidate {
   |                   ----------------- fields in this struct
...
34 |     pub binding: ImplBinding,
   |         ^^^^^^^
35 |     pub kind: CallableKind,
36 |     pub command: bool,
   |         ^^^^^^^
37 |     pub argument_check: ApiArgCheck,
38 |     pub semantic_rule: SemanticRule,
   |         ^^^^^^^^^^^^^
   |
   = note: `RegistryCandidate` has derived impls for the traits `Debug` and `Clone`, but these are intentionally ignored during dead code analysis

warning: `xsh` (lib test) generated 14 warnings (3 duplicates) (run `cargo fix --lib -p xsh --tests` to apply 1 suggestion)
    Finished `test` profile [unoptimized] target(s) in 10.32s
     Running unittests src/lib.rs (target/debug/build/xsh/3b1ba41aea3ea9fa/out/xsh-3b1ba41aea3ea9fa)

running 1 test

thread 'sema::inference::finalized::publication_tests::cached_alias_suffix_preserves_the_substitution_depth_guard' (4472668) panicked at src/sema/inference/finalized.rs:403:9:
assertion failed: matches!(graph.freeze_scoped(&roots),
    Err(InferenceError::Limit("substitution depth")))
note: run with `RUST_BACKTRACE=1` environment variable to display a backtrace
test sema::inference::finalized::publication_tests::cached_alias_suffix_preserves_the_substitution_depth_guard ... FAILED

failures:

failures:
    sema::inference::finalized::publication_tests::cached_alias_suffix_preserves_the_substitution_depth_guard

test result: FAILED. 0 passed; 1 failed; 0 ignored; 0 measured; 456 filtered out; finished in 0.00s

error: test failed, to rerun pass `-p xsh --lib`
