   Compiling xsh v0.0.1 (/Users/josh/d/laputa-systems/xsh-typing-campaign-v2)
warning: unused import: `StmtId`
 --> src/sema/check/local_inference.rs:2:129
  |
2 | use crate::syntax::arena::{ArenaBindingTargetKind, ArenaExprKind, ArenaExprOrRun, ArenaProgram, ArenaStmtKind, BindingTargetId, StmtId};
  |                                                                                                                                 ^^^^^^
  |
  = note: `#[warn(unused_imports)]` (part of `#[warn(unused)]`) on by default

warning: unused imports: `SolvedSchemaApplication` and `SolvedSchemaExpectation`
  --> src/sema/check.rs:78:53
   |
78 | pub use schema_validation::{SolvedSchemaValidation, SolvedSchemaExpectation, SolvedSchemaApplication, SchemaValidationMode};
   |                                                     ^^^^^^^^^^^^^^^^^^^^^^^  ^^^^^^^^^^^^^^^^^^^^^^^

warning: unused import: `ProducerFlowNode`
  --> src/sema/check.rs:82:157
   |
82 | ...lowOperationAlternative, ProducerFlowOperationTransfer, ProducerFlowNode, ProducerFlowSource};
   |                                                            ^^^^^^^^^^^^^^^^

error[E0425]: cannot find function `instance_certificate_bytes` in this scope
  --> src/sema/inference/finalized.rs:74:83
   |
74 |         for instance in &self.publication.instances { storage.validation_bytes += instance_certificate_bytes(&instance.certificate); }
   |                                                                                   ^^^^^^^^^^^^^^^^^^^^^^^^^^ not found in this scope

error[E0599]: no method named `publish_instance` found for struct `inference::InferenceContext` in the current scope
   --> src/sema/inference/finalized.rs:303:38
    |
303 |         for root in instances { self.publish_instance(root, &mut proof)?; }
    |                                      ^^^^^^^^^^^^^^^^
    |
   ::: src/sema/inference.rs:344:1
    |
344 | pub struct InferenceContext {
    | --------------------------- method `publish_instance` not found for this struct
    |
help: there is a method `publish_root` with a similar name, but with different arguments
   --> src/sema/inference/finalized.rs:221:5
    |
221 |     fn publish_root(&mut self, root: TypeId, scope: PublicationScope, proof: &mut PublicationProof) -> Result<(), InferenceError> {
    |     ^^^^^^^^^^^^^^^^^^^^^^^^^^^^^^^^^^^^^^^^^^^^^^^^^^^^^^^^^^^^^^^^^^^^^^^^^^^^^^^^^^^^^^^^^^^^^^^^^^^^^^^^^^^^^^^^^^^^^^^^^^^^^

warning: unused variable: `arrow`
  --> src/sema/check/infer_effects.rs:95:61
   |
95 | ...   let crate::sema::inference::TypeNode::Arrow(arrow) = state.facts.graph.node(state.facts.graph.resolved(signature)?)? else {
   |                                                   ^^^^^ help: if this is intentional, prefix it with an underscore: `_arrow`
   |
   = note: `#[warn(unused_variables)]` (part of `#[warn(unused)]`) on by default

warning: variable does not need to be mutable
   --> src/sema/check/infer_effects.rs:146:21
    |
146 |                 let mut chain = vec![name.to_string()];
    |                     ----^^^^^
    |                     |
    |                     help: remove this `mut`
    |
    = note: `#[warn(unused_mut)]` (part of `#[warn(unused)]`) on by default

warning: unused variable: `name`
   --> src/sema/check/infer_effects.rs:154:84
    |
154 |     pub(super) fn record_effect_contract(&mut self, effects: &Option<Vec<Effect>>, name: &str) {
    |                                                                                    ^^^^ help: if this is intentional, prefix it with an underscore: `_name`

warning: unused variable: `span`
   --> src/sema/check/producer.rs:269:124
    |
269 | ..., call: ExpressionIdentity, span: crate::source::Span) -> Result<Vec<ProducerFlowId>, InferenceError> {
    |                                ^^^^ help: if this is intentional, prefix it with an underscore: `_span`

Some errors have detailed explanations: E0425, E0599.
For more information about an error, try `rustc --explain E0425`.
warning: `xsh` (lib) generated 7 warnings
error: could not compile `xsh` (lib) due to 2 previous errors; 7 warnings emitted
