running 1 tests
tests/xsh/stdlib/native-effects.xsh ... FAILED 0ms

failures:

---- tests/xsh/stdlib/native-effects.xsh ----
err[check.effect-violation]: callable requires [fs], which exceeds its checked effect boundary: EffectViolation
  /Users/josh/d/laputa-systems/xsh-typing-campaign-v2/tests/xsh/stdlib/native-effects.xsh:2:3
    fs.executable(0o755)
    ^^^^^^^^^^^^^^^^^^^^ callable requires [fs], which exceeds its checked effect boundary: EffectViolation

err[check.effect-violation]: `fs.executable` requires the `fs` effect
  /Users/josh/d/laputa-systems/xsh-typing-campaign-v2/tests/xsh/stdlib/native-effects.xsh:2:3
    fs.executable(0o755)
    ^^^^^^^^^^^^^^^^^^^^ `fs.executable` requires the `fs` effect

err[check.effect-violation]: callable requires [fs], which exceeds its checked effect boundary: EffectViolation
  /Users/josh/d/laputa-systems/xsh-typing-campaign-v2/tests/xsh/stdlib/native-effects.xsh:3:4
    !fs.executable(0o644)
     ^^^^^^^^^^^^^^^^^^^^ callable requires [fs], which exceeds its checked effect boundary: EffectViolation

err[check.effect-violation]: `fs.executable` requires the `fs` effect
  /Users/josh/d/laputa-systems/xsh-typing-campaign-v2/tests/xsh/stdlib/native-effects.xsh:3:4
    !fs.executable(0o644)
     ^^^^^^^^^^^^^^^^^^^^ `fs.executable` requires the `fs` effect

test result: FAILED. 0 passed; 1 failed; 0 skipped
