running 13 tests
tests/xsh/generic-constructors.xsh::test_generic_constructor_constants_use_the_same_field_and_context_constraints ... ok 20ms
tests/xsh/generic-constructors.xsh::test_generic_constructor_context_anchors_null_empty_and_unused_parameters ... ok 20ms
tests/xsh/generic-constructors.xsh::test_generic_constructor_context_reaches_nested_container_instances ... ok 22ms
tests/xsh/generic-constructors.xsh::test_generic_constructor_explicit_any_and_null_are_authoritative ... ok 33ms
tests/xsh/generic-constructors.xsh::test_generic_constructor_fields_establish_concrete_instances ... ok 20ms
tests/xsh/generic-constructors.xsh::test_generic_constructor_nested_fields_share_only_occurrence_constraints ... ok 21ms
tests/xsh/generic-constructors.xsh::test_generic_constructor_phantom_arguments_preserve_structural_assignability ... ok 33ms
tests/xsh/generic-constructors.xsh::test_generic_constructor_preserves_named_spreads_puns_and_field_order ... ok 35ms
tests/xsh/generic-constructors.xsh::test_generic_constructor_qualified_aliases_keep_private_schema_owners ... ok 30ms
tests/xsh/generic-constructors.xsh::test_generic_constructor_receiver_slots_retain_declared_application_context ... FAILED 18ms
tests/xsh/generic-constructors.xsh::test_generic_constructor_retains_both_typed_map_parameters ... ok 25ms
tests/xsh/generic-constructors.xsh::test_generic_constructor_unresolved_and_conflicting_fields_are_rejected ... ok 81ms
tests/xsh/generic-constructors.xsh::test_generic_constructor_uses_annotated_function_slots_and_returns ... ok 22ms

failures:

---- tests/xsh/generic-constructors.xsh::test_generic_constructor_receiver_slots_retain_declared_application_context ----
err[runtime.error]: boolean assertion failed: err[check.constructor-inference]: constructor `Marker` cannot infer parameter `T`; supply a concrete schema annotation or a non-null, non-empty field value
  /var/folders/tb/mq41rvt94470b3lwmq67s0zc0000gn/T/xsh-test-55307-1790854390282966000-9-test_generic_constructor_receiver_slots_retain_declared_application_context/script.xsh-1:5:27
  let first = declared.push(Marker(name: "binding"))
                            ^^^^^^^^^^^^^^^^^^^^^^^ constructor `Marker` cannot infer parameter `T`; supply a concrete schema annotation or a non-null, non-empty field value

err[check.type-mismatch]: no supported operation signature for List[Record], an inferred value
  /var/folders/tb/mq41rvt94470b3lwmq67s0zc0000gn/T/xsh-test-55307-1790854390282966000-9-test_generic_constructor_receiver_slots_retain_declared_application_context/script.xsh-1:5:13
  let first = declared.push(Marker(name: "binding"))
              ^^^^^^^^^^^^^^^^^^^^^^^^^^^^^^^^^^^^^^ no supported operation signature for List[Record], an inferred value

err[c…
  /Users/josh/d/laputa-systems/xsh-typing-campaign-v2/tests/xsh/generic-constructors.xsh:224:3
    assert executed.success, executed.stderr
    ^^^^^^^^^^^^^^^^^^^^^^^^^^^^^^^^^^^^^^^^
runtime traceback
executable: target/debug/xsht
operation: test.call
error: AssertionError.Failed: boolean assertion failed: err[check.constructor-inference]: constructor `Marker` cannot infer parameter `T`; supply a concrete schema annotation or a non-null, non-empty field value
  /var/folders/tb/mq41rvt94470b3lwmq67s0zc0000gn/T/xsh-test-55307-1790854390282966000-9-test_generic_constructor_receiver_slots_retain_declared_application_context/script.xsh-1:5:27
  let first = declared.push(Marker(name: "binding"))
                            ^^^^^^^^^^^^^^^^^^^^^^^ constructor `Marker` cannot infer parameter `T`; supply a concrete schema annotation or a non-null, non-empty field value

err[check.type-mismatch]: no supported operation signature for List[Record], an inferred value
  /var/folders/tb/mq41rvt94470b3lwmq67s0zc0000gn/T/xsh-test-55307-1790854390282966000-9-test_generic_constructor_receiver_slots_retain_declared_application_context/script.xsh-1:5:13
  let first = declared.push(Marker(name: "binding"))
              ^^^^^^^^^^^^^^^^^^^^^^^^^^^^^^^^^^^^^^ no supported operation signature for List[Record], an inferred value

err[c…
at /Users/josh/d/laputa-systems/xsh-typing-campaign-v2/tests/xsh/generic-constructors.xsh:224:3-225:1

test result: FAILED. 12 passed; 1 failed; 0 skipped
