warning: unused import: `StmtId`
 --> src/sema/check/local_inference.rs:2:129
  |
2 | use crate::syntax::arena::{ArenaBindingTargetKind, ArenaExprKind, ArenaExprOrRun, ArenaProgram, ArenaStmtKind, BindingTargetId, StmtId};
  |                                                                                                                                 ^^^^^^
  |
  = note: `#[warn(unused_imports)]` (part of `#[warn(unused)]`) on by default

warning: unused imports: `ProducerFlowNode` and `ProducerFlowOperationTransfer`
  --> src/sema/check.rs:77:126
   |
77 | ...wKind, ProducerFlowOperationAlternative, ProducerFlowOperationTransfer, ProducerFlowNode, ProducerFlowSource};
   |                                             ^^^^^^^^^^^^^^^^^^^^^^^^^^^^^  ^^^^^^^^^^^^^^^^

warning: unused variable: `arrow`
  --> src/sema/check/infer_effects.rs:95:61
   |
95 | ...   let crate::sema::inference::TypeNode::Arrow(arrow) = state.facts.graph.node(state.facts.graph.resolved(signature)?)? else {
   |                                                   ^^^^^ help: if this is intentional, prefix it with an underscore: `_arrow`
   |
   = note: `#[warn(unused_variables)]` (part of `#[warn(unused)]`) on by default

warning: variable does not need to be mutable
   --> src/sema/check/infer_effects.rs:134:21
    |
134 |                 let mut chain = vec![name.to_string()];
    |                     ----^^^^^
    |                     |
    |                     help: remove this `mut`
    |
    = note: `#[warn(unused_mut)]` (part of `#[warn(unused)]`) on by default

warning: unused variable: `name`
   --> src/sema/check/infer_effects.rs:142:84
    |
142 |     pub(super) fn record_effect_contract(&mut self, effects: &Option<Vec<Effect>>, name: &str) {
    |                                                                                    ^^^^ help: if this is intentional, prefix it with an underscore: `_name`

warning: unused variable: `span`
   --> src/sema/check/producer.rs:265:124
    |
265 | ..., call: ExpressionIdentity, span: crate::source::Span) -> Result<Vec<ProducerFlowId>, InferenceError> {
    |                                ^^^^ help: if this is intentional, prefix it with an underscore: `_span`

warning: variant `Contextual` is never constructed
 --> src/sema/check/registry_boundaries.rs:9:52
  |
9 | pub(crate) enum RegistryValidationMode { Explicit, Contextual }
  |                 ----------------------             ^^^^^^^^^^
  |                 |
  |                 variant in this enum
  |
  = note: `RegistryValidationMode` has derived impls for the traits `Debug` and `Clone`, but these are intentionally ignored during dead code analysis
  = note: `#[warn(dead_code)]` (part of `#[warn(unused)]`) on by default

warning: field `operation` is never read
  --> src/sema/check/registry_boundaries.rs:15:21
   |
15 |     CliDescriptor { operation: RuntimeOp, plan: Arc<crate::modules::cli::CliDescriptorPlan> },
   |     -------------   ^^^^^^^^^
   |     |
   |     field in this variant
   |
   = note: `RegistryBoundaryKind` has derived impls for the traits `Debug` and `Clone`, but these are intentionally ignored during dead code analysis

warning: field `algorithm` is never read
  --> src/sema/check/registry_boundaries.rs:16:21
   |
16 |     HashAlgorithm { algorithm: Name },
   |     -------------   ^^^^^^^^^
   |     |
   |     field in this variant
   |
   = note: `RegistryBoundaryKind` has derived impls for the traits `Debug` and `Clone`, but these are intentionally ignored during dead code analysis

warning: field `mode` is never read
  --> src/sema/check/registry_boundaries.rs:17:48
   |
17 |     SchemaValidation { schema: RegistrySchema, mode: RegistryValidationMode },
   |     ---------------- field in this variant     ^^^^
   |
   = note: `RegistryBoundaryKind` has derived impls for the traits `Debug` and `Clone`, but these are intentionally ignored during dead code analysis

warning: method `error` is never used
  --> src/sema/check/operation_catalog.rs:90:19
   |
43 | impl SolvedOperationCatalog {
   | --------------------------- method in this implementation
...
90 |     pub(crate) fn error(&self, graph: &InferenceContext, authority: Name) -> Result<&RegistryErrorVariant, InferenceError> {
   |                   ^^^^^

warning: fields `family` and `disposition` are never read
  --> src/sema/operation_graph.rs:12:65
   |
12 | pub(crate) struct LanguageAuthority { pub id: &'static str, pub family: &'static str, pub disposition: LanguageDisposition }
   |                   ----------------- fields in this struct       ^^^^^^                    ^^^^^^^^^^^
   |
   = note: `LanguageAuthority` has derived impls for the traits `Debug` and `Clone`, but these are intentionally ignored during dead code analysis

warning: variants `Ok`, `Err`, `Path`, and `Range` are never constructed
   --> src/sema/operation_graph.rs:151:36
    |
151 | pub(crate) enum ValueConstructor { Ok, Err, Path, Range }
    |                 ----------------   ^^  ^^^  ^^^^  ^^^^^
    |                 |
    |                 variants in this enum
    |
    = note: `ValueConstructor` has derived impls for the traits `Debug` and `Clone`, but these are intentionally ignored during dead code analysis

warning: variants `Constructor` and `Declaration` are never constructed
   --> src/sema/operation_graph.rs:166:5
    |
153 | pub(crate) enum PreparedLanguageOperation {
    |                 ------------------------- variants in this enum
...
166 |     Constructor { kind: ValueConstructor, arity: usize },
    |     ^^^^^^^^^^^
167 |     Declaration { authority: &'static str, identity: Name },
    |     ^^^^^^^^^^^
    |
    = note: `PreparedLanguageOperation` has derived impls for the traits `Debug` and `Clone`, but these are intentionally ignored during dead code analysis

warning: fields `authority` and `statement_result_is_unit` are never read
   --> src/sema/operation_graph.rs:177:9
    |
174 | pub(crate) struct OperationCandidate {
    |                   ------------------ fields in this struct
...
177 |     pub authority: &'static str,
    |         ^^^^^^^^^
...
180 |     pub statement_result_is_unit: bool,
    |         ^^^^^^^^^^^^^^^^^^^^^^^^
    |
    = note: `OperationCandidate` has derived impls for the traits `Debug` and `Clone`, but these are intentionally ignored during dead code analysis

warning: methods `constructor_family` and `declaration_family` are never used
   --> src/sema/operation_graph.rs:390:19
    |
190 | impl OperationGraph {
    | ------------------- methods in this implementation
...
390 |     pub(crate) fn constructor_family(&mut self, graph: &mut InferenceContext, kind: ValueConstructor, origin: Span) -> Result<Opera...
    |                   ^^^^^^^^^^^^^^^^^^
...
403 |     pub(crate) fn declaration_family(&mut self, graph: &mut InferenceContext, authority_id: &'static str, identity: Name, scheme: S...
    |                   ^^^^^^^^^^^^^^^^^^

warning: associated constants `MIN`, `MAX`, and `ALL` are never used
  --> src/sema/stage_graph.rs:18:43
   |
17 | impl ReductionModes {
   | ------------------- associated constants in this implementation
18 |     pub const SUM:Self=Self(1); pub const MIN:Self=Self(2); pub const MAX:Self=Self(4); pub const ALL:Self=Self(7);
   |                                           ^^^                         ^^^                         ^^^

warning: fields `input_numeric`, `form`, `parameters`, `callback_slot`, and `additional_producer` are never read
  --> src/sema/stage_graph.rs:51:9
   |
46 | pub(crate) struct StageCandidate {
   |                   -------------- fields in this struct
...
51 |     pub input_numeric: Option<Atom>,
   |         ^^^^^^^^^^^^^
52 |     pub form: StageForm,
   |         ^^^^
53 |     pub variant: StageVariant,
54 |     pub parameters: &'static [StageParameter],
   |         ^^^^^^^^^^
55 |     pub callback_slot: Option<usize>,
   |         ^^^^^^^^^^^^^
56 |     pub additional_producer: Option<AdditionalProducer>,
   |         ^^^^^^^^^^^^^^^^^^^
   |
   = note: `StageCandidate` has derived impls for the traits `Debug` and `Clone`, but these are intentionally ignored during dead code analysis

warning: field `intrinsic_pull` is never read
  --> src/sema/stage_graph.rs:71:9
   |
68 | pub(crate) struct StageEffectRelation {
   |                   ------------------- field in this struct
...
71 |     pub intrinsic_pull: EffectSet,
   |         ^^^^^^^^^^^^^^
   |
   = note: `StageEffectRelation` has derived impls for the traits `Debug` and `Clone`, but these are intentionally ignored during dead code analysis

warning: method `output_producer_effects` is never used
   --> src/sema/stage_graph.rs:119:19
    |
 74 | impl StageGraph {
    | --------------- method in this implementation
...
119 |     pub(crate) fn output_producer_effects(&self,graph:&InferenceContext,requirement:RequirementId)->Result<Option<(EffectSummary,Ef...
    |                   ^^^^^^^^^^^^^^^^^^^^^^^

warning: variants `MapKey`, `OptionalPayload`, `ResultError`, and `RecordField` are never constructed
  --> src/sema/registry_graph.rs:36:55
   |
36 | pub(crate) enum RegistryProducerComponent { ListItem, MapKey, MapValue, OptionalPayload, ResultSuccess, ResultError, RecordField(Nam...
   |                 -------------------------             ^^^^^^            ^^^^^^^^^^^^^^^                 ^^^^^^^^^^^  ^^^^^^^^^^^
   |                 |
   |                 variants in this enum
   |
   = note: `RegistryProducerComponent` has derived impls for the traits `Debug` and `Clone`, but these are intentionally ignored during dead code analysis

warning: fields `entry`, `binding`, and `command` are never read
  --> src/sema/registry_graph.rs:76:9
   |
71 | pub(crate) struct RegistryCandidate {
   |                   ----------------- fields in this struct
...
76 |     pub entry: &'static str,
   |         ^^^^^
77 |     pub operation: RuntimeOp,
78 |     pub binding: ImplBinding,
   |         ^^^^^^^
79 |     pub kind: CallableKind,
80 |     pub command: bool,
   |         ^^^^^^^
   |
   = note: `RegistryCandidate` has derived impls for the traits `Debug` and `Clone`, but these are intentionally ignored during dead code analysis

warning: enum `RegistryProducerPath` is never used
   --> src/sema/registry_graph.rs:100:17
    |
100 | pub(crate) enum RegistryProducerPath { ResultSuccess }
    |                 ^^^^^^^^^^^^^^^^^^^^

warning: struct `RegistryProducerAlternative` is never constructed
   --> src/sema/registry_graph.rs:103:19
    |
103 | pub(crate) struct RegistryProducerAlternative {
    |                   ^^^^^^^^^^^^^^^^^^^^^^^^^^^

warning: struct `RegistryProducerRelation` is never constructed
   --> src/sema/registry_graph.rs:109:19
    |
109 | pub(crate) struct RegistryProducerRelation {
    |                   ^^^^^^^^^^^^^^^^^^^^^^^^

warning: fields `family` and `variant` are never read
   --> src/sema/registry_graph.rs:127:9
    |
125 | pub(crate) struct RegistryErrorVariant {
    |                   -------------------- fields in this struct
126 |     pub authority_id:Name,
127 |     pub family:Name,
    |         ^^^^^^
128 |     pub variant:Name,
    |         ^^^^^^^
    |
    = note: `RegistryErrorVariant` has derived impls for the traits `Debug` and `Clone`, but these are intentionally ignored during dead code analysis

warning: method `producer_result_relation` is never used
   --> src/sema/registry_graph.rs:291:19
    |
145 | impl RegistryGraph {
    | ------------------ method in this implementation
...
291 |     pub(crate) fn producer_result_relation(&self,graph:&InferenceContext,family:OperationFamilyId)->Result<Option<RegistryProducerR...
    |                   ^^^^^^^^^^^^^^^^^^^^^^^^

warning: `xsh` (lib) generated 27 warnings (run `cargo fix --lib -p xsh` to apply 6 suggestions)
warning: unused import: `ProducerFlowNode`
  --> src/sema/check.rs:77:157
   |
77 | ...lowOperationAlternative, ProducerFlowOperationTransfer, ProducerFlowNode, ProducerFlowSource};
   |                                                            ^^^^^^^^^^^^^^^^

warning: variant `Declaration` is never constructed
   --> src/sema/operation_graph.rs:167:5
    |
153 | pub(crate) enum PreparedLanguageOperation {
    |                 ------------------------- variant in this enum
...
167 |     Declaration { authority: &'static str, identity: Name },
    |     ^^^^^^^^^^^
    |
    = note: `PreparedLanguageOperation` has derived impls for the traits `Debug` and `Clone`, but these are intentionally ignored during dead code analysis

warning: method `declaration_family` is never used
   --> src/sema/operation_graph.rs:403:19
    |
190 | impl OperationGraph {
    | ------------------- method in this implementation
...
403 |     pub(crate) fn declaration_family(&mut self, graph: &mut InferenceContext, authority_id: &'static str, identity: Name, scheme: S...
    |                   ^^^^^^^^^^^^^^^^^^

warning: fields `input_numeric` and `form` are never read
  --> src/sema/stage_graph.rs:51:9
   |
46 | pub(crate) struct StageCandidate {
   |                   -------------- fields in this struct
...
51 |     pub input_numeric: Option<Atom>,
   |         ^^^^^^^^^^^^^
52 |     pub form: StageForm,
   |         ^^^^
   |
   = note: `StageCandidate` has derived impls for the traits `Debug` and `Clone`, but these are intentionally ignored during dead code analysis

warning: fields `binding` and `command` are never read
  --> src/sema/registry_graph.rs:78:9
   |
71 | pub(crate) struct RegistryCandidate {
   |                   ----------------- fields in this struct
...
78 |     pub binding: ImplBinding,
   |         ^^^^^^^
79 |     pub kind: CallableKind,
80 |     pub command: bool,
   |         ^^^^^^^
   |
   = note: `RegistryCandidate` has derived impls for the traits `Debug` and `Clone`, but these are intentionally ignored during dead code analysis

warning: `xsh` (lib test) generated 15 warnings (10 duplicates) (run `cargo fix --lib -p xsh --tests` to apply 1 suggestion)
    Finished `test` profile [unoptimized] target(s) in 0.14s
     Running unittests src/lib.rs (target/debug/build/xsh/3b1ba41aea3ea9fa/out/xsh-3b1ba41aea3ea9fa)

running 8 tests
test sema::check::standard_operation::tests::source_every_registered_method_retains_its_canonical_operation_authority ... ok
test sema::check::standard_operation::tests::source_materialized_line_collectors_keep_independent_receiver_candidates ... ok
test sema::check::standard_operation::tests::source_native_method_keeps_creation_and_producer_permissions_separate ... ok
test sema::check::standard_operation::tests::source_path_literal_coercion_retains_the_original_argument_type ... ok
test sema::check::standard_operation::tests::source_propagated_record_field_collect_keeps_the_selected_producer_budget ... ok
test sema::check::standard_operation::tests::source_record_get_retains_the_checked_field_value_flow ... ok
test sema::check::standard_operation::tests::source_result_context_rejects_arguments_outside_the_registered_contract ... ok
test sema::check::standard_operation::tests::source_standard_method_retains_receiver_item_result_through_forwarding ... FAILED

failures:

---- sema::check::standard_operation::tests::source_standard_method_retains_receiver_item_result_through_forwarding stdout ----

thread 'sema::check::standard_operation::tests::source_standard_method_retains_receiver_item_result_through_forwarding' (4952786) panicked at src/sema/check/standard_operation.rs:241:13:
[Diagnostic { severity: Error, code: Some("check.unsolved-relationship"), message: "arguments do not establish a complete callable relationship", span: None, labels: [Label { style: Primary, span: Span { source_id: SourceId(0), start: 0, len: 0 }, message: Some("arguments do not establish a complete callable relationship") }], notes: [], fix_hints: [] }]
note: run with `RUST_BACKTRACE=1` environment variable to display a backtrace


failures:
    sema::check::standard_operation::tests::source_standard_method_retains_receiver_item_result_through_forwarding

test result: FAILED. 7 passed; 1 failed; 0 ignored; 0 measured; 650 filtered out; finished in 0.17s

error: test failed, to rerun pass `-p xsh --lib`
