    Blocking waiting for file lock on build directory
warning: unused imports: `SolvedConstructorArgument` and `SolvedConstructorParameter`
  --> src/sema/check.rs:30:139
   |
30 | ...dConstructorApplication, SolvedConstructorArgument, SolvedConstructorDefault, SolvedConstructorParameter};
   |                             ^^^^^^^^^^^^^^^^^^^^^^^^^                            ^^^^^^^^^^^^^^^^^^^^^^^^^^
   |
   = note: `#[warn(unused_imports)]` (part of `#[warn(unused)]`) on by default

warning: unused import: `StmtId`
 --> src/sema/check/local_inference.rs:2:129
  |
2 | use crate::syntax::arena::{ArenaBindingTargetKind, ArenaExprKind, ArenaExprOrRun, ArenaProgram, ArenaStmtKind, BindingTargetId, StmtId};
  |                                                                                                                                 ^^^^^^

warning: unused import: `ProducerFlowNode`
  --> src/sema/check.rs:86:157
   |
86 | ...lowOperationAlternative, ProducerFlowOperationTransfer, ProducerFlowNode, ProducerFlowSource};
   |                                                            ^^^^^^^^^^^^^^^^

warning: unused variable: `arrow`
  --> src/sema/check/infer_effects.rs:95:61
   |
95 | ...   let crate::sema::inference::TypeNode::Arrow(arrow) = state.facts.graph.node(state.facts.graph.resolved(signature)?)? else {
   |                                                   ^^^^^ help: if this is intentional, prefix it with an underscore: `_arrow`
   |
   = note: `#[warn(unused_variables)]` (part of `#[warn(unused)]`) on by default

warning: variable does not need to be mutable
   --> src/sema/check/infer_effects.rs:146:21
    |
146 |                 let mut chain = vec![name.to_string()];
    |                     ----^^^^^
    |                     |
    |                     help: remove this `mut`
    |
    = note: `#[warn(unused_mut)]` (part of `#[warn(unused)]`) on by default

warning: unused variable: `name`
   --> src/sema/check/infer_effects.rs:154:84
    |
154 |     pub(super) fn record_effect_contract(&mut self, effects: &Option<Vec<Effect>>, name: &str) {
    |                                                                                    ^^^^ help: if this is intentional, prefix it with an underscore: `_name`

warning: unused variable: `span`
   --> src/sema/check/producer.rs:271:124
    |
271 | ..., call: ExpressionIdentity, span: crate::source::Span) -> Result<Vec<ProducerFlowId>, InferenceError> {
    |                                ^^^^ help: if this is intentional, prefix it with an underscore: `_span`

warning: variant `Contextual` is never constructed
 --> src/sema/check/registry_boundaries.rs:9:52
  |
9 | pub(crate) enum RegistryValidationMode { Explicit, Contextual }
  |                 ----------------------             ^^^^^^^^^^
  |                 |
  |                 variant in this enum
  |
  = note: `RegistryValidationMode` has derived impls for the traits `Debug` and `Clone`, but these are intentionally ignored during dead code analysis
  = note: `#[warn(dead_code)]` (part of `#[warn(unused)]`) on by default

warning: field `operation` is never read
  --> src/sema/check/registry_boundaries.rs:25:21
   |
25 |     CliDescriptor { operation: RuntimeOp, plan: Arc<crate::modules::cli::CliDescriptorPlan> },
   |     -------------   ^^^^^^^^^
   |     |
   |     field in this variant
   |
   = note: `RegistryBoundaryKind` has derived impls for the traits `Debug` and `Clone`, but these are intentionally ignored during dead code analysis

warning: field `algorithm` is never read
  --> src/sema/check/registry_boundaries.rs:26:21
   |
26 |     HashAlgorithm { algorithm: Name },
   |     -------------   ^^^^^^^^^
   |     |
   |     field in this variant
   |
   = note: `RegistryBoundaryKind` has derived impls for the traits `Debug` and `Clone`, but these are intentionally ignored during dead code analysis

warning: field `mode` is never read
  --> src/sema/check/registry_boundaries.rs:27:48
   |
27 |     SchemaValidation { schema: RegistrySchema, mode: RegistryValidationMode },
   |     ---------------- field in this variant     ^^^^
   |
   = note: `RegistryBoundaryKind` has derived impls for the traits `Debug` and `Clone`, but these are intentionally ignored during dead code analysis

warning: method `error` is never used
  --> src/sema/check/operation_catalog.rs:90:19
   |
43 | impl SolvedOperationCatalog {
   | --------------------------- method in this implementation
...
90 |     pub(crate) fn error(&self, graph: &InferenceContext, authority: Name) -> Result<&RegistryErrorVariant, InferenceError> {
   |                   ^^^^^

warning: function `evaluate_producer_flow` is never used
   --> src/sema/check/producer_eval.rs:201:15
    |
201 | pub(crate) fn evaluate_producer_flow(
    |               ^^^^^^^^^^^^^^^^^^^^^^

warning: function `evaluate_producer_flows` is never used
   --> src/sema/check/producer_eval.rs:222:15
    |
222 | pub(crate) fn evaluate_producer_flows(
    |               ^^^^^^^^^^^^^^^^^^^^^^^

warning: field `family` is never read
  --> src/sema/operation_graph.rs:12:65
   |
12 | pub(crate) struct LanguageAuthority { pub id: &'static str, pub family: &'static str, pub disposition: LanguageDisposition }
   |                   ----------------- field in this struct        ^^^^^^
   |
   = note: `LanguageAuthority` has derived impls for the traits `Debug` and `Clone`, but these are intentionally ignored during dead code analysis

warning: field `statement_result_is_unit` is never read
   --> src/sema/operation_graph.rs:185:9
    |
179 | pub(crate) struct OperationCandidate {
    |                   ------------------ field in this struct
...
185 |     pub statement_result_is_unit: bool,
    |         ^^^^^^^^^^^^^^^^^^^^^^^^
    |
    = note: `OperationCandidate` has derived impls for the traits `Debug` and `Clone`, but these are intentionally ignored during dead code analysis

warning: associated constants `MIN`, `MAX`, and `ALL` are never used
  --> src/sema/stage_graph.rs:18:43
   |
17 | impl ReductionModes {
   | ------------------- associated constants in this implementation
18 |     pub const SUM:Self=Self(1); pub const MIN:Self=Self(2); pub const MAX:Self=Self(4); pub const ALL:Self=Self(7);
   |                                           ^^^                         ^^^                         ^^^

warning: fields `input_numeric`, `form`, `parameters`, `callback_slot`, and `additional_producer` are never read
  --> src/sema/stage_graph.rs:51:9
   |
46 | pub(crate) struct StageCandidate {
   |                   -------------- fields in this struct
...
51 |     pub input_numeric: Option<Atom>,
   |         ^^^^^^^^^^^^^
52 |     pub form: StageForm,
   |         ^^^^
53 |     pub variant: StageVariant,
54 |     pub parameters: &'static [StageParameter],
   |         ^^^^^^^^^^
55 |     pub callback_slot: Option<usize>,
   |         ^^^^^^^^^^^^^
56 |     pub additional_producer: Option<AdditionalProducer>,
   |         ^^^^^^^^^^^^^^^^^^^
   |
   = note: `StageCandidate` has derived impls for the traits `Debug` and `Clone`, but these are intentionally ignored during dead code analysis

warning: field `intrinsic_pull` is never read
  --> src/sema/stage_graph.rs:71:9
   |
68 | pub(crate) struct StageEffectRelation {
   |                   ------------------- field in this struct
...
71 |     pub intrinsic_pull: EffectSet,
   |         ^^^^^^^^^^^^^^
   |
   = note: `StageEffectRelation` has derived impls for the traits `Debug` and `Clone`, but these are intentionally ignored during dead code analysis

warning: variants `MapKey`, `OptionalPayload`, `ResultError`, and `RecordField` are never constructed
  --> src/sema/registry_graph.rs:36:55
   |
36 | pub(crate) enum RegistryProducerComponent { ListItem, MapKey, MapValue, OptionalPayload, ResultSuccess, ResultError, RecordField(Nam...
   |                 -------------------------             ^^^^^^            ^^^^^^^^^^^^^^^                 ^^^^^^^^^^^  ^^^^^^^^^^^
   |                 |
   |                 variants in this enum
   |
   = note: `RegistryProducerComponent` has derived impls for the traits `Debug` and `Clone`, but these are intentionally ignored during dead code analysis

warning: fields `entry`, `binding`, and `command` are never read
  --> src/sema/registry_graph.rs:76:9
   |
71 | pub(crate) struct RegistryCandidate {
   |                   ----------------- fields in this struct
...
76 |     pub entry: &'static str,
   |         ^^^^^
77 |     pub operation: RuntimeOp,
78 |     pub binding: ImplBinding,
   |         ^^^^^^^
79 |     pub kind: CallableKind,
80 |     pub command: bool,
   |         ^^^^^^^
   |
   = note: `RegistryCandidate` has derived impls for the traits `Debug` and `Clone`, but these are intentionally ignored during dead code analysis

warning: enum `RegistryProducerPath` is never used
   --> src/sema/registry_graph.rs:100:17
    |
100 | pub(crate) enum RegistryProducerPath { ResultSuccess }
    |                 ^^^^^^^^^^^^^^^^^^^^

warning: struct `RegistryProducerAlternative` is never constructed
   --> src/sema/registry_graph.rs:103:19
    |
103 | pub(crate) struct RegistryProducerAlternative {
    |                   ^^^^^^^^^^^^^^^^^^^^^^^^^^^

warning: struct `RegistryProducerRelation` is never constructed
   --> src/sema/registry_graph.rs:109:19
    |
109 | pub(crate) struct RegistryProducerRelation {
    |                   ^^^^^^^^^^^^^^^^^^^^^^^^

warning: fields `family` and `variant` are never read
   --> src/sema/registry_graph.rs:127:9
    |
125 | pub(crate) struct RegistryErrorVariant {
    |                   -------------------- fields in this struct
126 |     pub authority_id:Name,
127 |     pub family:Name,
    |         ^^^^^^
128 |     pub variant:Name,
    |         ^^^^^^^
    |
    = note: `RegistryErrorVariant` has derived impls for the traits `Debug` and `Clone`, but these are intentionally ignored during dead code analysis

warning: method `producer_result_relation` is never used
   --> src/sema/registry_graph.rs:291:19
    |
145 | impl RegistryGraph {
    | ------------------ method in this implementation
...
291 |     pub(crate) fn producer_result_relation(&self,graph:&InferenceContext,family:OperationFamilyId)->Result<Option<RegistryProducerR...
    |                   ^^^^^^^^^^^^^^^^^^^^^^^^

warning: `xsh` (lib) generated 26 warnings (run `cargo fix --lib -p xsh` to apply 7 suggestions)
warning: fields `binding` and `command` are never read
  --> src/sema/registry_graph.rs:78:9
   |
71 | pub(crate) struct RegistryCandidate {
   |                   ----------------- fields in this struct
...
78 |     pub binding: ImplBinding,
   |         ^^^^^^^
79 |     pub kind: CallableKind,
80 |     pub command: bool,
   |         ^^^^^^^
   |
   = note: `RegistryCandidate` has derived impls for the traits `Debug` and `Clone`, but these are intentionally ignored during dead code analysis

warning: `xsh` (lib test) generated 13 warnings (12 duplicates)
    Finished `test` profile [unoptimized] target(s) in 11.17s
     Running unittests src/lib.rs (target/debug/build/xsh/3b1ba41aea3ea9fa/out/xsh-3b1ba41aea3ea9fa)

running 33 tests
test sema::operation_graph::tests::arithmetic_candidates_match_all_finite_operand_pairs_without_erasure ... ok
test sema::operation_graph::tests::duration_operation_domains_preserve_asymmetry_and_uint_rejection ... ok
test sema::operation_graph::tests::equality_keeps_independent_unknown_operands_until_compatibility_is_known ... ok
test sema::operation_graph::tests::every_operator_candidate_proves_a_ground_contract_and_rejects_extra_arguments ... ok
test sema::operation_graph::tests::iteration_candidates_retain_exact_pull_close_and_result_permissions ... ok
test sema::operation_graph::tests::language_catalog_reconciles_every_frozen_nonstage_authority ... ok
test sema::operation_graph::tests::membership_binds_receiver_first_and_keeps_container_invariance ... ok
test sema::operation_graph::tests::result_constructor_overloads_preserve_unit_and_independent_error_domains ... ok
test sema::registry_graph::tests::collect_consumes_pull_and_cleanup_permissions_without_changing_item_type ... ok
test sema::registry_graph::tests::generic_lines_receiver_keeps_creation_and_result_producer_domains_independent ... ok
test sema::registry_graph::tests::path_line_producer_creation_requires_filesystem_permission ... ok
test sema::registry_graph::tests::registry_actual_json_predicates_preserve_supplied_operand_types ... ok
test sema::registry_graph::tests::registry_boundary_metadata_reject_foreign_and_retired_type_handles ... ok
test sema::registry_graph::tests::registry_cache_rejects_foreign_and_retired_graph_handles ... ok
test sema::registry_graph::tests::registry_candidate_selection_uses_actual_json_types_and_exact_receivers ... ok
test sema::registry_graph::tests::registry_catalog_reconciles_every_frozen_callable ... ok
test sema::registry_graph::tests::registry_every_candidate_proves_its_contract_and_rejects_extra_arguments ... ok
test sema::registry_graph::tests::registry_failed_family_import_retires_all_partial_candidates ... ok
test sema::registry_graph::tests::registry_identity_serializer_preserves_control_and_unicode_labels ... ok
test sema::registry_graph::tests::registry_map_templates_keep_every_sealed_key_domain ... ok
test sema::registry_graph::tests::registry_producer_lifecycles_reconcile_all_frozen_stream_results ... ok
test sema::registry_graph::tests::registry_producer_transfers_follow_native_value_paths_and_reject_foreign_candidates ... ok
test sema::registry_graph::tests::registry_receiver_self_and_occurrence_substitutions_remain_connected ... ok
test sema::registry_graph::tests::registry_schema_and_error_metadata_reconcile_all_remaining_authorities ... ok
test sema::registry_graph::tests::retained_catalog_exports_refuse_foreign_owners_without_candidate_intersections ... ok
test sema::stage_graph::tests::every_stage_candidate_proves_required_and_defaulted_slots_and_rejects_extra_arguments ... ok
test sema::stage_graph::tests::flat_map_output_effect_roots_exist_before_callback_result_selection ... ok
test sema::stage_graph::tests::flat_map_preserves_inner_producer_roles_separately_from_callback_invocation ... ok
test sema::stage_graph::tests::generalized_flat_map_output_roots_keep_conditional_error_independent_per_call ... ok
test sema::stage_graph::tests::lazy_map_retains_callback_effect_role_and_result_data ... ok
test sema::stage_graph::tests::result_stream_source_retains_only_its_projected_pull_and_cleanup ... ok
test sema::stage_graph::tests::stage_catalog_reconciles_all_frozen_stages_and_configuration_owners ... ok
test sema::stage_graph::tests::sum_accepts_both_integer_item_domains_without_float_widening ... ok

test result: ok. 33 passed; 0 failed; 0 ignored; 0 measured; 794 filtered out; finished in 0.72s

