    Blocking waiting for file lock on package cache
    Blocking waiting for file lock on package cache
    Blocking waiting for file lock on package cache
    Blocking waiting for file lock on shared package cache
warning: unused imports: `SolvedConstructorArgument` and `SolvedConstructorParameter`
  --> src/sema/check.rs:30:139
   |
30 | ...dConstructorApplication, SolvedConstructorArgument, SolvedConstructorDefault, SolvedConstructorParameter};
   |                             ^^^^^^^^^^^^^^^^^^^^^^^^^                            ^^^^^^^^^^^^^^^^^^^^^^^^^^
   |
   = note: `#[warn(unused_imports)]` (part of `#[warn(unused)]`) on by default

warning: unused import: `StmtId`
 --> src/sema/check/local_inference.rs:2:129
  |
2 | use crate::syntax::arena::{ArenaBindingTargetKind, ArenaExprKind, ArenaExprOrRun, ArenaProgram, ArenaStmtKind, BindingTargetId, StmtId};
  |                                                                                                                                 ^^^^^^

warning: unused import: `ProducerFlowNode`
  --> src/sema/check.rs:86:157
   |
86 | ...lowOperationAlternative, ProducerFlowOperationTransfer, ProducerFlowNode, ProducerFlowSource};
   |                                                            ^^^^^^^^^^^^^^^^

warning: variable does not need to be mutable
   --> src/sema/check/infer_effects.rs:175:21
    |
175 |                 let mut chain = vec![name.to_string()];
    |                     ----^^^^^
    |                     |
    |                     help: remove this `mut`
    |
    = note: `#[warn(unused_mut)]` (part of `#[warn(unused)]`) on by default

warning: unused variable: `name`
   --> src/sema/check/infer_effects.rs:183:84
    |
183 |     pub(super) fn record_effect_contract(&mut self, effects: &Option<Vec<Effect>>, name: &str) {
    |                                                                                    ^^^^ help: if this is intentional, prefix it with an underscore: `_name`
    |
    = note: `#[warn(unused_variables)]` (part of `#[warn(unused)]`) on by default

warning: unused variable: `span`
   --> src/sema/check/producer.rs:271:124
    |
271 | ..., call: ExpressionIdentity, span: crate::source::Span) -> Result<Vec<ProducerFlowId>, InferenceError> {
    |                                ^^^^ help: if this is intentional, prefix it with an underscore: `_span`

warning: variant `Contextual` is never constructed
 --> src/sema/check/registry_boundaries.rs:9:52
  |
9 | pub(crate) enum RegistryValidationMode { Explicit, Contextual }
  |                 ----------------------             ^^^^^^^^^^
  |                 |
  |                 variant in this enum
  |
  = note: `RegistryValidationMode` has derived impls for the traits `Debug` and `Clone`, but these are intentionally ignored during dead code analysis
  = note: `#[warn(dead_code)]` (part of `#[warn(unused)]`) on by default

warning: field `operation` is never read
  --> src/sema/check/registry_boundaries.rs:25:21
   |
25 |     CliDescriptor { operation: RuntimeOp, plan: Arc<crate::modules::cli::CliDescriptorPlan> },
   |     -------------   ^^^^^^^^^
   |     |
   |     field in this variant
   |
   = note: `RegistryBoundaryKind` has derived impls for the traits `Debug` and `Clone`, but these are intentionally ignored during dead code analysis

warning: field `algorithm` is never read
  --> src/sema/check/registry_boundaries.rs:26:21
   |
26 |     HashAlgorithm { algorithm: Name },
   |     -------------   ^^^^^^^^^
   |     |
   |     field in this variant
   |
   = note: `RegistryBoundaryKind` has derived impls for the traits `Debug` and `Clone`, but these are intentionally ignored during dead code analysis

warning: field `mode` is never read
  --> src/sema/check/registry_boundaries.rs:27:48
   |
27 |     SchemaValidation { schema: RegistrySchema, mode: RegistryValidationMode },
   |     ---------------- field in this variant     ^^^^
   |
   = note: `RegistryBoundaryKind` has derived impls for the traits `Debug` and `Clone`, but these are intentionally ignored during dead code analysis

warning: method `error` is never used
  --> src/sema/check/operation_catalog.rs:90:19
   |
43 | impl SolvedOperationCatalog {
   | --------------------------- method in this implementation
...
90 |     pub(crate) fn error(&self, graph: &InferenceContext, authority: Name) -> Result<&RegistryErrorVariant, InferenceError> {
   |                   ^^^^^

warning: function `evaluate_producer_flow` is never used
   --> src/sema/check/producer_eval.rs:201:15
    |
201 | pub(crate) fn evaluate_producer_flow(
    |               ^^^^^^^^^^^^^^^^^^^^^^

warning: function `evaluate_producer_flows` is never used
   --> src/sema/check/producer_eval.rs:222:15
    |
222 | pub(crate) fn evaluate_producer_flows(
    |               ^^^^^^^^^^^^^^^^^^^^^^^

warning: field `family` is never read
  --> src/sema/operation_graph.rs:12:65
   |
12 | pub(crate) struct LanguageAuthority { pub id: &'static str, pub family: &'static str, pub disposition: LanguageDisposition }
   |                   ----------------- field in this struct        ^^^^^^
   |
   = note: `LanguageAuthority` has derived impls for the traits `Debug` and `Clone`, but these are intentionally ignored during dead code analysis

warning: field `statement_result_is_unit` is never read
   --> src/sema/operation_graph.rs:185:9
    |
179 | pub(crate) struct OperationCandidate {
    |                   ------------------ field in this struct
...
185 |     pub statement_result_is_unit: bool,
    |         ^^^^^^^^^^^^^^^^^^^^^^^^
    |
    = note: `OperationCandidate` has derived impls for the traits `Debug` and `Clone`, but these are intentionally ignored during dead code analysis

warning: associated constants `MIN`, `MAX`, and `ALL` are never used
  --> src/sema/stage_graph.rs:18:43
   |
17 | impl ReductionModes {
   | ------------------- associated constants in this implementation
18 |     pub const SUM:Self=Self(1); pub const MIN:Self=Self(2); pub const MAX:Self=Self(4); pub const ALL:Self=Self(7);
   |                                           ^^^                         ^^^                         ^^^

warning: fields `input_numeric`, `form`, `parameters`, `callback_slot`, and `additional_producer` are never read
  --> src/sema/stage_graph.rs:51:9
   |
46 | pub(crate) struct StageCandidate {
   |                   -------------- fields in this struct
...
51 |     pub input_numeric: Option<Atom>,
   |         ^^^^^^^^^^^^^
52 |     pub form: StageForm,
   |         ^^^^
53 |     pub variant: StageVariant,
54 |     pub parameters: &'static [StageParameter],
   |         ^^^^^^^^^^
55 |     pub callback_slot: Option<usize>,
   |         ^^^^^^^^^^^^^
56 |     pub additional_producer: Option<AdditionalProducer>,
   |         ^^^^^^^^^^^^^^^^^^^
   |
   = note: `StageCandidate` has derived impls for the traits `Debug` and `Clone`, but these are intentionally ignored during dead code analysis

warning: field `intrinsic_pull` is never read
  --> src/sema/stage_graph.rs:71:9
   |
68 | pub(crate) struct StageEffectRelation {
   |                   ------------------- field in this struct
...
71 |     pub intrinsic_pull: EffectSet,
   |         ^^^^^^^^^^^^^^
   |
   = note: `StageEffectRelation` has derived impls for the traits `Debug` and `Clone`, but these are intentionally ignored during dead code analysis

warning: variants `MapKey`, `OptionalPayload`, `ResultError`, and `RecordField` are never constructed
  --> src/sema/registry_graph.rs:36:55
   |
36 | pub(crate) enum RegistryProducerComponent { ListItem, MapKey, MapValue, OptionalPayload, ResultSuccess, ResultError, RecordField(Nam...
   |                 -------------------------             ^^^^^^            ^^^^^^^^^^^^^^^                 ^^^^^^^^^^^  ^^^^^^^^^^^
   |                 |
   |                 variants in this enum
   |
   = note: `RegistryProducerComponent` has derived impls for the traits `Debug` and `Clone`, but these are intentionally ignored during dead code analysis

warning: fields `entry`, `binding`, and `command` are never read
  --> src/sema/registry_graph.rs:76:9
   |
71 | pub(crate) struct RegistryCandidate {
   |                   ----------------- fields in this struct
...
76 |     pub entry: &'static str,
   |         ^^^^^
77 |     pub operation: RuntimeOp,
78 |     pub binding: ImplBinding,
   |         ^^^^^^^
79 |     pub kind: CallableKind,
80 |     pub command: bool,
   |         ^^^^^^^
   |
   = note: `RegistryCandidate` has derived impls for the traits `Debug` and `Clone`, but these are intentionally ignored during dead code analysis

warning: enum `RegistryProducerPath` is never used
   --> src/sema/registry_graph.rs:128:17
    |
128 | pub(crate) enum RegistryProducerPath { ResultSuccess }
    |                 ^^^^^^^^^^^^^^^^^^^^

warning: struct `RegistryProducerAlternative` is never constructed
   --> src/sema/registry_graph.rs:131:19
    |
131 | pub(crate) struct RegistryProducerAlternative {
    |                   ^^^^^^^^^^^^^^^^^^^^^^^^^^^

warning: struct `RegistryProducerRelation` is never constructed
   --> src/sema/registry_graph.rs:137:19
    |
137 | pub(crate) struct RegistryProducerRelation {
    |                   ^^^^^^^^^^^^^^^^^^^^^^^^

warning: fields `family` and `variant` are never read
   --> src/sema/registry_graph.rs:155:9
    |
153 | pub(crate) struct RegistryErrorVariant {
    |                   -------------------- fields in this struct
154 |     pub authority_id:Name,
155 |     pub family:Name,
    |         ^^^^^^
156 |     pub variant:Name,
    |         ^^^^^^^
    |
    = note: `RegistryErrorVariant` has derived impls for the traits `Debug` and `Clone`, but these are intentionally ignored during dead code analysis

warning: method `producer_result_relation` is never used
   --> src/sema/registry_graph.rs:319:19
    |
173 | impl RegistryGraph {
    | ------------------ method in this implementation
...
319 |     pub(crate) fn producer_result_relation(&self,graph:&InferenceContext,family:OperationFamilyId)->Result<Option<RegistryProducerR...
    |                   ^^^^^^^^^^^^^^^^^^^^^^^^

warning: `xsh` (lib) generated 25 warnings (run `cargo fix --lib -p xsh` to apply 6 suggestions)
warning: fields `binding` and `command` are never read
  --> src/sema/registry_graph.rs:78:9
   |
71 | pub(crate) struct RegistryCandidate {
   |                   ----------------- fields in this struct
...
78 |     pub binding: ImplBinding,
   |         ^^^^^^^
79 |     pub kind: CallableKind,
80 |     pub command: bool,
   |         ^^^^^^^
   |
   = note: `RegistryCandidate` has derived impls for the traits `Debug` and `Clone`, but these are intentionally ignored during dead code analysis

warning: `xsh` (lib test) generated 12 warnings (11 duplicates)
    Finished `test` profile [unoptimized] target(s) in 0.18s
     Running unittests src/lib.rs (target/debug/build/xsh/3b1ba41aea3ea9fa/out/xsh-3b1ba41aea3ea9fa)

running 97 tests
test runtime::eval::indexed::full::evidence_audit_tests::add_witness_rejects_an_incompatible_operand_from_the_same_function ... ok
test runtime::eval::indexed::full::evidence_audit_tests::identity_return_plan_cannot_wrap_or_discard_its_declared_value ... ok
test runtime::eval::indexed::full::evidence_audit_tests::unused_forwarding_rejects_a_fixed_projection_with_a_foreign_layout ... ok
test runtime::eval::indexed::full::evidence_audit_tests::unused_forwarding_rejects_an_in_bounds_but_different_caller_requirement ... ok
test runtime::eval::indexed::full::evidence_audit_tests::written_result_return_keeps_its_declaration_return_plan ... ok
test runtime::eval::indexed::full::tests::absence_lookups_execute_nullable_and_integer_slots_after_frontend_drop ... ok
test runtime::eval::indexed::full::tests::accept_policy_operands_are_verified_on_capture_spawn_and_command_rows ... ok
test runtime::eval::indexed::full::tests::builtin_templates_execute_checked_calls_after_frontend_drop_on_both_routes ... ok
test runtime::eval::indexed::full::tests::cli_command_descriptor_plans_execute_both_indexed_routes ... ok
test runtime::eval::indexed::full::tests::cli_descriptor_plans_share_preparation_and_execute_both_indexed_routes ... ok
test runtime::eval::indexed::full::tests::compact_driver_executes_effects_after_arena_drop ... ok
test runtime::eval::indexed::full::tests::compact_driver_executes_loaded_module_programs_directly ... ok
test runtime::eval::indexed::full::tests::compact_entry_executes_after_all_frontend_and_adapter_scratch_is_dropped ... ok
test runtime::eval::indexed::full::tests::comparison_chain_assertion_reports_only_evaluated_failed_pair_on_both_routes ... ok
test runtime::eval::indexed::full::tests::comparison_chain_verifier_rejects_short_chains_and_non_ordering_pairs ... ok
test runtime::eval::indexed::full::tests::constant_key_projection_preserves_index_and_get_both_routes ... ok
test runtime::eval::indexed::full::tests::context_scope_command_capture_tails_execute_after_frontend_drop_on_both_routes ... ok
test runtime::eval::indexed::full::tests::context_scope_dynamic_outer_assignment_is_rejected_on_both_routes ... ok
test runtime::eval::indexed::full::tests::context_scope_escape_walks_long_shared_error_causes_without_a_depth_limit ... ok
test runtime::eval::indexed::full::tests::context_scope_fatal_body_restores_state_on_both_routes ... ok
test runtime::eval::indexed::full::tests::context_scope_force_abort_restores_evaluator_state_on_both_routes ... ok
test runtime::eval::indexed::full::tests::context_scope_verifies_payload_and_preserves_native_environment_bytes ... ok
test runtime::eval::indexed::full::tests::core_assert_executes_lazy_context_and_preserves_diagnostics_on_both_routes ... ok
test runtime::eval::indexed::full::tests::core_assert_verifier_rejects_invalid_message_presence_and_expression ... ok
test runtime::eval::indexed::full::tests::default_parameter_calls_preserve_both_indexed_execution_routes_after_frontend_drop ... ok
test runtime::eval::indexed::full::tests::default_parameter_verifier_rejects_missing_or_inconsistent_entry_metadata ... ok
test runtime::eval::indexed::full::tests::direct_full_program_preserves_values_output_errors_and_traces ... ok
test runtime::eval::indexed::full::tests::direct_scalar_iteration_runs_after_frontend_drop ... ok
test runtime::eval::indexed::full::tests::driver_propagated_process_failure_records_process_propagation_and_trace_effects ... ok
test runtime::eval::indexed::full::tests::driver_rejects_non_skippable_unlowered_top_level_statement ... ok
test runtime::eval::indexed::full::tests::driver_verifier_rejects_effect_sync_and_owner_corruption ... ok
test runtime::eval::indexed::full::tests::duration_arithmetic_retains_checked_operands_after_frontend_drop_on_both_routes ... ok
test runtime::eval::indexed::full::tests::empty_map_fold_inference_publishes_concrete_accumulator_types ... ok
test runtime::eval::indexed::full::tests::enum_payload_alias_and_alternation_execute_after_frontend_drop_on_both_routes ... ok
test runtime::eval::indexed::full::tests::fs_root_methods_keep_opaque_identity_and_defaults_on_both_indexed_routes ... ok
test runtime::eval::indexed::full::tests::full_indexed_layouts_keep_hot_rows_compact ... ok
test runtime::eval::indexed::full::tests::full_indexed_program_represents_every_indexed_fixture_function ... ok
test runtime::eval::indexed::full::tests::function_headers_are_decoded_once_per_program ... ok
test runtime::eval::indexed::full::tests::generic_builder_checkpoint_discards_new_roots_and_retires_reused_slots ... ok
test runtime::eval::indexed::full::tests::generic_metadata_is_owned_by_the_encoded_function_and_operation ... ok
test runtime::eval::indexed::full::tests::inferred_require_targets_survive_frontend_drop_on_both_routes ... ok
test runtime::eval::indexed::full::tests::lexical_ctx_indexed_execution_preserves_context_order_and_region_spans ... ok
test runtime::eval::indexed::full::tests::list_assignment_verifies_paths_and_executes_both_routes ... ok
test runtime::eval::indexed::full::tests::list_patterns_validate_before_publishing_capture_slots ... ok
test runtime::eval::indexed::full::tests::list_splicing_verifies_payload_and_executes_both_indexed_routes ... ok
test runtime::eval::indexed::full::tests::local_collection_inference_publishes_concrete_indexed_call_and_slot_types ... ok
test runtime::eval::indexed::full::tests::locations_preserve_imported_source_identity ... ok
test runtime::eval::indexed::full::tests::loop_iterations_reuse_their_statement_list ... ok
test runtime::eval::indexed::full::tests::map_literals_verify_entry_flags_and_execute_both_indexed_routes ... ok
test runtime::eval::indexed::full::tests::native_path_interpolation_executes_both_indexed_routes ... ok
test runtime::eval::indexed::full::tests::pattern_aliases_and_alternatives_publish_only_complete_capture_sets ... ok
test runtime::eval::indexed::full::tests::pattern_aliases_compact_facts_preserve_captured_subject_and_element_types ... ok
test runtime::eval::indexed::full::tests::prepared_cli_plan_pool_rewinds_with_builder_checkpoint ... ok
test runtime::eval::indexed::full::tests::prepared_constant_pool_reuses_data_and_rejects_invalid_values ... ok
test runtime::eval::indexed::full::tests::prepared_regex_pool_rewinds_with_builder_checkpoint ... ok
test runtime::eval::indexed::full::tests::prepared_regex_pool_survives_frontend_and_evaluator_reuse ... ok
test runtime::eval::indexed::full::tests::record_proof_precise_types_and_unreachable_fallback_survive_frontend_drop ... ok
test runtime::eval::indexed::full::tests::stage_callable_ordinary_calls_execute_after_frontend_drop_on_both_routes ... ok
test runtime::eval::indexed::full::tests::stage_named_configuration_verifies_children_and_executes_both_indexed_routes ... ok
test runtime::eval::indexed::full::tests::tokei_showcase_contains_direct_pure_calls ... ok
test runtime::eval::indexed::full::tests::tokei_showcase_contains_scan_bytes_fast_paths ... ok
test runtime::eval::indexed::full::tests::tokei_showcase_contains_scan_lines_fast_paths ... ok
test runtime::eval::indexed::full::tests::trimmed_else_if_scanner_lowers_to_scan_lines ... ok
test runtime::eval::indexed::full::tests::try_capture_verifies_body_ownership_and_preserves_result_data_on_both_routes ... ok
test runtime::eval::indexed::full::tests::typed_cause_indexed_codec_preserves_metadata_and_verifies_optional_child ... ok
test runtime::eval::indexed::full::tests::typed_map_keys_execute_both_indexed_routes ... ok
test runtime::eval::indexed::full::tests::uint_mutation_checks_execute_both_indexed_routes_after_frontend_drop ... ok
test runtime::eval::indexed::full::tests::verifier_checks_assertion_children_locations_and_propagation_effects ... ok
test runtime::eval::indexed::full::tests::verifier_checks_pattern_condition_capture_slots_and_branch_returns ... ok
test runtime::eval::indexed::full::tests::verifier_checks_with_binding_slots_and_both_branch_returns ... ok
test runtime::eval::indexed::full::tests::verifier_rejects_binding_and_missing_retry_selection_patterns ... ok
test runtime::eval::indexed::full::tests::verifier_rejects_block_ownership_and_missing_function_terminators ... ok
test runtime::eval::indexed::full::tests::verifier_rejects_cross_function_instruction_ownership ... ok
test runtime::eval::indexed::full::tests::verifier_rejects_empty_or_unknown_comprehension_qualifiers ... ok
test runtime::eval::indexed::full::tests::verifier_rejects_empty_record_update_path_and_bad_replacement_reference ... ok
test runtime::eval::indexed::full::tests::verifier_rejects_incompatible_alternative_and_alias_capture_slots ... ok
test runtime::eval::indexed::full::tests::verifier_rejects_invalid_list_rest_patterns ... ok
test runtime::eval::indexed::full::tests::verifier_rejects_nested_pattern_cycles_and_missing_children ... ok
test runtime::eval::indexed::full::tests::verifier_rejects_slot_pattern_function_stage_and_location_bounds ... ok
test runtime::eval::indexed::full::tests::wire_enum_preparation_survives_frontend_drop_and_executes_both_routes ... ok
test runtime::eval::indexed::full::tests::yield_delegation_verifies_operands_and_preserves_nominal_error_payload ... ok
test runtime::eval::indexed::generic::tests::concrete_add_witnesses_reject_foreign_signatures_and_erased_repairs ... ok
test runtime::eval::indexed::generic::tests::foreign_retired_and_out_of_range_evidence_cannot_become_valid_by_slot_reuse ... ok
test runtime::eval::indexed::generic::tests::forwarding_precomputes_scoped_edges_and_rejects_missing_or_ambiguous_maps ... ok
test runtime::eval::indexed::generic::tests::identity_evidence_retains_one_scope_for_distinct_payloads_and_fixed_return_plan ... ok
test runtime::eval::indexed::generic::tests::nested_templates_and_any_substitution_cannot_launder_concrete_arguments ... ok
test runtime::eval::indexed::generic::tests::prepared_component_templates_remap_sparse_member_binders_and_reject_siblings ... ok
test runtime::eval::indexed::generic::tests::prepared_record_template_flattens_solved_field_extensions ... ok
test runtime::eval::indexed::generic::tests::projection_uses_constructor_layout_and_rejects_wrong_slot_type_and_owner ... ok
test runtime::eval::indexed::generic::tests::row_tail_substitution_preserves_width_and_explicit_dynamic_fields ... ok
test runtime::eval::indexed::semantic::tests::compact_types_render_like_owned_semantic_types ... ok
test runtime::eval::indexed::semantic::tests::equal_types_signatures_and_shapes_share_compact_ids ... ok
test runtime::eval::indexed::semantic::tests::erased_record_and_module_facts_remain_distinct_from_empty_shapes ... ok
test runtime::eval::indexed::semantic::tests::malformed_semantic_ids_and_ranges_are_rejected ... ok
test runtime::eval::indexed::semantic::tests::recovery_types_never_become_executable_facts ... ok
test runtime::eval::indexed::semantic::tests::semantic_rewind_removes_rows_and_canonical_entries ... ok
test runtime::eval::indexed::semantic::tests::typed_map_keys_semantic_pool_retains_both_types_and_rejects_float_keys ... ok

test result: ok. 97 passed; 0 failed; 0 ignored; 0 measured; 758 filtered out; finished in 1.56s

