   Compiling xsh v0.0.1 (/Users/josh/d/laputa-systems/xsh-typing-campaign-v2)
warning: unused imports: `SolvedConstructorArgument` and `SolvedConstructorParameter`
  --> src/sema/check.rs:30:139
   |
30 | ...dConstructorApplication, SolvedConstructorArgument, SolvedConstructorDefault, SolvedConstructorParameter};
   |                             ^^^^^^^^^^^^^^^^^^^^^^^^^                            ^^^^^^^^^^^^^^^^^^^^^^^^^^
   |
   = note: `#[warn(unused_imports)]` (part of `#[warn(unused)]`) on by default

warning: unused import: `StmtId`
 --> src/sema/check/local_inference.rs:2:129
  |
2 | use crate::syntax::arena::{ArenaBindingTargetKind, ArenaExprKind, ArenaExprOrRun, ArenaProgram, ArenaStmtKind, BindingTargetId, StmtId};
  |                                                                                                                                 ^^^^^^

warning: unused import: `ModuleProjectionKind`
  --> src/sema/check.rs:82:29
   |
82 | pub use module_projection::{ModuleProjectionKind, SolvedModuleProjection};
   |                             ^^^^^^^^^^^^^^^^^^^^

warning: unused import: `ProducerFlowNode`
  --> src/sema/check.rs:88:157
   |
88 | ...lowOperationAlternative, ProducerFlowOperationTransfer, ProducerFlowNode, ProducerFlowSource};
   |                                                            ^^^^^^^^^^^^^^^^

warning: variable does not need to be mutable
   --> src/sema/check/infer_effects.rs:175:21
    |
175 |                 let mut chain = vec![name.to_string()];
    |                     ----^^^^^
    |                     |
    |                     help: remove this `mut`
    |
    = note: `#[warn(unused_mut)]` (part of `#[warn(unused)]`) on by default

warning: unused variable: `name`
   --> src/sema/check/infer_effects.rs:183:84
    |
183 |     pub(super) fn record_effect_contract(&mut self, effects: &Option<Vec<Effect>>, name: &str) {
    |                                                                                    ^^^^ help: if this is intentional, prefix it with an underscore: `_name`
    |
    = note: `#[warn(unused_variables)]` (part of `#[warn(unused)]`) on by default

warning: variant `Contextual` is never constructed
 --> src/sema/check/registry_boundaries.rs:9:52
  |
9 | pub(crate) enum RegistryValidationMode { Explicit, Contextual }
  |                 ----------------------             ^^^^^^^^^^
  |                 |
  |                 variant in this enum
  |
  = note: `RegistryValidationMode` has derived impls for the traits `Debug` and `Clone`, but these are intentionally ignored during dead code analysis
  = note: `#[warn(dead_code)]` (part of `#[warn(unused)]`) on by default

warning: field `operation` is never read
  --> src/sema/check/registry_boundaries.rs:25:21
   |
25 |     CliDescriptor { operation: RuntimeOp, plan: Arc<crate::modules::cli::CliDescriptorPlan> },
   |     -------------   ^^^^^^^^^
   |     |
   |     field in this variant
   |
   = note: `RegistryBoundaryKind` has derived impls for the traits `Debug` and `Clone`, but these are intentionally ignored during dead code analysis

warning: field `algorithm` is never read
  --> src/sema/check/registry_boundaries.rs:26:21
   |
26 |     HashAlgorithm { algorithm: Name },
   |     -------------   ^^^^^^^^^
   |     |
   |     field in this variant
   |
   = note: `RegistryBoundaryKind` has derived impls for the traits `Debug` and `Clone`, but these are intentionally ignored during dead code analysis

warning: field `mode` is never read
  --> src/sema/check/registry_boundaries.rs:27:48
   |
27 |     SchemaValidation { schema: RegistrySchema, mode: RegistryValidationMode },
   |     ---------------- field in this variant     ^^^^
   |
   = note: `RegistryBoundaryKind` has derived impls for the traits `Debug` and `Clone`, but these are intentionally ignored during dead code analysis

warning: method `error` is never used
  --> src/sema/check/operation_catalog.rs:90:19
   |
43 | impl SolvedOperationCatalog {
   | --------------------------- method in this implementation
...
90 |     pub(crate) fn error(&self, graph: &InferenceContext, authority: Name) -> Result<&RegistryErrorVariant, InferenceError> {
   |                   ^^^^^

warning: function `evaluate_producer_flow` is never used
   --> src/sema/check/producer_eval.rs:207:15
    |
207 | pub(crate) fn evaluate_producer_flow(
    |               ^^^^^^^^^^^^^^^^^^^^^^

warning: function `evaluate_producer_flows` is never used
   --> src/sema/check/producer_eval.rs:228:15
    |
228 | pub(crate) fn evaluate_producer_flows(
    |               ^^^^^^^^^^^^^^^^^^^^^^^

warning: field `family` is never read
  --> src/sema/operation_graph.rs:12:65
   |
12 | pub(crate) struct LanguageAuthority { pub id: &'static str, pub family: &'static str, pub disposition: LanguageDisposition }
   |                   ----------------- field in this struct        ^^^^^^
   |
   = note: `LanguageAuthority` has derived impls for the traits `Debug` and `Clone`, but these are intentionally ignored during dead code analysis

warning: field `statement_result_is_unit` is never read
   --> src/sema/operation_graph.rs:185:9
    |
179 | pub(crate) struct OperationCandidate {
    |                   ------------------ field in this struct
...
185 |     pub statement_result_is_unit: bool,
    |         ^^^^^^^^^^^^^^^^^^^^^^^^
    |
    = note: `OperationCandidate` has derived impls for the traits `Debug` and `Clone`, but these are intentionally ignored during dead code analysis

warning: associated constants `MIN`, `MAX`, and `ALL` are never used
  --> src/sema/stage_graph.rs:18:43
   |
17 | impl ReductionModes {
   | ------------------- associated constants in this implementation
18 |     pub const SUM:Self=Self(1); pub const MIN:Self=Self(2); pub const MAX:Self=Self(4); pub const ALL:Self=Self(7);
   |                                           ^^^                         ^^^                         ^^^

warning: fields `input_numeric`, `form`, `parameters`, `callback_slot`, and `additional_producer` are never read
  --> src/sema/stage_graph.rs:54:9
   |
49 | pub(crate) struct StageCandidate {
   |                   -------------- fields in this struct
...
54 |     pub input_numeric: Option<Atom>,
   |         ^^^^^^^^^^^^^
55 |     pub form: StageForm,
   |         ^^^^
56 |     pub variant: StageVariant,
57 |     pub parameters: &'static [StageParameter],
   |         ^^^^^^^^^^
58 |     pub callback_slot: Option<usize>,
   |         ^^^^^^^^^^^^^
59 |     pub additional_producer: Option<AdditionalProducer>,
   |         ^^^^^^^^^^^^^^^^^^^
   |
   = note: `StageCandidate` has derived impls for the traits `Debug` and `Clone`, but these are intentionally ignored during dead code analysis

warning: field `intrinsic_pull` is never read
  --> src/sema/stage_graph.rs:74:9
   |
71 | pub(crate) struct StageEffectRelation {
   |                   ------------------- field in this struct
...
74 |     pub intrinsic_pull: EffectSet,
   |         ^^^^^^^^^^^^^^
   |
   = note: `StageEffectRelation` has derived impls for the traits `Debug` and `Clone`, but these are intentionally ignored during dead code analysis

warning: variants `MapKey`, `OptionalPayload`, `ResultError`, and `RecordField` are never constructed
  --> src/sema/registry_graph.rs:36:55
   |
36 | pub(crate) enum RegistryProducerComponent { ListItem, MapKey, MapValue, OptionalPayload, ResultSuccess, ResultError, RecordField(Nam...
   |                 -------------------------             ^^^^^^            ^^^^^^^^^^^^^^^                 ^^^^^^^^^^^  ^^^^^^^^^^^
   |                 |
   |                 variants in this enum
   |
   = note: `RegistryProducerComponent` has derived impls for the traits `Debug` and `Clone`, but these are intentionally ignored during dead code analysis

warning: fields `entry`, `binding`, and `command` are never read
  --> src/sema/registry_graph.rs:76:9
   |
71 | pub(crate) struct RegistryCandidate {
   |                   ----------------- fields in this struct
...
76 |     pub entry: &'static str,
   |         ^^^^^
77 |     pub operation: RuntimeOp,
78 |     pub binding: ImplBinding,
   |         ^^^^^^^
79 |     pub kind: CallableKind,
80 |     pub command: bool,
   |         ^^^^^^^
   |
   = note: `RegistryCandidate` has derived impls for the traits `Debug` and `Clone`, but these are intentionally ignored during dead code analysis

warning: enum `RegistryProducerPath` is never used
   --> src/sema/registry_graph.rs:128:17
    |
128 | pub(crate) enum RegistryProducerPath { ResultSuccess }
    |                 ^^^^^^^^^^^^^^^^^^^^

warning: struct `RegistryProducerAlternative` is never constructed
   --> src/sema/registry_graph.rs:131:19
    |
131 | pub(crate) struct RegistryProducerAlternative {
    |                   ^^^^^^^^^^^^^^^^^^^^^^^^^^^

warning: struct `RegistryProducerRelation` is never constructed
   --> src/sema/registry_graph.rs:137:19
    |
137 | pub(crate) struct RegistryProducerRelation {
    |                   ^^^^^^^^^^^^^^^^^^^^^^^^

warning: fields `family` and `variant` are never read
   --> src/sema/registry_graph.rs:155:9
    |
153 | pub(crate) struct RegistryErrorVariant {
    |                   -------------------- fields in this struct
154 |     pub authority_id:Name,
155 |     pub family:Name,
    |         ^^^^^^
156 |     pub variant:Name,
    |         ^^^^^^^
    |
    = note: `RegistryErrorVariant` has derived impls for the traits `Debug` and `Clone`, but these are intentionally ignored during dead code analysis

warning: method `producer_result_relation` is never used
   --> src/sema/registry_graph.rs:319:19
    |
173 | impl RegistryGraph {
    | ------------------ method in this implementation
...
319 |     pub(crate) fn producer_result_relation(&self,graph:&InferenceContext,family:OperationFamilyId)->Result<Option<RegistryProducerR...
    |                   ^^^^^^^^^^^^^^^^^^^^^^^^

   Compiling xsht v0.0.1 (/Users/josh/d/laputa-systems/xsh-typing-campaign-v2/crates/xsht)
warning: `xsh` (lib) generated 25 warnings (run `cargo fix --lib -p xsh` to apply 6 suggestions)
warning: fields `binding` and `command` are never read
  --> src/sema/registry_graph.rs:78:9
   |
71 | pub(crate) struct RegistryCandidate {
   |                   ----------------- fields in this struct
...
78 |     pub binding: ImplBinding,
   |         ^^^^^^^
79 |     pub kind: CallableKind,
80 |     pub command: bool,
   |         ^^^^^^^
   |
   = note: `RegistryCandidate` has derived impls for the traits `Debug` and `Clone`, but these are intentionally ignored during dead code analysis

warning: `xsh` (lib test) generated 12 warnings (11 duplicates)
    Finished `test` profile [unoptimized] target(s) in 11.52s
     Running unittests src/lib.rs (target/debug/build/xsh/3b1ba41aea3ea9fa/out/xsh-3b1ba41aea3ea9fa)

running 169 tests
test sema::inference::finalized::publication_tests::cached_alias_suffix_preserves_the_substitution_depth_guard ... ok
test sema::inference::applications::tests::application_ledger_publication_respects_path_depth_and_shared_work_budget ... ok
test sema::inference::applications::tests::application_ledger_preserves_the_complete_original_source_certificate ... ok
test sema::inference::error_joins::tests::a_declared_bound_does_not_ground_independent_pending_error_inputs ... ok
test sema::inference::applications::tests::application_ledger_retained_storage_accounts_both_paths_and_original_arguments ... ok
test sema::inference::error_joins::tests::a_single_failure_retains_data_identity_and_rejects_an_unrelated_bound ... ok
test sema::inference::error_joins::tests::nominal_error_joins_preserve_family_and_disjoint_failure_identity ... ok
test sema::inference::finalized::publication_tests::external_effect_roots_reject_a_sibling_scheme_binder ... ok
test sema::inference::finalized::error_join_publication_tests::error_join_publication_replays_calculated_result_and_directional_bound_receipt ... ok
test sema::inference::finalized::publication_tests::publication_enforces_its_work_budget ... ok
test sema::inference::applications::tests::application_ledger_requires_original_argument_graph_and_scheme_ownership ... ok
test sema::inference::finalized::publication_tests::repeated_source_requirement_roots_share_the_certificate_walk ... ok
test sema::inference::finalized::publication_tests::frozen_scheme_effect_endpoints_and_variable_bindings_are_closed ... ok
test sema::inference::finalized::error_join_publication_tests::independent_symbolic_error_inputs_remain_scoped_residual_publication_obligations ... ok
test sema::inference::finalized::publication_tests::requirement_origin_handles_are_provenance_without_scope_authority ... ok
test sema::inference::finalized::publication_tests::candidate_output_roots_do_not_authorize_foreign_effect_binders ... ok
test sema::inference::finalized::publication_tests::publication_refuses_a_candidate_signature_that_is_not_its_call_certificate ... ok
test sema::inference::finalized::publication_tests::native_instance_receipts_preserve_all_substitutions_and_immediate_origins ... ok
test sema::inference::finalized::publication_tests::shared_subgraphs_do_not_hide_a_deeper_path ... ok
test sema::inference::finalized::publication_tests::dynamic_invocation_publication_replays_the_exact_structural_binding ... ok
test sema::inference::finalized::publication_tests::source_requirement_roots_validate_the_exact_member_scope ... ok
test sema::inference::finalized::publication_tests::candidate_signature_publication_checks_each_declared_parameter_property ... ok
test sema::inference::finalized::publication_tests::shared_publication_roots_charge_only_one_graph_walk ... ok
test sema::inference::finalized::publication_tests::source_invocation_publication_rejects_altered_binding_and_timing_evidence ... ok
test sema::inference::native::conditional_effect_tests::conditional_callback_protocol_reports_the_original_operation_permission_failure ... ok
test sema::inference::finalized::publication_tests::candidate_failure_receipts_preserve_direction_scope_and_reason ... ok
test sema::inference::native::conditional_kind_tests::conditional_protocol_kind_comes_from_every_selected_branch ... ok
test sema::inference::native::tests::failed_native_allocation_rewinds_contracts_and_keeps_attempted_work_charged ... ok
test sema::inference::native::tests::callback_protocol_publication_rejects_altered_formal_slot_receipt ... ok
test sema::inference::native::tests::callback_protocol_keeps_actual_defaults_rest_and_exact_kind_contracts ... ok
test sema::inference::native::conditional_tests::conditional_invocation_keeps_each_dynamic_range_default_and_origin ... ok
test sema::inference::finalized::publication_tests::candidate_instances_preserve_open_rows_effect_roots_and_declared_erasure ... ok
test sema::inference::native::tests::native_declared_erasure_keeps_original_container_leaf_until_guard_discharge ... ok
test sema::inference::native::tests::hash_callable_choices_keep_actual_labels_results_and_permission_domains ... ok
test sema::inference::native::tests::json_callable_choice_uses_original_arity_instead_of_inventing_a_fallback_default ... ok
test sema::inference::native::tests::canonical_map_empty_native_value_is_monomorphic_and_outer_instances_are_fresh ... ok
test sema::inference::native::tests::native_user_join_preserves_alternatives_and_original_effect_summaries ... ok
test sema::inference::native::tests::native_invocation_uses_original_actuals_and_mono_signature_without_instantiation ... ok
test sema::inference::native::tests::native_external_effect_roots_freshen_without_losing_scope_or_bounds ... ok
test sema::inference::native::tests::native_value_retains_one_monomorphic_instance_and_retires_rolled_back_handles ... ok
test sema::inference::native::tests::publication_rejects_native_child_output_ports_that_do_not_belong_to_its_monotype ... ok
test sema::inference::native::tests::callback_protocol_invokes_original_callable_choice_with_real_binding ... ok
test sema::inference::native::tests::pending_effect_choice_keeps_computed_effect_symbolic_and_fresh_per_outer_call ... ok
test sema::inference::native::tests::repeated_conditional_family_authority_keeps_its_member_tuples_once ... ok
test sema::inference::reference::production_matches_failed_probe_isolation_and_retired_handles ... ok
test sema::inference::native::tests::family_outer_copies_share_one_replacement_and_retire_trial_handles ... ok
test sema::inference::native::tests::producer_callable_choices_preserve_zero_and_one_argument_member_contracts ... ok
test sema::inference::reference::production_matches_environment_escape_through_substitutions_and_capture ... ok
test sema::inference::reference::production_matches_captured_open_row_aliases ... ok
test sema::inference::reference::reference_environment_escape_tracks_metas_reachable_through_substitution ... ok
test sema::inference::reference::production_matches_immutable_alias_of_a_monomorphic_binding ... ok
test sema::inference::native::tests::family_pending_inputs_are_not_trained_and_bytes_stdin_uses_required_member ... ok
test sema::inference::reference::reference_failed_probe_retires_variables_and_restores_substitutions ... ok
test sema::inference::reference::reference_failed_row_probe_restores_lacks_and_common_field_bindings ... ok
test sema::inference::reference::production_matches_quantified_open_rows_and_residual_lacks ... ok
test sema::inference::reference::reference_substitution_preserves_captured_metas_and_row_lacks ... ok
test sema::inference::reference::reference_substitution_rejects_cross_kind_recursive_equations ... ok
test sema::inference::reference::reference_scheme_instantiation_freshens_rows_and_preserves_lacks ... ok
test sema::inference::reference::reference_value_restriction_keeps_mutable_and_expansive_aliases_monomorphic ... ok
test sema::inference::tests::abstract_operation_trials_preserve_latent_effect_bounds ... ok
test sema::inference::tests::arrow_assignment_preserves_explicit_effect_upper_bound_and_kind ... ok
test sema::inference::tests::audit_accumulated_lacks_obey_row_label_limit ... ok
test sema::inference::tests::abstract_operation_keeps_finite_family_without_ground_certificate ... ok
test sema::inference::tests::audit_foreign_effect_is_rejected_before_unknown_erasure ... ok
test sema::inference::reference::production_matches_rank_one_freshening_and_monomorphic_aliases ... ok
test sema::inference::tests::abstract_operation_trials_preserve_row_masks ... ok
test sema::inference::tests::audit_latent_effect_scheme_instances_are_independent ... ok
test sema::inference::native::tests::native_command_family_keeps_one_choice_and_original_argument_domains ... ok
test sema::inference::tests::audit_unrelated_rigid_requirement_cannot_attach_to_ground_scheme ... ok
test sema::inference::native::tests::family_publication_rejects_forged_envelope_and_missing_correlated_member ... ok
test sema::inference::tests::bounded_views_preserve_ground_contracts_and_refuse_unresolved_erasure ... ok
test sema::inference::tests::audit_watcher_dispatch_is_charged_even_in_failed_probe ... ok
test sema::inference::tests::calculated_upper_worklist_handles_cycles_without_sealing_latent_inputs ... ok
test sema::inference::tests::calculated_capture_edges_are_bounded_and_failed_propagation_is_rewound ... ok
test sema::inference::tests::callable_invocation_binding_uses_actual_defaults_rest_and_splice_shape ... ok
test sema::inference::tests::callable_invocation_payload_handles_retire_after_trials_and_keep_reason_provenance ... ok
test sema::inference::tests::callable_invocation_failed_binding_and_effect_proofs_rewind_partial_constraints ... ok
test sema::inference::tests::callable_invocation_pure_domain_has_empty_computed_effects_before_shape_is_known ... ok
test sema::inference::tests::callable_invocation_effect_outputs_are_fresh_and_stream_defaults_stay_lazy ... ok
test sema::inference::tests::callable_invocation_named_arguments_retain_their_label_requirement ... ok
test sema::inference::tests::callable_invocation_concrete_effect_equation_discharges_before_ground_caller_generalization ... ok
test sema::inference::tests::callable_invocation_rejects_proc_in_pure_context_and_wrong_operand_without_training ... ok
test sema::inference::tests::callable_invocation_positional_calls_keep_actual_labels_and_independent_instances ... ok
test sema::inference::tests::candidate_trial_rewinds_success_and_retires_its_allocations ... ok
test sema::inference::tests::captured_and_expansive_bindings_do_not_generalize ... ok
test sema::inference::tests::callable_invocation_scoped_schemes_and_ground_binding_proofs_freeze_together ... ok
test sema::inference::tests::captured_bounded_effect_plus_fixed_part_seals_to_its_exact_finite_union ... ok
test sema::inference::tests::captured_partial_upper_union_stays_symbolic_with_an_exact_derived_bound ... ok
test sema::inference::tests::captured_calculated_inputs_wake_operation_dependents_without_losing_provenance ... ok
test sema::inference::tests::captured_effect_inputs_respect_downstream_bounds_in_both_insertion_orders ... ok
test sema::inference::tests::command_expansion_counts_the_list_child_depth_and_work ... ok
test sema::inference::native::tests::captured_uniform_native_family_replays_original_children_through_outer_scheme ... ok
test sema::inference::tests::captured_rigid_effects_form_calculated_unions_without_equality_aliases ... ok
test sema::inference::tests::checked_error_and_display_predicates_preserve_their_finite_domains ... ok
test sema::inference::tests::command_expansion_stays_pending_and_freshens_without_argument_shape_training ... ok
test sema::inference::tests::command_expansion_accepts_only_scalar_items_or_one_list_layer ... ok
test sema::inference::tests::component_member_scope_rejects_sibling_only_binders_and_maps_sparse_indices ... ok
test sema::inference::tests::component_lexical_capture_requires_exact_authorized_outer_bindings ... ok
test sema::inference::tests::component_records_captured_meta_identity_before_enclosing_generalization ... ok
test sema::inference::tests::constraint_reasons_survive_success_and_rewind_failed_trials ... ok
test sema::inference::tests::component_schemes_retain_reachable_sibling_obligations_and_hidden_outputs ... ok
test sema::inference::tests::component_value_restriction_lowers_shared_variables_before_any_generalization ... ok
test sema::inference::tests::declaration_facts_retain_rigid_identity_and_publication_rejects_ground_escape ... ok
test sema::inference::tests::derived_effects_seal_only_without_latent_input_relationships ... ok
test sema::inference::tests::dynamic_invocation_planning_has_a_shared_hard_work_bound ... ok
test sema::inference::tests::dynamic_invocation_segments_preserve_named_order_defaults_and_rest_destinations ... ok
test sema::inference::tests::dynamic_splice_checks_every_reachable_fixed_type_and_rewinds_partial_bindings ... ok
test sema::inference::tests::effect_upper_propagation_rewinds_on_work_exhaustion_and_rejects_later_excess ... ok
test sema::inference::tests::derived_operation_effects_wait_for_type_dependent_candidate_selection ... ok
test sema::inference::tests::effect_identity_aliases_preserve_fresh_scheme_ports_and_rewind_failed_probes ... ok
test sema::inference::tests::declared_container_erasure_preserves_actual_meta_and_rechecks_its_known_items ... ok
test sema::inference::tests::effect_schemes_preserve_inclusions_and_monomorphic_alias_restriction ... ok
test sema::inference::tests::exact_effect_port_failure_rewinds_binding_and_retains_reason_edges ... ok
test sema::inference::tests::exact_latent_port_binding_preserves_a_calculated_summary_beneath_its_permission_cap ... ok
test sema::inference::tests::equality_candidate_keeps_independent_operands_until_compatibility_is_known ... ok
test sema::inference::tests::failed_add_probe_does_not_poison_another_discharge ... ok
test sema::inference::tests::failed_probe_handles_do_not_alias_later_allocations_or_other_graphs ... ok
test sema::inference::tests::exact_producer_effect_ports_freshen_and_bind_closed_or_opaque_inputs ... ok
test sema::inference::tests::fixed_effect_inclusions_propagate_and_failed_upper_bound_rolls_back ... ok
test sema::inference::tests::finite_input_ports_constrain_all_equal_forwarded_effect_ports ... ok
test sema::inference::tests::failed_candidate_error_bounds_keep_live_source_handles_and_failure_phase ... ok
test sema::inference::tests::fixed_parameter_invocation_accepts_unknown_cardinality_splice_without_expanding_it ... ok
test sema::inference::tests::generalization_rejects_a_captured_budget_depending_on_new_latent_parameters ... ok
test sema::inference::tests::ground_operation_certificate_separates_required_effects_from_caller_budget ... ok
test sema::inference::tests::generic_fixed_splice_invocation_instantiates_binding_proofs_independently ... ok
test sema::inference::tests::masked_effect_inclusion_captures_exact_rigid_inputs_and_publishes_the_relation ... ok
test sema::inference::tests::instantiated_invocation_obligations_preserve_exact_source_origins ... ok
test sema::inference::tests::masked_effect_inclusion_failed_bounds_rewind_but_charge_work ... ok
test sema::inference::tests::masked_effect_inclusion_generalizes_symbolic_inputs_for_independent_callers ... ok
test sema::inference::tests::masked_effect_inclusion_rejects_disjoint_rigid_effect_bounds ... ok
test sema::inference::tests::masked_effect_inclusion_tautology_does_not_create_a_phantom_calculated_binder ... ok
test sema::inference::tests::masked_effect_inclusion_removes_only_the_retained_error_permission ... ok
test sema::inference::tests::occurs_failure_restores_nested_substitutions ... ok
test sema::inference::tests::module_projection_retains_exact_written_callable_promise ... ok
test sema::inference::tests::ground_forwarded_operation_seals_computed_effect_relations_before_generalization ... ok
test sema::inference::tests::instantiated_obligation_correspondences_preserve_two_calls_of_the_same_body ... ok
test sema::inference::tests::opaque_effects_propagate_through_execution_budgets_and_reject_finite_bounds ... ok
test sema::inference::tests::obligation_correspondences_include_candidate_dependencies_and_retire_failed_trials ... ok
test sema::inference::tests::open_projection_keeps_actual_fields_and_projects_distinct_types ... ok
test sema::inference::tests::operation_candidates_wake_when_caller_effect_budget_is_narrowed ... ok
test sema::inference::tests::operation_output_role_failure_retains_its_permission_provenance ... ok
test sema::inference::tests::operation_failure_projection_obeys_the_source_lexical_error_bound ... ok
test sema::inference::tests::publication_checks_requirement_scope_even_when_signature_is_ground ... ok
test sema::inference::tests::reason_contribution_edges_are_bounded_and_charged_on_failed_trials ... ok
test sema::inference::tests::recursive_component_keeps_common_binders_and_fresh_member_instances ... ok
test sema::inference::tests::rigid_capture_cannot_lower_beyond_its_scope ... ok
test sema::inference::tests::projected_effect_roles_reject_wrong_location_and_missing_or_foreign_source_proofs ... ok
test sema::inference::tests::projected_effect_roles_select_by_exact_source_shape_and_freshen_each_call ... ok
test sema::inference::tests::rigid_requirement_with_no_supported_domain_is_rejected ... ok
test sema::inference::tests::row_lacks_kind_and_recursive_equations_reject_without_binding ... ok
test sema::inference::tests::sealed_add_requirements_are_generalized_forwarded_and_discharged ... ok
test sema::inference::tests::shared_import_reuses_legacy_identity_inside_nested_views ... ok
test sema::inference::tests::shared_import_rolls_back_identities_and_keeps_dynamic_and_recovery_distinct ... ok
test sema::inference::tests::schemes_publish_only_residual_requirements_and_keep_ground_certificates ... ok
test sema::inference::tests::stage_eligibility_preserves_each_checked_operand_domain ... ok
test sema::inference::tests::selected_json_candidate_exposes_no_certificate_before_actual_predicate_solves ... ok
test sema::inference::tests::width_assignment_is_not_row_equality_or_container_covariance ... ok
test sema::inference::tests::standalone_effect_roots_generalize_and_instantiate_independently ... ok
test sema::inference::tests::pending_error_bounds_survive_forwarding_and_independent_candidate_trials ... ok
test sema::inference::tests::work_exhaustion_preserves_pending_requirement_on_solve_entry ... ok
test sema::inference::tests::supported_operation_reports_its_permission_failure_without_retyping_the_operand ... ok
test sema::inference::tests::unbound_captured_effect_unions_cannot_be_reported_as_finite_lower_bounds ... ok
test sema::inference::tests::yield_item_scheme_rejects_root_stream_and_keeps_nested_stream_data ... ok
test sema::inference::tests::native_command_admission_keeps_pending_actuals_and_selects_exact_text_domains ... ok
test sema::inference::tests::work_charges_wide_structural_copies_before_a_failed_match ... ok
test sema::inference::tests::dynamic_binding_acceptance_matches_bounded_concrete_splice_expansion ... ok
test sema::inference::reference::reference_generated_equations_preserve_principal_relationships_under_permutation ... ok
test sema::inference::reference::production_matches_generated_rank_one_schemes_with_captured_variables ... ok
test sema::inference::reference::production_matches_independent_generated_equations_and_permutations ... ok

test result: ok. 169 passed; 0 failed; 0 ignored; 0 measured; 761 filtered out; finished in 0.07s

