
running 22 tests
test sema::check::producer_eval::tests::aggregate_parameter_paths_distinguish_output_position_from_formal_projection ... ok
test sema::check::producer_eval::tests::aggregate_projection_keeps_uncertainty_at_its_exact_path ... ok
test sema::check::producer_eval::tests::conditional_user_producers_use_each_branch_default_plan_and_exact_origin ... ok
test sema::check::producer_eval::tests::dynamic_splice_preserves_item_permissions_and_conditional_defaults ... ok
test sema::check::producer_eval::tests::exact_parameter_slots_transfer_equal_typed_distinct_producers ... ok
test sema::check::producer_eval::tests::flow_evaluation_rejects_foreign_owners_and_charges_its_work ... ok
test sema::check::producer_eval::tests::generic_callback_invocations_use_each_exact_instance_default_plan ... ok
test sema::check::producer_eval::tests::long_alias_chains_use_a_charged_worklist_instead_of_the_host_stack ... ok
test sema::check::producer_eval::tests::missing_declaration_results_and_binding_evidence_remain_pending ... ok
test sema::check::producer_eval::tests::multiple_alias_roots_share_the_dependency_worklist ... ok
test sema::check::producer_eval::tests::native_family_producer_uses_selected_member_ports_and_original_invocation_mask ... ok
test sema::check::producer_eval::tests::native_producer_uses_checked_roles_and_rejects_an_unrelated_same_candidate_value ... ok
test sema::check::producer_eval::tests::operation_transfer_uses_the_call_instance_and_exact_input_projection ... ok
test sema::check::producer_eval::tests::pending_items_do_not_make_a_materialized_container_root_pending ... ok
test sema::check::producer_eval::tests::published_formal_effects_substitute_by_exact_binder_in_each_call ... ok
test sema::check::producer_eval::tests::record_update_excludes_overwritten_formal_and_opaque_subtrees ... ok
test sema::check::producer_eval::tests::record_update_exclusions_do_not_hide_an_unchanged_uncertain_alternative ... ok
test sema::check::producer_eval::tests::record_update_replaces_profiles_without_changing_the_base ... ok
test sema::check::producer_eval::tests::recursive_declaration_results_reach_a_shared_monotone_fixed_point ... ok
test sema::check::producer_eval::tests::rest_packing_and_ordered_defaults_transfer_real_source_values ... ok
test sema::check::producer_eval::tests::returned_callable_uses_its_exact_captured_parameter_environment ... ok
test sema::check::producer_eval::tests::symbolic_parameter_projection_preserves_formal_paths_through_a_call ... ok

test result: ok. 22 passed; 0 failed; 0 ignored; 0 measured; 882 filtered out; finished in 0.04s

