   Compiling libc v0.2.186
   Compiling cfg-if v1.0.4
   Compiling pin-project-lite v0.2.17
   Compiling crossbeam-utils v0.8.21
   Compiling futures-core v0.3.34
   Compiling parking v2.2.1
   Compiling fastrand v2.4.1
   Compiling itoa v1.0.18
   Compiling futures-io v0.3.34
   Compiling log v0.4.33
   Compiling futures-lite v2.6.1
   Compiling zeroize v1.9.0
   Compiling bytes v1.11.1
   Compiling bitflags v2.13.0
   Compiling slab v0.4.12
   Compiling rustls-pki-types v1.15.0
   Compiling atomic-waker v1.1.2
   Compiling rustix v1.1.4
   Compiling http v1.5.0
   Compiling foldhash v0.2.0
   Compiling errno v0.3.14
   Compiling hashbrown v0.17.1
   Compiling concurrent-queue v2.5.0
   Compiling typenum v1.20.1
   Compiling unicode-ident v1.0.24
   Compiling memchr v2.8.1
   Compiling autocfg v1.5.1
   Compiling untrusted v0.9.0
   Compiling rustls v0.23.43
   Compiling once_cell v1.21.4
   Compiling equivalent v1.0.2
   Compiling rustls-webpki v0.103.13
   Compiling indexmap v2.14.0
   Compiling hybrid-array v0.4.12
   Compiling async-io v2.6.0
   Compiling event-listener v5.4.2
   Compiling subtle v2.6.1
   Compiling httparse v1.10.1
   Compiling futures-sink v0.3.33
   Compiling getrandom v0.3.4
   Compiling fnv v1.0.7
   Compiling proc-macro2 v1.0.106
   Compiling polling v3.11.0
   Compiling event-listener-strategy v0.5.4
   Compiling block-buffer v0.12.0
   Compiling crypto-common v0.2.2
   Compiling http-body v1.1.0
   Compiling try-lock v0.2.5
   Compiling quote v1.0.46
   Compiling async-task v4.7.1
   Compiling const-oid v0.10.2
   Compiling core-foundation-sys v0.8.7
   Compiling digest v0.11.3
   Compiling want v0.3.1
   Compiling async-channel v2.5.0
   Compiling laputa-h2-futures v0.4.16-beta.0
   Compiling aho-corasick v1.1.4
   Compiling piper v0.2.5
   Compiling futures-channel v0.3.34
   Compiling smallvec v1.15.2
   Compiling regex-syntax v0.8.11
   Compiling laputa-hyper-futures-lite v1.11.0-beta.0
   Compiling blocking v1.6.2
   Compiling regex-automata v0.4.14
   Compiling graviola v0.4.1
   Compiling core-foundation v0.10.1
   Compiling security-framework-sys v2.17.0
   Compiling cpufeatures v0.3.0
   Compiling zmij v1.0.21
   Compiling getrandom v0.4.2
   Compiling futures-task v0.3.34
   Compiling futures-util v0.3.34
   Compiling security-framework v3.7.0
   Compiling bstr v1.12.1
   Compiling rustls-graviola v0.4.0
   Compiling syn v2.0.118
   Compiling h12tiny-core v0.1.0
   Compiling async-net v2.0.0
   Compiling futures-rustls v0.26.0
   Compiling h12tiny-client-normalize v0.1.0
   Compiling webpki-roots v1.0.9
   Compiling crossbeam-epoch v0.9.18
   Compiling same-file v1.0.6
   Compiling miniserde v0.1.45
   Compiling option-ext v0.2.0
   Compiling xsh-registry v0.0.1 (/Users/josh/d/laputa-systems/xsh-typing-baseline/crates/xsh-registry)
   Compiling dirs-sys v0.5.0
   Compiling crossbeam-deque v0.8.6
   Compiling walkdir v2.5.0
   Compiling h12tiny-client v0.1.1
   Compiling globset v0.4.18
   Compiling mini-internal v0.1.45
   Compiling rustls-platform-verifier v0.7.0
   Compiling sha2 v0.11.0
   Compiling async-executor v1.14.0
   Compiling http-body-util v0.1.4
   Compiling rustls-pemfile v2.2.0
   Compiling xsh v0.0.1 (/Users/josh/d/laputa-systems/xsh-typing-baseline)
   Compiling filetime v0.2.29
   Compiling crossbeam-channel v0.5.15
   Compiling rustc-hash v2.1.3
   Compiling zlib-rs v0.6.3
   Compiling libbz2-rs-sys v0.2.5
   Compiling xsh-net v0.0.1 (/Users/josh/d/laputa-systems/xsh-typing-baseline/crates/xsh-net)
   Compiling bzip2 v0.6.1
   Compiling tar v0.4.46
   Compiling lzma-rust2 v0.16.5
   Compiling tempfile v3.27.0
   Compiling ignore v0.4.25
   Compiling directories v6.0.0
   Compiling sha1 v0.11.0
   Compiling md-5 v0.11.0
   Compiling diffy v0.5.0
   Compiling flate2 v1.1.9
   Compiling xsh-root v0.0.1 (/Users/josh/d/laputa-systems/xsh-typing-baseline/crates/xsh-root)
   Compiling rawzip v0.5.1
   Compiling data-encoding v2.11.0
   Compiling regex-lite v0.1.9
   Compiling shlex v2.0.1
   Compiling find-msvc-tools v0.1.9
   Compiling cc v1.2.66
   Compiling arrayvec v0.7.8
   Compiling libmimalloc-sys v0.1.49
   Compiling vte v0.15.0
   Compiling unicode-width v0.2.2
   Compiling vt100 v0.16.2
   Compiling laputa-ptytest v0.1.1
   Compiling mimalloc v0.1.52
   Compiling laputa-h2-futures-lite v0.4.16-beta.0
   Compiling xsht v0.0.1 (/Users/josh/d/laputa-systems/xsh-typing-baseline/crates/xsht)
    Finished `test` profile [unoptimized] target(s) in 38.21s
     Running tests/integration.rs (target/debug/build/xsh/66797801bced6191/out/integration-66797801bced6191)

running 173 tests
test sema::boolean_guard_checked_facts_preserve_refinement_and_statement_position ... ok
test sema::builtin_template_checked_facts_agree_on_full_and_compact_routes ... ok
test sema::callable_alias_module_projection_contracts_preserve_full_compact_facts ... ok
test sema::callable_alias_signatures_agree_in_full_and_compact_facts ... ok
test sema::canonical_stream_stage_facts_distinguish_equal_spans_in_modules ... ok
test sema::checker_accept_policy_requires_bounded_int_codes_on_every_plan_route ... ok
test sema::checker_accepts_any_as_public_dynamic_type ... ok
test sema::checker_accepts_documented_public_exports ... ok
test sema::checker_accepts_entry_signal_hook_with_prior_bindings ... ok
test sema::checker_accepts_error_bindings_and_preserves_error_fail_effect ... ok
test sema::checker_accepts_error_propagation_in_value_returning_proc ... ok
test sema::checker_accepts_float_literals_methods_json_and_schema_checks ... ok
test sema::checker_accepts_float_math_methods ... ok
test sema::checker_accepts_group_by_key_sort_by_for_scalar_keys ... ok
test sema::checker_accepts_half_open_slicing_types_and_rejects_bad_bounds ... ok
test sema::checker_accepts_list_comprehension_with_destructuring ... ok
test sema::checker_accepts_list_comprehensions ... ok
test sema::checker_accepts_local_field_and_map_entry_assignment ... ok
test sema::checker_accepts_match_with_all_arms_returning_in_nested_function ... ok
test sema::checker_accepts_match_with_all_returning_arms_and_no_trailing_return ... ok
test sema::checker_accepts_match_with_all_returning_arms_as_function_body ... ok
test sema::checker_accepts_narrow_function_tail_values ... ok
test sema::checker_accepts_nominal_error_construction_matching_and_facets ... ok
test sema::checker_accepts_pipeline_collect_terminal ... ok
test sema::checker_accepts_platform_signal_hook_names ... ok
test sema::checker_accepts_result_unit_proc_expression_calls ... ok
test sema::checker_accepts_retry_attempt_local_try_without_error_effect ... ok
test sema::checker_accepts_sort_by_any_typed_record_fields_from_map_get ... ok
test sema::checker_accepts_sort_by_desc_named_argument ... ok
test sema::checker_accepts_sort_by_record_keys_and_record_sort_items ... ok
test sema::checker_accepts_str_parse_float ... ok
test sema::checker_accepts_string_concatenation ... ok
test sema::checker_accepts_type_patterns_for_dynamic_values ... ok
test sema::checker_accepts_validated_dynamic_data_and_dynamic_storage ... ok
test sema::checker_allows_local_mutation_inside_pure_functions ... ok
test sema::checker_allows_nested_args_and_repeated_discard_bindings ... ok
test sema::checker_allows_plain_values_for_result_returns ... ok
test sema::checker_allows_proc_expression_splice_to_supply_multiple_arguments ... ok
test sema::checker_allows_value_returning_proc_calls_in_expression_position ... ok
test sema::checker_chains_string_concatenation ... ok
test sema::checker_cli_command_descriptors_keep_conditional_fields_and_dynamic_fallback_erased ... ok
test sema::checker_cli_command_descriptors_match_inline_const_and_spread_shapes ... ok
test sema::checker_cli_constant_descriptor_errors_keep_the_declaration_origin ... ok
test sema::checker_cli_constant_descriptors_match_inline_and_compact_facts ... ok
test sema::checker_cli_dynamic_full_descriptors_keep_the_outcome_envelope ... ok
test sema::checker_cli_prepared_descriptor_context_uses_the_refined_result ... ok
test sema::checker_deferred_block_rejects_yield_delegation ... ok
test sema::checker_deferred_block_restores_mutable_capture_types ... ok
test sema::checker_enforces_method_call_effects ... ok
test sema::checker_enforces_net_effect_for_http_module_calls ... ok
test sema::checker_enforces_stage_13_module_export_boundaries ... ok
test sema::checker_explains_unknown_methods_and_accepts_list_concatenation ... ok
test sema::checker_guarded_control_proofs_agree_on_full_and_compact_routes ... ok
test sema::checker_guarded_value_control_narrows_only_the_selected_payload ... ok
test sema::checker_guarded_value_control_retains_lexical_targets_and_effects ... ok
test sema::checker_handles_adapter_stream_stages ... ok
test sema::checker_handles_args_and_regex_modules ... ok
test sema::checker_handles_batch_stream_stage ... ok
test sema::checker_handles_bytes_module_apis ... ok
test sema::checker_handles_collection_modules ... ok
test sema::checker_handles_compact_sugar_forms ... ok
test sema::checker_handles_dynamic_module_load_and_proc_call_values ... ok
test sema::checker_handles_ergonomic_sugar_pass_forms ... ok
test sema::checker_handles_fold_accumulator_plus_item_blocks ... ok
test sema::checker_handles_foundation_builders_literals_and_context ... ok
test sema::checker_handles_hash_module_apis ... ok
test sema::checker_handles_implicit_standard_modules_and_pipe_shorthand ... ok
test sema::checker_handles_path_literals_methods_and_expr_env_blocks ... ok
test sema::checker_handles_spawn_wait_process_handles ... ok
test sema::checker_handles_standard_module_signatures_and_status_methods ... ok
test sema::checker_handles_user_stream_producers ... ok
test sema::checker_handles_while_match_aliases_schemas_and_rest_params ... ok
test sema::checker_infers_args_parse_literal_schema_records ... ok
test sema::checker_keeps_selected_nested_record_field_types ... ok
test sema::checker_list_compound_assignment_points_at_scalar_rhs ... ok
test sema::checker_list_splice_errors_cover_the_original_splice_span ... ok
test sema::checker_map_iteration_preserves_entry_types_and_error_boundaries ... ok
test sema::checker_multi_clause_comprehensions_reject_invalid_inner_domains_and_filters ... ok
test sema::checker_multi_clause_comprehensions_retain_nested_item_types ... ok
test sema::checker_narrows_optional_record_membership_result_and_tag_flows ... ok
test sema::checker_preserves_nested_record_update_schema_and_context ... ok
test sema::checker_record_proof_types_agree_on_full_and_compact_routes ... ok
test sema::checker_records_value_and_statement_bool_positions ... ok
test sema::checker_rejects_ambiguous_or_non_result_tail_values ... ok
test sema::checker_rejects_ergonomic_sugar_pass_errors ... ok
test sema::checker_rejects_field_assignment_to_let_binding ... ok
test sema::checker_rejects_foundation_contract_errors ... ok
test sema::checker_rejects_invalid_signal_hooks ... ok
test sema::checker_rejects_invalid_spawn_wait_shapes ... ok
test sema::checker_rejects_linux_names_moved_to_unix ... ok
test sema::checker_rejects_list_comprehension_non_bool_condition ... ok
test sema::checker_rejects_list_comprehension_non_list_iter ... ok
test sema::checker_rejects_mixed_numeric_float_operations ... ok
test sema::checker_rejects_nested_record_binding_contract_violations ... ok
test sema::checker_rejects_nested_record_update_contract_violations ... ok
test sema::checker_rejects_non_duration_retry_delays ... ok
test sema::checker_rejects_non_json_compatible_public_json_apis ... ok
test sema::checker_rejects_nonlocal_assignment_inside_pure_functions ... ok
test sema::checker_rejects_orphaned_and_duplicate_module_docs ... ok
test sema::checker_rejects_process_time_system_identity_calls_in_pure_functions ... ok
test sema::checker_rejects_removed_verbose_apis ... ok
test sema::checker_rejects_reveal_type_bad_argument_shapes ... ok
test sema::checker_rejects_reveal_type_outside_reveal_mode ... ok
test sema::checker_rejects_signal_hooks_in_modules_and_interactive_input ... ok
test sema::checker_rejects_stage_11_and_12_errors ... ok
test sema::checker_rejects_stage_5_acceptance_cases ... ok
test sema::checker_rejects_stage_7_fs_path_contract_errors ... ok
test sema::checker_rejects_stage_8_table_and_sort_contract_errors ... ok
test sema::checker_rejects_standard_module_aliases ... ok
test sema::checker_rejects_standard_module_shadowing ... ok
test sema::checker_rejects_string_concatenation_with_bool ... ok
test sema::checker_rejects_string_concatenation_with_int ... ok
test sema::checker_rejects_type_patterns_for_concrete_values ... ok
test sema::checker_rejects_undefined_utility_names_as_proc_commands ... ok
test sema::checker_reports_empty_process_argv ... ok
test sema::checker_reports_missing_known_record_fields_and_removed_record_contracts ... ok
test sema::checker_reports_nominal_error_migration_and_payload_errors ... ok
test sema::checker_reports_opaque_status_record_literals ... ok
test sema::checker_reports_shadowing_as_the_cause_of_module_like_method_calls ... ok
test sema::checker_reports_unvalidated_dynamic_flows ... ok
test sema::checker_requires_alias_for_hyphenated_module_name ... ok
test sema::checker_requires_explicit_contract_for_unrestricted_public_callee ... ok
test sema::checker_requires_retained_docs_for_public_exports ... ok
test sema::checker_requires_time_effect_for_retry_delays ... ok
test sema::checker_resolves_tail_bare_identifier_candidates ... ok
test sema::checker_retains_annotation_facts_and_reveal_notes ... ok
test sema::checker_still_rejects_non_exhaustive_returning_match_without_catchall ... ok
test sema::checker_treats_old_schema_helper_name_as_unresolved_call ... ok
test sema::checker_try_capture_infers_nominal_error_and_keeps_result_tail_data ... ok
test sema::checker_try_capture_merges_variants_within_their_nominal_family ... ok
test sema::checker_try_capture_rejects_underconstrained_success_and_outer_effects ... ok
test sema::checker_types_owned_net_jobs_and_requires_net_effects ... ok
test sema::checker_types_require_schema_checks ... ok
test sema::compact_count_and_json_adapter_facts_match_checked_pipeline_outputs ... ok
test sema::compact_stream_stage_result_matrix_matches_canonical_checked_facts ... ok
test sema::computed_map_literals_locate_key_errors_without_weakening_values ... ok
test sema::constant_key_projection_full_and_compact_facts_preserve_field_types ... ok
test sema::constant_key_projection_guarded_access_keeps_optional_result_layers ... ok
test sema::constant_key_projection_keeps_module_get_exports_and_callable_metadata ... ok
test sema::default_parameter_contract_headers_keep_checked_omitted_literal_types ... ok
test sema::default_parameter_inference_needs_own_default_anchor_and_never_body_or_callers ... ok
test sema::default_parameter_types_are_checked_declaration_facts_shared_with_compact ... ok
test sema::duration_arithmetic_compact_and_full_checked_types_agree ... ok
test sema::dynamic_boundary_record_facts_agree_across_checked_representations ... ok
test sema::error_fallback_checked_facts_keep_nominal_error_and_value_tail ... ok
test sema::fold_complete_accumulator_contracts_match_full_and_compact_facts ... ok
test sema::guarded_postfix_preserves_outer_result_effect_checks ... ok
test sema::guarded_postfix_rejects_guessed_wrappers_and_unguarded_nullable_hops ... ok
test sema::ignored_result_diagnostic_has_source_span ... ok
test sema::inferred_require_full_and_compact_targets_preserve_schema_identity ... ok
test sema::parametric_record_separate_module_arenas_keep_private_schema_dependencies ... ok
test sema::private_proc_effects_module_helpers_use_declaring_module_identity ... ok
test sema::private_proc_effects_preserve_unknown_and_declaration_boundaries ... ok
test sema::private_proc_effects_publish_matching_full_and_compact_facts ... ok
test sema::private_pure_inference_destructured_capture ... ok
test sema::private_pure_inference_imported_module_predeclares_tag_variants ... ok
test sema::private_pure_inference_pattern_captures_do_not_create_recursive_dependencies ... ok
test sema::private_pure_inference_preserves_prefix_capture_visibility ... ok
test sema::private_pure_inference_publishes_exact_returns_and_annotations ... ok
test sema::private_pure_inference_requires_annotations_for_recursive_and_contextual_returns ... ok
test sema::removed_record_require_identity_fix_uses_plain_values_and_exact_named_schema ... ok
test sema::removed_record_require_refuses_unproved_or_different_contracts ... ok
test sema::retry_family_selectors_keep_builtin_and_user_error_identity ... ok
test sema::signature_cli_checks_body_without_registering_a_callable ... ok
test sema::signature_cli_compact_metadata_keeps_typed_frames_without_callable_entries ... ok
test sema::signature_cli_inferred_defaults_reuse_checked_parameter_facts ... ok
test sema::signature_cli_rejects_imported_entries_and_unprepared_defaults ... ok
test sema::stream_callback_result_contracts_publish_matching_full_and_compact_types ... ok
test sema::typed_cause_flattened_handler_guidance_has_no_automatic_fix ... ok
test sema::typed_cause_full_and_compact_inference_retains_only_outer_error ... ok
test sema::value_pipeline_holes_preserve_record_presence_refinement ... ok
test sema::value_pipeline_holes_publish_the_checked_input_and_ordinary_call_types ... ok
test sema::yield_delegation_keeps_checked_stream_sources_in_full_and_compact_facts ... ok

test result: ok. 173 passed; 0 failed; 0 ignored; 0 measured; 642 filtered out; finished in 0.34s

