    Blocking waiting for file lock on package cache
    Blocking waiting for file lock on package cache
    Blocking waiting for file lock on package cache
    Blocking waiting for file lock on build directory
    Finished `test` profile [unoptimized] target(s) in 0.23s
     Running tests/integration.rs (target/debug/build/xsh/66797801bced6191/out/integration-66797801bced6191)

running 1 test
test runtime::interactive::parity::extended::layout_dump_ctrl_p_leaves_the_screen_alone ... FAILED

failures:

---- runtime::interactive::parity::extended::layout_dump_ctrl_p_leaves_the_screen_alone stdout ----

thread 'runtime::interactive::parity::extended::layout_dump_ctrl_p_leaves_the_screen_alone' (3560777) panicked at tests/runtime/interactive/parity.rs:1348:5:
layout_dump_ctrl_p_leaves_the_screen_alone: xshi differs from the ish golden
first difference at line 72 in == effect dumps
  expected: Some("|completion.names: \"abaa\"")
  actual:   Some("|completion.names: \"aaab\"")
--- expected
|completion.base_line.cursor_byte: 5
|completion.selected: 18446744073709551615
|completion.cols: 2
|completion.rows: 1
|completion.scroll: 0
|completion.term_cols: 80
|completion.dir_prefix: ""
|completion.in_quote: false
|completion.names: "abaa"
|completion.entries: [CompletionEntry { mtime: 1700000000, name_start: 2, name_len: 2, name_display_width: 2, flags: 0 }, CompletionEntry { mtime: 1700000000, name_start: 0, name_len: 2, name_display_width: 2, flags: 0 }]
|completion_grid_layout: CompletionGridLayout { visible_rows: 1, scroll_start: 0, col_widths: [2, 2, 0, 0, 0, 0] }
|history_cache.header: None
|history_cache.rows: []
|--- next dump ---
|ish layout dump
|version: <VERSION>
--- actual
|completion.base_line.cursor_byte: 5
|completion.selected: 18446744073709551615
|completion.cols: 2
|completion.rows: 1
|completion.scroll: 0
|completion.term_cols: 80
|completion.dir_prefix: ""
|completion.in_quote: false
|completion.names: "aaab"
|completion.entries: [CompletionEntry { mtime: 1700000000, name_start: 0, name_len: 2, name_display_width: 2, flags: 0 }, CompletionEntry { mtime: 1700000000, name_start: 2, name_len: 2, name_display_width: 2, flags: 0 }]
|completion_grid_layout: CompletionGridLayout { visible_rows: 1, scroll_start: 0, col_widths: [2, 2, 0, 0, 0, 0] }
|history_cache.header: None
|history_cache.rows: []
|--- next dump ---
|ish layout dump
|version: <VERSION>
---

note: run with `RUST_BACKTRACE=1` environment variable to display a backtrace


failures:
    runtime::interactive::parity::extended::layout_dump_ctrl_p_leaves_the_screen_alone

test result: FAILED. 0 passed; 1 failed; 0 ignored; 0 measured; 814 filtered out; finished in 1.43s

error: test failed, to rerun pass `-p xsh --test integration`
