   Compiling xsh v0.0.1 (/Users/josh/d/laputa-systems/xsh-typing-campaign-v2)
warning: unused imports: `SolvedConstructorArgument` and `SolvedConstructorParameter`
  --> src/sema/check.rs:30:139
   |
30 | ...dConstructorApplication, SolvedConstructorArgument, SolvedConstructorDefault, SolvedConstructorParameter};
   |                             ^^^^^^^^^^^^^^^^^^^^^^^^^                            ^^^^^^^^^^^^^^^^^^^^^^^^^^
   |
   = note: `#[warn(unused_imports)]` (part of `#[warn(unused)]`) on by default

warning: unused import: `StmtId`
 --> src/sema/check/local_inference.rs:2:129
  |
2 | use crate::syntax::arena::{ArenaBindingTargetKind, ArenaExprKind, ArenaExprOrRun, ArenaProgram, ArenaStmtKind, BindingTargetId, StmtId};
  |                                                                                                                                 ^^^^^^

warning: unused import: `ModuleProjectionKind`
  --> src/sema/check.rs:82:29
   |
82 | pub use module_projection::{ModuleProjectionKind, SolvedModuleProjection};
   |                             ^^^^^^^^^^^^^^^^^^^^

warning: unused import: `ProducerFlowNode`
  --> src/sema/check.rs:88:157
   |
88 | ...lowOperationAlternative, ProducerFlowOperationTransfer, ProducerFlowNode, ProducerFlowSource};
   |                                                            ^^^^^^^^^^^^^^^^

error[E0004]: non-exhaustive patterns: `&ProducerFlowKind::OptionalLift { .. }` not covered
    --> src/frontend/query.rs:1214:32
     |
1214 |             let inputs = match &node.kind {
     |                                ^^^^^^^^^^ pattern `&ProducerFlowKind::OptionalLift { .. }` not covered
     |
note: `ProducerFlowKind` defined here
    --> src/sema/check/producer.rs:50:10
     |
  50 | pub enum ProducerFlowKind {
     |          ^^^^^^^^^^^^^^^^
...
  61 |     OptionalLift { input: ProducerFlowId },
     |     ------------ not covered
     = note: the matched value is of type `&ProducerFlowKind`
help: ensure that all possible cases are being handled by adding a match arm with a wildcard pattern or an explicit pattern as shown
     |
1236 ~                 ProducerFlowKind::Empty | ProducerFlowKind::Opaque | ProducerFlowKind::Known(_) | ProducerFlowKind::Parameter { .. } | ProducerFlowKind::Callable { .. } | ProducerFlowKind::NativeCallable { .. } => Vec::new(),
1237 ~                 &ProducerFlowKind::OptionalLift { .. } => todo!(),
     |

error[E0004]: non-exhaustive patterns: `&ProducerFlowKind::OptionalLift { .. }` not covered
    --> src/frontend/query.rs:1288:30
     |
1288 |             let kind = match &node.kind {
     |                              ^^^^^^^^^^ pattern `&ProducerFlowKind::OptionalLift { .. }` not covered
     |
note: `ProducerFlowKind` defined here
    --> src/sema/check/producer.rs:50:10
     |
  50 | pub enum ProducerFlowKind {
     |          ^^^^^^^^^^^^^^^^
...
  61 |     OptionalLift { input: ProducerFlowId },
     |     ------------ not covered
     = note: the matched value is of type `&ProducerFlowKind`
help: ensure that all possible cases are being handled by adding a match arm with a wildcard pattern or an explicit pattern as shown
     |
1345 ~                 },
1346 +                 &ProducerFlowKind::OptionalLift { .. } => todo!()
     |

warning: variable does not need to be mutable
   --> src/sema/check/infer_effects.rs:175:21
    |
175 |                 let mut chain = vec![name.to_string()];
    |                     ----^^^^^
    |                     |
    |                     help: remove this `mut`
    |
    = note: `#[warn(unused_mut)]` (part of `#[warn(unused)]`) on by default

warning: unused variable: `name`
   --> src/sema/check/infer_effects.rs:183:84
    |
183 |     pub(super) fn record_effect_contract(&mut self, effects: &Option<Vec<Effect>>, name: &str) {
    |                                                                                    ^^^^ help: if this is intentional, prefix it with an underscore: `_name`
    |
    = note: `#[warn(unused_variables)]` (part of `#[warn(unused)]`) on by default

For more information about this error, try `rustc --explain E0004`.
warning: `xsh` (lib) generated 6 warnings
error: could not compile `xsh` (lib) due to 2 previous errors; 6 warnings emitted
