SOURCE=/tmp/xsh-c-callable-audit/alias-call-method-invalid.xsh
DIAGNOSTICS=[Diagnostic { severity: Error, code: Some("check.type-mismatch"), message: "expected Int, found Bool", span: None, labels: [Label { style: Primary, span: Span { source_id: SourceId(0), start: 145, len: 17 }, message: Some("expected Int, found Bool") }], notes: [], fix_hints: [] }, Diagnostic { severity: Error, code: Some("check.unsolved-relationship"), message: "an earlier type error prevents establishing this relationship", span: None, labels: [Label { style: Primary, span: Span { source_id: SourceId(0), start: 0, len: 0 }, message: Some("an earlier type error prevents establishing this relationship") }], notes: [], fix_hints: [] }]
VALIDATE=Ok(())
SOURCE=/tmp/xsh-c-callable-audit/authored-effect-union-invalid.xsh
DIAGNOSTICS=[Diagnostic { severity: Error, code: Some("check.effect-violation"), message: "callable `Proc.call` has an unknown or unrestricted effect contract; use a named callable with checked effects or establish an explicit checked contract at its declaration", span: None, labels: [Label { style: Primary, span: Span { source_id: SourceId(0), start: 244, len: 16 }, message: Some("callable `Proc.call` has an unknown or unrestricted effect contract; use a named callable with checked effects or establish an explicit checked contract at its declaration") }], notes: [], fix_hints: [] }, Diagnostic { severity: Error, code: Some("check.effect-violation"), message: "callable body exceeds its declared effect boundary", span: None, labels: [Label { style: Primary, span: Span { source_id: SourceId(0), start: 205, len: 60 }, message: Some("callable body exceeds its declared effect boundary") }], notes: [], fix_hints: [] }]
VALIDATE=Ok(())
DECLARATION=clock Ok(NormalizedCallable { scheme: NormalizedScheme { ty: NormalizedType { shape: Arrow(NormalizedArrow { kind: Proc, parameters: [NormalizedParameter { label: "value", ty: Atom("Int"), defaulted: false, rest: false }], result: Atom("Int"), effects: Closed(["time"]) }), annotation: None }, quantifiers: [], effect_quantifiers: [], effect_inclusions: [], requirements: [] }, effective_effects: Closed(["time"]), required_effects: Some(Closed([])), return_elaboration: Some(Value) })
DECLARATION=setting Ok(NormalizedCallable { scheme: NormalizedScheme { ty: NormalizedType { shape: Arrow(NormalizedArrow { kind: Proc, parameters: [NormalizedParameter { label: "value", ty: Atom("Int"), defaulted: false, rest: false }], result: Atom("Int"), effects: Closed(["env"]) }), annotation: None }, quantifiers: [], effect_quantifiers: [], effect_inclusions: [], requirements: [] }, effective_effects: Closed(["env"]), required_effects: Some(Closed([])), return_elaboration: Some(Value) })
DECLARATION=pick Ok(NormalizedCallable { scheme: NormalizedScheme { ty: NormalizedType { shape: Arrow(NormalizedArrow { kind: Pure, parameters: [NormalizedParameter { label: "select", ty: Atom("Bool"), defaulted: false, rest: false }], result: Atom("Proc"), effects: Closed([]) }), annotation: None }, quantifiers: [], effect_quantifiers: [], effect_inclusions: [], requirements: [] }, effective_effects: Closed([]), required_effects: Some(Closed([])), return_elaboration: Some(Value) })
DECLARATION=inspect Ok(NormalizedCallable { scheme: NormalizedScheme { ty: NormalizedType { shape: Arrow(NormalizedArrow { kind: Proc, parameters: [NormalizedParameter { label: "select", ty: Atom("Bool"), defaulted: false, rest: false }], result: Atom("Int"), effects: Closed(["time"]) }), annotation: None }, quantifiers: [], effect_quantifiers: [], effect_inclusions: [], requirements: [] }, effective_effects: Closed(["time"]), required_effects: Some(Unknown), return_elaboration: Some(Value) })
BINDING=Name(Name(Symbol(894))) scheme=false Ok(NormalizedBinding { scheme: NormalizedScheme { ty: NormalizedType { shape: Atom("Proc"), annotation: Some("Proc") }, quantifiers: [], effect_quantifiers: [], effect_inclusions: [], requirements: [] }, mutable: false })
BINDING=Name(Name(Symbol(890))) scheme=false Ok(NormalizedBinding { scheme: NormalizedScheme { ty: NormalizedType { shape: Result(Atom("Any"), Atom("Error")), annotation: None }, quantifiers: [], effect_quantifiers: [], effect_inclusions: [], requirements: [] }, mutable: false })
CALL=Call { callee: ExprId(4), args: ArenaRange { start: 0, len: 1 } } declaration=Some(DeclarationIdentity { source: SourceId(0), namespace: None, declaration: FunctionDefId(3) }) Ok(NormalizedType { shape: Atom("Proc"), annotation: Some("Proc") })
SOURCE=/tmp/xsh-c-callable-audit/authored-effect-union-selection-only.xsh
DIAGNOSTICS=[]
VALIDATE=Ok(())
DECLARATION=clock Ok(NormalizedCallable { scheme: NormalizedScheme { ty: NormalizedType { shape: Arrow(NormalizedArrow { kind: Proc, parameters: [NormalizedParameter { label: "value", ty: Atom("Int"), defaulted: false, rest: false }], result: Atom("Int"), effects: Closed(["time"]) }), annotation: None }, quantifiers: [], effect_quantifiers: [], effect_inclusions: [], requirements: [] }, effective_effects: Closed(["time"]), required_effects: Some(Closed([])), return_elaboration: Some(Value) })
DECLARATION=setting Ok(NormalizedCallable { scheme: NormalizedScheme { ty: NormalizedType { shape: Arrow(NormalizedArrow { kind: Proc, parameters: [NormalizedParameter { label: "value", ty: Atom("Int"), defaulted: false, rest: false }], result: Atom("Int"), effects: Closed(["env"]) }), annotation: None }, quantifiers: [], effect_quantifiers: [], effect_inclusions: [], requirements: [] }, effective_effects: Closed(["env"]), required_effects: Some(Closed([])), return_elaboration: Some(Value) })
DECLARATION=pick Ok(NormalizedCallable { scheme: NormalizedScheme { ty: NormalizedType { shape: Arrow(NormalizedArrow { kind: Pure, parameters: [NormalizedParameter { label: "select", ty: Atom("Bool"), defaulted: false, rest: false }], result: Atom("Proc"), effects: Closed([]) }), annotation: None }, quantifiers: [], effect_quantifiers: [], effect_inclusions: [], requirements: [] }, effective_effects: Closed([]), required_effects: Some(Closed([])), return_elaboration: Some(Value) })
DECLARATION=inspect Ok(NormalizedCallable { scheme: NormalizedScheme { ty: NormalizedType { shape: Arrow(NormalizedArrow { kind: Proc, parameters: [NormalizedParameter { label: "select", ty: Atom("Bool"), defaulted: false, rest: false }], result: Atom("Int"), effects: Closed([]) }), annotation: None }, quantifiers: [], effect_quantifiers: [], effect_inclusions: [], requirements: [] }, effective_effects: Closed([]), required_effects: Some(Closed([])), return_elaboration: Some(Value) })
BINDING=Name(Name(Symbol(890))) scheme=false Ok(NormalizedBinding { scheme: NormalizedScheme { ty: NormalizedType { shape: Atom("Proc"), annotation: Some("Proc") }, quantifiers: [], effect_quantifiers: [], effect_inclusions: [], requirements: [] }, mutable: false })
BINDING=Name(Name(Symbol(894))) scheme=false Ok(NormalizedBinding { scheme: NormalizedScheme { ty: NormalizedType { shape: Record { fields: [NormalizedField { label: "callback", ty: Atom("Proc"), optional: false }], tail: None }, annotation: None }, quantifiers: [], effect_quantifiers: [], effect_inclusions: [], requirements: [] }, mutable: false })
CALL=Call { callee: ExprId(4), args: ArenaRange { start: 0, len: 1 } } declaration=Some(DeclarationIdentity { source: SourceId(0), namespace: None, declaration: FunctionDefId(3) }) Ok(NormalizedType { shape: Atom("Proc"), annotation: Some("Proc") })
SOURCE=/tmp/xsh-c-callable-audit/authored-effect-union-valid.xsh
DIAGNOSTICS=[Diagnostic { severity: Error, code: Some("check.effect-violation"), message: "callable `Proc.call` has an unknown or unrestricted effect contract; use a named callable with checked effects or establish an explicit checked contract at its declaration", span: None, labels: [Label { style: Primary, span: Span { source_id: SourceId(0), start: 249, len: 16 }, message: Some("callable `Proc.call` has an unknown or unrestricted effect contract; use a named callable with checked effects or establish an explicit checked contract at its declaration") }], notes: [], fix_hints: [] }, Diagnostic { severity: Error, code: Some("check.effect-violation"), message: "callable body exceeds its declared effect boundary", span: None, labels: [Label { style: Primary, span: Span { source_id: SourceId(0), start: 210, len: 60 }, message: Some("callable body exceeds its declared effect boundary") }], notes: [], fix_hints: [] }]
VALIDATE=Ok(())
DECLARATION=clock Ok(NormalizedCallable { scheme: NormalizedScheme { ty: NormalizedType { shape: Arrow(NormalizedArrow { kind: Proc, parameters: [NormalizedParameter { label: "value", ty: Atom("Int"), defaulted: false, rest: false }], result: Atom("Int"), effects: Closed(["time"]) }), annotation: None }, quantifiers: [], effect_quantifiers: [], effect_inclusions: [], requirements: [] }, effective_effects: Closed(["time"]), required_effects: Some(Closed([])), return_elaboration: Some(Value) })
DECLARATION=setting Ok(NormalizedCallable { scheme: NormalizedScheme { ty: NormalizedType { shape: Arrow(NormalizedArrow { kind: Proc, parameters: [NormalizedParameter { label: "value", ty: Atom("Int"), defaulted: false, rest: false }], result: Atom("Int"), effects: Closed(["env"]) }), annotation: None }, quantifiers: [], effect_quantifiers: [], effect_inclusions: [], requirements: [] }, effective_effects: Closed(["env"]), required_effects: Some(Closed([])), return_elaboration: Some(Value) })
DECLARATION=pick Ok(NormalizedCallable { scheme: NormalizedScheme { ty: NormalizedType { shape: Arrow(NormalizedArrow { kind: Pure, parameters: [NormalizedParameter { label: "select", ty: Atom("Bool"), defaulted: false, rest: false }], result: Atom("Proc"), effects: Closed([]) }), annotation: None }, quantifiers: [], effect_quantifiers: [], effect_inclusions: [], requirements: [] }, effective_effects: Closed([]), required_effects: Some(Closed([])), return_elaboration: Some(Value) })
DECLARATION=inspect Ok(NormalizedCallable { scheme: NormalizedScheme { ty: NormalizedType { shape: Arrow(NormalizedArrow { kind: Proc, parameters: [NormalizedParameter { label: "select", ty: Atom("Bool"), defaulted: false, rest: false }], result: Atom("Int"), effects: Closed(["env", "time"]) }), annotation: None }, quantifiers: [], effect_quantifiers: [], effect_inclusions: [], requirements: [] }, effective_effects: Closed(["env", "time"]), required_effects: Some(Unknown), return_elaboration: Some(Value) })
BINDING=Name(Name(Symbol(894))) scheme=false Ok(NormalizedBinding { scheme: NormalizedScheme { ty: NormalizedType { shape: Atom("Proc"), annotation: Some("Proc") }, quantifiers: [], effect_quantifiers: [], effect_inclusions: [], requirements: [] }, mutable: false })
BINDING=Name(Name(Symbol(890))) scheme=false Ok(NormalizedBinding { scheme: NormalizedScheme { ty: NormalizedType { shape: Result(Atom("Any"), Atom("Error")), annotation: None }, quantifiers: [], effect_quantifiers: [], effect_inclusions: [], requirements: [] }, mutable: false })
CALL=Call { callee: ExprId(4), args: ArenaRange { start: 0, len: 1 } } declaration=Some(DeclarationIdentity { source: SourceId(0), namespace: None, declaration: FunctionDefId(3) }) Ok(NormalizedType { shape: Atom("Proc"), annotation: Some("Proc") })
SOURCE=/tmp/xsh-c-callable-audit/captured-erased-callable-control.xsh
DIAGNOSTICS=[]
VALIDATE=Ok(())
DECLARATION=identity Ok(NormalizedCallable { scheme: NormalizedScheme { ty: NormalizedType { shape: Arrow(NormalizedArrow { kind: Pure, parameters: [NormalizedParameter { label: "value", ty: Binder { index: 0, kind: Type }, defaulted: false, rest: false }], result: Binder { index: 0, kind: Type }, effects: Closed([]) }), annotation: None }, quantifiers: [NormalizedQuantifier { kind: Type, lacks: [] }], effect_quantifiers: [], effect_inclusions: [], requirements: [] }, effective_effects: Closed([]), required_effects: Some(Closed([])), return_elaboration: Some(Value) })
DECLARATION=apply Ok(NormalizedCallable { scheme: NormalizedScheme { ty: NormalizedType { shape: Arrow(NormalizedArrow { kind: Pure, parameters: [NormalizedParameter { label: "value", ty: Binder { index: 0, kind: Type }, defaulted: false, rest: false }], result: Atom("Any"), effects: Closed([]) }), annotation: None }, quantifiers: [NormalizedQuantifier { kind: Type, lacks: [] }], effect_quantifiers: [], effect_inclusions: [], requirements: [] }, effective_effects: Closed([]), required_effects: Some(Closed([])), return_elaboration: Some(Value) })
BINDING=Name(Name(Symbol(236))) scheme=false Ok(NormalizedBinding { scheme: NormalizedScheme { ty: NormalizedType { shape: Atom("Pure"), annotation: Some("Pure") }, quantifiers: [], effect_quantifiers: [], effect_inclusions: [], requirements: [] }, mutable: true })
BINDING=Name(Name(Symbol(893))) scheme=false Ok(NormalizedBinding { scheme: NormalizedScheme { ty: NormalizedType { shape: Atom("Any"), annotation: None }, quantifiers: [], effect_quantifiers: [], effect_inclusions: [], requirements: [] }, mutable: false })
BINDING=Name(Name(Symbol(798))) scheme=false Ok(NormalizedBinding { scheme: NormalizedScheme { ty: NormalizedType { shape: Atom("Any"), annotation: None }, quantifiers: [], effect_quantifiers: [], effect_inclusions: [], requirements: [] }, mutable: false })
CALL=Call { callee: ExprId(6), args: ArenaRange { start: 1, len: 1 } } declaration=Some(DeclarationIdentity { source: SourceId(0), namespace: None, declaration: FunctionDefId(2) }) Ok(NormalizedType { shape: Atom("Any"), annotation: None })
CALL=Call { callee: ExprId(9), args: ArenaRange { start: 2, len: 1 } } declaration=Some(DeclarationIdentity { source: SourceId(0), namespace: None, declaration: FunctionDefId(2) }) Ok(NormalizedType { shape: Atom("Any"), annotation: None })
SOURCE=/tmp/xsh-c-callable-audit/captured-mutable-callable-invalid.xsh
DIAGNOSTICS=[]
VALIDATE=Ok(())
DECLARATION=identity Ok(NormalizedCallable { scheme: NormalizedScheme { ty: NormalizedType { shape: Arrow(NormalizedArrow { kind: Pure, parameters: [NormalizedParameter { label: "value", ty: Binder { index: 0, kind: Type }, defaulted: false, rest: false }], result: Binder { index: 0, kind: Type }, effects: Closed([]) }), annotation: None }, quantifiers: [NormalizedQuantifier { kind: Type, lacks: [] }], effect_quantifiers: [], effect_inclusions: [], requirements: [] }, effective_effects: Closed([]), required_effects: Some(Closed([])), return_elaboration: Some(Value) })
DECLARATION=apply Ok(NormalizedCallable { scheme: NormalizedScheme { ty: NormalizedType { shape: Arrow(NormalizedArrow { kind: Pure, parameters: [NormalizedParameter { label: "value", ty: Binder { index: 0, kind: Type }, defaulted: false, rest: false }], result: Atom("Any"), effects: Closed([]) }), annotation: None }, quantifiers: [NormalizedQuantifier { kind: Type, lacks: [] }], effect_quantifiers: [], effect_inclusions: [], requirements: [] }, effective_effects: Closed([]), required_effects: Some(Closed([])), return_elaboration: Some(Value) })
BINDING=Name(Name(Symbol(236))) scheme=false Ok(NormalizedBinding { scheme: NormalizedScheme { ty: NormalizedType { shape: Atom("Pure"), annotation: Some("Pure") }, quantifiers: [], effect_quantifiers: [], effect_inclusions: [], requirements: [] }, mutable: true })
BINDING=Name(Name(Symbol(893))) scheme=false Ok(NormalizedBinding { scheme: NormalizedScheme { ty: NormalizedType { shape: Atom("Any"), annotation: None }, quantifiers: [], effect_quantifiers: [], effect_inclusions: [], requirements: [] }, mutable: false })
BINDING=Name(Name(Symbol(798))) scheme=false Ok(NormalizedBinding { scheme: NormalizedScheme { ty: NormalizedType { shape: Atom("Any"), annotation: None }, quantifiers: [], effect_quantifiers: [], effect_inclusions: [], requirements: [] }, mutable: false })
CALL=Call { callee: ExprId(6), args: ArenaRange { start: 1, len: 1 } } declaration=Some(DeclarationIdentity { source: SourceId(0), namespace: None, declaration: FunctionDefId(2) }) Ok(NormalizedType { shape: Atom("Any"), annotation: None })
CALL=Call { callee: ExprId(9), args: ArenaRange { start: 2, len: 1 } } declaration=Some(DeclarationIdentity { source: SourceId(0), namespace: None, declaration: FunctionDefId(2) }) Ok(NormalizedType { shape: Atom("Any"), annotation: None })
SOURCE=/tmp/xsh-c-callable-audit/computed-call-method-invalid.xsh
DIAGNOSTICS=[]
VALIDATE=Ok(())
DECLARATION=first Ok(NormalizedCallable { scheme: NormalizedScheme { ty: NormalizedType { shape: Arrow(NormalizedArrow { kind: Pure, parameters: [NormalizedParameter { label: "value", ty: Atom("Int"), defaulted: false, rest: false }], result: Atom("Int"), effects: Closed([]) }), annotation: None }, quantifiers: [], effect_quantifiers: [], effect_inclusions: [], requirements: [] }, effective_effects: Closed([]), required_effects: Some(Closed([])), return_elaboration: Some(Value) })
DECLARATION=second Ok(NormalizedCallable { scheme: NormalizedScheme { ty: NormalizedType { shape: Arrow(NormalizedArrow { kind: Pure, parameters: [NormalizedParameter { label: "value", ty: Atom("Int"), defaulted: false, rest: false }], result: Atom("Int"), effects: Closed([]) }), annotation: None }, quantifiers: [], effect_quantifiers: [], effect_inclusions: [], requirements: [] }, effective_effects: Closed([]), required_effects: Some(Closed([])), return_elaboration: Some(Value) })
DECLARATION=inspect Ok(NormalizedCallable { scheme: NormalizedScheme { ty: NormalizedType { shape: Arrow(NormalizedArrow { kind: Pure, parameters: [NormalizedParameter { label: "select", ty: Atom("Bool"), defaulted: false, rest: false }], result: Atom("Int"), effects: Closed([]) }), annotation: None }, quantifiers: [], effect_quantifiers: [], effect_inclusions: [], requirements: [] }, effective_effects: Closed([]), required_effects: Some(Closed([])), return_elaboration: Some(Value) })
BINDING=Name(Name(Symbol(897))) scheme=false Ok(NormalizedBinding { scheme: NormalizedScheme { ty: NormalizedType { shape: Atom("Pure"), annotation: Some("Pure") }, quantifiers: [], effect_quantifiers: [], effect_inclusions: [], requirements: [] }, mutable: false })
BINDING=Name(Name(Symbol(890))) scheme=false Ok(NormalizedBinding { scheme: NormalizedScheme { ty: NormalizedType { shape: Atom("Any"), annotation: None }, quantifiers: [], effect_quantifiers: [], effect_inclusions: [], requirements: [] }, mutable: false })
SOURCE=/tmp/xsh-c-callable-audit/computed-call-method-valid.xsh
DIAGNOSTICS=[]
VALIDATE=Ok(())
DECLARATION=first Ok(NormalizedCallable { scheme: NormalizedScheme { ty: NormalizedType { shape: Arrow(NormalizedArrow { kind: Pure, parameters: [NormalizedParameter { label: "value", ty: Atom("Int"), defaulted: false, rest: false }], result: Atom("Int"), effects: Closed([]) }), annotation: None }, quantifiers: [], effect_quantifiers: [], effect_inclusions: [], requirements: [] }, effective_effects: Closed([]), required_effects: Some(Closed([])), return_elaboration: Some(Value) })
DECLARATION=second Ok(NormalizedCallable { scheme: NormalizedScheme { ty: NormalizedType { shape: Arrow(NormalizedArrow { kind: Pure, parameters: [NormalizedParameter { label: "value", ty: Atom("Int"), defaulted: false, rest: false }], result: Atom("Int"), effects: Closed([]) }), annotation: None }, quantifiers: [], effect_quantifiers: [], effect_inclusions: [], requirements: [] }, effective_effects: Closed([]), required_effects: Some(Closed([])), return_elaboration: Some(Value) })
DECLARATION=inspect Ok(NormalizedCallable { scheme: NormalizedScheme { ty: NormalizedType { shape: Arrow(NormalizedArrow { kind: Pure, parameters: [NormalizedParameter { label: "select", ty: Atom("Bool"), defaulted: false, rest: false }], result: Atom("Int"), effects: Closed([]) }), annotation: None }, quantifiers: [], effect_quantifiers: [], effect_inclusions: [], requirements: [] }, effective_effects: Closed([]), required_effects: Some(Closed([])), return_elaboration: Some(Value) })
BINDING=Name(Name(Symbol(893))) scheme=false Ok(NormalizedBinding { scheme: NormalizedScheme { ty: NormalizedType { shape: Atom("Pure"), annotation: Some("Pure") }, quantifiers: [], effect_quantifiers: [], effect_inclusions: [], requirements: [] }, mutable: false })
BINDING=Name(Name(Symbol(897))) scheme=false Ok(NormalizedBinding { scheme: NormalizedScheme { ty: NormalizedType { shape: Atom("Any"), annotation: None }, quantifiers: [], effect_quantifiers: [], effect_inclusions: [], requirements: [] }, mutable: false })
SOURCE=/tmp/xsh-c-callable-audit/computed-effects-aggregate-invalid.xsh
DIAGNOSTICS=[Diagnostic { severity: Error, code: Some("check.call-target"), message: "unsupported call target", span: None, labels: [Label { style: Primary, span: Span { source_id: SourceId(0), start: 308, len: 22 }, message: Some("unsupported call target") }], notes: [], fix_hints: [] }, Diagnostic { severity: Error, code: Some("check.effect-violation"), message: "callable body exceeds its declared effect boundary", span: None, labels: [Label { style: Primary, span: Span { source_id: SourceId(0), start: 185, len: 147 }, message: Some("callable body exceeds its declared effect boundary") }], notes: [], fix_hints: [] }, Diagnostic { severity: Error, code: Some("check.unsolved-relationship"), message: "an earlier type error prevents establishing this relationship", span: None, labels: [Label { style: Primary, span: Span { source_id: SourceId(0), start: 0, len: 0 }, message: Some("an earlier type error prevents establishing this relationship") }], notes: [], fix_hints: [] }]
VALIDATE=Ok(())
SOURCE=/tmp/xsh-c-callable-audit/computed-effects-aggregate-selection-only.xsh
DIAGNOSTICS=[]
VALIDATE=Ok(())
DECLARATION=clock Ok(NormalizedCallable { scheme: NormalizedScheme { ty: NormalizedType { shape: Arrow(NormalizedArrow { kind: Proc, parameters: [NormalizedParameter { label: "value", ty: Atom("Int"), defaulted: false, rest: false }], result: Atom("Int"), effects: Closed(["time"]) }), annotation: None }, quantifiers: [], effect_quantifiers: [], effect_inclusions: [], requirements: [Operation { candidates: ["registry:{\"argument_check\":\"Standard\",\"binding\":\"Native\",\"command\":false,\"effect\":\"time\",\"entry\":\"now\",\"operation\":\"TimeNow\",\"owner\":\"module.time\",\"parameters\":[],\"pure\":false,\"receiver\":null,\"result\":{\"head\":\"Int\"},\"semantic_rule\":\"Standard\"}"], receiver: None, arguments: [], result: Atom("Int"), effects: Closed(["time"]) }] }, effective_effects: Closed(["time"]), required_effects: Some(Closed(["time"])), return_elaboration: Some(Value) })
DECLARATION=setting Ok(NormalizedCallable { scheme: NormalizedScheme { ty: NormalizedType { shape: Arrow(NormalizedArrow { kind: Proc, parameters: [NormalizedParameter { label: "value", ty: Atom("Int"), defaulted: false, rest: false }], result: Atom("Int"), effects: Closed(["env"]) }), annotation: None }, quantifiers: [], effect_quantifiers: [], effect_inclusions: [], requirements: [Operation { candidates: ["registry:{\"argument_check\":\"Standard\",\"binding\":\"Native\",\"command\":false,\"effect\":\"env\",\"entry\":\"get\",\"operation\":\"EnvGet\",\"owner\":\"module.env\",\"parameters\":[{\"defaulted\":false,\"label\":\"name\",\"mode\":\"positional_or_named\",\"rest\":false,\"type\":{\"head\":\"Str\"}}],\"pure\":false,\"receiver\":null,\"result\":{\"arguments\":[{\"head\":\"Str\"},{\"head\":\"Error\"}],\"head\":\"Result\"},\"semantic_rule\":\"Standard\"}"], receiver: None, arguments: [Some(Atom("Str"))], result: Result(Atom("Str"), Atom("Error")), effects: Closed(["env"]) }] }, effective_effects: Closed(["env"]), required_effects: Some(Closed(["env"])), return_elaboration: Some(Value) })
DECLARATION=pick Ok(NormalizedCallable { scheme: NormalizedScheme { ty: NormalizedType { shape: Arrow(NormalizedArrow { kind: Pure, parameters: [NormalizedParameter { label: "select", ty: Atom("Bool"), defaulted: false, rest: false }], result: Atom("Proc"), effects: Closed([]) }), annotation: None }, quantifiers: [], effect_quantifiers: [], effect_inclusions: [], requirements: [] }, effective_effects: Closed([]), required_effects: Some(Closed([])), return_elaboration: Some(Value) })
DECLARATION=inspect Ok(NormalizedCallable { scheme: NormalizedScheme { ty: NormalizedType { shape: Arrow(NormalizedArrow { kind: Proc, parameters: [NormalizedParameter { label: "select", ty: Atom("Bool"), defaulted: false, rest: false }], result: Atom("Int"), effects: Closed([]) }), annotation: None }, quantifiers: [], effect_quantifiers: [], effect_inclusions: [], requirements: [] }, effective_effects: Closed([]), required_effects: Some(Closed([])), return_elaboration: Some(Value) })
BINDING=Name(Name(Symbol(896))) scheme=false Ok(NormalizedBinding { scheme: NormalizedScheme { ty: NormalizedType { shape: Atom("Int"), annotation: Some("Int") }, quantifiers: [], effect_quantifiers: [], effect_inclusions: [], requirements: [] }, mutable: false })
BINDING=Name(Name(Symbol(896))) scheme=false Ok(NormalizedBinding { scheme: NormalizedScheme { ty: NormalizedType { shape: Result(Atom("Str"), Atom("Error")), annotation: Some("Result[Str]") }, quantifiers: [], effect_quantifiers: [], effect_inclusions: [], requirements: [] }, mutable: false })
BINDING=Name(Name(Symbol(901))) scheme=false Ok(NormalizedBinding { scheme: NormalizedScheme { ty: NormalizedType { shape: Record { fields: [NormalizedField { label: "callback", ty: Atom("Proc"), optional: false }], tail: None }, annotation: None }, quantifiers: [], effect_quantifiers: [], effect_inclusions: [], requirements: [] }, mutable: false })
BINDING=Name(Name(Symbol(894))) scheme=false Ok(NormalizedBinding { scheme: NormalizedScheme { ty: NormalizedType { shape: List(Atom("Proc")), annotation: Some("List[Proc]") }, quantifiers: [], effect_quantifiers: [], effect_inclusions: [], requirements: [] }, mutable: false })
BINDING=Name(Name(Symbol(896))) scheme=false Ok(NormalizedBinding { scheme: NormalizedScheme { ty: NormalizedType { shape: List(Atom("Proc")), annotation: Some("List[Proc]") }, quantifiers: [], effect_quantifiers: [], effect_inclusions: [], requirements: [] }, mutable: false })
CALL=Call { callee: ExprId(12), args: ArenaRange { start: 1, len: 1 } } declaration=Some(DeclarationIdentity { source: SourceId(0), namespace: None, declaration: FunctionDefId(3) }) Ok(NormalizedType { shape: Atom("Proc"), annotation: Some("Proc") })
SOURCE=/tmp/xsh-c-callable-audit/computed-effects-returned-invalid.xsh
DIAGNOSTICS=[Diagnostic { severity: Error, code: Some("check.unresolved-call"), message: "unresolved pure function call", span: None, labels: [Label { style: Primary, span: Span { source_id: SourceId(0), start: 285, len: 18 }, message: Some("unresolved pure function call") }], notes: [], fix_hints: [] }, Diagnostic { severity: Error, code: Some("check.effect-violation"), message: "callable body exceeds its declared effect boundary", span: None, labels: [Label { style: Primary, span: Span { source_id: SourceId(0), start: 254, len: 51 }, message: Some("callable body exceeds its declared effect boundary") }], notes: [], fix_hints: [] }, Diagnostic { severity: Error, code: Some("check.unsolved-relationship"), message: "an earlier type error prevents establishing this relationship", span: None, labels: [Label { style: Primary, span: Span { source_id: SourceId(0), start: 0, len: 0 }, message: Some("an earlier type error prevents establishing this relationship") }], notes: [], fix_hints: [] }]
VALIDATE=Ok(())
SOURCE=/tmp/xsh-c-callable-audit/computed-effects-returned-valid.xsh
DIAGNOSTICS=[Diagnostic { severity: Error, code: Some("check.unresolved-call"), message: "unresolved pure function call", span: None, labels: [Label { style: Primary, span: Span { source_id: SourceId(0), start: 290, len: 18 }, message: Some("unresolved pure function call") }], notes: [], fix_hints: [] }, Diagnostic { severity: Error, code: Some("check.effect-violation"), message: "callable body exceeds its declared effect boundary", span: None, labels: [Label { style: Primary, span: Span { source_id: SourceId(0), start: 259, len: 51 }, message: Some("callable body exceeds its declared effect boundary") }], notes: [], fix_hints: [] }, Diagnostic { severity: Error, code: Some("check.unsolved-relationship"), message: "an earlier type error prevents establishing this relationship", span: None, labels: [Label { style: Primary, span: Span { source_id: SourceId(0), start: 0, len: 0 }, message: Some("an earlier type error prevents establishing this relationship") }], notes: [], fix_hints: [] }]
VALIDATE=Ok(())
SOURCE=/tmp/xsh-c-callable-audit/computed-field-list-valid.xsh
DIAGNOSTICS=[Diagnostic { severity: Error, code: Some("check.call-target"), message: "unsupported call target", span: None, labels: [Label { style: Primary, span: Span { source_id: SourceId(0), start: 289, len: 33 }, message: Some("unsupported call target") }], notes: [], fix_hints: [] }, Diagnostic { severity: Error, code: Some("check.unsolved-relationship"), message: "an earlier type error prevents establishing this relationship", span: None, labels: [Label { style: Primary, span: Span { source_id: SourceId(0), start: 0, len: 0 }, message: Some("an earlier type error prevents establishing this relationship") }], notes: [], fix_hints: [] }]
VALIDATE=Ok(())
SOURCE=/tmp/xsh-c-callable-audit/computed-field-list-wrong-argument.xsh
DIAGNOSTICS=[Diagnostic { severity: Error, code: Some("check.call-target"), message: "unsupported call target", span: None, labels: [Label { style: Primary, span: Span { source_id: SourceId(0), start: 289, len: 25 }, message: Some("unsupported call target") }], notes: [], fix_hints: [] }, Diagnostic { severity: Error, code: Some("check.unsolved-relationship"), message: "an earlier type error prevents establishing this relationship", span: None, labels: [Label { style: Primary, span: Span { source_id: SourceId(0), start: 0, len: 0 }, message: Some("an earlier type error prevents establishing this relationship") }], notes: [], fix_hints: [] }]
VALIDATE=Ok(())
SOURCE=/tmp/xsh-c-callable-audit/computed-field-list-wrong-result.xsh
DIAGNOSTICS=[Diagnostic { severity: Error, code: Some("check.call-target"), message: "unsupported call target", span: None, labels: [Label { style: Primary, span: Span { source_id: SourceId(0), start: 290, len: 22 }, message: Some("unsupported call target") }], notes: [], fix_hints: [] }, Diagnostic { severity: Error, code: Some("check.unsolved-relationship"), message: "an earlier type error prevents establishing this relationship", span: None, labels: [Label { style: Primary, span: Span { source_id: SourceId(0), start: 0, len: 0 }, message: Some("an earlier type error prevents establishing this relationship") }], notes: [], fix_hints: [] }]
VALIDATE=Ok(())
SOURCE=/tmp/xsh-c-callable-audit/erased-call-method-control.xsh
DIAGNOSTICS=[]
VALIDATE=Ok(())
DECLARATION=first Ok(NormalizedCallable { scheme: NormalizedScheme { ty: NormalizedType { shape: Arrow(NormalizedArrow { kind: Pure, parameters: [NormalizedParameter { label: "value", ty: Atom("Int"), defaulted: false, rest: false }], result: Atom("Int"), effects: Closed([]) }), annotation: None }, quantifiers: [], effect_quantifiers: [], effect_inclusions: [], requirements: [] }, effective_effects: Closed([]), required_effects: Some(Closed([])), return_elaboration: Some(Value) })
DECLARATION=second Ok(NormalizedCallable { scheme: NormalizedScheme { ty: NormalizedType { shape: Arrow(NormalizedArrow { kind: Pure, parameters: [NormalizedParameter { label: "value", ty: Atom("Int"), defaulted: false, rest: false }], result: Atom("Int"), effects: Closed([]) }), annotation: None }, quantifiers: [], effect_quantifiers: [], effect_inclusions: [], requirements: [] }, effective_effects: Closed([]), required_effects: Some(Closed([])), return_elaboration: Some(Value) })
DECLARATION=inspect Ok(NormalizedCallable { scheme: NormalizedScheme { ty: NormalizedType { shape: Arrow(NormalizedArrow { kind: Pure, parameters: [NormalizedParameter { label: "select", ty: Atom("Bool"), defaulted: false, rest: false }], result: Atom("Int"), effects: Closed([]) }), annotation: None }, quantifiers: [], effect_quantifiers: [], effect_inclusions: [], requirements: [] }, effective_effects: Closed([]), required_effects: Some(Closed([])), return_elaboration: Some(Value) })
BINDING=Name(Name(Symbol(893))) scheme=false Ok(NormalizedBinding { scheme: NormalizedScheme { ty: NormalizedType { shape: Atom("Pure"), annotation: Some("Pure") }, quantifiers: [], effect_quantifiers: [], effect_inclusions: [], requirements: [] }, mutable: false })
BINDING=Name(Name(Symbol(897))) scheme=false Ok(NormalizedBinding { scheme: NormalizedScheme { ty: NormalizedType { shape: Atom("Any"), annotation: None }, quantifiers: [], effect_quantifiers: [], effect_inclusions: [], requirements: [] }, mutable: false })
SOURCE=/tmp/xsh-c-callable-audit/local-immutable-capture.xsh
DIAGNOSTICS=[Diagnostic { severity: Error, code: Some("check.unresolved-call"), message: "unresolved pure function call", span: None, labels: [Label { style: Primary, span: Span { source_id: SourceId(0), start: 44, len: 7 }, message: Some("unresolved pure function call") }], notes: [], fix_hints: [] }, Diagnostic { severity: Error, code: Some("check.unsolved-relationship"), message: "an earlier type error prevents establishing this relationship", span: None, labels: [Label { style: Primary, span: Span { source_id: SourceId(0), start: 0, len: 0 }, message: Some("an earlier type error prevents establishing this relationship") }], notes: [], fix_hints: [] }]
VALIDATE=Ok(())
SOURCE=/tmp/xsh-c-callable-audit/local-mutable-capture-factory.xsh
DIAGNOSTICS=[Diagnostic { severity: Error, code: Some("check.type-relationship"), message: "type relationship needs a local annotation", span: None, labels: [Label { style: Primary, span: Span { source_id: SourceId(0), start: 25, len: 63 }, message: Some("type relationship needs a local annotation") }], notes: [], fix_hints: [] }, Diagnostic { severity: Error, code: Some("check.unresolved-name"), message: "unresolved name", span: None, labels: [Label { style: Primary, span: Span { source_id: SourceId(0), start: 79, len: 6 }, message: Some("unresolved name") }], notes: [], fix_hints: [] }, Diagnostic { severity: Error, code: Some("check.unresolved-call"), message: "unresolved pure function call", span: None, labels: [Label { style: Primary, span: Span { source_id: SourceId(0), start: 160, len: 7 }, message: Some("unresolved pure function call") }], notes: [], fix_hints: [] }, Diagnostic { severity: Error, code: Some("check.unresolved-call"), message: "unresolved pure function call", span: None, labels: [Label { style: Primary, span: Span { source_id: SourceId(0), start: 184, len: 8 }, message: Some("unresolved pure function call") }], notes: [], fix_hints: [] }, Diagnostic { severity: Error, code: Some("check.unsolved-relationship"), message: "arguments do not establish a complete callable relationship", span: None, labels: [Label { style: Primary, span: Span { source_id: SourceId(0), start: 0, len: 0 }, message: Some("arguments do not establish a complete callable relationship") }], notes: [], fix_hints: [] }]
VALIDATE=Ok(())
SOURCE=/tmp/xsh-c-callable-audit/local-scratch-independent-calls.xsh
DIAGNOSTICS=[]
VALIDATE=Ok(())
DECLARATION=singleton Ok(NormalizedCallable { scheme: NormalizedScheme { ty: NormalizedType { shape: Arrow(NormalizedArrow { kind: Pure, parameters: [NormalizedParameter { label: "value", ty: Binder { index: 0, kind: Type }, defaulted: false, rest: false }], result: List(Binder { index: 0, kind: Type }), effects: Closed([]) }), annotation: None }, quantifiers: [NormalizedQuantifier { kind: Type, lacks: [] }], effect_quantifiers: [], effect_inclusions: [], requirements: [] }, effective_effects: Closed([]), required_effects: Some(Closed([])), return_elaboration: Some(Value) })
BINDING=Name(Name(Symbol(294))) scheme=false Ok(NormalizedBinding { scheme: NormalizedScheme { ty: NormalizedType { shape: List(Binder { index: 0, kind: Type }), annotation: None }, quantifiers: [], effect_quantifiers: [], effect_inclusions: [], requirements: [] }, mutable: true })
BINDING=Name(Name(Symbol(896))) scheme=false Ok(NormalizedBinding { scheme: NormalizedScheme { ty: NormalizedType { shape: List(Atom("Int")), annotation: Some("List[Int]") }, quantifiers: [], effect_quantifiers: [], effect_inclusions: [], requirements: [] }, mutable: false })
BINDING=Name(Name(Symbol(798))) scheme=false Ok(NormalizedBinding { scheme: NormalizedScheme { ty: NormalizedType { shape: List(Atom("Str")), annotation: Some("List[Str]") }, quantifiers: [], effect_quantifiers: [], effect_inclusions: [], requirements: [] }, mutable: false })
CALL=Call { callee: ExprId(4), args: ArenaRange { start: 0, len: 1 } } declaration=Some(DeclarationIdentity { source: SourceId(0), namespace: None, declaration: FunctionDefId(1) }) Ok(NormalizedType { shape: List(Atom("Int")), annotation: Some("List[Int]") })
CALL=Call { callee: ExprId(7), args: ArenaRange { start: 1, len: 1 } } declaration=Some(DeclarationIdentity { source: SourceId(0), namespace: None, declaration: FunctionDefId(1) }) Ok(NormalizedType { shape: List(Atom("Str")), annotation: Some("List[Str]") })
SOURCE=/tmp/xsh-c-callable-audit/mutable-alias-call-method-invalid.xsh
DIAGNOSTICS=[]
VALIDATE=Ok(())
DECLARATION=identity Ok(NormalizedCallable { scheme: NormalizedScheme { ty: NormalizedType { shape: Arrow(NormalizedArrow { kind: Pure, parameters: [NormalizedParameter { label: "value", ty: Binder { index: 0, kind: Type }, defaulted: false, rest: false }], result: Binder { index: 0, kind: Type }, effects: Closed([]) }), annotation: None }, quantifiers: [NormalizedQuantifier { kind: Type, lacks: [] }], effect_quantifiers: [], effect_inclusions: [], requirements: [] }, effective_effects: Closed([]), required_effects: Some(Closed([])), return_elaboration: Some(Value) })
DECLARATION=inspect Ok(NormalizedCallable { scheme: NormalizedScheme { ty: NormalizedType { shape: Arrow(NormalizedArrow { kind: Pure, parameters: [], result: Atom("Int"), effects: Closed([]) }), annotation: None }, quantifiers: [], effect_quantifiers: [], effect_inclusions: [], requirements: [] }, effective_effects: Closed([]), required_effects: Some(Closed([])), return_elaboration: Some(Value) })
BINDING=Name(Name(Symbol(236))) scheme=false Ok(NormalizedBinding { scheme: NormalizedScheme { ty: NormalizedType { shape: Atom("Pure"), annotation: Some("Pure") }, quantifiers: [], effect_quantifiers: [], effect_inclusions: [], requirements: [] }, mutable: true })
BINDING=Name(Name(Symbol(896))) scheme=false Ok(NormalizedBinding { scheme: NormalizedScheme { ty: NormalizedType { shape: Atom("Pure"), annotation: Some("Pure") }, quantifiers: [], effect_quantifiers: [], effect_inclusions: [], requirements: [] }, mutable: false })
BINDING=Name(Name(Symbol(900))) scheme=false Ok(NormalizedBinding { scheme: NormalizedScheme { ty: NormalizedType { shape: Atom("Any"), annotation: None }, quantifiers: [], effect_quantifiers: [], effect_inclusions: [], requirements: [] }, mutable: false })
BINDING=Name(Name(Symbol(900))) scheme=false Ok(NormalizedBinding { scheme: NormalizedScheme { ty: NormalizedType { shape: Atom("Any"), annotation: None }, quantifiers: [], effect_quantifiers: [], effect_inclusions: [], requirements: [] }, mutable: false })
SOURCE=/tmp/xsh-c-callable-audit/mutable-callable-alias-restriction.xsh
DIAGNOSTICS=[Diagnostic { severity: Error, code: Some("check.unresolved-call"), message: "unresolved pure function call", span: None, labels: [Label { style: Primary, span: Span { source_id: SourceId(0), start: 93, len: 8 }, message: Some("unresolved pure function call") }], notes: [], fix_hints: [] }, Diagnostic { severity: Error, code: Some("check.unresolved-call"), message: "unresolved pure function call", span: None, labels: [Label { style: Primary, span: Span { source_id: SourceId(0), start: 118, len: 13 }, message: Some("unresolved pure function call") }], notes: [], fix_hints: [] }]
VALIDATE=Ok(())
DECLARATION=identity Ok(NormalizedCallable { scheme: NormalizedScheme { ty: NormalizedType { shape: Arrow(NormalizedArrow { kind: Pure, parameters: [NormalizedParameter { label: "value", ty: Binder { index: 0, kind: Type }, defaulted: false, rest: false }], result: Binder { index: 0, kind: Type }, effects: Closed([]) }), annotation: None }, quantifiers: [NormalizedQuantifier { kind: Type, lacks: [] }], effect_quantifiers: [], effect_inclusions: [], requirements: [] }, effective_effects: Closed([]), required_effects: Some(Closed([])), return_elaboration: Some(Value) })
BINDING=Name(Name(Symbol(236))) scheme=false Ok(NormalizedBinding { scheme: NormalizedScheme { ty: NormalizedType { shape: Atom("Pure"), annotation: Some("Pure") }, quantifiers: [], effect_quantifiers: [], effect_inclusions: [], requirements: [] }, mutable: true })
BINDING=Name(Name(Symbol(896))) scheme=false Ok(NormalizedBinding { scheme: NormalizedScheme { ty: NormalizedType { shape: Atom("Pure"), annotation: Some("Pure") }, quantifiers: [], effect_quantifiers: [], effect_inclusions: [], requirements: [] }, mutable: false })
BINDING=Name(Name(Symbol(900))) scheme=false Ok(NormalizedBinding { scheme: NormalizedScheme { ty: NormalizedType { shape: Atom("Int"), annotation: Some("Int") }, quantifiers: [], effect_quantifiers: [], effect_inclusions: [], requirements: [] }, mutable: false })
BINDING=Name(Name(Symbol(798))) scheme=false Ok(NormalizedBinding { scheme: NormalizedScheme { ty: NormalizedType { shape: Atom("Str"), annotation: Some("Str") }, quantifiers: [], effect_quantifiers: [], effect_inclusions: [], requirements: [] }, mutable: false })
SOURCE=/tmp/xsh-c-callable-audit/mutable-erased-assignment-control.xsh
DIAGNOSTICS=[]
VALIDATE=Ok(())
DECLARATION=first Ok(NormalizedCallable { scheme: NormalizedScheme { ty: NormalizedType { shape: Arrow(NormalizedArrow { kind: Pure, parameters: [NormalizedParameter { label: "value", ty: Atom("Int"), defaulted: false, rest: false }], result: Atom("Int"), effects: Closed([]) }), annotation: None }, quantifiers: [], effect_quantifiers: [], effect_inclusions: [], requirements: [] }, effective_effects: Closed([]), required_effects: Some(Closed([])), return_elaboration: Some(Value) })
DECLARATION=second Ok(NormalizedCallable { scheme: NormalizedScheme { ty: NormalizedType { shape: Arrow(NormalizedArrow { kind: Pure, parameters: [NormalizedParameter { label: "value", ty: Atom("Str"), defaulted: false, rest: false }], result: Atom("Str"), effects: Closed([]) }), annotation: None }, quantifiers: [], effect_quantifiers: [], effect_inclusions: [], requirements: [] }, effective_effects: Closed([]), required_effects: Some(Closed([])), return_elaboration: Some(Value) })
DECLARATION=inspect Ok(NormalizedCallable { scheme: NormalizedScheme { ty: NormalizedType { shape: Arrow(NormalizedArrow { kind: Pure, parameters: [], result: Atom("Int"), effects: Closed([]) }), annotation: None }, quantifiers: [], effect_quantifiers: [], effect_inclusions: [], requirements: [] }, effective_effects: Closed([]), required_effects: Some(Closed([])), return_elaboration: Some(Value) })
BINDING=Name(Name(Symbol(236))) scheme=false Ok(NormalizedBinding { scheme: NormalizedScheme { ty: NormalizedType { shape: Atom("Pure"), annotation: Some("Pure") }, quantifiers: [], effect_quantifiers: [], effect_inclusions: [], requirements: [] }, mutable: true })
SOURCE=/tmp/xsh-c-callable-audit/mutable-erased-call-method-control.xsh
DIAGNOSTICS=[]
VALIDATE=Ok(())
DECLARATION=identity Ok(NormalizedCallable { scheme: NormalizedScheme { ty: NormalizedType { shape: Arrow(NormalizedArrow { kind: Pure, parameters: [NormalizedParameter { label: "value", ty: Binder { index: 0, kind: Type }, defaulted: false, rest: false }], result: Binder { index: 0, kind: Type }, effects: Closed([]) }), annotation: None }, quantifiers: [NormalizedQuantifier { kind: Type, lacks: [] }], effect_quantifiers: [], effect_inclusions: [], requirements: [] }, effective_effects: Closed([]), required_effects: Some(Closed([])), return_elaboration: Some(Value) })
DECLARATION=inspect Ok(NormalizedCallable { scheme: NormalizedScheme { ty: NormalizedType { shape: Arrow(NormalizedArrow { kind: Pure, parameters: [], result: Atom("Int"), effects: Closed([]) }), annotation: None }, quantifiers: [], effect_quantifiers: [], effect_inclusions: [], requirements: [] }, effective_effects: Closed([]), required_effects: Some(Closed([])), return_elaboration: Some(Value) })
BINDING=Name(Name(Symbol(236))) scheme=false Ok(NormalizedBinding { scheme: NormalizedScheme { ty: NormalizedType { shape: Atom("Pure"), annotation: Some("Pure") }, quantifiers: [], effect_quantifiers: [], effect_inclusions: [], requirements: [] }, mutable: true })
BINDING=Name(Name(Symbol(896))) scheme=false Ok(NormalizedBinding { scheme: NormalizedScheme { ty: NormalizedType { shape: Atom("Pure"), annotation: Some("Pure") }, quantifiers: [], effect_quantifiers: [], effect_inclusions: [], requirements: [] }, mutable: false })
BINDING=Name(Name(Symbol(900))) scheme=false Ok(NormalizedBinding { scheme: NormalizedScheme { ty: NormalizedType { shape: Atom("Any"), annotation: None }, quantifiers: [], effect_quantifiers: [], effect_inclusions: [], requirements: [] }, mutable: false })
BINDING=Name(Name(Symbol(900))) scheme=false Ok(NormalizedBinding { scheme: NormalizedScheme { ty: NormalizedType { shape: Atom("Any"), annotation: None }, quantifiers: [], effect_quantifiers: [], effect_inclusions: [], requirements: [] }, mutable: false })
SOURCE=/tmp/xsh-c-callable-audit/mutable-list-restriction.xsh
DIAGNOSTICS=[Diagnostic { severity: Error, code: Some("check.call-target"), message: "unsupported call target", span: None, labels: [Label { style: Primary, span: Span { source_id: SourceId(0), start: 77, len: 15 }, message: Some("unsupported call target") }], notes: [], fix_hints: [] }, Diagnostic { severity: Error, code: Some("check.call-target"), message: "unsupported call target", span: None, labels: [Label { style: Primary, span: Span { source_id: SourceId(0), start: 109, len: 20 }, message: Some("unsupported call target") }], notes: [], fix_hints: [] }]
VALIDATE=Ok(())
DECLARATION=identity Ok(NormalizedCallable { scheme: NormalizedScheme { ty: NormalizedType { shape: Arrow(NormalizedArrow { kind: Pure, parameters: [NormalizedParameter { label: "value", ty: Binder { index: 0, kind: Type }, defaulted: false, rest: false }], result: Binder { index: 0, kind: Type }, effects: Closed([]) }), annotation: None }, quantifiers: [NormalizedQuantifier { kind: Type, lacks: [] }], effect_quantifiers: [], effect_inclusions: [], requirements: [] }, effective_effects: Closed([]), required_effects: Some(Closed([])), return_elaboration: Some(Value) })
BINDING=Name(Name(Symbol(896))) scheme=false Ok(NormalizedBinding { scheme: NormalizedScheme { ty: NormalizedType { shape: List(Atom("Pure")), annotation: Some("List[Pure]") }, quantifiers: [], effect_quantifiers: [], effect_inclusions: [], requirements: [] }, mutable: true })
BINDING=Name(Name(Symbol(900))) scheme=false Ok(NormalizedBinding { scheme: NormalizedScheme { ty: NormalizedType { shape: Atom("Int"), annotation: Some("Int") }, quantifiers: [], effect_quantifiers: [], effect_inclusions: [], requirements: [] }, mutable: false })
BINDING=Name(Name(Symbol(798))) scheme=false Ok(NormalizedBinding { scheme: NormalizedScheme { ty: NormalizedType { shape: Atom("Str"), annotation: Some("Str") }, quantifiers: [], effect_quantifiers: [], effect_inclusions: [], requirements: [] }, mutable: false })
SOURCE=/tmp/xsh-c-callable-audit/mutable-record-restriction.xsh
DIAGNOSTICS=[Diagnostic { severity: Error, code: Some("check.unknown-method"), message: "unknown method `callback` on Record", span: None, labels: [Label { style: Primary, span: Span { source_id: SourceId(0), start: 83, len: 17 }, message: Some("`callback` is not defined for Record") }], notes: [], fix_hints: [] }, Diagnostic { severity: Error, code: Some("check.unknown-method"), message: "unknown method `callback` on Record", span: None, labels: [Label { style: Primary, span: Span { source_id: SourceId(0), start: 117, len: 22 }, message: Some("`callback` is not defined for Record") }], notes: [], fix_hints: [] }]
VALIDATE=Ok(())
DECLARATION=identity Ok(NormalizedCallable { scheme: NormalizedScheme { ty: NormalizedType { shape: Arrow(NormalizedArrow { kind: Pure, parameters: [NormalizedParameter { label: "value", ty: Binder { index: 0, kind: Type }, defaulted: false, rest: false }], result: Binder { index: 0, kind: Type }, effects: Closed([]) }), annotation: None }, quantifiers: [NormalizedQuantifier { kind: Type, lacks: [] }], effect_quantifiers: [], effect_inclusions: [], requirements: [] }, effective_effects: Closed([]), required_effects: Some(Closed([])), return_elaboration: Some(Value) })
BINDING=Name(Name(Symbol(896))) scheme=false Ok(NormalizedBinding { scheme: NormalizedScheme { ty: NormalizedType { shape: Record { fields: [NormalizedField { label: "callback", ty: Atom("Pure"), optional: false }], tail: None }, annotation: None }, quantifiers: [], effect_quantifiers: [], effect_inclusions: [], requirements: [] }, mutable: true })
BINDING=Name(Name(Symbol(893))) scheme=false Ok(NormalizedBinding { scheme: NormalizedScheme { ty: NormalizedType { shape: Atom("Int"), annotation: Some("Int") }, quantifiers: [], effect_quantifiers: [], effect_inclusions: [], requirements: [] }, mutable: false })
BINDING=Name(Name(Symbol(798))) scheme=false Ok(NormalizedBinding { scheme: NormalizedScheme { ty: NormalizedType { shape: Atom("Str"), annotation: Some("Str") }, quantifiers: [], effect_quantifiers: [], effect_inclusions: [], requirements: [] }, mutable: false })
SOURCE=/tmp/xsh-c-callable-audit/mutable-signature-assignment-invalid.xsh
DIAGNOSTICS=[]
VALIDATE=Ok(())
DECLARATION=first Ok(NormalizedCallable { scheme: NormalizedScheme { ty: NormalizedType { shape: Arrow(NormalizedArrow { kind: Pure, parameters: [NormalizedParameter { label: "value", ty: Atom("Int"), defaulted: false, rest: false }], result: Atom("Int"), effects: Closed([]) }), annotation: None }, quantifiers: [], effect_quantifiers: [], effect_inclusions: [], requirements: [] }, effective_effects: Closed([]), required_effects: Some(Closed([])), return_elaboration: Some(Value) })
DECLARATION=second Ok(NormalizedCallable { scheme: NormalizedScheme { ty: NormalizedType { shape: Arrow(NormalizedArrow { kind: Pure, parameters: [NormalizedParameter { label: "value", ty: Atom("Str"), defaulted: false, rest: false }], result: Atom("Str"), effects: Closed([]) }), annotation: None }, quantifiers: [], effect_quantifiers: [], effect_inclusions: [], requirements: [] }, effective_effects: Closed([]), required_effects: Some(Closed([])), return_elaboration: Some(Value) })
DECLARATION=inspect Ok(NormalizedCallable { scheme: NormalizedScheme { ty: NormalizedType { shape: Arrow(NormalizedArrow { kind: Pure, parameters: [], result: Atom("Int"), effects: Closed([]) }), annotation: None }, quantifiers: [], effect_quantifiers: [], effect_inclusions: [], requirements: [] }, effective_effects: Closed([]), required_effects: Some(Closed([])), return_elaboration: Some(Value) })
BINDING=Name(Name(Symbol(236))) scheme=false Ok(NormalizedBinding { scheme: NormalizedScheme { ty: NormalizedType { shape: Atom("Pure"), annotation: Some("Pure") }, quantifiers: [], effect_quantifiers: [], effect_inclusions: [], requirements: [] }, mutable: true })
SOURCE=/tmp/xsh-c-callable-audit/ordinary-call-result-restriction.xsh
DIAGNOSTICS=[Diagnostic { severity: Error, code: Some("check.unresolved-call"), message: "unresolved pure function call", span: None, labels: [Label { style: Primary, span: Span { source_id: SourceId(0), start: 117, len: 11 }, message: Some("unresolved pure function call") }], notes: [], fix_hints: [] }, Diagnostic { severity: Error, code: Some("check.unresolved-call"), message: "unresolved pure function call", span: None, labels: [Label { style: Primary, span: Span { source_id: SourceId(0), start: 145, len: 16 }, message: Some("unresolved pure function call") }], notes: [], fix_hints: [] }]
VALIDATE=Ok(())
DECLARATION=identity Ok(NormalizedCallable { scheme: NormalizedScheme { ty: NormalizedType { shape: Arrow(NormalizedArrow { kind: Pure, parameters: [NormalizedParameter { label: "value", ty: Binder { index: 0, kind: Type }, defaulted: false, rest: false }], result: Binder { index: 0, kind: Type }, effects: Closed([]) }), annotation: None }, quantifiers: [NormalizedQuantifier { kind: Type, lacks: [] }], effect_quantifiers: [], effect_inclusions: [], requirements: [] }, effective_effects: Closed([]), required_effects: Some(Closed([])), return_elaboration: Some(Value) })
DECLARATION=factory Ok(NormalizedCallable { scheme: NormalizedScheme { ty: NormalizedType { shape: Arrow(NormalizedArrow { kind: Pure, parameters: [NormalizedParameter { label: "unused", ty: Atom("Int"), defaulted: false, rest: false }], result: Atom("Pure"), effects: Closed([]) }), annotation: None }, quantifiers: [], effect_quantifiers: [], effect_inclusions: [], requirements: [] }, effective_effects: Closed([]), required_effects: Some(Closed([])), return_elaboration: Some(Value) })
BINDING=Name(Name(Symbol(893))) scheme=false Ok(NormalizedBinding { scheme: NormalizedScheme { ty: NormalizedType { shape: Atom("Pure"), annotation: Some("Pure") }, quantifiers: [], effect_quantifiers: [], effect_inclusions: [], requirements: [] }, mutable: false })
BINDING=Name(Name(Symbol(897))) scheme=false Ok(NormalizedBinding { scheme: NormalizedScheme { ty: NormalizedType { shape: Atom("Int"), annotation: Some("Int") }, quantifiers: [], effect_quantifiers: [], effect_inclusions: [], requirements: [] }, mutable: false })
BINDING=Name(Name(Symbol(798))) scheme=false Ok(NormalizedBinding { scheme: NormalizedScheme { ty: NormalizedType { shape: Atom("Str"), annotation: Some("Str") }, quantifiers: [], effect_quantifiers: [], effect_inclusions: [], requirements: [] }, mutable: false })
CALL=Call { callee: ExprId(2), args: ArenaRange { start: 0, len: 1 } } declaration=Some(DeclarationIdentity { source: SourceId(0), namespace: None, declaration: FunctionDefId(2) }) Ok(NormalizedType { shape: Atom("Pure"), annotation: Some("Pure") })
SOURCE=/tmp/xsh-c-callable-audit/returned-call-method-wrong-argument.xsh
DIAGNOSTICS=[]
VALIDATE=Ok(())
DECLARATION=first Ok(NormalizedCallable { scheme: NormalizedScheme { ty: NormalizedType { shape: Arrow(NormalizedArrow { kind: Pure, parameters: [NormalizedParameter { label: "value", ty: Atom("Int"), defaulted: false, rest: false }], result: Atom("Int"), effects: Closed([]) }), annotation: None }, quantifiers: [], effect_quantifiers: [], effect_inclusions: [], requirements: [] }, effective_effects: Closed([]), required_effects: Some(Closed([])), return_elaboration: Some(Value) })
DECLARATION=factory Ok(NormalizedCallable { scheme: NormalizedScheme { ty: NormalizedType { shape: Arrow(NormalizedArrow { kind: Pure, parameters: [], result: Atom("Pure"), effects: Closed([]) }), annotation: None }, quantifiers: [], effect_quantifiers: [], effect_inclusions: [], requirements: [] }, effective_effects: Closed([]), required_effects: Some(Closed([])), return_elaboration: Some(Value) })
DECLARATION=inspect Ok(NormalizedCallable { scheme: NormalizedScheme { ty: NormalizedType { shape: Arrow(NormalizedArrow { kind: Pure, parameters: [], result: Atom("Int"), effects: Closed([]) }), annotation: None }, quantifiers: [], effect_quantifiers: [], effect_inclusions: [], requirements: [] }, effective_effects: Closed([]), required_effects: Some(Closed([])), return_elaboration: Some(Value) })
BINDING=Name(Name(Symbol(900))) scheme=false Ok(NormalizedBinding { scheme: NormalizedScheme { ty: NormalizedType { shape: Atom("Pure"), annotation: Some("Pure") }, quantifiers: [], effect_quantifiers: [], effect_inclusions: [], requirements: [] }, mutable: false })
BINDING=Name(Name(Symbol(893))) scheme=false Ok(NormalizedBinding { scheme: NormalizedScheme { ty: NormalizedType { shape: Atom("Any"), annotation: None }, quantifiers: [], effect_quantifiers: [], effect_inclusions: [], requirements: [] }, mutable: false })
CALL=Call { callee: ExprId(2), args: ArenaRange { start: 0, len: 0 } } declaration=Some(DeclarationIdentity { source: SourceId(0), namespace: None, declaration: FunctionDefId(2) }) Ok(NormalizedType { shape: Atom("Pure"), annotation: Some("Pure") })
SOURCE=/tmp/xsh-c-callable-audit/returned-monomorphic-call-method-invalid.xsh
DIAGNOSTICS=[]
VALIDATE=Ok(())
DECLARATION=identity Ok(NormalizedCallable { scheme: NormalizedScheme { ty: NormalizedType { shape: Arrow(NormalizedArrow { kind: Pure, parameters: [NormalizedParameter { label: "value", ty: Binder { index: 0, kind: Type }, defaulted: false, rest: false }], result: Binder { index: 0, kind: Type }, effects: Closed([]) }), annotation: None }, quantifiers: [NormalizedQuantifier { kind: Type, lacks: [] }], effect_quantifiers: [], effect_inclusions: [], requirements: [] }, effective_effects: Closed([]), required_effects: Some(Closed([])), return_elaboration: Some(Value) })
DECLARATION=factory Ok(NormalizedCallable { scheme: NormalizedScheme { ty: NormalizedType { shape: Arrow(NormalizedArrow { kind: Pure, parameters: [NormalizedParameter { label: "unused", ty: Atom("Int"), defaulted: false, rest: false }], result: Atom("Pure"), effects: Closed([]) }), annotation: None }, quantifiers: [], effect_quantifiers: [], effect_inclusions: [], requirements: [] }, effective_effects: Closed([]), required_effects: Some(Closed([])), return_elaboration: Some(Value) })
DECLARATION=inspect Ok(NormalizedCallable { scheme: NormalizedScheme { ty: NormalizedType { shape: Arrow(NormalizedArrow { kind: Pure, parameters: [], result: Atom("Int"), effects: Closed([]) }), annotation: None }, quantifiers: [], effect_quantifiers: [], effect_inclusions: [], requirements: [] }, effective_effects: Closed([]), required_effects: Some(Closed([])), return_elaboration: Some(Value) })
BINDING=Name(Name(Symbol(893))) scheme=false Ok(NormalizedBinding { scheme: NormalizedScheme { ty: NormalizedType { shape: Atom("Pure"), annotation: Some("Pure") }, quantifiers: [], effect_quantifiers: [], effect_inclusions: [], requirements: [] }, mutable: false })
BINDING=Name(Name(Symbol(897))) scheme=false Ok(NormalizedBinding { scheme: NormalizedScheme { ty: NormalizedType { shape: Atom("Any"), annotation: None }, quantifiers: [], effect_quantifiers: [], effect_inclusions: [], requirements: [] }, mutable: false })
BINDING=Name(Name(Symbol(897))) scheme=false Ok(NormalizedBinding { scheme: NormalizedScheme { ty: NormalizedType { shape: Atom("Any"), annotation: None }, quantifiers: [], effect_quantifiers: [], effect_inclusions: [], requirements: [] }, mutable: false })
CALL=Call { callee: ExprId(2), args: ArenaRange { start: 0, len: 1 } } declaration=Some(DeclarationIdentity { source: SourceId(0), namespace: None, declaration: FunctionDefId(2) }) Ok(NormalizedType { shape: Atom("Pure"), annotation: Some("Pure") })
SOURCE=/tmp/xsh-c-callable-audit/safe-list-generalization.xsh
DIAGNOSTICS=[Diagnostic { severity: Error, code: Some("check.call-target"), message: "unsupported call target", span: None, labels: [Label { style: Primary, span: Span { source_id: SourceId(0), start: 77, len: 15 }, message: Some("unsupported call target") }], notes: [], fix_hints: [] }, Diagnostic { severity: Error, code: Some("check.call-target"), message: "unsupported call target", span: None, labels: [Label { style: Primary, span: Span { source_id: SourceId(0), start: 109, len: 20 }, message: Some("unsupported call target") }], notes: [], fix_hints: [] }]
VALIDATE=Ok(())
DECLARATION=identity Ok(NormalizedCallable { scheme: NormalizedScheme { ty: NormalizedType { shape: Arrow(NormalizedArrow { kind: Pure, parameters: [NormalizedParameter { label: "value", ty: Binder { index: 0, kind: Type }, defaulted: false, rest: false }], result: Binder { index: 0, kind: Type }, effects: Closed([]) }), annotation: None }, quantifiers: [NormalizedQuantifier { kind: Type, lacks: [] }], effect_quantifiers: [], effect_inclusions: [], requirements: [] }, effective_effects: Closed([]), required_effects: Some(Closed([])), return_elaboration: Some(Value) })
BINDING=Name(Name(Symbol(896))) scheme=false Ok(NormalizedBinding { scheme: NormalizedScheme { ty: NormalizedType { shape: List(Atom("Pure")), annotation: Some("List[Pure]") }, quantifiers: [], effect_quantifiers: [], effect_inclusions: [], requirements: [] }, mutable: false })
BINDING=Name(Name(Symbol(900))) scheme=false Ok(NormalizedBinding { scheme: NormalizedScheme { ty: NormalizedType { shape: Atom("Int"), annotation: Some("Int") }, quantifiers: [], effect_quantifiers: [], effect_inclusions: [], requirements: [] }, mutable: false })
BINDING=Name(Name(Symbol(798))) scheme=false Ok(NormalizedBinding { scheme: NormalizedScheme { ty: NormalizedType { shape: Atom("Str"), annotation: Some("Str") }, quantifiers: [], effect_quantifiers: [], effect_inclusions: [], requirements: [] }, mutable: false })
SOURCE=/tmp/xsh-c-callable-audit/safe-record-generalization.xsh
DIAGNOSTICS=[Diagnostic { severity: Error, code: Some("check.unknown-method"), message: "unknown method `callback` on Record", span: None, labels: [Label { style: Primary, span: Span { source_id: SourceId(0), start: 83, len: 17 }, message: Some("`callback` is not defined for Record") }], notes: [], fix_hints: [] }, Diagnostic { severity: Error, code: Some("check.unknown-method"), message: "unknown method `callback` on Record", span: None, labels: [Label { style: Primary, span: Span { source_id: SourceId(0), start: 117, len: 22 }, message: Some("`callback` is not defined for Record") }], notes: [], fix_hints: [] }]
VALIDATE=Ok(())
DECLARATION=identity Ok(NormalizedCallable { scheme: NormalizedScheme { ty: NormalizedType { shape: Arrow(NormalizedArrow { kind: Pure, parameters: [NormalizedParameter { label: "value", ty: Binder { index: 0, kind: Type }, defaulted: false, rest: false }], result: Binder { index: 0, kind: Type }, effects: Closed([]) }), annotation: None }, quantifiers: [NormalizedQuantifier { kind: Type, lacks: [] }], effect_quantifiers: [], effect_inclusions: [], requirements: [] }, effective_effects: Closed([]), required_effects: Some(Closed([])), return_elaboration: Some(Value) })
BINDING=Name(Name(Symbol(896))) scheme=false Ok(NormalizedBinding { scheme: NormalizedScheme { ty: NormalizedType { shape: Record { fields: [NormalizedField { label: "callback", ty: Atom("Pure"), optional: false }], tail: None }, annotation: None }, quantifiers: [], effect_quantifiers: [], effect_inclusions: [], requirements: [] }, mutable: false })
BINDING=Name(Name(Symbol(893))) scheme=false Ok(NormalizedBinding { scheme: NormalizedScheme { ty: NormalizedType { shape: Atom("Int"), annotation: Some("Int") }, quantifiers: [], effect_quantifiers: [], effect_inclusions: [], requirements: [] }, mutable: false })
BINDING=Name(Name(Symbol(798))) scheme=false Ok(NormalizedBinding { scheme: NormalizedScheme { ty: NormalizedType { shape: Atom("Str"), annotation: Some("Str") }, quantifiers: [], effect_quantifiers: [], effect_inclusions: [], requirements: [] }, mutable: false })
