frontend small-pwd-original 0 0.020s
frontend small-pwd-stabilized 0 0.013s
frontend small-basename-original 0 0.024s
frontend small-basename-stabilized 0 0.017s
frontend core-ifup-original 0 0.048s
frontend core-ifup-stabilized 0 0.050s
frontend system-report-original 0 6.443s
frontend system-report-stabilized 0 6.196s
frontend dev-main-original 0 3.481s
frontend dev-main-stabilized 0 3.553s
frontend dev-system-report-check-original 0 2.809s
frontend dev-system-report-check-stabilized 0 2.737s
frontend example-streams-original 0 0.020s
frontend example-streams-stabilized 0 0.021s
frontend example-processes-original 0 0.019s
frontend example-processes-stabilized 0 0.023s
frontend native-system-report-original 0 6.922s
frontend native-system-report-stabilized 0 6.919s
frontend native-run-original 0 0.033s
frontend native-run-stabilized 0 0.030s
frontend native-streams-original 0 0.050s
frontend native-streams-stabilized 0 0.048s
frontend native-methods-original 0 0.025s
frontend native-methods-stabilized 0 0.024s
frontend native-local-inference-original 0 0.024s
frontend native-local-inference-stabilized 0 0.024s
frontend native-results-original 0 0.018s
frontend native-results-stabilized 0 0.016s
frontend showcase-jq-original 0 0.129s
frontend showcase-jq-stabilized 0 0.133s
frontend showcase-tokei-original 0 0.074s
frontend showcase-tokei-stabilized 0 0.075s
frontend valid-annotated-original 0 0.020s
frontend valid-annotated-stabilized 0 0.020s
frontend invalid-annotated-original 2 0.019s
frontend invalid-annotated-stabilized 2 0.016s
frontend system-report-model-original 0 1.218s
frontend system-report-model-stabilized 0 1.193s
frontend system-report-live-original 0 5.917s
frontend system-report-live-stabilized 0 5.969s
frontend system-report-collect-original 0 1.725s
frontend system-report-collect-stabilized 0 1.708s
frontend native-dev-system-report-check-original 0 4.814s
frontend native-dev-system-report-check-stabilized 0 4.785s
frontend core-ifdown-producer-original 0 0.037s
frontend core-ifdown-producer-stabilized 0 0.038s
runtime runtime-basename-original 0 0.031s
runtime runtime-basename-stabilized 0 0.018s
runtime runtime-example-streams-original 0 0.023s
runtime runtime-example-streams-stabilized 0 0.016s
runtime runtime-example-processes-original 0 0.232s
runtime runtime-example-processes-stabilized 0 0.187s
runtime runtime-dev-help-original 0 3.542s
runtime runtime-dev-help-stabilized 0 3.475s
runtime runtime-system-report-version-original 0 6.044s
runtime runtime-system-report-version-stabilized 0 5.975s
runtime runtime-jq-original 0 0.128s
runtime runtime-jq-stabilized 0 0.127s
runtime runtime-valid-annotated-original 0 0.020s
runtime runtime-valid-annotated-stabilized 0 0.016s
native native-system-report-bounded-number-original 0 10.162s
native native-system-report-bounded-number-stabilized 0 10.107s
native native-dev-report-reference-original 0 6.534s
native native-dev-report-reference-stabilized 0 6.551s
native native-methods-aliases-original 0 3.309s
native native-methods-aliases-stabilized 0 3.213s
native native-stream-lifecycle-original 0 3.410s
native native-stream-lifecycle-stabilized 0 3.218s
native native-process-capture-original 0 3.278s
native native-process-capture-stabilized 0 3.221s
native native-local-inference-original 0 3.129s
native native-local-inference-stabilized 0 3.134s
native native-result-context-original 0 3.179s
native native-result-context-stabilized 0 3.450s
runtime-extra tokei-tiny-original 0 0.072s
runtime-extra tokei-tiny-stabilized 0 0.072s
semantic explicit-payloads-run 0 0.014s
semantic explicit-payloads-check 0 0.012s
semantic omitted-private-pure-payloads-run 0 0.011s
semantic omitted-private-pure-payloads-check 0 0.012s
semantic unit-consuming-assertions-run 0 0.012s
semantic unit-consuming-assertions-check 0 0.012s
semantic non-tail-concrete-bool-run 0 0.012s
semantic non-tail-concrete-bool-check 0 0.014s
semantic discard-bool-result-run 0 0.014s
semantic discard-bool-result-check 0 0.012s
semantic discard-initializer-propagation-run 0 0.012s
semantic discard-initializer-propagation-check 0 0.014s
semantic statement-result-unit-proc-run 0 0.012s
semantic statement-result-unit-proc-check 0 0.012s
semantic explicit-data-proc-outward-propagation-run 0 0.012s
semantic explicit-data-proc-outward-propagation-check 0 0.014s
semantic try-one-layer-and-nesting-run 0 0.013s
semantic try-one-layer-and-nesting-check 0 0.014s
semantic retry-lexical-return-and-cleanup-run 0 0.015s
semantic retry-lexical-return-and-cleanup-check 0 0.012s
semantic try-loop-transfers-and-cleanup-run 0 0.011s
semantic try-loop-transfers-and-cleanup-check 0 0.012s
semantic callback-bool-and-result-data-run 0 0.011s
semantic callback-bool-and-result-data-check 0 0.014s
semantic default-order-and-outer-scope-run 0 0.012s
semantic default-order-and-outer-scope-check 0 0.012s
semantic producer-lazy-default-delegation-cancellation-run 0 0.013s
semantic producer-lazy-default-delegation-cancellation-check 0 0.014s
semantic status-as-data-run 0 0.025s
semantic status-as-data-check 0 0.012s
semantic explicit-nested-error-run 0 0.012s
semantic explicit-nested-error-check 0 0.012s
semantic empty-proc-success-run 0 0.013s
semantic empty-proc-success-check 0 0.012s
semantic explicit-propagation-failure-run 3 0.011s
semantic explicit-propagation-failure-check 0 0.011s
semantic annotated-value-result-statement-rejected-run 2 0.012s
semantic annotated-value-result-statement-rejected-check 2 0.011s
semantic annotated-effect-bound-rejected-run 2 0.010s
semantic annotated-effect-bound-rejected-check 2 0.011s
semantic annotated-default-parameter-scope-rejected-run 2 0.011s
semantic annotated-default-parameter-scope-rejected-check 2 0.011s
semantic try-error-only-rejected-run 2 0.010s
semantic try-error-only-rejected-check 2 0.011s
semantic generic-identity-payloads-run 2 0.009s
semantic generic-identity-payloads-check 2 0.009s
semantic generic-discard-fixed-run 2 0.009s
semantic generic-discard-fixed-check 2 0.010s
semantic omitted-proc-bool-value-run 2 0.011s
semantic omitted-proc-bool-value-check 2 0.011s
semantic inferred-result-tail-and-early-run 2 0.010s
semantic inferred-result-tail-and-early-check 2 0.010s
semantic generic-result-payload-nesting-run 2 0.009s
semantic generic-result-payload-nesting-check 2 0.010s
semantic independent-result-return-run 2 0.009s
semantic independent-result-return-check 2 0.011s
semantic inferred-producer-lifecycle-run 2 0.009s
semantic inferred-producer-lifecycle-check 2 0.010s
semantic generic-statement-rejected-run 2 0.009s
semantic generic-statement-rejected-check 2 0.010s
semantic inferred-error-only-rejected-run 2 0.010s
semantic inferred-error-only-rejected-check 2 0.011s
semantic inferred-missing-completion-rejected-run 2 0.011s
semantic inferred-missing-completion-rejected-check 2 0.011s
semantic generic-effect-bound-rejected-run 2 0.010s
semantic generic-effect-bound-rejected-check 2 0.011s
semantic generic-proc-kind-rejected-run 2 0.010s
semantic generic-proc-kind-rejected-check 2 0.010s
semantic unreachable-does-not-add-unit-run 0 0.012s
semantic unreachable-does-not-add-unit-check 0 0.013s
semantic discard-keeps-control-transfer-run 0 0.014s
semantic discard-keeps-control-transfer-check 0 0.015s
semantic inferred-default-rest-context-run 2 0.010s
semantic inferred-default-rest-context-check 2 0.010s
semantic inferred-result-payload-versus-boundary-rejected-run 2 0.010s
semantic inferred-result-payload-versus-boundary-rejected-check 2 0.010s
native typing-inference-preserved-module 0 4.187s
{
  "schema_version": 1,
  "provenance": {
    "baseline_commit": "d6f09bc54305515b4c34d3b872d7f9f13b874061",
    "candidate_commit": "d6f09bc54305515b4c34d3b872d7f9f13b874061",
    "frozen_source_snapshot_commit": "877a114d6dc403db32c50f035b38aab7f193147a",
    "binary_identities": {
      "xsh": {
        "path": "/Users/josh/d/laputa-systems/xsh-typing-baseline-v2/target/release/xsh",
        "sha256": "565964730bde38a12f4a4c4e5c0a3c22ddb0c9ac89f9cacd8c76e08b59f3436c"
      },
      "xsht": {
        "path": "/Users/josh/d/laputa-systems/xsh-typing-baseline-v2/target/release/xsht",
        "sha256": "b2f76a542e62906577723f815772c8a45b2ebab97924fac7e0fb78581862dbcb"
      }
    },
    "build_settings": {
      "toolchain": "nightly-2026-09-15",
      "profile": "release",
      "default_features": [
        "native-tests",
        "net",
        "tools"
      ],
      "build_observation": "Products supplied after successful optimized build; this verifier performs no build."
    },
    "timeout_seconds_per_process": 60,
    "annotation_denominators": {
      "eligible_local": 778,
      "eligible_internal": 2807,
      "eligible_parameters": 1368,
      "eligible_returns": 746,
      "eligible_producer_items": 1,
      "eligible_effects": 692
    },
    "frozen_annotation_inventory_sha256": "c3ddbbd8a0fc23e67f4f6221c30a7fe6544c019b6ce619dfdb2e199deee87c0f",
    "source_closure_sha256": "a2d5cbc79d309f89d28eec4a7677371aea411469c842a609901f0e230040f56b",
    "original_unique_source_count": 38,
    "original_unique_bytes": 2424439
  },
  "statuses": {
    "frontend": "passed",
    "runtime": "passed",
    "runtime_extra": "passed",
    "semantic": "failed"
  },
  "preserved_native_module_passed": true,
  "frozen_inputs_changed": [],
  "completed_utc": "2026-09-30T20:21:04.799912+00:00",
  "status": "failed"
}
