running 12 tests
/Users/josh/d/laputa-systems/xsh-typing-campaign-v2/tests/xsh/typing-inference-producers.xsh::captured_producer_keeps_its_pull_effect ... FAILED 46ms
/Users/josh/d/laputa-systems/xsh-typing-campaign-v2/tests/xsh/typing-inference-producers.xsh::generic_producer_callback_retains_profile_without_pulling_payload ... FAILED 46ms
/Users/josh/d/laputa-systems/xsh-typing-campaign-v2/tests/xsh/typing-inference-producers.xsh::generic_producer_choice_keeps_distinct_record_and_list_profiles ... FAILED 47ms
/Users/josh/d/laputa-systems/xsh-typing-campaign-v2/tests/xsh/typing-inference-producers.xsh::generic_producer_identity_keeps_optional_payload_profile ... FAILED 46ms
/Users/josh/d/laputa-systems/xsh-typing-campaign-v2/tests/xsh/typing-inference-producers.xsh::generic_producer_identity_keeps_result_payload_profile ... FAILED 47ms
/Users/josh/d/laputa-systems/xsh-typing-campaign-v2/tests/xsh/typing-inference-producers.xsh::generic_producer_identity_preserves_pull_through_aliases ... FAILED 45ms
/Users/josh/d/laputa-systems/xsh-typing-campaign-v2/tests/xsh/typing-inference-producers.xsh::path_byte_line_stream_creation_requires_fs ... FAILED 42ms
/Users/josh/d/laputa-systems/xsh-typing-campaign-v2/tests/xsh/typing-inference-producers.xsh::path_line_stream_creation_requires_fs ... FAILED 40ms
/Users/josh/d/laputa-systems/xsh-typing-campaign-v2/tests/xsh/typing-inference-producers.xsh::producer_creation_keeps_body_and_cleanup_latent ... FAILED 22ms
/Users/josh/d/laputa-systems/xsh-typing-campaign-v2/tests/xsh/typing-inference-producers.xsh::producer_early_consumer_retains_cleanup_effects ... FAILED 44ms
/Users/josh/d/laputa-systems/xsh-typing-campaign-v2/tests/xsh/typing-inference-producers.xsh::producer_omitted_default_stays_latent_at_creation ... FAILED 22ms
/Users/josh/d/laputa-systems/xsh-typing-campaign-v2/tests/xsh/typing-inference-producers.xsh::producer_supplied_argument_retains_eager_creation_effects ... ok 41ms

failures:

---- /Users/josh/d/laputa-systems/xsh-typing-campaign-v2/tests/xsh/typing-inference-producers.xsh::captured_producer_keeps_its_pull_effect ----
err[runtime.error]: boolean assertion failed: 
  /Users/josh/d/laputa-systems/xsh-typing-campaign-v2/tests/xsh/typing-inference-producers.xsh:11:3
    assert checked.status.exited_with(2), checked.stderr
    ^^^^^^^^^^^^^^^^^^^^^^^^^^^^^^^^^^^^^^^^^^^^^^^^^^^^
runtime traceback
executable: /Users/josh/d/laputa-systems/xsh-typing-campaign-v2/target/debug/xsht
operation: test.call
error: AssertionError.Failed: boolean assertion failed: 
at /Users/josh/d/laputa-systems/xsh-typing-campaign-v2/tests/xsh/typing-inference-producers.xsh:11:3-12:1

---- /Users/josh/d/laputa-systems/xsh-typing-campaign-v2/tests/xsh/typing-inference-producers.xsh::generic_producer_callback_retains_profile_without_pulling_payload ----
err[runtime.error]: boolean assertion failed: err[compact.indexed-build]: indexed IR could not encode `full_ir_verification`
  /var/folders/tb/mq41rvt94470b3lwmq67s0zc0000gn/T/xsh-test-25512-1790822608052954000-1-generic_producer_callback_retains_profile_without_pulling_payload/producer-contract.xsh-1:1:1
  stream quiet() [] -> Stream[Int] { yield 1 }
  ^ indexed IR could not encode `full_ir_verification`

  /Users/josh/d/laputa-systems/xsh-typing-campaign-v2/tests/xsh/typing-inference-producers.xsh:125:3
    assert accepted.status.exited_with(0), accepted.stderr
    ^^^^^^^^^^^^^^^^^^^^^^^^^^^^^^^^^^^^^^^^^^^^^^^^^^^^^^
runtime traceback
executable: /Users/josh/d/laputa-systems/xsh-typing-campaign-v2/target/debug/xsht
operation: test.call
error: AssertionError.Failed: boolean assertion failed: err[compact.indexed-build]: indexed IR could not encode `full_ir_verification`
  /var/folders/tb/mq41rvt94470b3lwmq67s0zc0000gn/T/xsh-test-25512-1790822608052954000-1-generic_producer_callback_retains_profile_without_pulling_payload/producer-contract.xsh-1:1:1
  stream quiet() [] -> Stream[Int] { yield 1 }
  ^ indexed IR could not encode `full_ir_verification`

at /Users/josh/d/laputa-systems/xsh-typing-campaign-v2/tests/xsh/typing-inference-producers.xsh:125:3-126:1

---- /Users/josh/d/laputa-systems/xsh-typing-campaign-v2/tests/xsh/typing-inference-producers.xsh::generic_producer_choice_keeps_distinct_record_and_list_profiles ----
err[runtime.error]: boolean assertion failed: err[compact.indexed-build]: indexed IR could not encode `full_ir_verification`
  /var/folders/tb/mq41rvt94470b3lwmq67s0zc0000gn/T/xsh-test-25512-1790822608052954000-2-generic_producer_choice_keeps_distinct_record_and_list_profiles/producer-contract.xsh-1:1:1
  stream quiet() [] -> Stream[Int] { yield 1 }
  ^ indexed IR could not encode `full_ir_verification`

  /Users/josh/d/laputa-systems/xsh-typing-campaign-v2/tests/xsh/typing-inference-producers.xsh:101:3
    assert accepted.status.exited_with(0), accepted.stderr
    ^^^^^^^^^^^^^^^^^^^^^^^^^^^^^^^^^^^^^^^^^^^^^^^^^^^^^^
runtime traceback
executable: /Users/josh/d/laputa-systems/xsh-typing-campaign-v2/target/debug/xsht
operation: test.call
error: AssertionError.Failed: boolean assertion failed: err[compact.indexed-build]: indexed IR could not encode `full_ir_verification`
  /var/folders/tb/mq41rvt94470b3lwmq67s0zc0000gn/T/xsh-test-25512-1790822608052954000-2-generic_producer_choice_keeps_distinct_record_and_list_profiles/producer-contract.xsh-1:1:1
  stream quiet() [] -> Stream[Int] { yield 1 }
  ^ indexed IR could not encode `full_ir_verification`

at /Users/josh/d/laputa-systems/xsh-typing-campaign-v2/tests/xsh/typing-inference-producers.xsh:101:3-102:1

---- /Users/josh/d/laputa-systems/xsh-typing-campaign-v2/tests/xsh/typing-inference-producers.xsh::generic_producer_identity_keeps_optional_payload_profile ----
err[runtime.error]: boolean assertion failed: err[compact.indexed-build]: indexed IR could not encode `full_ir_verification`
  /var/folders/tb/mq41rvt94470b3lwmq67s0zc0000gn/T/xsh-test-25512-1790822608052954000-3-generic_producer_identity_keeps_optional_payload_profile/producer-contract.xsh-1:1:1
  stream quiet() [] -> Stream[Int] { yield 1 }
  ^ indexed IR could not encode `full_ir_verification`

  /Users/josh/d/laputa-systems/xsh-typing-campaign-v2/tests/xsh/typing-inference-producers.xsh:109:3
    assert accepted.status.exited_with(0), accepted.stderr
    ^^^^^^^^^^^^^^^^^^^^^^^^^^^^^^^^^^^^^^^^^^^^^^^^^^^^^^
runtime traceback
executable: /Users/josh/d/laputa-systems/xsh-typing-campaign-v2/target/debug/xsht
operation: test.call
error: AssertionError.Failed: boolean assertion failed: err[compact.indexed-build]: indexed IR could not encode `full_ir_verification`
  /var/folders/tb/mq41rvt94470b3lwmq67s0zc0000gn/T/xsh-test-25512-1790822608052954000-3-generic_producer_identity_keeps_optional_payload_profile/producer-contract.xsh-1:1:1
  stream quiet() [] -> Stream[Int] { yield 1 }
  ^ indexed IR could not encode `full_ir_verification`

at /Users/josh/d/laputa-systems/xsh-typing-campaign-v2/tests/xsh/typing-inference-producers.xsh:109:3-110:1

---- /Users/josh/d/laputa-systems/xsh-typing-campaign-v2/tests/xsh/typing-inference-producers.xsh::generic_producer_identity_keeps_result_payload_profile ----
err[runtime.error]: boolean assertion failed: err[compact.indexed-build]: indexed IR could not encode `full_ir_verification`
  /var/folders/tb/mq41rvt94470b3lwmq67s0zc0000gn/T/xsh-test-25512-1790822608052954000-4-generic_producer_identity_keeps_result_payload_profile/producer-contract.xsh-1:1:1
  stream quiet() [] -> Stream[Int] { yield 1 }
  ^ indexed IR could not encode `full_ir_verification`

  /Users/josh/d/laputa-systems/xsh-typing-campaign-v2/tests/xsh/typing-inference-producers.xsh:117:3
    assert accepted.status.exited_with(0), accepted.stderr
    ^^^^^^^^^^^^^^^^^^^^^^^^^^^^^^^^^^^^^^^^^^^^^^^^^^^^^^
runtime traceback
executable: /Users/josh/d/laputa-systems/xsh-typing-campaign-v2/target/debug/xsht
operation: test.call
error: AssertionError.Failed: boolean assertion failed: err[compact.indexed-build]: indexed IR could not encode `full_ir_verification`
  /var/folders/tb/mq41rvt94470b3lwmq67s0zc0000gn/T/xsh-test-25512-1790822608052954000-4-generic_producer_identity_keeps_result_payload_profile/producer-contract.xsh-1:1:1
  stream quiet() [] -> Stream[Int] { yield 1 }
  ^ indexed IR could not encode `full_ir_verification`

at /Users/josh/d/laputa-systems/xsh-typing-campaign-v2/tests/xsh/typing-inference-producers.xsh:117:3-118:1

---- /Users/josh/d/laputa-systems/xsh-typing-campaign-v2/tests/xsh/typing-inference-producers.xsh::generic_producer_identity_preserves_pull_through_aliases ----
err[runtime.error]: boolean assertion failed: err[compact.indexed-build]: indexed IR could not encode `full_ir_verification`
  /var/folders/tb/mq41rvt94470b3lwmq67s0zc0000gn/T/xsh-test-25512-1790822608052954000-5-generic_producer_identity_preserves_pull_through_aliases/producer-contract.xsh-1:1:1
  stream quiet() [] -> Stream[Int] { yield 1 }
  ^ indexed IR could not encode `full_ir_verification`

  /Users/josh/d/laputa-systems/xsh-typing-campaign-v2/tests/xsh/typing-inference-producers.xsh:93:3
    assert accepted.status.exited_with(0), accepted.stderr
    ^^^^^^^^^^^^^^^^^^^^^^^^^^^^^^^^^^^^^^^^^^^^^^^^^^^^^^
runtime traceback
executable: /Users/josh/d/laputa-systems/xsh-typing-campaign-v2/target/debug/xsht
operation: test.call
error: AssertionError.Failed: boolean assertion failed: err[compact.indexed-build]: indexed IR could not encode `full_ir_verification`
  /var/folders/tb/mq41rvt94470b3lwmq67s0zc0000gn/T/xsh-test-25512-1790822608052954000-5-generic_producer_identity_preserves_pull_through_aliases/producer-contract.xsh-1:1:1
  stream quiet() [] -> Stream[Int] { yield 1 }
  ^ indexed IR could not encode `full_ir_verification`

at /Users/josh/d/laputa-systems/xsh-typing-campaign-v2/tests/xsh/typing-inference-producers.xsh:93:3-94:1

---- /Users/josh/d/laputa-systems/xsh-typing-campaign-v2/tests/xsh/typing-inference-producers.xsh::path_byte_line_stream_creation_requires_fs ----
err[runtime.error]: boolean assertion failed: 
  /Users/josh/d/laputa-systems/xsh-typing-campaign-v2/tests/xsh/typing-inference-producers.xsh:11:3
    assert checked.status.exited_with(2), checked.stderr
    ^^^^^^^^^^^^^^^^^^^^^^^^^^^^^^^^^^^^^^^^^^^^^^^^^^^^
runtime traceback
executable: /Users/josh/d/laputa-systems/xsh-typing-campaign-v2/target/debug/xsht
operation: test.call
error: AssertionError.Failed: boolean assertion failed: 
at /Users/josh/d/laputa-systems/xsh-typing-campaign-v2/tests/xsh/typing-inference-producers.xsh:11:3-12:1

---- /Users/josh/d/laputa-systems/xsh-typing-campaign-v2/tests/xsh/typing-inference-producers.xsh::path_line_stream_creation_requires_fs ----
err[runtime.error]: boolean assertion failed: 
  /Users/josh/d/laputa-systems/xsh-typing-campaign-v2/tests/xsh/typing-inference-producers.xsh:11:3
    assert checked.status.exited_with(2), checked.stderr
    ^^^^^^^^^^^^^^^^^^^^^^^^^^^^^^^^^^^^^^^^^^^^^^^^^^^^
runtime traceback
executable: /Users/josh/d/laputa-systems/xsh-typing-campaign-v2/target/debug/xsht
operation: test.call
error: AssertionError.Failed: boolean assertion failed: 
at /Users/josh/d/laputa-systems/xsh-typing-campaign-v2/tests/xsh/typing-inference-producers.xsh:11:3-12:1

---- /Users/josh/d/laputa-systems/xsh-typing-campaign-v2/tests/xsh/typing-inference-producers.xsh::producer_creation_keeps_body_and_cleanup_latent ----
err[runtime.error]: boolean assertion failed: err[check.effect-violation]: callable effect contract cannot be established: EffectViolation
  /var/folders/tb/mq41rvt94470b3lwmq67s0zc0000gn/T/xsh-test-25512-1790822608052954000-8-producer_creation_keeps_body_and_cleanup_latent/producer-contract.xsh-1:6:36
  proc create() [] -> Unit { let _ = delayed() }
                                     ^^^^^^^^^ callable effect contract cannot be established: EffectViolation

err[check.effect-violation]: callable body exceeds its declared effect boundary
  /var/folders/tb/mq41rvt94470b3lwmq67s0zc0000gn/T/xsh-test-25512-1790822608052954000-8-producer_creation_keeps_body_and_cleanup_latent/producer-contract.xsh-1:6:26
  proc create() [] -> Unit { let _ = delayed() }
                           ^^^^^^^^^^^^^^^^^^^^^ callable body exceeds its declared effect boundary

  /Users/josh/d/laputa-systems/xsh-typing-campaign-v2/tests/xsh/typing-inference-producers.xsh:43:5
      assert checked.status.exited_with(0), checked.stderr
      ^^^^^^^^^^^^^^^^^^^^^^^^^^^^^^^^^^^^^^^^^^^^^^^^^^^^
runtime traceback
executable: /Users/josh/d/laputa-systems/xsh-typing-campaign-v2/target/debug/xsht
operation: test.call
error: AssertionError.Failed: boolean assertion failed: err[check.effect-violation]: callable effect contract cannot be established: EffectViolation
  /var/folders/tb/mq41rvt94470b3lwmq67s0zc0000gn/T/xsh-test-25512-1790822608052954000-8-producer_creation_keeps_body_and_cleanup_latent/producer-contract.xsh-1:6:36
  proc create() [] -> Unit { let _ = delayed() }
                                     ^^^^^^^^^ callable effect contract cannot be established: EffectViolation

err[check.effect-violation]: callable body exceeds its declared effect boundary
  /var/folders/tb/mq41rvt94470b3lwmq67s0zc0000gn/T/xsh-test-25512-1790822608052954000-8-producer_creation_keeps_body_and_cleanup_latent/producer-contract.xsh-1:6:26
  proc create() [] -> Unit { let _ = delayed() }
                           ^^^^^^^^^^^^^^^^^^^^^ callable body exceeds its declared effect boundary

at /Users/josh/d/laputa-systems/xsh-typing-campaign-v2/tests/xsh/typing-inference-producers.xsh:43:5-44:1

---- /Users/josh/d/laputa-systems/xsh-typing-campaign-v2/tests/xsh/typing-inference-producers.xsh::producer_early_consumer_retains_cleanup_effects ----
err[runtime.error]: boolean assertion failed: 
  /Users/josh/d/laputa-systems/xsh-typing-campaign-v2/tests/xsh/typing-inference-producers.xsh:11:3
    assert checked.status.exited_with(2), checked.stderr
    ^^^^^^^^^^^^^^^^^^^^^^^^^^^^^^^^^^^^^^^^^^^^^^^^^^^^
runtime traceback
executable: /Users/josh/d/laputa-systems/xsh-typing-campaign-v2/target/debug/xsht
operation: test.call
error: AssertionError.Failed: boolean assertion failed: 
at /Users/josh/d/laputa-systems/xsh-typing-campaign-v2/tests/xsh/typing-inference-producers.xsh:11:3-12:1

---- /Users/josh/d/laputa-systems/xsh-typing-campaign-v2/tests/xsh/typing-inference-producers.xsh::producer_omitted_default_stays_latent_at_creation ----
err[runtime.error]: boolean assertion failed: err[check.effect-violation]: callable effect contract cannot be established: EffectViolation
  /var/folders/tb/mq41rvt94470b3lwmq67s0zc0000gn/T/xsh-test-25512-1790822608052954000-10-producer_omitted_default_stays_latent_at_creation/producer-contract.xsh-1:3:26
  proc create() [] -> Unit { let _ = delayed() }
                           ^^^^^^^^^^^^^^^^^^^^^ callable effect contract cannot be established: EffectViolation

err[check.effect-violation]: effect `time` required by `delayed` is not in caller's declared effects
  /var/folders/tb/mq41rvt94470b3lwmq67s0zc0000gn/T/xsh-test-25512-1790822608052954000-10-producer_omitted_default_stays_latent_at_creation/producer-contract.xsh-1:3:36
  proc create() [] -> Unit { let _ = delayed() }
                                     ^^^^^^^^^ effect `time` required by `delayed` is not in caller's declared effects

err[check.effect-violation]: callable effect contract cannot be established: EffectViolation
  /var/folders/tb/mq41rvt94470b3lwmq67s0zc0000gn/T/xsh-test-25512-179…
  /Users/josh/d/laputa-systems/xsh-typing-campaign-v2/tests/xsh/typing-inference-producers.xsh:53:3
    assert checked.status.exited_with(0), checked.stderr
    ^^^^^^^^^^^^^^^^^^^^^^^^^^^^^^^^^^^^^^^^^^^^^^^^^^^^
runtime traceback
executable: /Users/josh/d/laputa-systems/xsh-typing-campaign-v2/target/debug/xsht
operation: test.call
error: AssertionError.Failed: boolean assertion failed: err[check.effect-violation]: callable effect contract cannot be established: EffectViolation
  /var/folders/tb/mq41rvt94470b3lwmq67s0zc0000gn/T/xsh-test-25512-1790822608052954000-10-producer_omitted_default_stays_latent_at_creation/producer-contract.xsh-1:3:26
  proc create() [] -> Unit { let _ = delayed() }
                           ^^^^^^^^^^^^^^^^^^^^^ callable effect contract cannot be established: EffectViolation

err[check.effect-violation]: effect `time` required by `delayed` is not in caller's declared effects
  /var/folders/tb/mq41rvt94470b3lwmq67s0zc0000gn/T/xsh-test-25512-1790822608052954000-10-producer_omitted_default_stays_latent_at_creation/producer-contract.xsh-1:3:36
  proc create() [] -> Unit { let _ = delayed() }
                                     ^^^^^^^^^ effect `time` required by `delayed` is not in caller's declared effects

err[check.effect-violation]: callable effect contract cannot be established: EffectViolation
  /var/folders/tb/mq41rvt94470b3lwmq67s0zc0000gn/T/xsh-test-25512-179…
at /Users/josh/d/laputa-systems/xsh-typing-campaign-v2/tests/xsh/typing-inference-producers.xsh:53:3-54:1

test result: FAILED. 1 passed; 11 failed; 0 skipped
