    Blocking waiting for file lock on package cache
    Blocking waiting for file lock on package cache
    Blocking waiting for file lock on package cache
    Blocking waiting for file lock on build directory
    Finished `test` profile [unoptimized] target(s) in 0.65s
     Running unittests src/lib.rs (target/debug/build/xsh/3b1ba41aea3ea9fa/out/xsh-3b1ba41aea3ea9fa)

running 41 tests
test sema::inference::reference::production_matches_captured_open_row_aliases ... ok
test sema::inference::reference::production_matches_environment_escape_through_substitutions_and_capture ... ok
test sema::inference::reference::production_matches_failed_probe_isolation_and_retired_handles ... ok
test sema::inference::reference::production_matches_generated_rank_one_schemes_with_captured_variables ... ok
test sema::inference::reference::production_matches_immutable_alias_of_a_monomorphic_binding ... ok
test sema::inference::reference::production_matches_independent_generated_equations_and_permutations ... ok
test sema::inference::reference::production_matches_quantified_open_rows_and_residual_lacks ... ok
test sema::inference::reference::production_matches_rank_one_freshening_and_monomorphic_aliases ... ok
test sema::inference::reference::reference_environment_escape_tracks_metas_reachable_through_substitution ... ok
test sema::inference::reference::reference_failed_probe_retires_variables_and_restores_substitutions ... ok
test sema::inference::reference::reference_failed_row_probe_restores_lacks_and_common_field_bindings ... ok
test sema::inference::reference::reference_generated_equations_preserve_principal_relationships_under_permutation ... ok
test sema::inference::reference::reference_scheme_instantiation_freshens_rows_and_preserves_lacks ... ok
test sema::inference::reference::reference_substitution_preserves_captured_metas_and_row_lacks ... ok
test sema::inference::reference::reference_substitution_rejects_cross_kind_recursive_equations ... ok
test sema::inference::reference::reference_value_restriction_keeps_mutable_and_expansive_aliases_monomorphic ... ok
test sema::inference::tests::arrow_assignment_preserves_explicit_effect_upper_bound_and_kind ... ok
test sema::inference::tests::audit_accumulated_lacks_obey_row_label_limit ... ok
test sema::inference::tests::audit_foreign_effect_is_rejected_before_unknown_erasure ... ok
test sema::inference::tests::audit_latent_effect_scheme_instances_are_independent ... ok
test sema::inference::tests::audit_unrelated_rigid_requirement_cannot_attach_to_ground_scheme ... ok
test sema::inference::tests::audit_watcher_dispatch_is_charged_even_in_failed_probe ... ok
test sema::inference::tests::bounded_views_preserve_ground_contracts_and_refuse_unresolved_erasure ... ok
test sema::inference::tests::captured_and_expansive_bindings_do_not_generalize ... ok
test sema::inference::tests::constraint_reasons_survive_success_and_rewind_failed_trials ... ok
test sema::inference::tests::declaration_facts_retain_rigid_identity_and_publication_rejects_ground_escape ... ok
test sema::inference::tests::effect_schemes_preserve_inclusions_and_monomorphic_alias_restriction ... ok
test sema::inference::tests::failed_add_probe_does_not_poison_another_discharge ... ok
test sema::inference::tests::failed_probe_handles_do_not_alias_later_allocations_or_other_graphs ... ok
test sema::inference::tests::fixed_effect_inclusions_propagate_and_failed_upper_bound_rolls_back ... ok
test sema::inference::tests::occurs_failure_restores_nested_substitutions ... ok
test sema::inference::tests::open_projection_keeps_actual_fields_and_projects_distinct_types ... ok
test sema::inference::tests::publication_checks_requirement_scope_even_when_signature_is_ground ... ok
test sema::inference::tests::reason_contribution_edges_are_bounded_and_charged_on_failed_trials ... ok
test sema::inference::tests::rigid_capture_cannot_lower_beyond_its_scope ... ok
test sema::inference::tests::rigid_requirement_with_no_supported_domain_is_rejected ... ok
test sema::inference::tests::row_lacks_kind_and_recursive_equations_reject_without_binding ... ok
test sema::inference::tests::sealed_add_requirements_are_generalized_forwarded_and_discharged ... ok
test sema::inference::tests::width_assignment_is_not_row_equality_or_container_covariance ... ok
test sema::inference::tests::work_charges_wide_structural_copies_before_a_failed_match ... ok
test sema::inference::tests::work_exhaustion_preserves_pending_requirement_on_solve_entry ... ok

test result: ok. 41 passed; 0 failed; 0 ignored; 0 measured; 347 filtered out; finished in 0.08s

