    Blocking waiting for file lock on package cache
    Blocking waiting for file lock on package cache
    Blocking waiting for file lock on package cache
    Blocking waiting for file lock on package cache
    Blocking waiting for file lock on shared package cache
    Blocking waiting for file lock on build directory
    Finished `test` profile [unoptimized] target(s) in 0.45s
     Running unittests src/lib.rs (target/debug/build/xsh/3b1ba41aea3ea9fa/out/xsh-3b1ba41aea3ea9fa)

running 10 tests
test runtime::eval::lowered_run::indexed_run::tests::assignment_path_copies_only_shared_ancestors ... ok
test runtime::eval::lowered_run::indexed_run::tests::assignment_path_reuses_unique_storage_and_preserves_aliases ... ok
test runtime::eval::lowered_run::indexed_run::tests::both_call_routes_agree_on_the_same_public_program ... ok
test runtime::eval::lowered_run::indexed_run::tests::direct_indexed_function_executes_without_decoding_its_body ... ok
test runtime::eval::lowered_run::indexed_run::tests::generic_identity_rows_and_add_use_shared_bodies_after_frontend_drop ... ok
test runtime::eval::lowered_run::indexed_run::tests::inferred_record_constructors_keep_concrete_facts_after_frontend_drop ... ok
test runtime::eval::lowered_run::indexed_run::tests::parametric_records_keep_concrete_schemas_in_both_call_routes ... ok
test runtime::eval::lowered_run::indexed_run::tests::recursive_cleanup_classifies_returned_errors_by_declared_channel ... ok
test runtime::eval::lowered_run::indexed_run::tests::unused_generic_forwarders_prepare_definition_owned_requirements ... ok
test runtime::eval::lowered_run::indexed_run::tests::unused_generic_row_extensions_keep_all_projection_obligations ... ok

test result: ok. 10 passed; 0 failed; 0 ignored; 0 measured; 378 filtered out; finished in 0.05s

