running 1 tests
tests/xsh/typing-inference-rows.xsh::generic_row_projection_shapes_and_field_types ... FAILED 42ms

failures:

---- tests/xsh/typing-inference-rows.xsh::generic_row_projection_shapes_and_field_types ----
err[runtime.error]: boolean assertion failed: err[runtime.error]: generic projection requires its prepared record layout
  /var/folders/tb/mq41rvt94470b3lwmq67s0zc0000gn/T/xsh-test-9172-1790809354474094000-0-generic_row_projection_shapes_and_field_types/script.xsh-1:1:20
  pure name(entry) { entry.name }
                     ^^^^^^^^^^
runtime traceback
executable: /Users/josh/d/laputa-systems/xsh-typing-campaign-v2/target/debug/xsh
operation: runtime.error
error: indexed-ir: generic projection requires its prepared record layout
at /var/folders/tb/mq41rvt94470b3lwmq67s0zc0000gn/T/xsh-test-9172-1790809354474094000-0-generic_row_projection_shapes_and_field_types/script.xsh-1:1:20-1:30

  /Users/josh/d/laputa-systems/xsh-typing-campaign-v2/tests/xsh/typing-inference-rows.xsh:10:3
    assert output.success, output.stderr
    ^^^^^^^^^^^^^^^^^^^^^^^^^^^^^^^^^^^^
runtime traceback
executable: target/debug/xsht
operation: test.call
error: AssertionError.Failed: boolean assertion failed: err[runtime.error]: generic projection requires its prepared record layout
  /var/folders/tb/mq41rvt94470b3lwmq67s0zc0000gn/T/xsh-test-9172-1790809354474094000-0-generic_row_projection_shapes_and_field_types/script.xsh-1:1:20
  pure name(entry) { entry.name }
                     ^^^^^^^^^^
runtime traceback
executable: /Users/josh/d/laputa-systems/xsh-typing-campaign-v2/target/debug/xsh
operation: runtime.error
error: indexed-ir: generic projection requires its prepared record layout
at /var/folders/tb/mq41rvt94470b3lwmq67s0zc0000gn/T/xsh-test-9172-1790809354474094000-0-generic_row_projection_shapes_and_field_types/script.xsh-1:1:20-1:30

at /Users/josh/d/laputa-systems/xsh-typing-campaign-v2/tests/xsh/typing-inference-rows.xsh:10:3-11:1

test result: FAILED. 0 passed; 1 failed; 0 skipped
